Cluster 0 with 6 clients
Cluster communication time : 800
Cluster clients : [10, 13, 23, 38, 54, 93]
Straggler within the cluster : 2435
Label percentage: ['0 : 14.15%', '1 : 13.93%', '2 : 10.99%', '3 : 15.88%', '4 : 8.79%', '5 : 0.00%', '6 : 7.43%', '7 : 10.48%', '8 : 3.20%', '9 : 15.15%']%
Divergence : jsd 0.0788, tvd 0.2059

Cluster 1 with 11 clients
Cluster communication time : 800
Cluster clients : [7, 14, 15, 19, 35, 46, 48, 51, 61, 63, 91]
Straggler within the cluster : 2365
Label percentage: ['0 : 13.68%', '1 : 13.89%', '2 : 7.80%', '3 : 7.69%', '4 : 12.52%', '5 : 0.52%', '6 : 8.77%', '7 : 10.92%', '8 : 14.73%', '9 : 9.48%']%
Divergence : jsd 0.0488, tvd 0.1573

Cluster 2 with 13 clients
Cluster communication time : 800
Cluster clients : [1, 5, 18, 30, 36, 49, 50, 62, 80, 83, 86, 89, 92]
Straggler within the cluster : 965
Label percentage: ['0 : 5.87%', '1 : 11.95%', '2 : 11.34%', '3 : 12.68%', '4 : 14.80%', '5 : 7.51%', '6 : 15.27%', '7 : 9.68%', '8 : 2.54%', '9 : 8.36%']%
Divergence : jsd 0.0323, tvd 0.1604

Cluster 3 with 10 clients
Cluster communication time : 800
Cluster clients : [4, 33, 40, 47, 57, 59, 64, 69, 75, 78]
Straggler within the cluster : 2260
Label percentage: ['0 : 15.07%', '1 : 6.77%', '2 : 7.64%', '3 : 5.95%', '4 : 9.18%', '5 : 13.72%', '6 : 14.72%', '7 : 11.35%', '8 : 5.85%', '9 : 9.73%']%
Divergence : jsd 0.0207, tvd 0.1487

Cluster 4 with 8 clients
Cluster communication time : 800
Cluster clients : [2, 24, 29, 32, 45, 55, 84, 87]
Straggler within the cluster : 2235
Label percentage: ['0 : 9.37%', '1 : 6.17%', '2 : 9.89%', '3 : 10.34%', '4 : 11.63%', '5 : 4.93%', '6 : 1.74%', '7 : 14.08%', '8 : 19.44%', '9 : 12.40%']%
Divergence : jsd 0.0479, tvd 0.1789

Cluster 5 with 11 clients
Cluster communication time : 800
Cluster clients : [0, 6, 9, 12, 21, 41, 52, 53, 66, 68, 96]
Straggler within the cluster : 2470
Label percentage: ['0 : 14.33%', '1 : 11.73%', '2 : 6.92%', '3 : 2.17%', '4 : 5.24%', '5 : 13.53%', '6 : 13.41%', '7 : 10.93%', '8 : 13.86%', '9 : 7.86%']%
Divergence : jsd 0.0375, tvd 0.1781

Cluster 6 with 9 clients
Cluster communication time : 800
Cluster clients : [16, 28, 31, 34, 42, 65, 77, 94, 97]
Straggler within the cluster : 1560
Label percentage: ['0 : 8.64%', '1 : 8.15%', '2 : 8.64%', '3 : 9.01%', '4 : 10.27%', '5 : 15.58%', '6 : 5.03%', '7 : 12.54%', '8 : 11.35%', '9 : 10.79%']%
Divergence : jsd 0.0135, tvd 0.1053

Cluster 7 with 13 clients
Cluster communication time : 800
Cluster clients : [8, 11, 27, 37, 43, 44, 56, 71, 73, 76, 81, 88, 95]
Straggler within the cluster : 1710
Label percentage: ['0 : 5.76%', '1 : 10.66%', '2 : 12.10%', '3 : 12.62%', '4 : 8.39%', '5 : 10.48%', '6 : 11.49%', '7 : 8.78%', '8 : 11.95%', '9 : 7.78%']%
Divergence : jsd 0.0089, tvd 0.0929

Cluster 8 with 7 clients
Cluster communication time : 800
Cluster clients : [17, 39, 58, 67, 74, 82, 90]
Straggler within the cluster : 1990
Label percentage: ['0 : 11.24%', '1 : 11.48%', '2 : 12.39%', '3 : 12.81%', '4 : 12.51%', '5 : 20.78%', '6 : 0.61%', '7 : 0.00%', '8 : 3.51%', '9 : 14.69%']%
Divergence : jsd 0.1189, tvd 0.2588

Cluster 9 with 12 clients
Cluster communication time : 800
Cluster clients : [3, 20, 22, 25, 26, 60, 70, 72, 79, 85, 98, 99]
Straggler within the cluster : 1145
Label percentage: ['0 : 6.26%', '1 : 6.32%', '2 : 12.50%', '3 : 13.55%', '4 : 7.64%', '5 : 11.68%', '6 : 12.24%', '7 : 9.41%', '8 : 10.61%', '9 : 9.80%']%
Divergence : jsd 0.0117, tvd 0.1058

