Cluster 0 with 10 clients
Cluster communication time : 800
Cluster clients : [8, 18, 22, 54, 55, 65, 78, 89, 90, 94]
Straggler within the cluster : 300
Label percentage: ['0 : 0.00%', '1 : 8.16%', '2 : 28.94%', '3 : 0.00%', '4 : 22.32%', '5 : 13.25%', '6 : 0.00%', '7 : 0.00%', '8 : 10.60%', '9 : 16.73%']%
Divergence : jsd 0.2606, tvd 0.4184

Cluster 1 with 10 clients
Cluster communication time : 800
Cluster clients : [1, 3, 10, 28, 34, 58, 73, 77, 82, 96]
Straggler within the cluster : 300
Label percentage: ['0 : 0.00%', '1 : 12.53%', '2 : 24.72%', '3 : 19.80%', '4 : 22.91%', '5 : 13.62%', '6 : 6.42%', '7 : 0.00%', '8 : 0.00%', '9 : 0.00%']%
Divergence : jsd 0.2597, tvd 0.4358

Cluster 2 with 10 clients
Cluster communication time : 800
Cluster clients : [32, 57, 59, 64, 66, 67, 71, 74, 75, 95]
Straggler within the cluster : 300
Label percentage: ['0 : 0.00%', '1 : 3.97%', '2 : 9.38%', '3 : 32.82%', '4 : 5.43%', '5 : 12.89%', '6 : 30.36%', '7 : 0.00%', '8 : 5.16%', '9 : 0.00%']%
Divergence : jsd 0.2567, tvd 0.4606

Cluster 3 with 10 clients
Cluster communication time : 800
Cluster clients : [2, 4, 7, 12, 79, 81, 86, 87, 97, 99]
Straggler within the cluster : 300
Label percentage: ['0 : 0.00%', '1 : 7.07%', '2 : 8.38%', '3 : 8.38%', '4 : 9.71%', '5 : 3.83%', '6 : 27.08%', '7 : 26.34%', '8 : 9.21%', '9 : 0.00%']%
Divergence : jsd 0.1702, tvd 0.3342

Cluster 4 with 10 clients
Cluster communication time : 800
Cluster clients : [11, 16, 23, 30, 36, 42, 56, 62, 63, 98]
Straggler within the cluster : 300
Label percentage: ['0 : 0.00%', '1 : 18.62%', '2 : 8.77%', '3 : 0.00%', '4 : 0.00%', '5 : 8.04%', '6 : 5.68%', '7 : 34.49%', '8 : 19.32%', '9 : 5.08%']%
Divergence : jsd 0.2331, tvd 0.4243

Cluster 5 with 10 clients
Cluster communication time : 800
Cluster clients : [5, 20, 31, 33, 35, 60, 68, 76, 84, 91]
Straggler within the cluster : 300
Label percentage: ['0 : 32.07%', '1 : 10.48%', '2 : 4.12%', '3 : 4.12%', '4 : 0.00%', '5 : 3.80%', '6 : 5.36%', '7 : 25.94%', '8 : 4.54%', '9 : 9.56%']%
Divergence : jsd 0.1617, tvd 0.3850

Cluster 6 with 10 clients
Cluster communication time : 800
Cluster clients : [6, 13, 21, 41, 43, 45, 46, 69, 70, 72]
Straggler within the cluster : 300
Label percentage: ['0 : 43.57%', '1 : 3.56%', '2 : 12.61%', '3 : 0.00%', '4 : 0.00%', '5 : 3.85%', '6 : 21.78%', '7 : 0.00%', '8 : 0.00%', '9 : 14.63%']%
Divergence : jsd 0.3239, tvd 0.5259

Cluster 7 with 10 clients
Cluster communication time : 800
Cluster clients : [9, 14, 15, 17, 19, 24, 48, 50, 83, 88]
Straggler within the cluster : 300
Label percentage: ['0 : 17.87%', '1 : 11.71%', '2 : 0.00%', '3 : 18.46%', '4 : 15.99%', '5 : 12.71%', '6 : 0.00%', '7 : 7.23%', '8 : 0.00%', '9 : 16.03%']%
Divergence : jsd 0.1807, tvd 0.3277

Cluster 8 with 10 clients
Cluster communication time : 800
Cluster clients : [0, 25, 26, 27, 29, 37, 52, 80, 92, 93]
Straggler within the cluster : 300
Label percentage: ['0 : 0.00%', '1 : 16.61%', '2 : 4.93%', '3 : 9.82%', '4 : 22.75%', '5 : 18.01%', '6 : 0.00%', '7 : 0.00%', '8 : 10.81%', '9 : 17.06%']%
Divergence : jsd 0.1959, tvd 0.3525

Cluster 9 with 10 clients
Cluster communication time : 800
Cluster clients : [38, 39, 40, 44, 47, 49, 51, 53, 61, 85]
Straggler within the cluster : 300
Label percentage: ['0 : 0.00%', '1 : 8.04%', '2 : 0.00%', '3 : 9.50%', '4 : 5.51%', '5 : 13.06%', '6 : 0.00%', '7 : 0.00%', '8 : 41.87%', '9 : 22.02%']%
Divergence : jsd 0.2996, tvd 0.4695

