Cluster 0 with 10 clients
Cluster communication time : 800
Cluster clients : [5, 6, 7, 8, 9, 10, 11, 12, 13, 14]
Straggler within the cluster : 3500
Label percentage: ['0 : 0.46%', '1 : 0.60%', '2 : 0.56%', '3 : 0.64%', '4 : 0.66%', '5 : 0.50%', '6 : 47.74%', '7 : 0.58%', '8 : 0.42%', '9 : 47.84%']%
Divergence : jsd 0.4912, tvd 0.7558

Cluster 1 with 10 clients
Cluster communication time : 800
Cluster clients : [15, 16, 17, 18, 19, 20, 21, 22, 23, 24]
Straggler within the cluster : 3500
Label percentage: ['0 : 0.72%', '1 : 0.50%', '2 : 0.46%', '3 : 0.58%', '4 : 47.68%', '5 : 0.58%', '6 : 0.58%', '7 : 0.56%', '8 : 0.60%', '9 : 47.74%']%
Divergence : jsd 0.4880, tvd 0.7542

Cluster 2 with 10 clients
Cluster communication time : 800
Cluster clients : [25, 26, 27, 28, 29, 30, 31, 32, 33, 34]
Straggler within the cluster : 3500
Label percentage: ['0 : 0.44%', '1 : 47.82%', '2 : 0.60%', '3 : 0.60%', '4 : 47.80%', '5 : 0.46%', '6 : 0.58%', '7 : 0.60%', '8 : 0.54%', '9 : 0.56%']%
Divergence : jsd 0.4919, tvd 0.7562

Cluster 3 with 10 clients
Cluster communication time : 800
Cluster clients : [35, 36, 37, 38, 39, 40, 41, 42, 43, 44]
Straggler within the cluster : 3500
Label percentage: ['0 : 0.54%', '1 : 47.66%', '2 : 47.78%', '3 : 0.52%', '4 : 0.54%', '5 : 0.64%', '6 : 0.56%', '7 : 0.52%', '8 : 0.64%', '9 : 0.60%']%
Divergence : jsd 0.4882, tvd 0.7544

Cluster 4 with 10 clients
Cluster communication time : 800
Cluster clients : [45, 46, 47, 48, 49, 50, 51, 52, 53, 54]
Straggler within the cluster : 3500
Label percentage: ['0 : 0.58%', '1 : 0.62%', '2 : 47.76%', '3 : 0.56%', '4 : 0.62%', '5 : 0.52%', '6 : 0.52%', '7 : 47.74%', '8 : 0.50%', '9 : 0.58%']%
Divergence : jsd 0.4894, tvd 0.7550

Cluster 5 with 10 clients
Cluster communication time : 800
Cluster clients : [55, 56, 57, 58, 59, 60, 61, 62, 63, 64]
Straggler within the cluster : 3500
Label percentage: ['0 : 0.54%', '1 : 0.62%', '2 : 0.60%', '3 : 0.66%', '4 : 0.54%', '5 : 0.56%', '6 : 0.48%', '7 : 47.72%', '8 : 47.78%', '9 : 0.50%']%
Divergence : jsd 0.4894, tvd 0.7550

Cluster 6 with 10 clients
Cluster communication time : 800
Cluster clients : [65, 66, 67, 68, 69, 70, 71, 72, 73, 74]
Straggler within the cluster : 3500
Label percentage: ['0 : 0.62%', '1 : 0.50%', '2 : 0.56%', '3 : 47.68%', '4 : 0.48%', '5 : 0.56%', '6 : 0.64%', '7 : 0.58%', '8 : 47.76%', '9 : 0.62%']%
Divergence : jsd 0.4882, tvd 0.7544

Cluster 7 with 10 clients
Cluster communication time : 800
Cluster clients : [75, 76, 77, 78, 79, 80, 81, 82, 83, 84]
Straggler within the cluster : 3500
Label percentage: ['0 : 0.48%', '1 : 0.68%', '2 : 0.50%', '3 : 47.82%', '4 : 0.54%', '5 : 47.78%', '6 : 0.68%', '7 : 0.48%', '8 : 0.58%', '9 : 0.46%']%
Divergence : jsd 0.4915, tvd 0.7560

Cluster 8 with 10 clients
Cluster communication time : 800
Cluster clients : [85, 86, 87, 88, 89, 90, 91, 92, 93, 94]
Straggler within the cluster : 3500
Label percentage: ['0 : 47.87%', '1 : 0.46%', '2 : 0.46%', '3 : 0.46%', '4 : 0.60%', '5 : 47.79%', '6 : 0.50%', '7 : 0.70%', '8 : 0.58%', '9 : 0.58%']%
Divergence : jsd 0.4926, tvd 0.7565

Cluster 9 with 10 clients
Cluster communication time : 800
Cluster clients : [0, 1, 2, 3, 4, 95, 96, 97, 98, 99]
Straggler within the cluster : 3500
Label percentage: ['0 : 47.85%', '1 : 0.50%', '2 : 0.68%', '3 : 0.50%', '4 : 0.50%', '5 : 0.70%', '6 : 47.73%', '7 : 0.48%', '8 : 0.58%', '9 : 0.48%']%
Divergence : jsd 0.4911, tvd 0.7558

