Cluster 0 with 8 clients
Cluster communication time : 800
Cluster clients : [10, 17, 30, 34, 38, 55, 94, 99]
Straggler within the cluster : 1525
Label percentage: ['0 : 9.89%', '1 : 9.74%', '2 : 10.25%', '3 : 10.87%', '4 : 12.05%', '5 : 0.00%', '6 : 19.33%', '7 : 15.06%', '8 : 0.00%', '9 : 12.80%']%
Divergence : jsd 0.1167, tvd 0.2036

Cluster 1 with 16 clients
Cluster communication time : 800
Cluster clients : [7, 16, 20, 22, 26, 27, 39, 56, 58, 60, 67, 69, 71, 78, 86, 88]
Straggler within the cluster : 2955
Label percentage: ['0 : 9.92%', '1 : 14.84%', '2 : 10.48%', '3 : 10.81%', '4 : 11.45%', '5 : 9.09%', '6 : 9.75%', '7 : 0.00%', '8 : 9.72%', '9 : 13.93%']%
Divergence : jsd 0.0565, tvd 0.1151

Cluster 2 with 9 clients
Cluster communication time : 800
Cluster clients : [9, 18, 40, 43, 46, 57, 76, 77, 87]
Straggler within the cluster : 580
Label percentage: ['0 : 15.51%', '1 : 6.79%', '2 : 8.49%', '3 : 6.28%', '4 : 11.77%', '5 : 10.15%', '6 : 6.68%', '7 : 12.32%', '8 : 22.02%', '9 : 0.00%']%
Divergence : jsd 0.0806, tvd 0.2177

Cluster 3 with 10 clients
Cluster communication time : 800
Cluster clients : [0, 3, 11, 37, 45, 65, 70, 80, 81, 89]
Straggler within the cluster : 2270
Label percentage: ['0 : 8.17%', '1 : 12.89%', '2 : 8.07%', '3 : 17.35%', '4 : 9.88%', '5 : 4.57%', '6 : 15.87%', '7 : 13.74%', '8 : 0.02%', '9 : 9.45%']%
Divergence : jsd 0.0735, tvd 0.1984

Cluster 4 with 10 clients
Cluster communication time : 800
Cluster clients : [14, 19, 25, 49, 53, 62, 73, 79, 83, 91]
Straggler within the cluster : 1105
Label percentage: ['0 : 5.15%', '1 : 7.21%', '2 : 7.60%', '3 : 9.53%', '4 : 8.71%', '5 : 12.97%', '6 : 13.66%', '7 : 10.73%', '8 : 14.60%', '9 : 9.84%']%
Divergence : jsd 0.0155, tvd 0.1196

Cluster 5 with 8 clients
Cluster communication time : 800
Cluster clients : [4, 21, 23, 24, 28, 42, 50, 96]
Straggler within the cluster : 1820
Label percentage: ['0 : 9.03%', '1 : 9.78%', '2 : 10.22%', '3 : 11.33%', '4 : 12.15%', '5 : 18.02%', '6 : 1.72%', '7 : 14.90%', '8 : 2.24%', '9 : 10.60%']%
Divergence : jsd 0.0557, tvd 0.1722

Cluster 6 with 10 clients
Cluster communication time : 800
Cluster clients : [1, 6, 8, 29, 36, 51, 63, 66, 93, 95]
Straggler within the cluster : 2145
Label percentage: ['0 : 10.86%', '1 : 5.78%', '2 : 13.50%', '3 : 8.15%', '4 : 5.90%', '5 : 14.87%', '6 : 4.36%', '7 : 11.31%', '8 : 15.41%', '9 : 9.87%']%
Divergence : jsd 0.0268, tvd 0.1595

Cluster 7 with 7 clients
Cluster communication time : 800
Cluster clients : [15, 35, 44, 52, 74, 75, 84]
Straggler within the cluster : 915
Label percentage: ['0 : 9.98%', '1 : 9.43%', '2 : 10.34%', '3 : 0.00%', '4 : 5.86%', '5 : 18.50%', '6 : 10.11%', '7 : 15.00%', '8 : 20.73%', '9 : 0.05%']%
Divergence : jsd 0.1287, tvd 0.2468

Cluster 8 with 8 clients
Cluster communication time : 800
Cluster clients : [2, 13, 31, 47, 54, 59, 68, 97]
Straggler within the cluster : 1305
Label percentage: ['0 : 10.24%', '1 : 8.88%', '2 : 10.24%', '3 : 10.71%', '4 : 18.13%', '5 : 0.49%', '6 : 5.96%', '7 : 7.34%', '8 : 15.22%', '9 : 12.79%']%
Divergence : jsd 0.0575, tvd 0.1733

Cluster 9 with 14 clients
Cluster communication time : 800
Cluster clients : [5, 12, 32, 33, 41, 48, 61, 64, 72, 82, 85, 90, 92, 98]
Straggler within the cluster : 2575
Label percentage: ['0 : 11.26%', '1 : 11.33%', '2 : 10.53%', '3 : 12.28%', '4 : 6.59%', '5 : 10.50%', '6 : 11.44%', '7 : 8.50%', '8 : 2.34%', '9 : 15.21%']%
Divergence : jsd 0.0272, tvd 0.1256

