Cluster 0 with 24 clients
Cluster communication time : 800
Cluster clients : [5, 10, 16, 32, 33, 42, 45, 54, 86, 98, 109, 110, 118, 122, 127, 129, 130, 142, 146, 155, 156, 171, 174, 184]
Label percentage: ['0 : 2.80%', '1 : 0.86%', '2 : 66.12%', '3 : 3.97%', '4 : 6.47%', '5 : 3.71%', '6 : 2.96%', '7 : 3.05%', '8 : 4.55%', '9 : 5.52%']%
Divergence : jsd 0.2793, tvd 0.5612

Cluster 1 with 21 clients
Cluster communication time : 800
Cluster clients : [4, 9, 23, 27, 28, 36, 50, 64, 75, 77, 80, 97, 100, 103, 114, 117, 123, 137, 143, 157, 192]
Label percentage: ['0 : 5.53%', '1 : 2.01%', '2 : 0.16%', '3 : 4.97%', '4 : 3.08%', '5 : 11.23%', '6 : 1.33%', '7 : 0.82%', '8 : 64.34%', '9 : 6.53%']%
Divergence : jsd 0.3137, tvd 0.5557

Cluster 2 with 18 clients
Cluster communication time : 800
Cluster clients : [8, 25, 37, 39, 55, 70, 102, 104, 133, 134, 136, 144, 148, 166, 168, 181, 185, 198]
Label percentage: ['0 : 1.99%', '1 : 0.13%', '2 : 6.09%', '3 : 0.11%', '4 : 29.61%', '5 : 41.00%', '6 : 5.27%', '7 : 0.87%', '8 : 3.13%', '9 : 11.80%']%
Divergence : jsd 0.2778, tvd 0.5241

Cluster 3 with 24 clients
Cluster communication time : 800
Cluster clients : [14, 19, 30, 41, 49, 61, 66, 69, 81, 84, 89, 95, 115, 135, 140, 141, 145, 153, 159, 161, 163, 167, 188, 191]
Label percentage: ['0 : 66.67%', '1 : 3.23%', '2 : 0.33%', '3 : 1.76%', '4 : 4.33%', '5 : 3.51%', '6 : 10.89%', '7 : 4.12%', '8 : 3.40%', '9 : 1.76%']%
Divergence : jsd 0.3110, tvd 0.5756

Cluster 4 with 22 clients
Cluster communication time : 800
Cluster clients : [11, 46, 60, 65, 67, 72, 85, 88, 90, 105, 111, 112, 113, 120, 132, 149, 150, 164, 165, 176, 186, 189]
Label percentage: ['0 : 1.20%', '1 : 0.65%', '2 : 8.61%', '3 : 67.24%', '4 : 6.30%', '5 : 1.43%', '6 : 3.92%', '7 : 1.71%', '8 : 0.83%', '9 : 8.11%']%
Divergence : jsd 0.3321, tvd 0.5724

Cluster 5 with 7 clients
Cluster communication time : 800
Cluster clients : [15, 44, 92, 99, 119, 126, 196]
Label percentage: ['0 : 6.13%', '1 : 3.01%', '2 : 0.54%', '3 : 36.47%', '4 : 10.84%', '5 : 4.31%', '6 : 0.82%', '7 : 29.38%', '8 : 0.09%', '9 : 8.40%']%
Divergence : jsd 0.2377, tvd 0.4670

Cluster 6 with 17 clients
Cluster communication time : 800
Cluster clients : [12, 26, 29, 40, 58, 71, 87, 91, 96, 147, 154, 162, 172, 175, 183, 194, 197]
Label percentage: ['0 : 9.49%', '1 : 6.20%', '2 : 10.50%', '3 : 0.93%', '4 : 2.23%', '5 : 6.06%', '6 : 2.38%', '7 : 1.15%', '8 : 3.85%', '9 : 57.21%']%
Divergence : jsd 0.2473, tvd 0.4770

Cluster 7 with 24 clients
Cluster communication time : 800
Cluster clients : [2, 6, 13, 20, 22, 24, 31, 34, 43, 57, 62, 63, 82, 83, 94, 101, 108, 116, 151, 158, 160, 169, 177, 180]
Label percentage: ['0 : 4.11%', '1 : 43.73%', '2 : 6.66%', '3 : 3.13%', '4 : 2.43%', '5 : 16.61%', '6 : 16.16%', '7 : 1.40%', '8 : 1.35%', '9 : 4.40%']%
Divergence : jsd 0.1980, tvd 0.4651

Cluster 8 with 20 clients
Cluster communication time : 800
Cluster clients : [0, 1, 3, 7, 17, 21, 38, 48, 51, 59, 68, 74, 93, 125, 131, 138, 152, 178, 182, 190]
Label percentage: ['0 : 2.89%', '1 : 6.32%', '2 : 0.09%', '3 : 2.73%', '4 : 30.61%', '5 : 2.80%', '6 : 45.34%', '7 : 1.62%', '8 : 1.73%', '9 : 5.88%']%
Divergence : jsd 0.2753, tvd 0.5595

Cluster 9 with 23 clients
Cluster communication time : 800
Cluster clients : [18, 35, 47, 52, 53, 56, 73, 76, 78, 79, 106, 107, 121, 124, 128, 139, 170, 173, 179, 187, 193, 195, 199]
Label percentage: ['0 : 8.69%', '1 : 16.77%', '2 : 7.18%', '3 : 1.12%', '4 : 2.02%', '5 : 0.56%', '6 : 1.14%', '7 : 58.61%', '8 : 2.98%', '9 : 0.94%']%
Divergence : jsd 0.3084, tvd 0.5538

