Cluster 0 with 10 clients
Cluster communication time : 800
Cluster clients : [8, 16, 27, 31, 49, 58, 61, 73, 81, 98]
Straggler within the cluster : 300
Label percentage: ['0 : 9.90%', '1 : 10.04%', '2 : 10.12%', '3 : 10.12%', '4 : 10.06%', '5 : 9.90%', '6 : 9.96%', '7 : 9.88%', '8 : 10.00%', '9 : 10.04%']%
Divergence : jsd 0.0000, tvd 0.0037

Cluster 1 with 10 clients
Cluster communication time : 800
Cluster clients : [2, 14, 25, 37, 40, 52, 63, 74, 82, 97]
Straggler within the cluster : 300
Label percentage: ['0 : 10.04%', '1 : 9.90%', '2 : 9.94%', '3 : 9.96%', '4 : 10.08%', '5 : 10.14%', '6 : 9.98%', '7 : 9.90%', '8 : 10.16%', '9 : 9.90%']%
Divergence : jsd 0.0000, tvd 0.0042

Cluster 2 with 10 clients
Cluster communication time : 800
Cluster clients : [5, 10, 23, 32, 46, 59, 62, 75, 87, 92]
Straggler within the cluster : 300
Label percentage: ['0 : 10.08%', '1 : 9.98%', '2 : 10.10%', '3 : 10.00%', '4 : 10.04%', '5 : 9.86%', '6 : 10.00%', '7 : 9.98%', '8 : 9.94%', '9 : 10.02%']%
Divergence : jsd 0.0000, tvd 0.0024

Cluster 3 with 10 clients
Cluster communication time : 800
Cluster clients : [1, 13, 20, 34, 43, 51, 66, 77, 84, 99]
Straggler within the cluster : 300
Label percentage: ['0 : 9.90%', '1 : 9.92%', '2 : 9.84%', '3 : 10.06%', '4 : 10.16%', '5 : 10.14%', '6 : 9.98%', '7 : 9.98%', '8 : 10.16%', '9 : 9.88%']%
Divergence : jsd 0.0000, tvd 0.0051

Cluster 4 with 10 clients
Cluster communication time : 800
Cluster clients : [3, 18, 21, 38, 42, 55, 68, 70, 83, 94]
Straggler within the cluster : 300
Label percentage: ['0 : 9.98%', '1 : 10.04%', '2 : 10.16%', '3 : 9.88%', '4 : 9.94%', '5 : 10.16%', '6 : 9.98%', '7 : 9.96%', '8 : 9.92%', '9 : 9.96%']%
Divergence : jsd 0.0000, tvd 0.0037

Cluster 5 with 10 clients
Cluster communication time : 800
Cluster clients : [9, 15, 29, 30, 45, 57, 64, 79, 80, 93]
Straggler within the cluster : 300
Label percentage: ['0 : 10.06%', '1 : 10.20%', '2 : 9.84%', '3 : 9.96%', '4 : 9.94%', '5 : 10.00%', '6 : 10.06%', '7 : 10.02%', '8 : 9.98%', '9 : 9.94%']%
Divergence : jsd 0.0000, tvd 0.0034

Cluster 6 with 10 clients
Cluster communication time : 800
Cluster clients : [7, 19, 28, 35, 41, 53, 67, 78, 88, 96]
Straggler within the cluster : 300
Label percentage: ['0 : 10.02%', '1 : 9.90%', '2 : 10.00%', '3 : 10.04%', '4 : 9.96%', '5 : 9.84%', '6 : 10.06%', '7 : 10.02%', '8 : 10.00%', '9 : 10.14%']%
Divergence : jsd 0.0000, tvd 0.0029

Cluster 7 with 10 clients
Cluster communication time : 800
Cluster clients : [6, 11, 22, 39, 47, 50, 65, 72, 85, 90]
Straggler within the cluster : 300
Label percentage: ['0 : 10.02%', '1 : 9.88%', '2 : 9.90%', '3 : 9.92%', '4 : 9.94%', '5 : 10.08%', '6 : 10.04%', '7 : 10.20%', '8 : 10.00%', '9 : 10.04%']%
Divergence : jsd 0.0000, tvd 0.0037

Cluster 8 with 10 clients
Cluster communication time : 800
Cluster clients : [4, 12, 24, 36, 48, 54, 69, 76, 86, 95]
Straggler within the cluster : 300
Label percentage: ['0 : 10.00%', '1 : 10.06%', '2 : 9.98%', '3 : 9.94%', '4 : 10.00%', '5 : 9.98%', '6 : 10.00%', '7 : 10.00%', '8 : 9.96%', '9 : 10.04%']%
Divergence : jsd 0.0000, tvd 0.0012

Cluster 9 with 10 clients
Cluster communication time : 800
Cluster clients : [0, 17, 26, 33, 44, 56, 60, 71, 89, 91]
Straggler within the cluster : 300
Label percentage: ['0 : 10.00%', '1 : 10.08%', '2 : 10.12%', '3 : 10.12%', '4 : 9.88%', '5 : 9.90%', '6 : 9.94%', '7 : 10.06%', '8 : 9.88%', '9 : 10.04%']%
Divergence : jsd 0.0000, tvd 0.0041

