Cluster 0 with 10 clients
Cluster communication time : 800
Cluster clients : [0, 11, 27, 35, 47, 52, 67, 71, 82, 92]
Straggler within the cluster : 700
Label percentage: ['0 : 9.94%', '1 : 10.06%', '2 : 10.08%', '3 : 9.96%', '4 : 9.98%', '5 : 9.88%', '6 : 10.04%', '7 : 10.02%', '8 : 10.02%', '9 : 10.06%']%
Divergence : jsd 0.0000, tvd 0.0026

Cluster 1 with 10 clients
Cluster communication time : 800
Cluster clients : [8, 18, 28, 37, 48, 53, 69, 77, 83, 99]
Straggler within the cluster : 700
Label percentage: ['0 : 9.86%', '1 : 10.00%', '2 : 10.04%', '3 : 9.98%', '4 : 10.08%', '5 : 10.06%', '6 : 10.02%', '7 : 9.94%', '8 : 10.06%', '9 : 9.92%']%
Divergence : jsd 0.0000, tvd 0.0028

Cluster 2 with 10 clients
Cluster communication time : 800
Cluster clients : [1, 17, 24, 36, 43, 56, 60, 75, 81, 90]
Straggler within the cluster : 1400
Label percentage: ['0 : 10.14%', '1 : 10.02%', '2 : 10.06%', '3 : 10.00%', '4 : 9.82%', '5 : 9.98%', '6 : 10.02%', '7 : 9.84%', '8 : 10.12%', '9 : 10.04%']%
Divergence : jsd 0.0000, tvd 0.0038

Cluster 3 with 10 clients
Cluster communication time : 800
Cluster clients : [2, 19, 26, 38, 44, 59, 66, 79, 89, 98]
Straggler within the cluster : 1400
Label percentage: ['0 : 9.98%', '1 : 9.90%', '2 : 10.02%', '3 : 9.94%', '4 : 10.04%', '5 : 10.00%', '6 : 10.02%', '7 : 10.02%', '8 : 10.02%', '9 : 10.02%']%
Divergence : jsd 0.0000, tvd 0.0017

Cluster 4 with 10 clients
Cluster communication time : 800
Cluster clients : [3, 12, 23, 30, 40, 50, 61, 70, 87, 91]
Straggler within the cluster : 2100
Label percentage: ['0 : 10.03%', '1 : 10.07%', '2 : 9.95%', '3 : 9.99%', '4 : 10.07%', '5 : 10.13%', '6 : 9.83%', '7 : 10.11%', '8 : 9.73%', '9 : 10.05%']%
Divergence : jsd 0.0000, tvd 0.0048

Cluster 5 with 10 clients
Cluster communication time : 800
Cluster clients : [6, 14, 25, 34, 45, 55, 62, 78, 88, 95]
Straggler within the cluster : 2100
Label percentage: ['0 : 10.02%', '1 : 10.14%', '2 : 9.96%', '3 : 9.96%', '4 : 9.98%', '5 : 9.96%', '6 : 9.96%', '7 : 10.00%', '8 : 9.92%', '9 : 10.06%']%
Divergence : jsd 0.0000, tvd 0.0024

Cluster 6 with 10 clients
Cluster communication time : 800
Cluster clients : [4, 10, 22, 31, 46, 51, 63, 73, 80, 93]
Straggler within the cluster : 2800
Label percentage: ['0 : 10.08%', '1 : 9.96%', '2 : 10.06%', '3 : 10.00%', '4 : 10.04%', '5 : 9.92%', '6 : 10.06%', '7 : 10.02%', '8 : 10.08%', '9 : 9.82%']%
Divergence : jsd 0.0000, tvd 0.0032

Cluster 7 with 10 clients
Cluster communication time : 800
Cluster clients : [7, 16, 29, 39, 49, 58, 65, 76, 85, 94]
Straggler within the cluster : 2800
Label percentage: ['0 : 9.90%', '1 : 10.06%', '2 : 9.88%', '3 : 10.08%', '4 : 10.00%', '5 : 9.94%', '6 : 9.92%', '7 : 10.02%', '8 : 10.20%', '9 : 9.96%']%
Divergence : jsd 0.0000, tvd 0.0038

Cluster 8 with 10 clients
Cluster communication time : 800
Cluster clients : [5, 13, 20, 32, 41, 54, 64, 72, 84, 96]
Straggler within the cluster : 3500
Label percentage: ['0 : 9.96%', '1 : 9.88%', '2 : 10.04%', '3 : 10.06%', '4 : 9.92%', '5 : 9.98%', '6 : 10.06%', '7 : 10.06%', '8 : 9.98%', '9 : 10.06%']%
Divergence : jsd 0.0000, tvd 0.0028

Cluster 9 with 10 clients
Cluster communication time : 800
Cluster clients : [9, 15, 21, 33, 42, 57, 68, 74, 86, 97]
Straggler within the cluster : 3500
Label percentage: ['0 : 10.08%', '1 : 9.90%', '2 : 9.90%', '3 : 10.02%', '4 : 10.06%', '5 : 10.14%', '6 : 10.06%', '7 : 9.96%', '8 : 9.86%', '9 : 10.00%']%
Divergence : jsd 0.0000, tvd 0.0037

