Cluster 0 with 13 clients
Cluster communication time : 800
Cluster clients : [20, 22, 25, 30, 36, 37, 49, 67, 71, 79, 80, 83, 92]
Straggler within the cluster : 1180
Label percentage: ['0 : 11.86%', '1 : 6.09%', '2 : 11.27%', '3 : 12.60%', '4 : 13.82%', '5 : 10.96%', '6 : 11.54%', '7 : 9.63%', '8 : 3.93%', '9 : 8.31%']%
Divergence : jsd 0.0186, tvd 0.1205

Cluster 1 with 10 clients
Cluster communication time : 800
Cluster clients : [2, 13, 21, 27, 32, 51, 61, 66, 82, 93]
Straggler within the cluster : 2235
Label percentage: ['0 : 15.89%', '1 : 14.25%', '2 : 6.22%', '3 : 8.65%', '4 : 10.00%', '5 : 1.45%', '6 : 4.61%', '7 : 11.91%', '8 : 16.45%', '9 : 10.56%']%
Divergence : jsd 0.0507, tvd 0.1907

Cluster 2 with 8 clients
Cluster communication time : 800
Cluster clients : [1, 18, 50, 57, 58, 59, 75, 89]
Straggler within the cluster : 1975
Label percentage: ['0 : 9.94%', '1 : 8.93%', '2 : 10.55%', '3 : 10.74%', '4 : 12.13%', '5 : 12.31%', '6 : 6.04%', '7 : 14.94%', '8 : 1.94%', '9 : 12.49%']%
Divergence : jsd 0.0316, tvd 0.1316

Cluster 3 with 11 clients
Cluster communication time : 800
Cluster clients : [4, 12, 33, 47, 65, 69, 72, 73, 77, 81, 97]
Straggler within the cluster : 1700
Label percentage: ['0 : 6.89%', '1 : 6.49%', '2 : 13.33%', '3 : 7.34%', '4 : 8.17%', '5 : 12.24%', '6 : 12.98%', '7 : 10.01%', '8 : 13.60%', '9 : 8.94%']%
Divergence : jsd 0.0131, tvd 0.1217

Cluster 4 with 8 clients
Cluster communication time : 800
Cluster clients : [7, 17, 23, 54, 64, 74, 91, 99]
Straggler within the cluster : 2435
Label percentage: ['0 : 9.40%', '1 : 9.28%', '2 : 10.18%', '3 : 10.69%', '4 : 5.83%', '5 : 16.74%', '6 : 18.35%', '7 : 6.96%', '8 : 2.51%', '9 : 10.06%']%
Divergence : jsd 0.0387, tvd 0.1602

Cluster 5 with 10 clients
Cluster communication time : 800
Cluster clients : [6, 9, 10, 19, 29, 35, 52, 68, 78, 98]
Straggler within the cluster : 2470
Label percentage: ['0 : 10.37%', '1 : 7.27%', '2 : 7.65%', '3 : 8.00%', '4 : 9.42%', '5 : 13.44%', '6 : 7.88%', '7 : 11.10%', '8 : 15.32%', '9 : 9.55%']%
Divergence : jsd 0.0106, tvd 0.1024

Cluster 6 with 9 clients
Cluster communication time : 800
Cluster clients : [3, 16, 31, 34, 43, 45, 63, 76, 87]
Straggler within the cluster : 2130
Label percentage: ['0 : 9.37%', '1 : 12.76%', '2 : 9.08%', '3 : 9.47%', '4 : 12.58%', '5 : 4.96%', '6 : 5.35%', '7 : 13.17%', '8 : 11.92%', '9 : 11.33%']%
Divergence : jsd 0.0165, tvd 0.1177

Cluster 7 with 12 clients
Cluster communication time : 800
Cluster clients : [14, 28, 41, 44, 46, 48, 53, 56, 62, 84, 90, 96]
Straggler within the cluster : 2150
Label percentage: ['0 : 10.00%', '1 : 12.29%', '2 : 6.46%', '3 : 8.69%', '4 : 7.61%', '5 : 11.33%', '6 : 13.47%', '7 : 9.37%', '8 : 12.69%', '9 : 8.09%']%
Divergence : jsd 0.0092, tvd 0.0978

Cluster 8 with 6 clients
Cluster communication time : 800
Cluster clients : [0, 15, 24, 39, 40, 55]
Straggler within the cluster : 2410
Label percentage: ['0 : 12.96%', '1 : 13.44%', '2 : 14.73%', '3 : 10.89%', '4 : 17.32%', '5 : 1.07%', '6 : 2.47%', '7 : 1.88%', '8 : 8.49%', '9 : 16.73%']%
Divergence : jsd 0.0899, tvd 0.2608

Cluster 9 with 13 clients
Cluster communication time : 800
Cluster clients : [5, 8, 11, 26, 38, 42, 60, 70, 85, 86, 88, 94, 95]
Straggler within the cluster : 1350
Label percentage: ['0 : 5.89%', '1 : 11.62%', '2 : 12.03%', '3 : 12.77%', '4 : 7.20%', '5 : 10.87%', '6 : 11.61%', '7 : 8.87%', '8 : 10.00%', '9 : 9.14%']%
Divergence : jsd 0.0088, tvd 0.0890

