Unique id : 0, dataset size : 500
Communication time : 100, Computation time per batch : 200, Training time : 16200
['0:14.20%', '1:8.40%', '2:11.80%', '3:7.60%', '4:9.00%', '5:9.00%', '6:8.80%', '7:8.40%', '8:11.80%', '9:11.00%']
Divergence : jsd 0.0067, tvd 0.0880
Local epoch : 5
labels from the first batch :[9, 6, 0, 9, 3, 4, 9, 3, 6, 2, 0, 9, 6, 2, 0, 8, 3, 4, 1, 9, 5, 7, 5, 0, 1, 5, 8, 9, 3, 0, 0, 2]

Unique id : 1, dataset size : 500
Communication time : 100, Computation time per batch : 100, Training time : 16200
['0:11.00%', '1:8.40%', '2:9.20%', '3:11.60%', '4:10.40%', '5:9.20%', '6:10.60%', '7:11.20%', '8:9.20%', '9:9.20%']
Divergence : jsd 0.0019, tvd 0.0480
Local epoch : 10
labels from the first batch :[8, 2, 9, 5, 3, 8, 5, 9, 8, 7, 1, 6, 4, 0, 9, 3, 6, 7, 9, 3, 4, 3, 0, 5, 0, 4, 3, 3, 7, 0, 2, 6]

Unique id : 2, dataset size : 500
Communication time : 100, Computation time per batch : 200, Training time : 16200
['0:9.60%', '1:10.40%', '2:9.40%', '3:10.00%', '4:10.60%', '5:9.60%', '6:9.60%', '7:9.20%', '8:10.20%', '9:11.40%']
Divergence : jsd 0.0007, tvd 0.0260
Local epoch : 5
labels from the first batch :[7, 2, 4, 5, 9, 5, 4, 2, 7, 1, 4, 2, 2, 6, 2, 9, 0, 3, 3, 1, 3, 5, 3, 7, 9, 6, 2, 5, 6, 6, 0, 0]

Unique id : 3, dataset size : 500
Communication time : 100, Computation time per batch : 100, Training time : 16200
['0:9.40%', '1:9.80%', '2:8.80%', '3:8.40%', '4:9.60%', '5:11.60%', '6:8.40%', '7:11.60%', '8:12.80%', '9:9.60%']
Divergence : jsd 0.0035, tvd 0.0600
Local epoch : 10
labels from the first batch :[9, 8, 4, 3, 8, 9, 9, 9, 4, 5, 5, 0, 1, 4, 8, 0, 0, 2, 0, 2, 4, 5, 2, 4, 8, 4, 8, 3, 1, 6, 1, 2]

Unique id : 4, dataset size : 500
Communication time : 100, Computation time per batch : 200, Training time : 16200
['0:10.60%', '1:7.20%', '2:9.80%', '3:10.60%', '4:9.60%', '5:10.20%', '6:12.00%', '7:8.40%', '8:10.00%', '9:11.60%']
Divergence : jsd 0.0034, tvd 0.0500
Local epoch : 5
labels from the first batch :[4, 9, 8, 7, 8, 6, 8, 2, 4, 9, 3, 6, 3, 4, 4, 4, 7, 3, 8, 3, 5, 5, 1, 6, 4, 0, 6, 2, 2, 8, 2, 2]

Unique id : 5, dataset size : 500
Communication time : 100, Computation time per batch : 100, Training time : 16200
['0:10.40%', '1:8.40%', '2:10.20%', '3:7.80%', '4:9.40%', '5:11.20%', '6:10.80%', '7:10.80%', '8:10.00%', '9:11.00%']
Divergence : jsd 0.0022, tvd 0.0440
Local epoch : 10
labels from the first batch :[5, 0, 3, 0, 7, 4, 4, 2, 7, 4, 6, 3, 5, 8, 4, 6, 5, 7, 1, 1, 9, 7, 2, 8, 2, 2, 9, 4, 5, 3, 8, 5]

Unique id : 6, dataset size : 500
Communication time : 100, Computation time per batch : 200, Training time : 16200
['0:9.80%', '1:10.20%', '2:10.60%', '3:9.20%', '4:10.60%', '5:12.00%', '6:7.80%', '7:9.60%', '8:8.40%', '9:11.80%']
Divergence : jsd 0.0030, tvd 0.0520
Local epoch : 5
labels from the first batch :[6, 9, 8, 7, 3, 8, 4, 0, 1, 3, 9, 0, 4, 3, 1, 2, 1, 8, 8, 3, 7, 5, 9, 3, 0, 7, 3, 8, 4, 9, 2, 7]

Unique id : 7, dataset size : 500
Communication time : 100, Computation time per batch : 200, Training time : 16200
['0:9.20%', '1:9.60%', '2:8.80%', '3:8.40%', '4:8.60%', '5:11.60%', '6:9.80%', '7:10.80%', '8:13.20%', '9:10.00%']
Divergence : jsd 0.0035, tvd 0.0560
Local epoch : 5
labels from the first batch :[2, 2, 0, 5, 1, 1, 7, 8, 6, 8, 8, 8, 1, 8, 2, 4, 6, 4, 5, 7, 9, 6, 6, 0, 7, 6, 8, 6, 1, 8, 1, 9]

Unique id : 8, dataset size : 500
Communication time : 100, Computation time per batch : 100, Training time : 16200
['0:10.80%', '1:10.40%', '2:11.60%', '3:9.00%', '4:8.60%', '5:10.20%', '6:8.80%', '7:8.20%', '8:10.80%', '9:11.60%']
Divergence : jsd 0.0026, tvd 0.0540
Local epoch : 10
labels from the first batch :[5, 2, 2, 8, 8, 0, 6, 0, 4, 4, 3, 1, 6, 2, 0, 8, 9, 6, 9, 5, 6, 8, 8, 3, 9, 9, 5, 1, 2, 6, 9, 7]

Unique id : 9, dataset size : 500
Communication time : 100, Computation time per batch : 200, Training time : 16200
['0:7.40%', '1:8.00%', '2:8.20%', '3:16.40%', '4:10.80%', '5:10.80%', '6:11.60%', '7:7.60%', '8:10.80%', '9:8.40%']
Divergence : jsd 0.0110, tvd 0.1040
Local epoch : 5
labels from the first batch :[8, 7, 8, 8, 7, 1, 2, 8, 2, 5, 6, 5, 5, 2, 3, 1, 6, 4, 5, 3, 6, 4, 8, 8, 9, 8, 4, 8, 7, 6, 6, 3]

Unique id : 10, dataset size : 500
Communication time : 100, Computation time per batch : 200, Training time : 16200
['0:8.80%', '1:13.20%', '2:7.80%', '3:8.40%', '4:10.40%', '5:8.60%', '6:12.20%', '7:10.20%', '8:10.40%', '9:10.00%']
Divergence : jsd 0.0046, tvd 0.0640
Local epoch : 5
labels from the first batch :[9, 6, 9, 0, 1, 2, 5, 4, 7, 2, 6, 1, 0, 1, 2, 7, 7, 8, 6, 4, 8, 1, 1, 2, 0, 8, 9, 3, 0, 4, 0, 9]

Unique id : 11, dataset size : 500
Communication time : 100, Computation time per batch : 100, Training time : 16200
['0:12.20%', '1:8.60%', '2:10.00%', '3:7.40%', '4:9.20%', '5:9.00%', '6:11.20%', '7:10.60%', '8:11.60%', '9:10.20%']
Divergence : jsd 0.0036, tvd 0.0580
Local epoch : 10
labels from the first batch :[2, 6, 2, 0, 9, 6, 2, 8, 5, 1, 6, 5, 8, 6, 4, 2, 8, 8, 1, 4, 1, 5, 2, 9, 3, 1, 3, 8, 9, 4, 2, 7]

Unique id : 12, dataset size : 500
Communication time : 100, Computation time per batch : 200, Training time : 16200
['0:13.20%', '1:10.40%', '2:7.40%', '3:11.80%', '4:9.60%', '5:8.00%', '6:10.20%', '7:10.40%', '8:9.20%', '9:9.80%']
Divergence : jsd 0.0046, tvd 0.0600
Local epoch : 5
labels from the first batch :[1, 1, 9, 7, 0, 3, 9, 8, 1, 3, 3, 1, 5, 0, 5, 2, 1, 5, 0, 3, 0, 2, 8, 9, 8, 5, 9, 1, 7, 6, 3, 8]

Unique id : 13, dataset size : 500
Communication time : 100, Computation time per batch : 200, Training time : 16200
['0:12.00%', '1:9.80%', '2:9.80%', '3:10.00%', '4:10.00%', '5:9.20%', '6:9.80%', '7:9.40%', '8:11.60%', '9:8.40%']
Divergence : jsd 0.0018, tvd 0.0360
Local epoch : 5
labels from the first batch :[6, 3, 5, 0, 0, 9, 8, 1, 5, 8, 6, 0, 9, 6, 8, 3, 8, 0, 3, 4, 1, 9, 4, 5, 7, 6, 7, 3, 5, 3, 3, 3]

Unique id : 14, dataset size : 500
Communication time : 100, Computation time per batch : 200, Training time : 16200
['0:9.80%', '1:9.80%', '2:9.60%', '3:7.40%', '4:10.80%', '5:9.80%', '6:12.00%', '7:9.60%', '8:10.20%', '9:11.00%']
Divergence : jsd 0.0024, tvd 0.0400
Local epoch : 5
labels from the first batch :[9, 7, 9, 7, 8, 9, 1, 2, 9, 9, 7, 4, 6, 6, 5, 2, 4, 9, 0, 3, 3, 0, 5, 9, 9, 0, 0, 9, 0, 4, 9, 8]

Unique id : 15, dataset size : 500
Communication time : 100, Computation time per batch : 200, Training time : 16200
['0:8.20%', '1:12.60%', '2:9.00%', '3:10.40%', '4:9.20%', '5:10.20%', '6:11.40%', '7:10.80%', '8:8.20%', '9:10.00%']
Divergence : jsd 0.0032, tvd 0.0540
Local epoch : 5
labels from the first batch :[7, 8, 4, 0, 5, 4, 2, 2, 1, 2, 9, 3, 4, 1, 7, 5, 9, 7, 1, 1, 3, 0, 7, 9, 5, 1, 9, 2, 5, 5, 9, 5]

Unique id : 16, dataset size : 500
Communication time : 100, Computation time per batch : 100, Training time : 16200
['0:9.60%', '1:11.00%', '2:9.00%', '3:12.00%', '4:8.80%', '5:9.00%', '6:10.40%', '7:11.80%', '8:9.40%', '9:9.00%']
Divergence : jsd 0.0023, tvd 0.0520
Local epoch : 10
labels from the first batch :[4, 7, 7, 3, 8, 4, 0, 4, 0, 1, 8, 3, 6, 4, 8, 6, 2, 6, 4, 5, 9, 1, 3, 1, 5, 4, 4, 2, 2, 2, 7, 7]

Unique id : 17, dataset size : 500
Communication time : 100, Computation time per batch : 200, Training time : 16200
['0:9.60%', '1:8.80%', '2:12.80%', '3:10.20%', '4:10.20%', '5:7.60%', '6:10.60%', '7:11.60%', '8:9.60%', '9:9.00%']
Divergence : jsd 0.0035, tvd 0.0540
Local epoch : 5
labels from the first batch :[6, 7, 7, 1, 0, 9, 1, 2, 7, 7, 4, 3, 1, 8, 8, 6, 2, 6, 1, 6, 3, 6, 6, 4, 4, 1, 3, 1, 7, 9, 7, 7]

Unique id : 18, dataset size : 500
Communication time : 100, Computation time per batch : 100, Training time : 16200
['0:8.20%', '1:11.80%', '2:9.60%', '3:10.20%', '4:9.40%', '5:9.80%', '6:9.60%', '7:9.40%', '8:13.40%', '9:8.60%']
Divergence : jsd 0.0036, tvd 0.0540
Local epoch : 10
labels from the first batch :[0, 8, 5, 8, 6, 4, 1, 8, 3, 9, 0, 3, 2, 5, 8, 8, 3, 5, 5, 9, 7, 2, 7, 7, 4, 3, 6, 2, 6, 1, 1, 2]

Unique id : 19, dataset size : 500
Communication time : 100, Computation time per batch : 200, Training time : 16200
['0:12.20%', '1:11.60%', '2:10.20%', '3:8.60%', '4:9.60%', '5:10.80%', '6:9.20%', '7:8.40%', '8:9.40%', '9:10.00%']
Divergence : jsd 0.0024, tvd 0.0480
Local epoch : 5
labels from the first batch :[4, 4, 2, 3, 8, 9, 5, 9, 7, 5, 5, 4, 7, 7, 4, 0, 5, 6, 2, 5, 5, 7, 3, 8, 3, 4, 1, 3, 6, 4, 4, 0]

Unique id : 20, dataset size : 500
Communication time : 100, Computation time per batch : 100, Training time : 16200
['0:9.40%', '1:8.80%', '2:10.20%', '3:12.40%', '4:11.80%', '5:9.00%', '6:12.00%', '7:8.00%', '8:10.00%', '9:8.40%']
Divergence : jsd 0.0040, tvd 0.0640
Local epoch : 10
labels from the first batch :[4, 3, 0, 2, 8, 4, 8, 8, 3, 6, 5, 1, 6, 4, 6, 8, 6, 8, 0, 6, 7, 0, 3, 5, 1, 3, 5, 9, 6, 8, 5, 3]

Unique id : 21, dataset size : 500
Communication time : 100, Computation time per batch : 200, Training time : 16200
['0:10.00%', '1:7.20%', '2:10.60%', '3:10.00%', '4:9.00%', '5:9.20%', '6:10.20%', '7:10.80%', '8:11.20%', '9:11.80%']
Divergence : jsd 0.0029, tvd 0.0460
Local epoch : 5
labels from the first batch :[8, 2, 9, 2, 4, 6, 6, 5, 0, 0, 9, 9, 8, 9, 4, 4, 2, 6, 7, 3, 2, 0, 6, 6, 7, 2, 1, 8, 3, 8, 3, 2]

Unique id : 22, dataset size : 500
Communication time : 100, Computation time per batch : 100, Training time : 16200
['0:10.60%', '1:9.80%', '2:10.40%', '3:9.60%', '4:11.00%', '5:10.20%', '6:9.80%', '7:10.60%', '8:9.20%', '9:8.80%']
Divergence : jsd 0.0008, tvd 0.0280
Local epoch : 10
labels from the first batch :[0, 0, 2, 3, 0, 3, 8, 4, 9, 2, 6, 7, 8, 2, 8, 6, 1, 9, 8, 8, 7, 6, 4, 9, 5, 8, 0, 3, 6, 5, 7, 3]

Unique id : 23, dataset size : 500
Communication time : 100, Computation time per batch : 200, Training time : 16200
['0:11.20%', '1:13.20%', '2:9.80%', '3:8.80%', '4:9.80%', '5:8.00%', '6:10.60%', '7:9.80%', '8:10.20%', '9:8.60%']
Divergence : jsd 0.0034, tvd 0.0520
Local epoch : 5
labels from the first batch :[5, 4, 8, 0, 1, 2, 1, 1, 9, 8, 9, 4, 9, 5, 4, 7, 1, 3, 0, 2, 7, 9, 1, 3, 9, 7, 8, 1, 1, 1, 6, 8]

Unique id : 24, dataset size : 500
Communication time : 100, Computation time per batch : 200, Training time : 16200
['0:9.60%', '1:9.20%', '2:12.80%', '3:7.20%', '4:9.00%', '5:9.40%', '6:10.60%', '7:9.60%', '8:8.60%', '9:14.00%']
Divergence : jsd 0.0062, tvd 0.0740
Local epoch : 5
labels from the first batch :[6, 7, 2, 5, 2, 1, 5, 9, 2, 2, 5, 9, 1, 0, 7, 3, 0, 0, 5, 4, 9, 5, 6, 4, 2, 6, 3, 2, 0, 0, 9, 9]

Unique id : 25, dataset size : 500
Communication time : 100, Computation time per batch : 100, Training time : 16200
['0:9.60%', '1:8.80%', '2:10.20%', '3:10.40%', '4:11.60%', '5:7.80%', '6:10.40%', '7:11.60%', '8:10.20%', '9:9.40%']
Divergence : jsd 0.0023, tvd 0.0440
Local epoch : 10
labels from the first batch :[7, 1, 3, 8, 5, 4, 6, 1, 8, 0, 0, 8, 6, 8, 0, 2, 1, 8, 7, 8, 9, 8, 4, 4, 3, 9, 4, 1, 4, 0, 7, 7]

Unique id : 26, dataset size : 500
Communication time : 100, Computation time per batch : 100, Training time : 16200
['0:10.00%', '1:11.00%', '2:9.80%', '3:9.20%', '4:9.80%', '5:10.20%', '6:10.60%', '7:10.40%', '8:10.80%', '9:8.20%']
Divergence : jsd 0.0012, tvd 0.0300
Local epoch : 10
labels from the first batch :[2, 0, 1, 2, 5, 5, 7, 7, 7, 2, 4, 2, 2, 7, 1, 3, 2, 5, 2, 1, 6, 5, 1, 4, 5, 7, 0, 8, 7, 9, 1, 9]

Unique id : 27, dataset size : 500
Communication time : 100, Computation time per batch : 200, Training time : 16200
['0:8.80%', '1:10.40%', '2:10.80%', '3:8.80%', '4:9.80%', '5:12.40%', '6:10.60%', '7:9.60%', '8:9.40%', '9:9.40%']
Divergence : jsd 0.0019, tvd 0.0420
Local epoch : 5
labels from the first batch :[1, 3, 7, 3, 5, 6, 0, 9, 9, 0, 3, 0, 6, 3, 6, 9, 1, 2, 8, 7, 8, 1, 5, 9, 7, 5, 8, 1, 6, 0, 4, 4]

Unique id : 28, dataset size : 500
Communication time : 100, Computation time per batch : 100, Training time : 16200
['0:11.00%', '1:10.60%', '2:9.40%', '3:12.20%', '4:11.00%', '5:9.80%', '6:9.80%', '7:8.00%', '8:8.80%', '9:9.40%']
Divergence : jsd 0.0024, tvd 0.0480
Local epoch : 10
labels from the first batch :[2, 8, 5, 5, 8, 0, 6, 0, 9, 8, 9, 3, 1, 3, 8, 3, 1, 7, 7, 9, 9, 4, 3, 1, 1, 3, 2, 8, 5, 7, 4, 8]

Unique id : 29, dataset size : 500
Communication time : 100, Computation time per batch : 200, Training time : 16200
['0:12.40%', '1:10.60%', '2:9.80%', '3:8.40%', '4:8.00%', '5:9.60%', '6:11.40%', '7:8.40%', '8:11.60%', '9:9.80%']
Divergence : jsd 0.0036, tvd 0.0600
Local epoch : 5
labels from the first batch :[0, 1, 0, 6, 2, 3, 1, 1, 9, 6, 5, 0, 8, 1, 2, 2, 1, 1, 3, 0, 0, 8, 8, 3, 9, 8, 7, 0, 8, 1, 9, 4]

Unique id : 30, dataset size : 500
Communication time : 100, Computation time per batch : 100, Training time : 16200
['0:9.60%', '1:12.00%', '2:11.00%', '3:9.20%', '4:8.80%', '5:13.60%', '6:8.20%', '7:10.20%', '8:7.80%', '9:9.60%']
Divergence : jsd 0.0049, tvd 0.0680
Local epoch : 10
labels from the first batch :[4, 9, 1, 2, 0, 2, 7, 0, 0, 7, 2, 8, 7, 5, 0, 5, 4, 8, 6, 5, 1, 1, 9, 6, 2, 5, 4, 3, 3, 9, 5, 0]

Unique id : 31, dataset size : 500
Communication time : 100, Computation time per batch : 100, Training time : 16200
['0:12.80%', '1:9.40%', '2:9.00%', '3:10.20%', '4:7.80%', '5:11.60%', '6:10.60%', '7:10.60%', '8:9.20%', '9:8.80%']
Divergence : jsd 0.0034, tvd 0.0580
Local epoch : 10
labels from the first batch :[8, 3, 6, 5, 4, 8, 9, 1, 6, 0, 2, 7, 8, 2, 8, 5, 0, 4, 2, 7, 6, 8, 8, 4, 9, 9, 9, 6, 5, 1, 6, 7]

Unique id : 32, dataset size : 500
Communication time : 100, Computation time per batch : 200, Training time : 16200
['0:11.00%', '1:10.00%', '2:7.80%', '3:11.40%', '4:10.80%', '5:8.00%', '6:10.00%', '7:11.40%', '8:9.40%', '9:10.20%']
Divergence : jsd 0.0028, tvd 0.0480
Local epoch : 5
labels from the first batch :[0, 5, 3, 6, 7, 9, 2, 6, 3, 9, 8, 2, 0, 3, 9, 6, 7, 6, 8, 7, 1, 7, 4, 8, 4, 1, 8, 0, 1, 7, 7, 9]

Unique id : 33, dataset size : 500
Communication time : 100, Computation time per batch : 200, Training time : 16200
['0:10.00%', '1:9.20%', '2:9.80%', '3:11.20%', '4:10.40%', '5:9.00%', '6:11.20%', '7:7.80%', '8:10.20%', '9:11.20%']
Divergence : jsd 0.0021, tvd 0.0420
Local epoch : 5
labels from the first batch :[5, 4, 2, 0, 2, 6, 6, 9, 3, 4, 4, 8, 5, 2, 6, 4, 6, 8, 8, 2, 9, 8, 8, 9, 9, 5, 2, 2, 9, 3, 5, 8]

Unique id : 34, dataset size : 500
Communication time : 100, Computation time per batch : 100, Training time : 16200
['0:8.80%', '1:10.00%', '2:9.60%', '3:10.00%', '4:8.40%', '5:9.60%', '6:11.40%', '7:9.40%', '8:11.20%', '9:11.60%']
Divergence : jsd 0.0019, tvd 0.0420
Local epoch : 10
labels from the first batch :[9, 5, 5, 1, 3, 4, 4, 2, 9, 2, 2, 0, 9, 6, 7, 2, 3, 2, 3, 3, 3, 4, 1, 7, 8, 3, 5, 9, 1, 1, 1, 2]

Unique id : 35, dataset size : 500
Communication time : 100, Computation time per batch : 100, Training time : 16200
['0:10.40%', '1:9.40%', '2:10.80%', '3:10.00%', '4:11.20%', '5:8.80%', '6:9.60%', '7:9.80%', '8:10.60%', '9:9.40%']
Divergence : jsd 0.0009, tvd 0.0300
Local epoch : 10
labels from the first batch :[3, 1, 0, 4, 5, 8, 8, 2, 7, 3, 7, 2, 9, 8, 3, 8, 6, 6, 2, 8, 1, 3, 0, 5, 4, 4, 7, 5, 8, 4, 1, 4]

Unique id : 36, dataset size : 500
Communication time : 100, Computation time per batch : 100, Training time : 16200
['0:9.00%', '1:10.40%', '2:10.80%', '3:10.80%', '4:10.80%', '5:8.60%', '6:8.00%', '7:9.40%', '8:11.40%', '9:10.80%']
Divergence : jsd 0.0022, tvd 0.0500
Local epoch : 10
labels from the first batch :[9, 8, 7, 3, 4, 1, 0, 0, 8, 7, 9, 5, 6, 4, 8, 8, 2, 1, 4, 9, 4, 3, 4, 7, 7, 0, 4, 9, 7, 1, 2, 2]

Unique id : 37, dataset size : 500
Communication time : 100, Computation time per batch : 100, Training time : 16200
['0:9.20%', '1:10.20%', '2:7.20%', '3:11.80%', '4:9.80%', '5:10.20%', '6:11.40%', '7:9.60%', '8:9.80%', '9:10.80%']
Divergence : jsd 0.0028, tvd 0.0440
Local epoch : 10
labels from the first batch :[5, 7, 3, 2, 9, 5, 2, 3, 6, 0, 1, 4, 9, 7, 2, 6, 6, 7, 1, 6, 0, 5, 7, 3, 9, 4, 0, 6, 1, 3, 8, 6]

Unique id : 38, dataset size : 500
Communication time : 100, Computation time per batch : 100, Training time : 16200
['0:11.60%', '1:8.40%', '2:9.40%', '3:10.20%', '4:9.40%', '5:9.60%', '6:9.80%', '7:11.60%', '8:9.80%', '9:10.20%']
Divergence : jsd 0.0016, tvd 0.0360
Local epoch : 10
labels from the first batch :[4, 9, 6, 9, 3, 6, 7, 6, 8, 3, 1, 2, 8, 4, 2, 8, 0, 9, 9, 6, 8, 9, 0, 2, 7, 6, 0, 5, 8, 3, 2, 7]

Unique id : 39, dataset size : 500
Communication time : 100, Computation time per batch : 200, Training time : 16200
['0:9.60%', '1:8.80%', '2:11.00%', '3:8.80%', '4:11.20%', '5:10.00%', '6:10.20%', '7:9.80%', '8:10.00%', '9:10.60%']
Divergence : jsd 0.0011, tvd 0.0300
Local epoch : 5
labels from the first batch :[8, 1, 5, 7, 4, 0, 1, 8, 1, 5, 4, 6, 1, 6, 2, 4, 1, 8, 4, 1, 2, 8, 0, 4, 1, 0, 2, 0, 4, 7, 7, 0]

Unique id : 40, dataset size : 500
Communication time : 100, Computation time per batch : 200, Training time : 16200
['0:10.00%', '1:11.80%', '2:11.00%', '3:9.20%', '4:10.20%', '5:9.40%', '6:7.40%', '7:11.00%', '8:10.40%', '9:9.60%']
Divergence : jsd 0.0025, tvd 0.0440
Local epoch : 5
labels from the first batch :[8, 4, 7, 2, 6, 7, 8, 2, 7, 3, 8, 3, 4, 5, 3, 2, 9, 4, 9, 2, 9, 9, 9, 5, 8, 9, 1, 3, 6, 2, 6, 4]

Unique id : 41, dataset size : 500
Communication time : 100, Computation time per batch : 200, Training time : 16200
['0:11.20%', '1:9.60%', '2:10.00%', '3:11.80%', '4:8.80%', '5:10.00%', '6:8.80%', '7:9.20%', '8:8.60%', '9:12.00%']
Divergence : jsd 0.0025, tvd 0.0500
Local epoch : 5
labels from the first batch :[5, 1, 2, 7, 7, 4, 9, 5, 0, 3, 5, 8, 0, 4, 1, 3, 0, 4, 3, 9, 5, 8, 9, 5, 8, 9, 2, 9, 3, 8, 1, 3]

Unique id : 42, dataset size : 500
Communication time : 100, Computation time per batch : 100, Training time : 16200
['0:8.80%', '1:11.00%', '2:10.00%', '3:10.00%', '4:10.40%', '5:9.20%', '6:9.20%', '7:10.20%', '8:10.40%', '9:10.80%']
Divergence : jsd 0.0009, tvd 0.0280
Local epoch : 10
labels from the first batch :[1, 3, 5, 1, 6, 3, 2, 4, 3, 2, 4, 3, 6, 7, 8, 0, 0, 8, 0, 4, 7, 9, 4, 7, 1, 8, 0, 4, 8, 4, 4, 4]

Unique id : 43, dataset size : 500
Communication time : 100, Computation time per batch : 100, Training time : 16200
['0:10.20%', '1:9.00%', '2:12.60%', '3:9.00%', '4:11.20%', '5:10.20%', '6:9.40%', '7:9.40%', '8:10.80%', '9:8.20%']
Divergence : jsd 0.0026, tvd 0.0500
Local epoch : 10
labels from the first batch :[7, 0, 6, 9, 4, 7, 3, 0, 2, 0, 1, 8, 8, 2, 5, 5, 3, 9, 1, 9, 4, 3, 0, 8, 7, 1, 6, 2, 9, 3, 5, 1]

Unique id : 44, dataset size : 500
Communication time : 100, Computation time per batch : 100, Training time : 16200
['0:10.80%', '1:7.60%', '2:9.20%', '3:11.20%', '4:11.00%', '5:8.20%', '6:11.60%', '7:10.80%', '8:8.00%', '9:11.60%']
Divergence : jsd 0.0042, tvd 0.0700
Local epoch : 10
labels from the first batch :[1, 8, 7, 4, 5, 9, 9, 7, 5, 8, 0, 2, 0, 2, 5, 6, 8, 1, 5, 5, 7, 1, 8, 7, 9, 1, 6, 4, 2, 6, 2, 4]

Unique id : 45, dataset size : 500
Communication time : 100, Computation time per batch : 100, Training time : 16200
['0:12.00%', '1:9.40%', '2:12.40%', '3:10.60%', '4:13.20%', '5:8.80%', '6:8.00%', '7:8.20%', '8:9.40%', '9:8.00%']
Divergence : jsd 0.0059, tvd 0.0820
Local epoch : 10
labels from the first batch :[3, 4, 0, 8, 4, 4, 9, 4, 0, 4, 9, 1, 1, 4, 2, 8, 5, 2, 5, 0, 5, 6, 1, 0, 8, 5, 8, 1, 1, 7, 2, 6]

Unique id : 46, dataset size : 500
Communication time : 100, Computation time per batch : 200, Training time : 16200
['0:9.20%', '1:11.80%', '2:9.40%', '3:12.20%', '4:9.40%', '5:10.00%', '6:11.60%', '7:7.40%', '8:9.60%', '9:9.40%']
Divergence : jsd 0.0035, tvd 0.0560
Local epoch : 5
labels from the first batch :[6, 5, 9, 9, 8, 7, 9, 4, 6, 7, 2, 0, 2, 2, 7, 3, 4, 1, 3, 1, 4, 2, 8, 9, 8, 0, 8, 1, 3, 7, 6, 1]

Unique id : 47, dataset size : 500
Communication time : 100, Computation time per batch : 100, Training time : 16200
['0:8.60%', '1:11.60%', '2:9.80%', '3:10.00%', '4:10.00%', '5:11.80%', '6:9.60%', '7:9.80%', '8:11.00%', '9:7.80%']
Divergence : jsd 0.0025, tvd 0.0440
Local epoch : 10
labels from the first batch :[8, 3, 0, 9, 2, 9, 2, 9, 4, 4, 1, 9, 3, 4, 7, 8, 0, 9, 1, 3, 1, 7, 2, 9, 8, 6, 7, 3, 0, 4, 5, 2]

Unique id : 48, dataset size : 500
Communication time : 100, Computation time per batch : 200, Training time : 16200
['0:8.40%', '1:9.60%', '2:10.80%', '3:10.20%', '4:8.20%', '5:10.20%', '6:11.60%', '7:10.00%', '8:12.00%', '9:9.00%']
Divergence : jsd 0.0026, tvd 0.0480
Local epoch : 5
labels from the first batch :[9, 7, 9, 7, 9, 5, 3, 0, 2, 4, 4, 5, 5, 7, 8, 9, 5, 9, 6, 7, 8, 1, 5, 0, 2, 8, 2, 2, 6, 2, 1, 7]

Unique id : 49, dataset size : 500
Communication time : 100, Computation time per batch : 100, Training time : 16200
['0:9.40%', '1:7.80%', '2:11.20%', '3:9.00%', '4:10.40%', '5:10.60%', '6:11.00%', '7:8.80%', '8:9.40%', '9:12.40%']
Divergence : jsd 0.0030, tvd 0.0560
Local epoch : 10
labels from the first batch :[8, 6, 7, 9, 3, 4, 7, 1, 1, 2, 4, 9, 5, 2, 5, 4, 5, 9, 1, 6, 7, 3, 4, 5, 2, 5, 5, 2, 5, 5, 2, 5]

Unique id : 50, dataset size : 500
Communication time : 100, Computation time per batch : 100, Training time : 16200
['0:11.40%', '1:10.20%', '2:9.00%', '3:11.80%', '4:10.00%', '5:11.60%', '6:8.60%', '7:8.40%', '8:8.40%', '9:10.60%']
Divergence : jsd 0.0029, tvd 0.0560
Local epoch : 10
labels from the first batch :[9, 5, 6, 6, 1, 2, 0, 0, 2, 4, 0, 3, 7, 1, 5, 3, 7, 6, 2, 4, 7, 8, 0, 0, 1, 6, 8, 3, 4, 3, 6, 5]

Unique id : 51, dataset size : 500
Communication time : 100, Computation time per batch : 200, Training time : 16200
['0:10.20%', '1:10.00%', '2:8.20%', '3:10.00%', '4:10.40%', '5:8.20%', '6:11.60%', '7:10.00%', '8:11.00%', '9:10.40%']
Divergence : jsd 0.0019, tvd 0.0360
Local epoch : 5
labels from the first batch :[4, 0, 7, 9, 6, 9, 6, 3, 4, 4, 4, 2, 9, 2, 4, 1, 3, 6, 0, 2, 2, 6, 4, 6, 8, 7, 1, 0, 4, 5, 1, 3]

Unique id : 52, dataset size : 500
Communication time : 100, Computation time per batch : 200, Training time : 16200
['0:12.20%', '1:11.80%', '2:9.20%', '3:10.00%', '4:10.80%', '5:10.00%', '6:9.20%', '7:10.20%', '8:9.80%', '9:6.80%']
Divergence : jsd 0.0039, tvd 0.0500
Local epoch : 5
labels from the first batch :[1, 7, 7, 5, 9, 0, 2, 3, 0, 9, 8, 3, 0, 5, 4, 4, 2, 5, 1, 0, 8, 4, 6, 9, 7, 7, 6, 6, 2, 1, 5, 5]

Unique id : 53, dataset size : 500
Communication time : 100, Computation time per batch : 200, Training time : 16200
['0:8.00%', '1:11.20%', '2:9.20%', '3:9.40%', '4:10.60%', '5:11.00%', '6:8.40%', '7:10.60%', '8:11.60%', '9:10.00%']
Divergence : jsd 0.0025, tvd 0.0500
Local epoch : 5
labels from the first batch :[9, 0, 0, 6, 2, 7, 0, 8, 8, 5, 4, 6, 2, 2, 3, 4, 0, 3, 8, 3, 3, 8, 7, 6, 7, 9, 2, 8, 7, 5, 1, 6]

Unique id : 54, dataset size : 500
Communication time : 100, Computation time per batch : 200, Training time : 16200
['0:9.60%', '1:9.00%', '2:9.00%', '3:11.00%', '4:8.80%', '5:11.20%', '6:9.80%', '7:10.80%', '8:10.00%', '9:10.80%']
Divergence : jsd 0.0013, tvd 0.0380
Local epoch : 5
labels from the first batch :[2, 9, 1, 9, 3, 4, 5, 4, 9, 5, 7, 8, 3, 4, 0, 8, 1, 9, 3, 3, 1, 9, 8, 7, 2, 0, 9, 6, 6, 7, 2, 7]

Unique id : 55, dataset size : 500
Communication time : 100, Computation time per batch : 200, Training time : 16200
['0:10.20%', '1:10.00%', '2:10.20%', '3:7.40%', '4:11.20%', '5:11.80%', '6:8.80%', '7:10.40%', '8:9.40%', '9:10.60%']
Divergence : jsd 0.0026, tvd 0.0440
Local epoch : 5
labels from the first batch :[4, 8, 6, 5, 9, 9, 9, 8, 1, 1, 3, 5, 9, 3, 6, 1, 0, 9, 0, 8, 9, 5, 8, 1, 6, 2, 4, 8, 1, 0, 7, 0]

Unique id : 56, dataset size : 500
Communication time : 100, Computation time per batch : 100, Training time : 16200
['0:12.80%', '1:9.80%', '2:11.80%', '3:9.20%', '4:9.60%', '5:8.80%', '6:9.20%', '7:10.40%', '8:9.00%', '9:9.40%']
Divergence : jsd 0.0026, tvd 0.0500
Local epoch : 10
labels from the first batch :[9, 6, 8, 3, 6, 8, 9, 9, 0, 9, 6, 7, 7, 4, 8, 3, 2, 2, 6, 1, 0, 0, 2, 4, 4, 8, 8, 2, 2, 0, 8, 0]

Unique id : 57, dataset size : 500
Communication time : 100, Computation time per batch : 200, Training time : 16200
['0:7.60%', '1:10.00%', '2:9.80%', '3:8.40%', '4:12.80%', '5:9.20%', '6:11.40%', '7:11.20%', '8:9.80%', '9:9.80%']
Divergence : jsd 0.0036, tvd 0.0540
Local epoch : 5
labels from the first batch :[4, 8, 1, 0, 4, 9, 7, 3, 3, 9, 7, 6, 4, 1, 0, 6, 3, 6, 1, 6, 5, 7, 0, 2, 3, 6, 7, 2, 4, 4, 0, 6]

Unique id : 58, dataset size : 500
Communication time : 100, Computation time per batch : 200, Training time : 16200
['0:9.80%', '1:10.60%', '2:10.80%', '3:9.60%', '4:9.20%', '5:8.40%', '6:10.00%', '7:10.20%', '8:11.20%', '9:10.20%']
Divergence : jsd 0.0011, tvd 0.0300
Local epoch : 5
labels from the first batch :[1, 9, 9, 8, 3, 5, 4, 2, 1, 7, 0, 2, 2, 7, 9, 3, 0, 1, 2, 1, 9, 4, 3, 7, 8, 0, 2, 3, 2, 2, 2, 7]

Unique id : 59, dataset size : 500
Communication time : 100, Computation time per batch : 100, Training time : 16200
['0:9.80%', '1:11.60%', '2:9.80%', '3:9.80%', '4:8.60%', '5:10.00%', '6:9.00%', '7:11.00%', '8:10.20%', '9:10.20%']
Divergence : jsd 0.0012, tvd 0.0300
Local epoch : 10
labels from the first batch :[3, 3, 3, 2, 6, 8, 2, 5, 3, 9, 1, 5, 2, 5, 1, 1, 5, 8, 9, 0, 5, 1, 1, 5, 6, 0, 1, 4, 4, 3, 1, 8]

Unique id : 60, dataset size : 500
Communication time : 100, Computation time per batch : 100, Training time : 16200
['0:10.40%', '1:10.60%', '2:9.20%', '3:10.00%', '4:11.00%', '5:10.00%', '6:9.00%', '7:7.60%', '8:12.60%', '9:9.60%']
Divergence : jsd 0.0029, tvd 0.0460
Local epoch : 10
labels from the first batch :[3, 9, 1, 4, 4, 4, 4, 7, 8, 8, 1, 6, 3, 8, 5, 3, 6, 1, 8, 1, 4, 0, 0, 5, 9, 5, 7, 8, 0, 0, 9, 6]

Unique id : 61, dataset size : 500
Communication time : 100, Computation time per batch : 200, Training time : 16200
['0:9.00%', '1:9.60%', '2:9.00%', '3:9.40%', '4:10.00%', '5:9.40%', '6:9.20%', '7:13.60%', '8:11.00%', '9:9.80%']
Divergence : jsd 0.0028, tvd 0.0460
Local epoch : 5
labels from the first batch :[9, 3, 6, 2, 5, 8, 3, 4, 8, 0, 9, 7, 4, 4, 7, 8, 1, 1, 6, 0, 3, 0, 3, 6, 3, 8, 7, 3, 2, 3, 4, 7]

Unique id : 62, dataset size : 500
Communication time : 100, Computation time per batch : 100, Training time : 16200
['0:10.40%', '1:9.40%', '2:10.00%', '3:8.40%', '4:11.40%', '5:11.60%', '6:10.80%', '7:8.40%', '8:11.00%', '9:8.60%']
Divergence : jsd 0.0025, tvd 0.0520
Local epoch : 10
labels from the first batch :[7, 1, 4, 3, 5, 6, 8, 4, 5, 8, 7, 9, 5, 8, 4, 8, 5, 6, 4, 8, 9, 4, 9, 3, 6, 8, 4, 9, 8, 3, 1, 0]

Unique id : 63, dataset size : 500
Communication time : 100, Computation time per batch : 200, Training time : 16200
['0:8.60%', '1:9.40%', '2:12.80%', '3:10.40%', '4:10.40%', '5:9.40%', '6:10.80%', '7:10.20%', '8:9.80%', '9:8.20%']
Divergence : jsd 0.0026, tvd 0.0460
Local epoch : 5
labels from the first batch :[9, 5, 7, 4, 6, 0, 9, 4, 1, 6, 5, 7, 7, 8, 0, 4, 6, 4, 4, 6, 4, 5, 1, 5, 5, 7, 1, 5, 4, 4, 3, 2]

Unique id : 64, dataset size : 500
Communication time : 100, Computation time per batch : 200, Training time : 16200
['0:10.00%', '1:10.00%', '2:11.20%', '3:10.80%', '4:11.20%', '5:10.80%', '6:9.20%', '7:9.60%', '8:9.80%', '9:7.40%']
Divergence : jsd 0.0023, tvd 0.0400
Local epoch : 5
labels from the first batch :[0, 2, 2, 1, 5, 8, 3, 5, 3, 1, 1, 6, 5, 9, 2, 4, 6, 5, 4, 4, 9, 9, 7, 2, 3, 0, 4, 2, 5, 1, 1, 9]

Unique id : 65, dataset size : 500
Communication time : 100, Computation time per batch : 100, Training time : 16200
['0:9.00%', '1:8.80%', '2:10.20%', '3:9.00%', '4:10.20%', '5:13.20%', '6:10.20%', '7:11.00%', '8:8.80%', '9:9.60%']
Divergence : jsd 0.0028, tvd 0.0480
Local epoch : 10
labels from the first batch :[1, 8, 5, 3, 6, 1, 3, 6, 0, 7, 0, 4, 2, 7, 1, 1, 4, 6, 3, 1, 8, 6, 9, 0, 2, 3, 1, 2, 6, 9, 4, 3]

Unique id : 66, dataset size : 500
Communication time : 100, Computation time per batch : 200, Training time : 16200
['0:8.40%', '1:10.60%', '2:11.40%', '3:11.00%', '4:9.40%', '5:11.60%', '6:7.00%', '7:10.20%', '8:9.40%', '9:11.00%']
Divergence : jsd 0.0037, tvd 0.0580
Local epoch : 5
labels from the first batch :[9, 9, 8, 1, 4, 3, 6, 4, 6, 5, 9, 7, 7, 7, 4, 9, 9, 8, 9, 1, 3, 8, 0, 8, 7, 1, 1, 5, 1, 3, 3, 6]

Unique id : 67, dataset size : 500
Communication time : 100, Computation time per batch : 100, Training time : 16200
['0:9.40%', '1:9.80%', '2:9.60%', '3:11.20%', '4:10.40%', '5:10.40%', '6:10.00%', '7:11.40%', '8:9.00%', '9:8.80%']
Divergence : jsd 0.0012, tvd 0.0340
Local epoch : 10
labels from the first batch :[1, 7, 3, 4, 7, 9, 2, 6, 1, 9, 9, 0, 7, 7, 6, 2, 2, 5, 7, 4, 5, 4, 6, 1, 5, 0, 4, 2, 8, 5, 1, 1]

Unique id : 68, dataset size : 500
Communication time : 100, Computation time per batch : 200, Training time : 16200
['0:11.60%', '1:10.40%', '2:10.00%', '3:9.20%', '4:8.20%', '5:10.00%', '6:8.20%', '7:11.40%', '8:9.40%', '9:11.60%']
Divergence : jsd 0.0027, tvd 0.0500
Local epoch : 5
labels from the first batch :[3, 2, 4, 5, 9, 6, 9, 5, 2, 8, 6, 0, 3, 5, 5, 4, 7, 8, 9, 2, 0, 0, 7, 9, 7, 0, 2, 3, 2, 1, 7, 2]

Unique id : 69, dataset size : 500
Communication time : 100, Computation time per batch : 200, Training time : 16200
['0:8.60%', '1:12.40%', '2:9.80%', '3:9.60%', '4:8.60%', '5:9.60%', '6:12.40%', '7:8.20%', '8:11.20%', '9:9.60%']
Divergence : jsd 0.0036, tvd 0.0600
Local epoch : 5
labels from the first batch :[3, 5, 9, 7, 0, 7, 5, 6, 2, 0, 9, 1, 6, 4, 6, 6, 2, 6, 6, 4, 9, 7, 4, 8, 8, 8, 9, 2, 1, 3, 6, 8]

Unique id : 70, dataset size : 500
Communication time : 100, Computation time per batch : 100, Training time : 16200
['0:10.80%', '1:10.40%', '2:10.00%', '3:10.20%', '4:8.60%', '5:9.00%', '6:10.60%', '7:9.80%', '8:11.00%', '9:9.60%']
Divergence : jsd 0.0010, tvd 0.0300
Local epoch : 10
labels from the first batch :[6, 8, 6, 5, 4, 9, 9, 1, 9, 7, 5, 9, 9, 3, 5, 3, 8, 0, 4, 4, 3, 1, 4, 6, 2, 7, 7, 3, 2, 2, 0, 4]

Unique id : 71, dataset size : 500
Communication time : 100, Computation time per batch : 100, Training time : 16200
['0:13.00%', '1:11.00%', '2:7.80%', '3:11.00%', '4:8.60%', '5:10.60%', '6:9.60%', '7:9.60%', '8:9.40%', '9:9.40%']
Divergence : jsd 0.0034, tvd 0.0560
Local epoch : 10
labels from the first batch :[6, 6, 7, 9, 0, 8, 8, 5, 1, 4, 2, 0, 1, 0, 3, 5, 2, 6, 3, 6, 3, 1, 4, 0, 9, 1, 1, 0, 4, 5, 9, 7]

Unique id : 72, dataset size : 500
Communication time : 100, Computation time per batch : 100, Training time : 16200
['0:10.80%', '1:8.60%', '2:11.00%', '3:10.00%', '4:7.80%', '5:9.60%', '6:11.40%', '7:11.60%', '8:7.60%', '9:11.60%']
Divergence : jsd 0.0040, tvd 0.0640
Local epoch : 10
labels from the first batch :[1, 9, 9, 6, 1, 5, 1, 6, 6, 7, 5, 2, 3, 7, 6, 1, 0, 3, 9, 3, 2, 7, 0, 6, 2, 3, 7, 6, 2, 4, 6, 3]

Unique id : 73, dataset size : 500
Communication time : 100, Computation time per batch : 100, Training time : 16200
['0:9.40%', '1:9.60%', '2:10.60%', '3:12.40%', '4:11.40%', '5:11.20%', '6:11.40%', '7:7.60%', '8:9.00%', '9:7.40%']
Divergence : jsd 0.0048, tvd 0.0700
Local epoch : 10
labels from the first batch :[4, 0, 3, 6, 4, 3, 6, 3, 3, 5, 4, 8, 6, 2, 3, 6, 4, 5, 5, 1, 5, 6, 7, 4, 0, 8, 8, 6, 5, 0, 6, 1]

Unique id : 74, dataset size : 500
Communication time : 100, Computation time per batch : 200, Training time : 16200
['0:10.20%', '1:11.60%', '2:11.00%', '3:9.80%', '4:10.00%', '5:9.60%', '6:9.80%', '7:7.80%', '8:9.40%', '9:10.80%']
Divergence : jsd 0.0018, tvd 0.0360
Local epoch : 5
labels from the first batch :[6, 1, 8, 2, 7, 8, 9, 5, 5, 5, 4, 3, 2, 1, 8, 0, 6, 0, 1, 6, 7, 0, 0, 8, 1, 3, 9, 2, 7, 8, 1, 5]

Unique id : 75, dataset size : 500
Communication time : 100, Computation time per batch : 200, Training time : 16200
['0:6.40%', '1:10.60%', '2:11.00%', '3:10.60%', '4:10.80%', '5:9.80%', '6:11.40%', '7:9.40%', '8:10.20%', '9:9.80%']
Divergence : jsd 0.0037, tvd 0.0460
Local epoch : 5
labels from the first batch :[3, 8, 4, 3, 6, 9, 1, 2, 7, 1, 8, 5, 2, 7, 8, 7, 3, 1, 3, 7, 1, 9, 5, 9, 3, 9, 4, 5, 8, 9, 9, 6]

Unique id : 76, dataset size : 500
Communication time : 100, Computation time per batch : 200, Training time : 16200
['0:10.20%', '1:10.00%', '2:7.40%', '3:10.80%', '4:9.20%', '5:11.80%', '6:10.00%', '7:10.00%', '8:9.80%', '9:10.80%']
Divergence : jsd 0.0023, tvd 0.0360
Local epoch : 5
labels from the first batch :[6, 0, 3, 7, 5, 6, 7, 3, 7, 0, 9, 9, 1, 8, 2, 7, 1, 8, 8, 2, 1, 9, 0, 3, 5, 5, 7, 0, 4, 0, 3, 1]

Unique id : 77, dataset size : 500
Communication time : 100, Computation time per batch : 100, Training time : 16200
['0:7.60%', '1:7.80%', '2:8.60%', '3:9.00%', '4:9.00%', '5:13.60%', '6:10.40%', '7:11.80%', '8:8.80%', '9:13.40%']
Divergence : jsd 0.0075, tvd 0.0920
Local epoch : 10
labels from the first batch :[9, 1, 0, 8, 7, 5, 5, 0, 5, 0, 6, 9, 7, 2, 5, 7, 6, 0, 9, 2, 8, 8, 0, 7, 7, 3, 9, 7, 6, 3, 9, 2]

Unique id : 78, dataset size : 500
Communication time : 100, Computation time per batch : 200, Training time : 16200
['0:9.20%', '1:7.40%', '2:11.00%', '3:9.40%', '4:9.60%', '5:11.20%', '6:10.00%', '7:9.60%', '8:11.80%', '9:10.80%']
Divergence : jsd 0.0027, tvd 0.0480
Local epoch : 5
labels from the first batch :[5, 4, 4, 5, 0, 3, 7, 3, 4, 3, 4, 0, 8, 7, 1, 2, 9, 9, 7, 2, 3, 8, 8, 3, 3, 5, 4, 3, 5, 7, 2, 7]

Unique id : 79, dataset size : 500
Communication time : 100, Computation time per batch : 100, Training time : 16200
['0:10.00%', '1:9.20%', '2:10.60%', '3:8.80%', '4:9.60%', '5:9.80%', '6:9.20%', '7:12.40%', '8:11.20%', '9:9.20%']
Divergence : jsd 0.0019, tvd 0.0420
Local epoch : 10
labels from the first batch :[8, 8, 8, 5, 3, 3, 7, 5, 7, 5, 4, 0, 7, 6, 6, 8, 1, 6, 5, 4, 7, 9, 1, 2, 4, 8, 0, 4, 8, 6, 1, 9]

Unique id : 80, dataset size : 500
Communication time : 100, Computation time per batch : 100, Training time : 16200
['0:9.60%', '1:12.80%', '2:8.00%', '3:11.40%', '4:10.80%', '5:9.80%', '6:7.80%', '7:10.00%', '8:8.60%', '9:11.20%']
Divergence : jsd 0.0041, tvd 0.0620
Local epoch : 10
labels from the first batch :[1, 6, 0, 6, 7, 1, 5, 7, 4, 4, 5, 4, 3, 4, 1, 6, 4, 1, 4, 0, 2, 5, 1, 6, 1, 0, 6, 9, 9, 7, 8, 5]

Unique id : 81, dataset size : 500
Communication time : 100, Computation time per batch : 100, Training time : 16200
['0:8.80%', '1:11.40%', '2:9.60%', '3:10.80%', '4:11.20%', '5:10.00%', '6:10.80%', '7:7.80%', '8:10.20%', '9:9.40%']
Divergence : jsd 0.0022, tvd 0.0440
Local epoch : 10
labels from the first batch :[6, 2, 2, 9, 1, 6, 7, 9, 1, 2, 1, 9, 6, 1, 0, 1, 2, 0, 3, 2, 1, 8, 4, 1, 1, 5, 3, 7, 8, 4, 5, 5]

Unique id : 82, dataset size : 500
Communication time : 100, Computation time per batch : 200, Training time : 16200
['0:10.80%', '1:8.60%', '2:8.60%', '3:8.80%', '4:10.80%', '5:10.20%', '6:10.20%', '7:10.40%', '8:10.00%', '9:11.60%']
Divergence : jsd 0.0017, tvd 0.0400
Local epoch : 5
labels from the first batch :[1, 1, 0, 0, 8, 0, 5, 5, 8, 2, 7, 9, 2, 7, 0, 3, 7, 9, 5, 0, 3, 7, 9, 0, 4, 8, 3, 9, 5, 3, 9, 0]

Unique id : 83, dataset size : 500
Communication time : 100, Computation time per batch : 100, Training time : 16200
['0:11.20%', '1:10.60%', '2:8.80%', '3:9.40%', '4:10.40%', '5:10.00%', '6:10.00%', '7:9.60%', '8:8.60%', '9:11.40%']
Divergence : jsd 0.0014, tvd 0.0360
Local epoch : 10
labels from the first batch :[4, 6, 1, 1, 2, 8, 0, 7, 8, 4, 4, 1, 7, 4, 7, 0, 5, 4, 4, 5, 3, 9, 7, 4, 9, 9, 3, 6, 7, 4, 3, 8]

Unique id : 84, dataset size : 500
Communication time : 100, Computation time per batch : 200, Training time : 16200
['0:8.40%', '1:8.20%', '2:10.40%', '3:12.20%', '4:9.60%', '5:9.80%', '6:11.60%', '7:10.40%', '8:8.60%', '9:10.80%']
Divergence : jsd 0.0029, tvd 0.0540
Local epoch : 5
labels from the first batch :[8, 0, 4, 2, 9, 2, 1, 1, 7, 5, 2, 4, 3, 8, 6, 2, 5, 6, 5, 0, 9, 5, 0, 3, 1, 8, 8, 2, 8, 3, 1, 0]

Unique id : 85, dataset size : 500
Communication time : 100, Computation time per batch : 100, Training time : 16200
['0:9.60%', '1:9.20%', '2:11.60%', '3:8.40%', '4:10.80%', '5:9.60%', '6:10.60%', '7:10.60%', '8:9.60%', '9:10.00%']
Divergence : jsd 0.0014, tvd 0.0360
Local epoch : 10
labels from the first batch :[9, 0, 6, 0, 5, 2, 6, 2, 3, 1, 6, 5, 2, 8, 7, 8, 9, 3, 2, 0, 4, 0, 7, 6, 2, 9, 4, 4, 7, 1, 9, 6]

Unique id : 86, dataset size : 500
Communication time : 100, Computation time per batch : 100, Training time : 16200
['0:9.20%', '1:11.00%', '2:11.40%', '3:8.40%', '4:8.00%', '5:11.80%', '6:8.60%', '7:9.60%', '8:12.60%', '9:9.40%']
Divergence : jsd 0.0040, tvd 0.0680
Local epoch : 10
labels from the first batch :[4, 6, 8, 7, 8, 3, 0, 9, 1, 9, 0, 7, 5, 6, 3, 2, 1, 5, 9, 1, 9, 0, 7, 9, 5, 7, 3, 2, 8, 1, 8, 7]

Unique id : 87, dataset size : 500
Communication time : 100, Computation time per batch : 100, Training time : 16200
['0:8.80%', '1:7.60%', '2:9.80%', '3:11.40%', '4:11.00%', '5:8.80%', '6:10.40%', '7:12.80%', '8:9.20%', '9:10.20%']
Divergence : jsd 0.0036, tvd 0.0580
Local epoch : 10
labels from the first batch :[0, 8, 9, 9, 9, 3, 0, 8, 7, 7, 0, 5, 2, 3, 2, 2, 2, 1, 2, 9, 8, 3, 6, 9, 2, 6, 7, 2, 4, 7, 6, 8]

Unique id : 88, dataset size : 500
Communication time : 100, Computation time per batch : 100, Training time : 16200
['0:8.80%', '1:13.00%', '2:10.80%', '3:10.60%', '4:11.60%', '5:9.40%', '6:9.80%', '7:7.00%', '8:9.00%', '9:10.00%']
Divergence : jsd 0.0045, tvd 0.0600
Local epoch : 10
labels from the first batch :[2, 4, 5, 4, 8, 6, 2, 1, 0, 1, 0, 2, 1, 2, 1, 2, 1, 2, 2, 8, 2, 1, 7, 4, 4, 1, 1, 7, 5, 0, 7, 5]

Unique id : 89, dataset size : 500
Communication time : 100, Computation time per batch : 100, Training time : 16200
['0:12.60%', '1:10.00%', '2:9.20%', '3:10.20%', '4:8.80%', '5:11.60%', '6:8.00%', '7:9.20%', '8:10.20%', '9:10.20%']
Divergence : jsd 0.0029, tvd 0.0480
Local epoch : 10
labels from the first batch :[9, 2, 6, 3, 4, 8, 6, 8, 5, 1, 3, 9, 0, 5, 9, 2, 2, 6, 2, 3, 8, 6, 3, 3, 2, 8, 0, 4, 7, 3, 6, 9]

Unique id : 90, dataset size : 500
Communication time : 100, Computation time per batch : 200, Training time : 16200
['0:7.60%', '1:9.20%', '2:9.40%', '3:9.00%', '4:9.60%', '5:10.20%', '6:11.00%', '7:10.40%', '8:11.60%', '9:12.00%']
Divergence : jsd 0.0029, tvd 0.0520
Local epoch : 5
labels from the first batch :[3, 4, 4, 3, 7, 4, 8, 9, 3, 1, 0, 2, 5, 9, 9, 0, 9, 7, 3, 9, 5, 7, 0, 5, 2, 0, 9, 6, 8, 1, 9, 6]

Unique id : 91, dataset size : 500
Communication time : 100, Computation time per batch : 200, Training time : 16200
['0:9.00%', '1:9.20%', '2:11.40%', '3:10.20%', '4:8.20%', '5:12.20%', '6:11.80%', '7:9.80%', '8:8.20%', '9:10.00%']
Divergence : jsd 0.0033, tvd 0.0560
Local epoch : 5
labels from the first batch :[0, 1, 8, 1, 2, 7, 2, 9, 6, 1, 5, 2, 9, 6, 4, 7, 9, 2, 2, 3, 5, 3, 2, 4, 7, 1, 0, 8, 1, 5, 1, 5]

Unique id : 92, dataset size : 500
Communication time : 100, Computation time per batch : 100, Training time : 16200
['0:10.60%', '1:10.20%', '2:12.00%', '3:11.20%', '4:9.40%', '5:9.20%', '6:8.20%', '7:10.40%', '8:9.20%', '9:9.60%']
Divergence : jsd 0.0020, tvd 0.0440
Local epoch : 10
labels from the first batch :[0, 0, 3, 5, 0, 4, 4, 1, 6, 7, 4, 9, 4, 4, 2, 7, 8, 6, 3, 3, 1, 0, 1, 0, 6, 6, 6, 8, 6, 5, 2, 9]

Unique id : 93, dataset size : 500
Communication time : 100, Computation time per batch : 200, Training time : 16200
['0:9.60%', '1:9.00%', '2:11.00%', '3:11.00%', '4:8.00%', '5:8.20%', '6:10.00%', '7:13.80%', '8:8.80%', '9:10.60%']
Divergence : jsd 0.0045, tvd 0.0640
Local epoch : 5
labels from the first batch :[9, 6, 5, 1, 4, 7, 3, 2, 8, 9, 7, 5, 2, 1, 7, 8, 3, 7, 2, 6, 8, 1, 0, 2, 2, 6, 0, 8, 3, 4, 4, 6]

Unique id : 94, dataset size : 500
Communication time : 100, Computation time per batch : 100, Training time : 16200
['0:9.60%', '1:10.20%', '2:13.20%', '3:9.20%', '4:12.40%', '5:8.60%', '6:7.80%', '7:10.40%', '8:9.40%', '9:9.20%']
Divergence : jsd 0.0043, tvd 0.0620
Local epoch : 10
labels from the first batch :[5, 4, 1, 7, 2, 9, 4, 4, 9, 4, 8, 3, 5, 1, 1, 7, 3, 5, 0, 4, 5, 4, 1, 3, 3, 6, 1, 0, 0, 4, 8, 2]

Unique id : 95, dataset size : 500
Communication time : 100, Computation time per batch : 100, Training time : 16200
['0:9.20%', '1:11.40%', '2:10.60%', '3:10.00%', '4:10.40%', '5:9.80%', '6:9.60%', '7:11.80%', '8:8.20%', '9:9.00%']
Divergence : jsd 0.0019, tvd 0.0420
Local epoch : 10
labels from the first batch :[1, 3, 3, 8, 0, 9, 1, 4, 9, 0, 0, 7, 1, 6, 2, 4, 7, 9, 4, 3, 2, 5, 8, 3, 1, 5, 9, 7, 9, 1, 2, 1]

Unique id : 96, dataset size : 500
Communication time : 100, Computation time per batch : 200, Training time : 16200
['0:11.40%', '1:10.60%', '2:9.20%', '3:10.60%', '4:9.80%', '5:11.20%', '6:9.00%', '7:9.60%', '8:9.40%', '9:9.20%']
Divergence : jsd 0.0012, tvd 0.0380
Local epoch : 5
labels from the first batch :[0, 6, 5, 2, 3, 9, 6, 4, 1, 3, 6, 0, 9, 9, 1, 3, 0, 6, 2, 7, 6, 4, 7, 5, 7, 3, 4, 5, 4, 4, 5, 8]

Unique id : 97, dataset size : 500
Communication time : 100, Computation time per batch : 200, Training time : 16200
['0:10.20%', '1:9.60%', '2:9.40%', '3:8.60%', '4:13.40%', '5:9.00%', '6:10.80%', '7:10.40%', '8:10.00%', '9:8.60%']
Divergence : jsd 0.0030, tvd 0.0480
Local epoch : 5
labels from the first batch :[9, 7, 2, 8, 9, 3, 4, 4, 4, 4, 9, 3, 4, 4, 2, 5, 5, 8, 8, 4, 4, 1, 2, 6, 1, 0, 9, 5, 6, 9, 8, 1]

Unique id : 98, dataset size : 500
Communication time : 100, Computation time per batch : 100, Training time : 16200
['0:11.40%', '1:11.80%', '2:6.80%', '3:10.40%', '4:10.60%', '5:9.00%', '6:10.00%', '7:10.60%', '8:10.00%', '9:9.40%']
Divergence : jsd 0.0035, tvd 0.0480
Local epoch : 10
labels from the first batch :[0, 3, 3, 1, 5, 7, 1, 6, 7, 7, 6, 8, 6, 7, 0, 8, 3, 0, 9, 5, 6, 9, 5, 0, 6, 5, 8, 4, 5, 6, 7, 6]

Unique id : 99, dataset size : 500
Communication time : 100, Computation time per batch : 100, Training time : 16200
['0:9.60%', '1:10.00%', '2:9.40%', '3:11.40%', '4:11.20%', '5:8.80%', '6:8.00%', '7:11.80%', '8:8.80%', '9:11.00%']
Divergence : jsd 0.0027, tvd 0.0540
Local epoch : 10
labels from the first batch :[0, 0, 7, 8, 9, 8, 8, 1, 6, 4, 6, 0, 4, 3, 8, 4, 9, 9, 6, 5, 7, 7, 4, 7, 5, 4, 9, 4, 1, 5, 0, 8]

