Cluster 0 with 12 clients
Cluster communication time : 800
Cluster clients : [3, 26, 34, 51, 55, 64, 66, 68, 78, 82, 91, 99]
Straggler within the cluster : 300
Label percentage: ['0 : 12.41%', '1 : 4.76%', '2 : 13.02%', '3 : 6.71%', '4 : 8.14%', '5 : 12.41%', '6 : 12.43%', '7 : 9.32%', '8 : 12.76%', '9 : 8.03%']%
Divergence : jsd 0.0162, tvd 0.1303

Cluster 1 with 9 clients
Cluster communication time : 800
Cluster clients : [21, 24, 25, 30, 50, 58, 67, 92, 93]
Straggler within the cluster : 300
Label percentage: ['0 : 7.85%', '1 : 8.50%', '2 : 13.93%', '3 : 9.30%', '4 : 9.23%', '5 : 15.65%', '6 : 6.04%', '7 : 13.10%', '8 : 5.59%', '9 : 10.82%']%
Divergence : jsd 0.0182, tvd 0.1350

Cluster 2 with 8 clients
Cluster communication time : 800
Cluster clients : [2, 16, 20, 28, 46, 59, 71, 95]
Straggler within the cluster : 300
Label percentage: ['0 : 8.82%', '1 : 8.87%', '2 : 10.23%', '3 : 10.66%', '4 : 12.05%', '5 : 17.94%', '6 : 2.05%', '7 : 14.84%', '8 : 1.77%', '9 : 12.77%']%
Divergence : jsd 0.0577, tvd 0.1849

Cluster 3 with 9 clients
Cluster communication time : 800
Cluster clients : [31, 32, 38, 45, 72, 83, 86, 89, 98]
Straggler within the cluster : 300
Label percentage: ['0 : 9.41%', '1 : 14.36%', '2 : 8.72%', '3 : 8.88%', '4 : 10.73%', '5 : 4.98%', '6 : 5.37%', '7 : 12.97%', '8 : 11.97%', '9 : 12.61%']%
Divergence : jsd 0.0180, tvd 0.1264

Cluster 4 with 10 clients
Cluster communication time : 800
Cluster clients : [4, 7, 15, 23, 40, 47, 49, 53, 57, 96]
Straggler within the cluster : 300
Label percentage: ['0 : 13.84%', '1 : 15.53%', '2 : 8.28%', '3 : 9.27%', '4 : 9.83%', '5 : 0.58%', '6 : 15.36%', '7 : 12.10%', '8 : 6.62%', '9 : 8.60%']%
Divergence : jsd 0.0516, tvd 0.1682

Cluster 5 with 9 clients
Cluster communication time : 800
Cluster clients : [13, 18, 27, 36, 44, 61, 65, 75, 84]
Straggler within the cluster : 300
Label percentage: ['0 : 8.21%', '1 : 8.21%', '2 : 8.79%', '3 : 9.01%', '4 : 9.70%', '5 : 10.30%', '6 : 5.06%', '7 : 12.64%', '8 : 17.07%', '9 : 11.02%']%
Divergence : jsd 0.0158, tvd 0.1103

Cluster 6 with 9 clients
Cluster communication time : 800
Cluster clients : [8, 33, 41, 48, 52, 54, 56, 73, 94]
Straggler within the cluster : 300
Label percentage: ['0 : 8.04%', '1 : 7.86%', '2 : 8.25%', '3 : 8.52%', '4 : 4.90%', '5 : 14.29%', '6 : 15.55%', '7 : 5.89%', '8 : 16.29%', '9 : 10.42%']%
Divergence : jsd 0.0257, tvd 0.1654

Cluster 7 with 13 clients
Cluster communication time : 800
Cluster clients : [0, 5, 6, 9, 22, 37, 39, 62, 69, 74, 79, 81, 87]
Straggler within the cluster : 300
Label percentage: ['0 : 8.38%', '1 : 11.90%', '2 : 12.37%', '3 : 12.89%', '4 : 11.39%', '5 : 10.65%', '6 : 11.98%', '7 : 0.79%', '8 : 12.63%', '9 : 7.02%']%
Divergence : jsd 0.0409, tvd 0.1381

Cluster 8 with 9 clients
Cluster communication time : 800
Cluster clients : [1, 12, 29, 35, 42, 77, 80, 88, 90]
Straggler within the cluster : 300
Label percentage: ['0 : 8.17%', '1 : 8.48%', '2 : 8.93%', '3 : 9.33%', '4 : 15.57%', '5 : 15.86%', '6 : 8.72%', '7 : 13.60%', '8 : 0.02%', '9 : 11.32%']%
Divergence : jsd 0.0622, tvd 0.1635

Cluster 9 with 12 clients
Cluster communication time : 800
Cluster clients : [10, 11, 14, 17, 19, 43, 60, 63, 70, 76, 85, 97]
Straggler within the cluster : 300
Label percentage: ['0 : 13.39%', '1 : 11.93%', '2 : 6.61%', '3 : 14.35%', '4 : 9.45%', '5 : 0.32%', '6 : 12.95%', '7 : 9.89%', '8 : 11.16%', '9 : 9.94%']%
Divergence : jsd 0.0506, tvd 0.1378

