Cluster 0 with 9 clients
Cluster communication time : 800
Cluster clients : [24, 28, 33, 36, 62, 65, 78, 82, 87]
Straggler within the cluster : 300
Label percentage: ['0 : 6.71%', '1 : 13.17%', '2 : 10.36%', '3 : 5.18%', '4 : 12.01%', '5 : 14.29%', '6 : 6.71%', '7 : 8.15%', '8 : 11.41%', '9 : 12.01%']%
Divergence : jsd 0.0170, tvd 0.1325

Cluster 1 with 9 clients
Cluster communication time : 800
Cluster clients : [13, 15, 30, 46, 58, 60, 88, 90, 94]
Straggler within the cluster : 300
Label percentage: ['0 : 12.72%', '1 : 8.31%', '2 : 9.82%', '3 : 4.93%', '4 : 17.07%', '5 : 4.50%', '6 : 12.72%', '7 : 7.72%', '8 : 10.82%', '9 : 11.40%']%
Divergence : jsd 0.0252, tvd 0.1472

Cluster 2 with 11 clients
Cluster communication time : 800
Cluster clients : [4, 5, 12, 17, 22, 27, 47, 48, 52, 72, 74]
Straggler within the cluster : 300
Label percentage: ['0 : 10.81%', '1 : 17.65%', '2 : 12.55%', '3 : 8.35%', '4 : 4.83%', '5 : 7.63%', '6 : 10.81%', '7 : 13.12%', '8 : 4.59%', '9 : 9.65%']%
Divergence : jsd 0.0263, tvd 0.1495

Cluster 3 with 10 clients
Cluster communication time : 800
Cluster clients : [0, 11, 20, 21, 29, 55, 56, 61, 67, 80]
Straggler within the cluster : 300
Label percentage: ['0 : 12.17%', '1 : 11.94%', '2 : 9.39%', '3 : 9.39%', '4 : 5.44%', '5 : 17.24%', '6 : 6.08%', '7 : 7.39%', '8 : 15.52%', '9 : 5.44%']%
Divergence : jsd 0.0276, tvd 0.1686

Cluster 4 with 10 clients
Cluster communication time : 800
Cluster clients : [18, 19, 25, 34, 70, 71, 81, 91, 92, 97]
Straggler within the cluster : 300
Label percentage: ['0 : 6.04%', '1 : 11.86%', '2 : 14.02%', '3 : 18.69%', '4 : 5.41%', '5 : 8.59%', '6 : 12.09%', '7 : 7.34%', '8 : 5.14%', '9 : 10.81%']%
Divergence : jsd 0.0296, tvd 0.1748

Cluster 5 with 9 clients
Cluster communication time : 800
Cluster clients : [10, 14, 26, 35, 42, 50, 54, 59, 68]
Straggler within the cluster : 300
Label percentage: ['0 : 13.11%', '1 : 8.61%', '2 : 5.06%', '3 : 10.14%', '4 : 11.73%', '5 : 13.96%', '6 : 6.56%', '7 : 7.96%', '8 : 11.15%', '9 : 11.73%']%
Divergence : jsd 0.0149, tvd 0.1182

Cluster 6 with 10 clients
Cluster communication time : 800
Cluster clients : [3, 6, 23, 31, 39, 63, 77, 79, 96, 99]
Straggler within the cluster : 300
Label percentage: ['0 : 11.24%', '1 : 3.67%', '2 : 13.00%', '3 : 4.33%', '4 : 15.08%', '5 : 7.94%', '6 : 11.24%', '7 : 13.63%', '8 : 4.77%', '9 : 15.08%']%
Divergence : jsd 0.0384, tvd 0.1929

Cluster 7 with 11 clients
Cluster communication time : 800
Cluster clients : [7, 37, 38, 43, 44, 53, 69, 73, 83, 85, 86]
Straggler within the cluster : 300
Label percentage: ['0 : 10.35%', '1 : 6.76%', '2 : 7.99%', '3 : 12.00%', '4 : 13.88%', '5 : 3.66%', '6 : 10.35%', '7 : 12.56%', '8 : 13.20%', '9 : 9.26%']%
Divergence : jsd 0.0199, tvd 0.1234

Cluster 8 with 10 clients
Cluster communication time : 800
Cluster clients : [2, 8, 40, 41, 45, 49, 51, 57, 64, 66]
Straggler within the cluster : 300
Label percentage: ['0 : 11.99%', '1 : 7.83%', '2 : 9.27%', '3 : 9.25%', '4 : 10.76%', '5 : 16.96%', '6 : 5.99%', '7 : 7.30%', '8 : 15.29%', '9 : 5.36%']%
Divergence : jsd 0.0228, tvd 0.1499

Cluster 9 with 11 clients
Cluster communication time : 800
Cluster clients : [1, 9, 16, 32, 75, 76, 84, 89, 93, 95, 98]
Straggler within the cluster : 300
Label percentage: ['0 : 5.31%', '1 : 10.42%', '2 : 8.22%', '3 : 16.41%', '4 : 4.75%', '5 : 7.53%', '6 : 15.93%', '7 : 12.89%', '8 : 9.03%', '9 : 9.52%']%
Divergence : jsd 0.0262, tvd 0.1565

