Cluster 0 with 10 clients
Cluster communication time : 800
Cluster clients : [0, 16, 21, 49, 54, 68, 70, 83, 95, 97]
Straggler within the cluster : 300
Label percentage: ['0 : 8.53%', '1 : 7.96%', '2 : 16.47%', '3 : 16.87%', '4 : 4.97%', '5 : 0.42%', '6 : 15.42%', '7 : 19.17%', '8 : 0.00%', '9 : 10.18%']%
Divergence : jsd 0.1239, tvd 0.2812

Cluster 1 with 10 clients
Cluster communication time : 800
Cluster clients : [1, 17, 27, 34, 43, 46, 51, 74, 77, 86]
Straggler within the cluster : 300
Label percentage: ['0 : 14.32%', '1 : 7.59%', '2 : 7.89%', '3 : 8.37%', '4 : 9.45%', '5 : 13.57%', '6 : 1.58%', '7 : 11.45%', '8 : 15.92%', '9 : 9.85%']%
Divergence : jsd 0.0373, tvd 0.1526

Cluster 2 with 10 clients
Cluster communication time : 800
Cluster clients : [2, 3, 11, 13, 15, 38, 55, 69, 71, 93]
Straggler within the cluster : 300
Label percentage: ['0 : 7.49%', '1 : 7.08%', '2 : 13.44%', '3 : 8.11%', '4 : 9.12%', '5 : 0.54%', '6 : 33.29%', '7 : 11.26%', '8 : 0.00%', '9 : 9.68%']%
Divergence : jsd 0.1410, tvd 0.2798

Cluster 3 with 10 clients
Cluster communication time : 800
Cluster clients : [32, 33, 37, 41, 42, 45, 52, 65, 87, 99]
Straggler within the cluster : 300
Label percentage: ['0 : 8.08%', '1 : 12.26%', '2 : 7.83%', '3 : 8.16%', '4 : 9.30%', '5 : 3.90%', '6 : 29.57%', '7 : 11.14%', '8 : 0.00%', '9 : 9.75%']%
Divergence : jsd 0.1000, tvd 0.2297

Cluster 4 with 10 clients
Cluster communication time : 800
Cluster clients : [6, 9, 28, 44, 47, 63, 85, 88, 90, 92]
Straggler within the cluster : 300
Label percentage: ['0 : 10.88%', '1 : 7.62%', '2 : 14.48%', '3 : 8.39%', '4 : 14.76%', '5 : 14.08%', '6 : 0.42%', '7 : 0.02%', '8 : 19.17%', '9 : 10.18%']%
Divergence : jsd 0.1096, tvd 0.2355

Cluster 5 with 10 clients
Cluster communication time : 800
Cluster clients : [5, 8, 14, 30, 31, 48, 57, 59, 62, 94]
Straggler within the cluster : 300
Label percentage: ['0 : 7.75%', '1 : 14.44%', '2 : 7.95%', '3 : 8.21%', '4 : 9.36%', '5 : 14.14%', '6 : 4.62%', '7 : 11.67%', '8 : 11.81%', '9 : 10.06%']%
Divergence : jsd 0.0164, tvd 0.1212

Cluster 6 with 10 clients
Cluster communication time : 800
Cluster clients : [10, 18, 19, 20, 22, 39, 50, 66, 73, 98]
Straggler within the cluster : 300
Label percentage: ['0 : 7.92%', '1 : 13.37%', '2 : 7.90%', '3 : 8.24%', '4 : 10.04%', '5 : 10.83%', '6 : 4.63%', '7 : 11.47%', '8 : 15.73%', '9 : 9.86%']%
Divergence : jsd 0.0165, tvd 0.1144

Cluster 7 with 10 clients
Cluster communication time : 800
Cluster clients : [12, 26, 56, 58, 61, 64, 76, 84, 91, 96]
Straggler within the cluster : 300
Label percentage: ['0 : 7.66%', '1 : 13.92%', '2 : 8.52%', '3 : 8.30%', '4 : 10.35%', '5 : 14.12%', '6 : 0.00%', '7 : 11.65%', '8 : 15.61%', '9 : 9.87%']%
Divergence : jsd 0.0619, tvd 0.1564

Cluster 8 with 10 clients
Cluster communication time : 800
Cluster clients : [29, 36, 53, 60, 67, 72, 78, 79, 82, 89]
Straggler within the cluster : 300
Label percentage: ['0 : 13.04%', '1 : 7.91%', '2 : 7.77%', '3 : 11.03%', '4 : 17.97%', '5 : 14.26%', '6 : 0.41%', '7 : 0.00%', '8 : 15.32%', '9 : 12.29%']%
Divergence : jsd 0.1091, tvd 0.2391

Cluster 9 with 10 clients
Cluster communication time : 800
Cluster clients : [4, 7, 23, 24, 25, 35, 40, 75, 80, 81]
Straggler within the cluster : 300
Label percentage: ['0 : 14.46%', '1 : 7.67%', '2 : 8.02%', '3 : 14.84%', '4 : 4.60%', '5 : 14.14%', '6 : 9.25%', '7 : 12.28%', '8 : 6.42%', '9 : 8.32%']%
Divergence : jsd 0.0225, tvd 0.1571

