Cluster 0 with 29 clients
Cluster communication time : 800
Cluster clients : [10, 16, 18, 35, 42, 45, 47, 52, 53, 54, 76, 86, 98, 106, 109, 110, 118, 121, 122, 127, 128, 129, 155, 170, 171, 174, 195, 196, 199]
Label percentage: ['0 : 0.39%', '1 : 0.56%', '2 : 45.11%', '3 : 2.17%', '4 : 6.21%', '5 : 0.26%', '6 : 3.43%', '7 : 35.78%', '8 : 5.32%', '9 : 0.76%']%
Divergence : jsd 0.3367, tvd 0.6089

Cluster 1 with 14 clients
Cluster communication time : 800
Cluster clients : [9, 37, 39, 75, 80, 94, 114, 126, 142, 144, 148, 166, 181, 198]
Label percentage: ['0 : 1.65%', '1 : 7.17%', '2 : 2.48%', '3 : 3.24%', '4 : 0.91%', '5 : 64.82%', '6 : 1.56%', '7 : 1.71%', '8 : 15.78%', '9 : 0.68%']%
Divergence : jsd 0.3381, tvd 0.6060

Cluster 2 with 27 clients
Cluster communication time : 800
Cluster clients : [4, 23, 27, 36, 60, 67, 88, 90, 100, 105, 111, 112, 119, 120, 123, 132, 137, 143, 146, 150, 157, 164, 165, 176, 186, 189, 192]
Label percentage: ['0 : 7.66%', '1 : 1.20%', '2 : 7.30%', '3 : 45.56%', '4 : 3.75%', '5 : 3.61%', '6 : 1.29%', '7 : 4.48%', '8 : 22.72%', '9 : 2.43%']%
Divergence : jsd 0.2133, tvd 0.4828

Cluster 3 with 15 clients
Cluster communication time : 800
Cluster clients : [20, 33, 44, 50, 56, 73, 79, 107, 108, 124, 139, 173, 179, 187, 193]
Label percentage: ['0 : 11.78%', '1 : 30.57%', '2 : 8.15%', '3 : 2.37%', '4 : 1.59%', '5 : 3.16%', '6 : 2.67%', '7 : 38.27%', '8 : 1.30%', '9 : 0.15%']%
Divergence : jsd 0.2494, tvd 0.5062

Cluster 4 with 19 clients
Cluster communication time : 800
Cluster clients : [5, 15, 31, 32, 46, 72, 77, 78, 85, 92, 97, 99, 103, 113, 130, 149, 162, 175, 183]
Label percentage: ['0 : 2.45%', '1 : 3.62%', '2 : 12.68%', '3 : 21.11%', '4 : 7.65%', '5 : 1.52%', '6 : 1.41%', '7 : 9.30%', '8 : 17.35%', '9 : 22.92%']%
Divergence : jsd 0.1234, tvd 0.3405

Cluster 5 with 18 clients
Cluster communication time : 800
Cluster clients : [11, 12, 26, 29, 40, 58, 65, 70, 71, 87, 91, 96, 117, 133, 147, 154, 172, 194]
Label percentage: ['0 : 0.27%', '1 : 1.09%', '2 : 2.34%', '3 : 1.56%', '4 : 4.65%', '5 : 13.52%', '6 : 4.62%', '7 : 0.92%', '8 : 9.41%', '9 : 61.62%']%
Divergence : jsd 0.3129, tvd 0.5514

Cluster 6 with 20 clients
Cluster communication time : 800
Cluster clients : [1, 3, 8, 21, 22, 28, 48, 51, 55, 62, 64, 68, 95, 102, 151, 152, 156, 159, 182, 184]
Label percentage: ['0 : 14.13%', '1 : 0.12%', '2 : 7.21%', '3 : 0.92%', '4 : 0.92%', '5 : 10.97%', '6 : 43.64%', '7 : 3.69%', '8 : 15.96%', '9 : 2.43%']%
Divergence : jsd 0.2295, tvd 0.4470

Cluster 7 with 24 clients
Cluster communication time : 800
Cluster clients : [0, 14, 30, 41, 49, 59, 61, 66, 69, 81, 84, 89, 93, 115, 135, 140, 141, 145, 153, 161, 163, 167, 188, 191]
Label percentage: ['0 : 62.79%', '1 : 4.68%', '2 : 0.38%', '3 : 1.99%', '4 : 6.96%', '5 : 2.66%', '6 : 15.65%', '7 : 3.07%', '8 : 1.34%', '9 : 0.48%']%
Divergence : jsd 0.3242, tvd 0.5844

Cluster 8 with 19 clients
Cluster communication time : 800
Cluster clients : [7, 17, 19, 25, 34, 38, 74, 83, 104, 125, 131, 134, 136, 138, 168, 178, 185, 190, 197]
Label percentage: ['0 : 5.77%', '1 : 11.71%', '2 : 0.84%', '3 : 2.59%', '4 : 43.07%', '5 : 5.68%', '6 : 16.11%', '7 : 0.87%', '8 : 2.21%', '9 : 11.17%']%
Divergence : jsd 0.1962, tvd 0.4205

Cluster 9 with 15 clients
Cluster communication time : 800
Cluster clients : [2, 6, 13, 24, 43, 57, 63, 82, 101, 116, 158, 160, 169, 177, 180]
Label percentage: ['0 : 7.63%', '1 : 59.42%', '2 : 3.11%', '3 : 1.05%', '4 : 2.07%', '5 : 23.29%', '6 : 2.82%', '7 : 0.35%', '8 : 0.20%', '9 : 0.06%']%
Divergence : jsd 0.3735, tvd 0.6271

