Cluster 0 with 10 clients
Cluster communication time : 800
Cluster clients : [6, 8, 11, 13, 18, 25, 26, 57, 64, 98]
Straggler within the cluster : 300
Label percentage: ['0 : 11.95%', '1 : 3.91%', '2 : 9.25%', '3 : 9.21%', '4 : 16.02%', '5 : 16.90%', '6 : 11.93%', '7 : 0.00%', '8 : 10.14%', '9 : 10.69%']%
Divergence : jsd 0.0730, tvd 0.1763

Cluster 1 with 10 clients
Cluster communication time : 800
Cluster clients : [16, 21, 22, 27, 29, 36, 43, 54, 67, 71]
Straggler within the cluster : 300
Label percentage: ['0 : 6.13%', '1 : 12.08%', '2 : 18.99%', '3 : 9.47%', '4 : 5.49%', '5 : 8.68%', '6 : 12.27%', '7 : 0.00%', '8 : 10.43%', '9 : 16.46%']%
Divergence : jsd 0.0761, tvd 0.2023

Cluster 2 with 10 clients
Cluster communication time : 800
Cluster clients : [37, 38, 42, 46, 50, 55, 58, 60, 95, 99]
Straggler within the cluster : 300
Label percentage: ['0 : 6.17%', '1 : 16.14%', '2 : 14.29%', '3 : 9.53%', '4 : 16.56%', '5 : 4.37%', '6 : 6.17%', '7 : 0.00%', '8 : 15.74%', '9 : 11.04%']%
Divergence : jsd 0.0836, tvd 0.2377

Cluster 3 with 10 clients
Cluster communication time : 800
Cluster clients : [2, 4, 17, 20, 31, 39, 47, 73, 77, 88]
Straggler within the cluster : 300
Label percentage: ['0 : 17.22%', '1 : 7.52%', '2 : 17.75%', '3 : 8.88%', '4 : 15.43%', '5 : 4.06%', '6 : 0.00%', '7 : 13.98%', '8 : 4.88%', '9 : 10.27%']%
Divergence : jsd 0.0889, tvd 0.2465

Cluster 4 with 10 clients
Cluster communication time : 800
Cluster clients : [3, 7, 12, 19, 33, 35, 48, 49, 53, 82]
Straggler within the cluster : 300
Label percentage: ['0 : 11.84%', '1 : 19.36%', '2 : 4.57%', '3 : 13.75%', '4 : 5.31%', '5 : 4.21%', '6 : 5.94%', '7 : 14.37%', '8 : 10.06%', '9 : 10.59%']%
Divergence : jsd 0.0419, tvd 0.1997

Cluster 5 with 10 clients
Cluster communication time : 800
Cluster clients : [23, 30, 32, 41, 45, 52, 59, 65, 78, 80]
Straggler within the cluster : 300
Label percentage: ['0 : 11.58%', '1 : 11.34%', '2 : 13.41%', '3 : 4.47%', '4 : 0.00%', '5 : 8.19%', '6 : 11.58%', '7 : 14.06%', '8 : 9.84%', '9 : 15.53%']%
Divergence : jsd 0.0683, tvd 0.1750

Cluster 6 with 10 clients
Cluster communication time : 800
Cluster clients : [56, 62, 66, 69, 70, 74, 89, 90, 92, 93]
Straggler within the cluster : 300
Label percentage: ['0 : 11.64%', '1 : 15.20%', '2 : 13.48%', '3 : 8.98%', '4 : 15.61%', '5 : 4.12%', '6 : 11.64%', '7 : 14.13%', '8 : 0.00%', '9 : 5.20%']%
Divergence : jsd 0.0786, tvd 0.2169

Cluster 7 with 10 clients
Cluster communication time : 800
Cluster clients : [0, 40, 63, 68, 72, 75, 79, 83, 94, 96]
Straggler within the cluster : 300
Label percentage: ['0 : 11.17%', '1 : 3.65%', '2 : 4.31%', '3 : 4.31%', '4 : 9.99%', '5 : 15.82%', '6 : 11.17%', '7 : 20.34%', '8 : 14.25%', '9 : 5.00%']%
Divergence : jsd 0.0549, tvd 0.2274

Cluster 8 with 10 clients
Cluster communication time : 800
Cluster clients : [1, 9, 10, 14, 44, 51, 76, 81, 84, 86]
Straggler within the cluster : 300
Label percentage: ['0 : 5.95%', '1 : 11.65%', '2 : 4.61%', '3 : 13.81%', '4 : 5.32%', '5 : 16.89%', '6 : 11.89%', '7 : 14.44%', '8 : 10.11%', '9 : 5.34%']%
Divergence : jsd 0.0341, tvd 0.1879

Cluster 9 with 10 clients
Cluster communication time : 800
Cluster clients : [5, 15, 24, 28, 34, 61, 85, 87, 91, 97]
Straggler within the cluster : 300
Label percentage: ['0 : 5.81%', '1 : 0.00%', '2 : 0.00%', '3 : 17.89%', '4 : 10.35%', '5 : 16.41%', '6 : 17.38%', '7 : 7.03%', '8 : 14.76%', '9 : 10.37%']%
Divergence : jsd 0.1304, tvd 0.2717

