Cluster 0 with 9 clients
Cluster communication time : 800
Cluster clients : [1, 5, 28, 34, 37, 52, 55, 84, 93]
Straggler within the cluster : 300
Label percentage: ['0 : 8.51%', '1 : 8.37%', '2 : 15.27%', '3 : 9.19%', '4 : 10.36%', '5 : 15.47%', '6 : 4.46%', '7 : 0.00%', '8 : 17.32%', '9 : 11.05%']%
Divergence : jsd 0.0746, tvd 0.1947

Cluster 1 with 9 clients
Cluster communication time : 800
Cluster clients : [3, 24, 31, 33, 43, 48, 65, 78, 94]
Straggler within the cluster : 300
Label percentage: ['0 : 7.65%', '1 : 8.10%', '2 : 8.59%', '3 : 8.87%', '4 : 10.38%', '5 : 15.51%', '6 : 6.44%', '7 : 12.47%', '8 : 11.29%', '9 : 10.70%']%
Divergence : jsd 0.0110, tvd 0.1035

Cluster 2 with 11 clients
Cluster communication time : 800
Cluster clients : [6, 8, 9, 27, 46, 47, 72, 75, 79, 85, 88]
Straggler within the cluster : 300
Label percentage: ['0 : 15.97%', '1 : 7.13%', '2 : 6.93%', '3 : 7.57%', '4 : 13.32%', '5 : 12.54%', '6 : 1.83%', '7 : 10.52%', '8 : 14.50%', '9 : 9.69%']%
Divergence : jsd 0.0381, tvd 0.1685

Cluster 3 with 11 clients
Cluster communication time : 800
Cluster clients : [10, 14, 29, 44, 49, 51, 53, 61, 76, 80, 96]
Straggler within the cluster : 300
Label percentage: ['0 : 11.78%', '1 : 12.79%', '2 : 7.46%', '3 : 9.93%', '4 : 9.53%', '5 : 0.00%', '6 : 13.48%', '7 : 11.25%', '8 : 14.47%', '9 : 9.31%']%
Divergence : jsd 0.0583, tvd 0.1378

Cluster 4 with 10 clients
Cluster communication time : 800
Cluster clients : [2, 20, 25, 32, 50, 56, 64, 68, 69, 92]
Straggler within the cluster : 300
Label percentage: ['0 : 7.62%', '1 : 7.66%', '2 : 14.25%', '3 : 8.24%', '4 : 9.31%', '5 : 13.86%', '6 : 14.91%', '7 : 11.25%', '8 : 3.05%', '9 : 9.86%']%
Divergence : jsd 0.0258, tvd 0.1427

Cluster 5 with 8 clients
Cluster communication time : 800
Cluster clients : [18, 30, 38, 39, 42, 58, 81, 86]
Straggler within the cluster : 300
Label percentage: ['0 : 10.01%', '1 : 9.88%', '2 : 10.63%', '3 : 10.81%', '4 : 12.22%', '5 : 12.40%', '6 : 6.08%', '7 : 15.23%', '8 : 0.16%', '9 : 12.58%']%
Divergence : jsd 0.0554, tvd 0.1388

Cluster 6 with 14 clients
Cluster communication time : 800
Cluster clients : [11, 13, 19, 23, 45, 60, 66, 67, 70, 71, 82, 83, 90, 97]
Straggler within the cluster : 300
Label percentage: ['0 : 11.92%', '1 : 13.46%', '2 : 11.64%', '3 : 12.05%', '4 : 6.63%', '5 : 4.23%', '6 : 11.46%', '7 : 8.50%', '8 : 12.33%', '9 : 7.78%']%
Divergence : jsd 0.0174, tvd 0.1286

Cluster 7 with 10 clients
Cluster communication time : 800
Cluster clients : [12, 15, 16, 36, 40, 41, 57, 62, 87, 95]
Straggler within the cluster : 300
Label percentage: ['0 : 7.51%', '1 : 7.10%', '2 : 7.79%', '3 : 13.87%', '4 : 9.17%', '5 : 14.38%', '6 : 14.67%', '7 : 11.30%', '8 : 4.49%', '9 : 9.72%']%
Divergence : jsd 0.0206, tvd 0.1422

Cluster 8 with 9 clients
Cluster communication time : 800
Cluster clients : [0, 21, 22, 26, 59, 77, 89, 91, 99]
Straggler within the cluster : 300
Label percentage: ['0 : 8.93%', '1 : 16.83%', '2 : 9.51%', '3 : 9.67%', '4 : 10.90%', '5 : 0.02%', '6 : 17.44%', '7 : 14.61%', '8 : 1.60%', '9 : 10.50%']%
Divergence : jsd 0.0907, tvd 0.2028

Cluster 9 with 9 clients
Cluster communication time : 800
Cluster clients : [4, 7, 17, 35, 54, 63, 73, 74, 98]
Straggler within the cluster : 300
Label percentage: ['0 : 8.17%', '1 : 8.06%', '2 : 8.27%', '3 : 9.17%', '4 : 9.82%', '5 : 14.56%', '6 : 8.27%', '7 : 6.05%', '8 : 17.06%', '9 : 10.57%']%
Divergence : jsd 0.0161, tvd 0.1218

