Cluster 0 with 8 clients
Cluster communication time : 800
Cluster clients : [10, 36, 56, 64, 65, 82, 87, 89]
Straggler within the cluster : 300
Label percentage: ['0 : 0.00%', '1 : 9.98%', '2 : 11.76%', '3 : 11.79%', '4 : 6.82%', '5 : 16.20%', '6 : 7.62%', '7 : 9.25%', '8 : 12.96%', '9 : 13.63%']%
Divergence : jsd 0.0632, tvd 0.1634

Cluster 1 with 9 clients
Cluster communication time : 800
Cluster clients : [3, 12, 24, 41, 43, 57, 58, 67, 83]
Straggler within the cluster : 300
Label percentage: ['0 : 12.63%', '1 : 4.12%', '2 : 9.75%', '3 : 9.75%', '4 : 11.32%', '5 : 13.42%', '6 : 12.65%', '7 : 15.34%', '8 : 5.37%', '9 : 5.65%']%
Divergence : jsd 0.0271, tvd 0.1536

Cluster 2 with 10 clients
Cluster communication time : 800
Cluster clients : [2, 17, 20, 22, 32, 35, 78, 90, 91, 92]
Straggler within the cluster : 300
Label percentage: ['0 : 11.72%', '1 : 15.37%', '2 : 9.07%', '3 : 13.60%', '4 : 10.51%', '5 : 4.15%', '6 : 5.86%', '7 : 14.25%', '8 : 4.98%', '9 : 10.49%']%
Divergence : jsd 0.0287, tvd 0.1594

Cluster 3 with 10 clients
Cluster communication time : 800
Cluster clients : [28, 31, 45, 48, 49, 52, 55, 84, 94, 98]
Straggler within the cluster : 300
Label percentage: ['0 : 17.95%', '1 : 15.63%', '2 : 9.24%', '3 : 9.24%', '4 : 10.70%', '5 : 8.47%', '6 : 5.98%', '7 : 7.26%', '8 : 10.18%', '9 : 5.35%']%
Divergence : jsd 0.0239, tvd 0.1446

Cluster 4 with 10 clients
Cluster communication time : 800
Cluster clients : [4, 5, 14, 16, 18, 25, 50, 59, 71, 99]
Straggler within the cluster : 300
Label percentage: ['0 : 11.60%', '1 : 3.80%', '2 : 13.46%', '3 : 13.42%', '4 : 15.54%', '5 : 8.23%', '6 : 11.60%', '7 : 7.05%', '8 : 4.93%', '9 : 10.36%']%
Divergence : jsd 0.0281, tvd 0.1599

Cluster 5 with 11 clients
Cluster communication time : 800
Cluster clients : [0, 29, 34, 42, 44, 53, 54, 61, 62, 75, 95]
Straggler within the cluster : 300
Label percentage: ['0 : 0.00%', '1 : 11.07%', '2 : 8.71%', '3 : 17.42%', '4 : 5.05%', '5 : 16.00%', '6 : 5.64%', '7 : 6.85%', '8 : 19.18%', '9 : 10.09%']%
Divergence : jsd 0.0861, tvd 0.2376

Cluster 6 with 10 clients
Cluster communication time : 800
Cluster clients : [7, 9, 19, 23, 39, 60, 74, 77, 93, 96]
Straggler within the cluster : 300
Label percentage: ['0 : 0.00%', '1 : 15.63%', '2 : 4.61%', '3 : 13.88%', '4 : 10.69%', '5 : 8.48%', '6 : 5.98%', '7 : 14.51%', '8 : 10.16%', '9 : 16.06%']%
Divergence : jsd 0.0765, tvd 0.2093

Cluster 7 with 10 clients
Cluster communication time : 800
Cluster clients : [13, 15, 21, 33, 38, 68, 70, 73, 80, 81]
Straggler within the cluster : 300
Label percentage: ['0 : 22.61%', '1 : 7.38%', '2 : 8.73%', '3 : 4.38%', '4 : 10.11%', '5 : 8.02%', '6 : 16.96%', '7 : 6.86%', '8 : 4.81%', '9 : 10.13%']%
Divergence : jsd 0.0441, tvd 0.1982

Cluster 8 with 12 clients
Cluster communication time : 800
Cluster clients : [8, 26, 27, 40, 46, 51, 63, 69, 72, 76, 85, 86]
Straggler within the cluster : 300
Label percentage: ['0 : 9.69%', '1 : 6.33%', '2 : 11.25%', '3 : 3.74%', '4 : 8.68%', '5 : 13.71%', '6 : 9.69%', '7 : 11.76%', '8 : 16.48%', '9 : 8.67%']%
Divergence : jsd 0.0231, tvd 0.1320

Cluster 9 with 10 clients
Cluster communication time : 800
Cluster clients : [1, 6, 11, 30, 37, 47, 66, 79, 88, 97]
Straggler within the cluster : 300
Label percentage: ['0 : 11.60%', '1 : 11.37%', '2 : 13.44%', '3 : 4.49%', '4 : 10.36%', '5 : 4.10%', '6 : 17.38%', '7 : 7.03%', '8 : 9.85%', '9 : 10.38%']%
Divergence : jsd 0.0287, tvd 0.1453

