Cluster 0 with 9 clients
Cluster communication time : 800
Cluster clients : [10, 11, 12, 17, 36, 55, 68, 96, 97]
Straggler within the cluster : 300
Label percentage: ['0 : 8.65%', '1 : 8.22%', '2 : 8.65%', '3 : 9.17%', '4 : 10.17%', '5 : 15.37%', '6 : 16.43%', '7 : 12.55%', '8 : 0.00%', '9 : 10.80%']%
Divergence : jsd 0.0625, tvd 0.1532

Cluster 1 with 13 clients
Cluster communication time : 800
Cluster clients : [1, 6, 13, 27, 33, 35, 46, 60, 76, 78, 90, 92, 95]
Straggler within the cluster : 300
Label percentage: ['0 : 13.66%', '1 : 10.89%', '2 : 11.17%', '3 : 6.47%', '4 : 8.78%', '5 : 10.88%', '6 : 7.62%', '7 : 8.99%', '8 : 12.52%', '9 : 9.02%']%
Divergence : jsd 0.0081, tvd 0.0912

Cluster 2 with 8 clients
Cluster communication time : 800
Cluster clients : [32, 38, 42, 49, 50, 65, 71, 98]
Straggler within the cluster : 300
Label percentage: ['0 : 10.16%', '1 : 9.90%', '2 : 10.32%', '3 : 10.76%', '4 : 12.26%', '5 : 0.00%', '6 : 19.03%', '7 : 14.69%', '8 : 0.00%', '9 : 12.88%']%
Divergence : jsd 0.1158, tvd 0.2010

Cluster 3 with 8 clients
Cluster communication time : 800
Cluster clients : [2, 5, 43, 52, 73, 74, 81, 87]
Straggler within the cluster : 300
Label percentage: ['0 : 9.52%', '1 : 9.37%', '2 : 9.86%', '3 : 10.28%', '4 : 11.82%', '5 : 16.96%', '6 : 0.00%', '7 : 0.00%', '8 : 19.88%', '9 : 12.31%']%
Divergence : jsd 0.1201, tvd 0.2125

Cluster 4 with 10 clients
Cluster communication time : 800
Cluster clients : [16, 30, 40, 41, 44, 45, 56, 58, 61, 63]
Straggler within the cluster : 300
Label percentage: ['0 : 8.45%', '1 : 12.75%', '2 : 8.55%', '3 : 14.58%', '4 : 9.12%', '5 : 4.08%', '6 : 15.48%', '7 : 12.14%', '8 : 4.72%', '9 : 10.13%']%
Divergence : jsd 0.0266, tvd 0.1508

Cluster 5 with 9 clients
Cluster communication time : 800
Cluster clients : [8, 21, 34, 51, 57, 62, 77, 85, 94]
Straggler within the cluster : 300
Label percentage: ['0 : 8.34%', '1 : 8.23%', '2 : 8.65%', '3 : 9.04%', '4 : 10.18%', '5 : 14.97%', '6 : 0.00%', '7 : 12.55%', '8 : 17.10%', '9 : 10.94%']%
Divergence : jsd 0.0633, tvd 0.1574

Cluster 6 with 10 clients
Cluster communication time : 800
Cluster clients : [7, 9, 22, 26, 28, 39, 47, 54, 69, 88]
Straggler within the cluster : 300
Label percentage: ['0 : 7.22%', '1 : 7.13%', '2 : 7.49%', '3 : 7.82%', '4 : 13.25%', '5 : 13.13%', '6 : 14.11%', '7 : 5.37%', '8 : 14.99%', '9 : 9.49%']%
Divergence : jsd 0.0201, tvd 0.1548

Cluster 7 with 9 clients
Cluster communication time : 800
Cluster clients : [3, 14, 18, 31, 48, 64, 86, 89, 91]
Straggler within the cluster : 300
Label percentage: ['0 : 8.40%', '1 : 8.21%', '2 : 8.86%', '3 : 8.90%', '4 : 10.15%', '5 : 10.71%', '6 : 10.06%', '7 : 12.51%', '8 : 11.45%', '9 : 10.76%']%
Divergence : jsd 0.0032, tvd 0.0564

Cluster 8 with 12 clients
Cluster communication time : 800
Cluster clients : [0, 15, 19, 20, 25, 29, 53, 59, 72, 82, 84, 93]
Straggler within the cluster : 300
Label percentage: ['0 : 10.77%', '1 : 11.93%', '2 : 11.32%', '3 : 9.10%', '4 : 7.90%', '5 : 12.25%', '6 : 3.75%', '7 : 10.58%', '8 : 14.40%', '9 : 8.01%']%
Divergence : jsd 0.0172, tvd 0.1124

Cluster 9 with 12 clients
Cluster communication time : 800
Cluster clients : [4, 23, 24, 37, 66, 67, 70, 75, 79, 80, 83, 99]
Straggler within the cluster : 300
Label percentage: ['0 : 12.99%', '1 : 12.18%', '2 : 13.94%', '3 : 14.74%', '4 : 8.03%', '5 : 1.58%', '6 : 14.56%', '7 : 10.81%', '8 : 3.27%', '9 : 7.91%']%
Divergence : jsd 0.0501, tvd 0.1920

