Cluster 0 with 12 clients
Cluster communication time : 800
Cluster clients : [11, 22, 25, 28, 38, 42, 47, 67, 71, 79, 81, 88]
Straggler within the cluster : 2220
Label percentage: ['0 : 12.65%', '1 : 6.39%', '2 : 6.55%', '3 : 6.83%', '4 : 22.21%', '5 : 23.00%', '6 : 12.47%', '7 : 0.02%', '8 : 1.58%', '9 : 8.31%']%
Divergence : jsd 0.1203, tvd 0.3032

Cluster 1 with 9 clients
Cluster communication time : 800
Cluster clients : [6, 13, 17, 29, 51, 57, 74, 75, 90]
Straggler within the cluster : 3950
Label percentage: ['0 : 11.93%', '1 : 8.36%', '2 : 0.00%', '3 : 27.73%', '4 : 5.85%', '5 : 15.13%', '6 : 0.46%', '7 : 12.77%', '8 : 17.76%', '9 : 0.00%']%
Divergence : jsd 0.1880, tvd 0.3533

Cluster 2 with 6 clients
Cluster communication time : 800
Cluster clients : [62, 83, 89, 92, 98, 99]
Straggler within the cluster : 930
Label percentage: ['0 : 0.00%', '1 : 0.00%', '2 : 10.40%', '3 : 12.60%', '4 : 30.45%', '5 : 0.00%', '6 : 24.36%', '7 : 0.00%', '8 : 4.99%', '9 : 17.20%']%
Divergence : jsd 0.2756, tvd 0.4501

Cluster 3 with 8 clients
Cluster communication time : 800
Cluster clients : [4, 24, 68, 69, 76, 78, 87, 97]
Straggler within the cluster : 2970
Label percentage: ['0 : 19.43%', '1 : 8.26%', '2 : 30.77%', '3 : 0.23%', '4 : 1.94%', '5 : 18.16%', '6 : 21.21%', '7 : 0.00%', '8 : 0.00%', '9 : 0.00%']%
Divergence : jsd 0.2898, tvd 0.4956

Cluster 4 with 17 clients
Cluster communication time : 800
Cluster clients : [2, 7, 10, 14, 21, 32, 40, 41, 53, 54, 55, 61, 63, 64, 66, 91, 96]
Straggler within the cluster : 4465
Label percentage: ['0 : 13.16%', '1 : 17.98%', '2 : 5.21%', '3 : 5.24%', '4 : 14.81%', '5 : 0.87%', '6 : 9.38%', '7 : 17.93%', '8 : 2.87%', '9 : 12.55%']%
Divergence : jsd 0.0812, tvd 0.2643

Cluster 5 with 6 clients
Cluster communication time : 800
Cluster clients : [0, 9, 15, 19, 23, 52]
Straggler within the cluster : 4940
Label percentage: ['0 : 12.10%', '1 : 11.44%', '2 : 0.22%', '3 : 0.47%', '4 : 0.06%', '5 : 0.91%', '6 : 0.00%', '7 : 19.79%', '8 : 27.84%', '9 : 27.18%']%
Divergence : jsd 0.2856, tvd 0.4833

Cluster 6 with 12 clients
Cluster communication time : 800
Cluster clients : [3, 5, 16, 18, 30, 35, 36, 43, 49, 70, 80, 86]
Straggler within the cluster : 1365
Label percentage: ['0 : 6.02%', '1 : 12.25%', '2 : 6.25%', '3 : 6.72%', '4 : 11.37%', '5 : 8.01%', '6 : 21.96%', '7 : 19.28%', '8 : 0.11%', '9 : 8.04%']%
Divergence : jsd 0.0852, tvd 0.2485

Cluster 7 with 9 clients
Cluster communication time : 800
Cluster clients : [8, 44, 45, 56, 59, 65, 73, 77, 95]
Straggler within the cluster : 2585
Label percentage: ['0 : 0.58%', '1 : 28.66%', '2 : 8.51%', '3 : 0.00%', '4 : 0.09%', '5 : 18.98%', '6 : 0.06%', '7 : 24.70%', '8 : 18.28%', '9 : 0.15%']%
Divergence : jsd 0.3029, tvd 0.5062

Cluster 8 with 10 clients
Cluster communication time : 800
Cluster clients : [12, 27, 33, 39, 46, 48, 58, 82, 84, 93]
Straggler within the cluster : 3420
Label percentage: ['0 : 21.98%', '1 : 0.08%', '2 : 14.02%', '3 : 8.24%', '4 : 0.00%', '5 : 14.18%', '6 : 6.04%', '7 : 0.00%', '8 : 15.76%', '9 : 19.68%']%
Divergence : jsd 0.1892, tvd 0.3564

Cluster 9 with 11 clients
Cluster communication time : 800
Cluster clients : [1, 20, 26, 31, 34, 37, 50, 60, 72, 85, 94]
Straggler within the cluster : 1770
Label percentage: ['0 : 0.00%', '1 : 0.00%', '2 : 22.07%', '3 : 31.16%', '4 : 8.79%', '5 : 0.36%', '6 : 4.34%', '7 : 0.00%', '8 : 22.01%', '9 : 11.28%']%
Divergence : jsd 0.2741, tvd 0.4652

