Cluster 0 with 12 clients
Cluster communication time : 800
Cluster clients : [6, 12, 29, 34, 39, 41, 51, 66, 72, 80, 90, 96]
Straggler within the cluster : 1720
Label percentage: ['0 : 8.67%', '1 : 10.92%', '2 : 12.64%', '3 : 6.75%', '4 : 4.89%', '5 : 12.61%', '6 : 12.51%', '7 : 9.84%', '8 : 12.78%', '9 : 8.40%']%
Divergence : jsd 0.0142, tvd 0.1146

Cluster 1 with 5 clients
Cluster communication time : 800
Cluster clients : [5, 16, 27, 33, 67]
Straggler within the cluster : 2955
Label percentage: ['0 : 17.39%', '1 : 17.53%', '2 : 0.00%', '3 : 19.04%', '4 : 18.90%', '5 : 0.00%', '6 : 0.00%', '7 : 0.00%', '8 : 4.39%', '9 : 22.75%']%
Divergence : jsd 0.2616, tvd 0.4561

Cluster 2 with 14 clients
Cluster communication time : 800
Cluster clients : [8, 9, 11, 19, 21, 43, 50, 53, 59, 62, 92, 94, 97, 98]
Straggler within the cluster : 1415
Label percentage: ['0 : 9.34%', '1 : 10.14%', '2 : 10.06%', '3 : 7.56%', '4 : 13.24%', '5 : 9.65%', '6 : 10.59%', '7 : 8.09%', '8 : 14.28%', '9 : 7.05%']%
Divergence : jsd 0.0083, tvd 0.0830

Cluster 3 with 7 clients
Cluster communication time : 800
Cluster clients : [3, 37, 45, 60, 61, 71, 85]
Straggler within the cluster : 2865
Label percentage: ['0 : 0.77%', '1 : 6.94%', '2 : 11.67%', '3 : 23.88%', '4 : 12.76%', '5 : 5.71%', '6 : 0.09%', '7 : 16.77%', '8 : 18.72%', '9 : 2.69%']%
Divergence : jsd 0.1418, tvd 0.3380

Cluster 4 with 17 clients
Cluster communication time : 800
Cluster clients : [2, 10, 25, 35, 38, 40, 49, 52, 55, 63, 70, 73, 75, 76, 77, 83, 91]
Straggler within the cluster : 1475
Label percentage: ['0 : 13.42%', '1 : 8.06%', '2 : 9.20%', '3 : 7.89%', '4 : 8.89%', '5 : 8.30%', '6 : 13.01%', '7 : 13.36%', '8 : 11.75%', '9 : 6.13%']%
Divergence : jsd 0.0115, tvd 0.1154

Cluster 5 with 9 clients
Cluster communication time : 800
Cluster clients : [4, 23, 24, 28, 42, 58, 65, 81, 86]
Straggler within the cluster : 2190
Label percentage: ['0 : 8.40%', '1 : 18.09%', '2 : 9.74%', '3 : 10.53%', '4 : 11.39%', '5 : 16.75%', '6 : 1.60%', '7 : 0.00%', '8 : 2.08%', '9 : 21.44%']%
Divergence : jsd 0.1257, tvd 0.2818

Cluster 6 with 7 clients
Cluster communication time : 800
Cluster clients : [0, 1, 48, 56, 64, 69, 78]
Straggler within the cluster : 2375
Label percentage: ['0 : 10.99%', '1 : 10.74%', '2 : 11.28%', '3 : 11.64%', '4 : 0.00%', '5 : 19.84%', '6 : 21.25%', '7 : 1.44%', '8 : 0.00%', '9 : 12.80%']%
Divergence : jsd 0.1551, tvd 0.2856

Cluster 7 with 13 clients
Cluster communication time : 800
Cluster clients : [13, 15, 18, 36, 44, 46, 54, 57, 84, 87, 89, 95, 99]
Straggler within the cluster : 1190
Label percentage: ['0 : 10.82%', '1 : 5.40%', '2 : 11.84%', '3 : 6.19%', '4 : 10.49%', '5 : 7.49%', '6 : 15.82%', '7 : 12.82%', '8 : 11.72%', '9 : 7.42%']%
Divergence : jsd 0.0182, tvd 0.1350

Cluster 8 with 10 clients
Cluster communication time : 800
Cluster clients : [14, 17, 22, 30, 31, 47, 68, 74, 79, 93]
Straggler within the cluster : 1460
Label percentage: ['0 : 7.52%', '1 : 7.60%', '2 : 13.49%', '3 : 8.26%', '4 : 9.16%', '5 : 13.77%', '6 : 8.47%', '7 : 11.46%', '8 : 10.54%', '9 : 9.72%']%
Divergence : jsd 0.0081, tvd 0.0927

Cluster 9 with 6 clients
Cluster communication time : 800
Cluster clients : [7, 20, 26, 32, 82, 88]
Straggler within the cluster : 2930
Label percentage: ['0 : 13.52%', '1 : 14.10%', '2 : 0.00%', '3 : 15.20%', '4 : 17.13%', '5 : 0.00%', '6 : 0.73%', '7 : 20.70%', '8 : 0.15%', '9 : 18.48%']%
Divergence : jsd 0.2178, tvd 0.3913

