Cluster 0 with 13 clients
Cluster communication time : 800
Cluster clients : [1, 13, 25, 27, 34, 51, 53, 54, 67, 69, 79, 86, 91]
Straggler within the cluster : 300
Label percentage: ['0 : 9.93%', '1 : 11.81%', '2 : 12.36%', '3 : 8.28%', '4 : 9.93%', '5 : 10.70%', '6 : 11.50%', '7 : 4.35%', '8 : 13.52%', '9 : 7.61%']%
Divergence : jsd 0.0138, tvd 0.0989

Cluster 1 with 9 clients
Cluster communication time : 800
Cluster clients : [2, 5, 18, 26, 32, 38, 39, 62, 73]
Straggler within the cluster : 300
Label percentage: ['0 : 8.32%', '1 : 8.34%', '2 : 8.62%', '3 : 9.01%', '4 : 10.16%', '5 : 10.31%', '6 : 5.06%', '7 : 12.27%', '8 : 17.16%', '9 : 10.76%']%
Divergence : jsd 0.0155, tvd 0.1065

Cluster 2 with 12 clients
Cluster communication time : 800
Cluster clients : [6, 12, 30, 35, 36, 44, 56, 57, 65, 81, 83, 84]
Straggler within the cluster : 300
Label percentage: ['0 : 8.99%', '1 : 12.56%', '2 : 6.63%', '3 : 13.37%', '4 : 8.22%', '5 : 11.78%', '6 : 6.83%', '7 : 9.74%', '8 : 13.03%', '9 : 8.86%']%
Divergence : jsd 0.0105, tvd 0.1074

Cluster 3 with 9 clients
Cluster communication time : 800
Cluster clients : [10, 16, 19, 28, 33, 43, 80, 92, 93]
Straggler within the cluster : 300
Label percentage: ['0 : 8.27%', '1 : 8.59%', '2 : 13.89%', '3 : 9.43%', '4 : 10.83%', '5 : 15.86%', '6 : 4.58%', '7 : 13.78%', '8 : 3.51%', '9 : 11.26%']%
Divergence : jsd 0.0299, tvd 0.1562

Cluster 4 with 9 clients
Cluster communication time : 800
Cluster clients : [4, 40, 47, 52, 58, 77, 78, 90, 99]
Straggler within the cluster : 300
Label percentage: ['0 : 8.22%', '1 : 8.09%', '2 : 8.54%', '3 : 6.49%', '4 : 10.01%', '5 : 14.97%', '6 : 16.05%', '7 : 12.38%', '8 : 4.91%', '9 : 10.33%']%
Divergence : jsd 0.0205, tvd 0.1375

Cluster 5 with 8 clients
Cluster communication time : 800
Cluster clients : [3, 15, 24, 31, 37, 55, 68, 98]
Straggler within the cluster : 300
Label percentage: ['0 : 8.90%', '1 : 9.22%', '2 : 10.11%', '3 : 10.54%', '4 : 11.89%', '5 : 1.19%', '6 : 7.58%', '7 : 14.67%', '8 : 13.28%', '9 : 12.62%']%
Divergence : jsd 0.0368, tvd 0.1311

Cluster 6 with 7 clients
Cluster communication time : 800
Cluster clients : [23, 45, 46, 61, 71, 85, 96]
Straggler within the cluster : 300
Label percentage: ['0 : 11.30%', '1 : 7.37%', '2 : 12.61%', '3 : 13.16%', '4 : 13.62%', '5 : 6.06%', '6 : 2.53%', '7 : 17.82%', '8 : 2.65%', '9 : 12.86%']%
Divergence : jsd 0.0528, tvd 0.2138

Cluster 7 with 9 clients
Cluster communication time : 800
Cluster clients : [0, 22, 42, 49, 50, 59, 66, 70, 95]
Straggler within the cluster : 300
Label percentage: ['0 : 9.41%', '1 : 14.80%', '2 : 8.92%', '3 : 9.59%', '4 : 11.69%', '5 : 2.07%', '6 : 16.97%', '7 : 14.52%', '8 : 1.59%', '9 : 10.44%']%
Divergence : jsd 0.0587, tvd 0.1842

Cluster 8 with 13 clients
Cluster communication time : 800
Cluster clients : [7, 17, 41, 48, 60, 63, 74, 76, 87, 88, 89, 94, 97]
Straggler within the cluster : 300
Label percentage: ['0 : 12.39%', '1 : 10.99%', '2 : 12.54%', '3 : 13.12%', '4 : 8.57%', '5 : 10.78%', '6 : 11.82%', '7 : 0.00%', '8 : 10.52%', '9 : 9.27%']%
Divergence : jsd 0.0549, tvd 0.1216

Cluster 9 with 11 clients
Cluster communication time : 800
Cluster clients : [8, 9, 11, 14, 20, 21, 29, 64, 72, 75, 82]
Straggler within the cluster : 300
Label percentage: ['0 : 13.07%', '1 : 6.57%', '2 : 6.61%', '3 : 7.21%', '4 : 8.13%', '5 : 11.95%', '6 : 13.45%', '7 : 10.01%', '8 : 13.89%', '9 : 9.11%']%
Divergence : jsd 0.0138, tvd 0.1237

