Cluster 0 with 7 clients
Cluster communication time : 800
Cluster clients : [27, 34, 37, 39, 45, 61, 73]
Straggler within the cluster : 2795
Label percentage: ['0 : 11.88%', '1 : 7.18%', '2 : 11.88%', '3 : 12.15%', '4 : 12.99%', '5 : 5.81%', '6 : 0.09%', '7 : 0.18%', '8 : 23.01%', '9 : 14.83%']%
Divergence : jsd 0.1228, tvd 0.2674

Cluster 1 with 12 clients
Cluster communication time : 800
Cluster clients : [7, 22, 26, 33, 59, 67, 69, 71, 78, 83, 88, 96]
Straggler within the cluster : 2955
Label percentage: ['0 : 6.46%', '1 : 12.18%', '2 : 6.69%', '3 : 13.52%', '4 : 6.93%', '5 : 11.76%', '6 : 12.61%', '7 : 9.71%', '8 : 2.77%', '9 : 17.38%']%
Divergence : jsd 0.0344, tvd 0.1744

Cluster 2 with 10 clients
Cluster communication time : 800
Cluster clients : [9, 15, 18, 40, 43, 46, 57, 76, 77, 87]
Straggler within the cluster : 580
Label percentage: ['0 : 14.32%', '1 : 13.41%', '2 : 7.84%', '3 : 5.79%', '4 : 10.86%', '5 : 9.92%', '6 : 6.17%', '7 : 11.37%', '8 : 20.33%', '9 : 0.00%']%
Divergence : jsd 0.0763, tvd 0.2029

Cluster 3 with 15 clients
Cluster communication time : 800
Cluster clients : [0, 3, 5, 24, 28, 41, 48, 54, 64, 70, 85, 89, 90, 91, 98]
Straggler within the cluster : 2410
Label percentage: ['0 : 10.23%', '1 : 10.48%', '2 : 11.01%', '3 : 11.46%', '4 : 9.77%', '5 : 9.95%', '6 : 11.32%', '7 : 12.65%', '8 : 0.00%', '9 : 13.14%']%
Divergence : jsd 0.0535, tvd 0.1028

Cluster 4 with 10 clients
Cluster communication time : 800
Cluster clients : [2, 11, 19, 25, 47, 50, 53, 66, 92, 94]
Straggler within the cluster : 1710
Label percentage: ['0 : 5.58%', '1 : 5.79%', '2 : 14.09%', '3 : 10.59%', '4 : 9.90%', '5 : 15.07%', '6 : 14.86%', '7 : 11.35%', '8 : 3.01%', '9 : 9.75%']%
Divergence : jsd 0.0330, tvd 0.1596

Cluster 5 with 9 clients
Cluster communication time : 800
Cluster clients : [4, 10, 23, 29, 38, 42, 74, 95, 99]
Straggler within the cluster : 1820
Label percentage: ['0 : 8.36%', '1 : 8.23%', '2 : 8.62%', '3 : 9.57%', '4 : 10.25%', '5 : 14.89%', '6 : 16.33%', '7 : 12.57%', '8 : 2.24%', '9 : 8.94%']%
Divergence : jsd 0.0311, tvd 0.1404

Cluster 6 with 9 clients
Cluster communication time : 800
Cluster clients : [1, 6, 8, 36, 51, 56, 80, 81, 93]
Straggler within the cluster : 2250
Label percentage: ['0 : 11.55%', '1 : 8.42%', '2 : 15.32%', '3 : 9.22%', '4 : 5.87%', '5 : 15.32%', '6 : 4.94%', '7 : 0.64%', '8 : 17.51%', '9 : 11.19%']%
Divergence : jsd 0.0628, tvd 0.2089

Cluster 7 with 9 clients
Cluster communication time : 800
Cluster clients : [17, 21, 35, 44, 52, 62, 63, 75, 84]
Straggler within the cluster : 970
Label percentage: ['0 : 17.41%', '1 : 8.59%', '2 : 9.02%', '3 : 9.56%', '4 : 15.74%', '5 : 0.00%', '6 : 8.82%', '7 : 13.09%', '8 : 17.73%', '9 : 0.05%']%
Divergence : jsd 0.1203, tvd 0.2396

Cluster 8 with 8 clients
Cluster communication time : 800
Cluster clients : [13, 14, 30, 31, 55, 68, 79, 97]
Straggler within the cluster : 1305
Label percentage: ['0 : 10.15%', '1 : 9.89%', '2 : 10.15%', '3 : 10.61%', '4 : 11.93%', '5 : 0.48%', '6 : 5.90%', '7 : 14.90%', '8 : 13.33%', '9 : 12.67%']%
Divergence : jsd 0.0492, tvd 0.1372

Cluster 9 with 11 clients
Cluster communication time : 800
Cluster clients : [12, 16, 20, 32, 49, 58, 60, 65, 72, 82, 86]
Straggler within the cluster : 2775
Label percentage: ['0 : 6.64%', '1 : 13.38%', '2 : 6.87%', '3 : 7.29%', '4 : 8.31%', '5 : 12.43%', '6 : 13.25%', '7 : 9.96%', '8 : 11.52%', '9 : 10.34%']%
Divergence : jsd 0.0114, tvd 0.1092

