Cluster 0 with 10 clients
Cluster communication time : 800
Cluster clients : [28, 38, 42, 44, 56, 65, 73, 81, 88, 95]
Straggler within the cluster : 1415
Label percentage: ['0 : 7.70%', '1 : 15.11%', '2 : 7.98%', '3 : 8.32%', '4 : 9.47%', '5 : 13.99%', '6 : 0.00%', '7 : 11.57%', '8 : 15.75%', '9 : 10.11%']%
Divergence : jsd 0.0638, tvd 0.1654

Cluster 1 with 10 clients
Cluster communication time : 800
Cluster clients : [4, 10, 13, 14, 46, 51, 54, 63, 78, 90]
Straggler within the cluster : 2185
Label percentage: ['0 : 14.90%', '1 : 15.49%', '2 : 7.97%', '3 : 8.71%', '4 : 4.84%', '5 : 14.33%', '6 : 1.63%', '7 : 5.82%', '8 : 16.13%', '9 : 10.18%']%
Divergence : jsd 0.0517, tvd 0.2102

Cluster 2 with 16 clients
Cluster communication time : 800
Cluster clients : [1, 3, 5, 18, 20, 31, 37, 49, 50, 62, 83, 89, 92, 94, 98, 99]
Straggler within the cluster : 995
Label percentage: ['0 : 0.10%', '1 : 4.52%', '2 : 13.35%', '3 : 14.57%', '4 : 16.82%', '5 : 5.92%', '6 : 23.31%', '7 : 6.91%', '8 : 8.16%', '9 : 6.34%']%
Divergence : jsd 0.0946, tvd 0.2806

Cluster 3 with 9 clients
Cluster communication time : 800
Cluster clients : [12, 27, 33, 48, 75, 76, 82, 84, 93]
Straggler within the cluster : 1865
Label percentage: ['0 : 16.22%', '1 : 6.94%', '2 : 6.27%', '3 : 8.85%', '4 : 1.61%', '5 : 15.23%', '6 : 4.77%', '7 : 12.44%', '8 : 16.93%', '9 : 10.74%']%
Divergence : jsd 0.0534, tvd 0.2156

Cluster 4 with 9 clients
Cluster communication time : 800
Cluster clients : [2, 7, 19, 40, 41, 53, 61, 64, 66]
Straggler within the cluster : 2310
Label percentage: ['0 : 15.22%', '1 : 15.36%', '2 : 0.18%', '3 : 9.54%', '4 : 10.95%', '5 : 1.59%', '6 : 17.09%', '7 : 13.29%', '8 : 5.23%', '9 : 11.54%']%
Divergence : jsd 0.0914, tvd 0.2346

Cluster 5 with 8 clients
Cluster communication time : 800
Cluster clients : [0, 9, 15, 29, 52, 55, 91, 96]
Straggler within the cluster : 2470
Label percentage: ['0 : 9.73%', '1 : 9.20%', '2 : 10.36%', '3 : 10.54%', '4 : 11.86%', '5 : 0.73%', '6 : 0.00%', '7 : 15.93%', '8 : 20.20%', '9 : 11.45%']%
Divergence : jsd 0.1031, tvd 0.2033

Cluster 6 with 8 clients
Cluster communication time : 800
Cluster clients : [16, 30, 35, 36, 43, 70, 80, 86]
Straggler within the cluster : 885
Label percentage: ['0 : 9.67%', '1 : 10.07%', '2 : 10.25%', '3 : 11.02%', '4 : 18.65%', '5 : 0.50%', '6 : 10.33%', '7 : 16.29%', '8 : 0.03%', '9 : 13.19%']%
Divergence : jsd 0.1036, tvd 0.1980

Cluster 7 with 11 clients
Cluster communication time : 800
Cluster clients : [8, 24, 45, 47, 58, 59, 68, 69, 77, 87, 97]
Straggler within the cluster : 1655
Label percentage: ['0 : 14.14%', '1 : 10.70%', '2 : 14.71%', '3 : 0.00%', '4 : 8.54%', '5 : 16.20%', '6 : 14.96%', '7 : 10.56%', '8 : 1.26%', '9 : 8.94%']%
Divergence : jsd 0.0934, tvd 0.2127

Cluster 8 with 8 clients
Cluster communication time : 800
Cluster clients : [6, 17, 21, 23, 32, 39, 57, 74]
Straggler within the cluster : 2435
Label percentage: ['0 : 14.13%', '1 : 10.11%', '2 : 10.60%', '3 : 11.44%', '4 : 6.97%', '5 : 17.92%', '6 : 0.55%', '7 : 14.83%', '8 : 2.69%', '9 : 10.76%']%
Divergence : jsd 0.0700, tvd 0.1979

Cluster 9 with 11 clients
Cluster communication time : 800
Cluster clients : [11, 22, 25, 26, 34, 60, 67, 71, 72, 79, 85]
Straggler within the cluster : 1180
Label percentage: ['0 : 6.86%', '1 : 6.93%', '2 : 13.91%', '3 : 14.86%', '4 : 7.36%', '5 : 12.47%', '6 : 13.52%', '7 : 0.00%', '8 : 13.34%', '9 : 10.74%']%
Divergence : jsd 0.0661, tvd 0.1885

