Cluster 0 with 1 clients
Cluster communication time : 800
Cluster clients : [17]
Label percentage: ['0 : 0.00%', '1 : 19.88%', '2 : 0.00%', '3 : 0.15%', '4 : 0.00%', '5 : 0.00%', '6 : 38.75%', '7 : 0.00%', '8 : 9.29%', '9 : 31.93%']%
Divergence : jsd 0.4162, tvd 0.6057

Cluster 1 with 1 clients
Cluster communication time : 800
Cluster clients : [118]
Label percentage: ['0 : 0.00%', '1 : 0.00%', '2 : 94.34%', '3 : 3.77%', '4 : 1.89%', '5 : 0.00%', '6 : 0.00%', '7 : 0.00%', '8 : 0.00%', '9 : 0.00%']%
Divergence : jsd 0.6664, tvd 0.8434

Cluster 2 with 1 clients
Cluster communication time : 800
Cluster clients : [102]
Label percentage: ['0 : 16.34%', '1 : 0.00%', '2 : 0.00%', '3 : 0.00%', '4 : 0.00%', '5 : 61.76%', '6 : 2.61%', '7 : 0.00%', '8 : 0.00%', '9 : 19.28%']%
Divergence : jsd 0.4828, tvd 0.6739

Cluster 3 with 1 clients
Cluster communication time : 800
Cluster clients : [34]
Label percentage: ['0 : 0.00%', '1 : 42.30%', '2 : 0.49%', '3 : 11.25%', '4 : 21.27%', '5 : 0.00%', '6 : 9.78%', '7 : 0.00%', '8 : 14.91%', '9 : 0.00%']%
Divergence : jsd 0.3344, tvd 0.4973

Cluster 4 with 1 clients
Cluster communication time : 800
Cluster clients : [30]
Label percentage: ['0 : 71.43%', '1 : 14.29%', '2 : 0.00%', '3 : 14.29%', '4 : 0.00%', '5 : 0.00%', '6 : 0.00%', '7 : 0.00%', '8 : 0.00%', '9 : 0.00%']%
Divergence : jsd 0.5438, tvd 0.7000

Cluster 5 with 1 clients
Cluster communication time : 800
Cluster clients : [163]
Label percentage: ['0 : 50.00%', '1 : 28.57%', '2 : 7.14%', '3 : 0.00%', '4 : 0.00%', '5 : 0.00%', '6 : 0.00%', '7 : 7.14%', '8 : 0.00%', '9 : 7.14%']%
Divergence : jsd 0.3938, tvd 0.5857

Cluster 6 with 1 clients
Cluster communication time : 800
Cluster clients : [153]
Label percentage: ['0 : 91.53%', '1 : 0.00%', '2 : 0.26%', '3 : 0.00%', '4 : 0.00%', '5 : 0.00%', '6 : 8.20%', '7 : 0.00%', '8 : 0.00%', '9 : 0.00%']%
Divergence : jsd 0.6651, tvd 0.8153

Cluster 7 with 1 clients
Cluster communication time : 800
Cluster clients : [105]
Label percentage: ['0 : 0.00%', '1 : 0.00%', '2 : 35.67%', '3 : 64.12%', '4 : 0.21%', '5 : 0.00%', '6 : 0.00%', '7 : 0.00%', '8 : 0.00%', '9 : 0.00%']%
Divergence : jsd 0.6080, tvd 0.7979

Cluster 8 with 1 clients
Cluster communication time : 800
Cluster clients : [185]
Label percentage: ['0 : 0.00%', '1 : 0.00%', '2 : 9.09%', '3 : 0.00%', '4 : 81.82%', '5 : 0.00%', '6 : 0.00%', '7 : 0.00%', '8 : 9.09%', '9 : 0.00%']%
Divergence : jsd 0.5814, tvd 0.7182

Cluster 9 with 1 clients
Cluster communication time : 800
Cluster clients : [126]
Label percentage: ['0 : 0.00%', '1 : 0.51%', '2 : 0.00%', '3 : 21.72%', '4 : 0.00%', '5 : 67.68%', '6 : 0.00%', '7 : 10.10%', '8 : 0.00%', '9 : 0.00%']%
Divergence : jsd 0.5271, tvd 0.6949

Cluster 10 with 1 clients
Cluster communication time : 800
Cluster clients : [88]
Label percentage: ['0 : 3.49%', '1 : 0.00%', '2 : 0.00%', '3 : 93.02%', '4 : 0.00%', '5 : 1.16%', '6 : 0.00%', '7 : 2.33%', '8 : 0.00%', '9 : 0.00%']%
Divergence : jsd 0.6377, tvd 0.8302

Cluster 11 with 1 clients
Cluster communication time : 800
Cluster clients : [49]
Label percentage: ['0 : 44.83%', '1 : 0.00%', '2 : 0.00%', '3 : 0.00%', '4 : 0.00%', '5 : 3.45%', '6 : 0.00%', '7 : 0.00%', '8 : 31.03%', '9 : 20.69%']%
Divergence : jsd 0.4528, tvd 0.6655

Cluster 12 with 1 clients
Cluster communication time : 800
Cluster clients : [66]
Label percentage: ['0 : 51.87%', '1 : 5.40%', '2 : 0.00%', '3 : 0.00%', '4 : 0.15%', '5 : 0.00%', '6 : 37.18%', '7 : 5.40%', '8 : 0.00%', '9 : 0.00%']%
Divergence : jsd 0.4772, tvd 0.6906

Cluster 13 with 1 clients
Cluster communication time : 800
Cluster clients : [131]
Label percentage: ['0 : 0.00%', '1 : 3.37%', '2 : 0.00%', '3 : 12.45%', '4 : 81.45%', '5 : 0.00%', '6 : 2.46%', '7 : 0.00%', '8 : 0.00%', '9 : 0.26%']%
Divergence : jsd 0.5531, tvd 0.7390

Cluster 14 with 1 clients
Cluster communication time : 800
Cluster clients : [144]
Label percentage: ['0 : 1.26%', '1 : 0.63%', '2 : 1.26%', '3 : 0.63%', '4 : 1.26%', '5 : 93.08%', '6 : 1.89%', '7 : 0.00%', '8 : 0.00%', '9 : 0.00%']%
Divergence : jsd 0.6059, tvd 0.8308

Cluster 15 with 1 clients
Cluster communication time : 800
Cluster clients : [180]
Label percentage: ['0 : 0.00%', '1 : 70.34%', '2 : 0.00%', '3 : 0.00%', '4 : 29.66%', '5 : 0.00%', '6 : 0.00%', '7 : 0.00%', '8 : 0.00%', '9 : 0.00%']%
Divergence : jsd 0.6207, tvd 0.8000

Cluster 16 with 1 clients
Cluster communication time : 800
Cluster clients : [87]
Label percentage: ['0 : 0.40%', '1 : 0.00%', '2 : 0.00%', '3 : 0.00%', '4 : 0.40%', '5 : 0.00%', '6 : 0.00%', '7 : 2.39%', '8 : 3.19%', '9 : 93.63%']%
Divergence : jsd 0.6420, tvd 0.8363

Cluster 17 with 1 clients
Cluster communication time : 800
Cluster clients : [12]
Label percentage: ['0 : 12.50%', '1 : 0.00%', '2 : 0.00%', '3 : 9.38%', '4 : 0.00%', '5 : 0.00%', '6 : 21.88%', '7 : 0.00%', '8 : 0.00%', '9 : 56.25%']%
Divergence : jsd 0.4459, tvd 0.6062

Cluster 18 with 1 clients
Cluster communication time : 800
Cluster clients : [60]
Label percentage: ['0 : 0.00%', '1 : 0.00%', '2 : 0.00%', '3 : 100.00%', '4 : 0.00%', '5 : 0.00%', '6 : 0.00%', '7 : 0.00%', '8 : 0.00%', '9 : 0.00%']%
Divergence : jsd 0.7583, tvd 0.9000

Cluster 19 with 1 clients
Cluster communication time : 800
Cluster clients : [93]
Label percentage: ['0 : 26.79%', '1 : 25.00%', '2 : 0.00%', '3 : 0.00%', '4 : 0.00%', '5 : 0.00%', '6 : 33.93%', '7 : 14.29%', '8 : 0.00%', '9 : 0.00%']%
Divergence : jsd 0.4050, tvd 0.6000

Cluster 20 with 1 clients
Cluster communication time : 800
Cluster clients : [81]
Label percentage: ['0 : 86.67%', '1 : 0.00%', '2 : 0.00%', '3 : 10.56%', '4 : 2.22%', '5 : 0.28%', '6 : 0.28%', '7 : 0.00%', '8 : 0.00%', '9 : 0.00%']%
Divergence : jsd 0.6051, tvd 0.7722

Cluster 21 with 1 clients
Cluster communication time : 800
Cluster clients : [24]
Label percentage: ['0 : 45.24%', '1 : 30.95%', '2 : 0.60%', '3 : 5.36%', '4 : 0.00%', '5 : 17.86%', '6 : 0.00%', '7 : 0.00%', '8 : 0.00%', '9 : 0.00%']%
Divergence : jsd 0.4280, tvd 0.6405

Cluster 22 with 1 clients
Cluster communication time : 800
Cluster clients : [68]
Label percentage: ['0 : 0.00%', '1 : 0.00%', '2 : 0.00%', '3 : 0.00%', '4 : 2.87%', '5 : 1.15%', '6 : 79.02%', '7 : 14.08%', '8 : 2.87%', '9 : 0.00%']%
Divergence : jsd 0.5312, tvd 0.7310

Cluster 23 with 1 clients
Cluster communication time : 800
Cluster clients : [58]
Label percentage: ['0 : 0.00%', '1 : 0.00%', '2 : 0.00%', '3 : 0.00%', '4 : 0.00%', '5 : 0.00%', '6 : 0.00%', '7 : 0.00%', '8 : 46.51%', '9 : 53.49%']%
Divergence : jsd 0.6103, tvd 0.8000

Cluster 24 with 1 clients
Cluster communication time : 800
Cluster clients : [94]
Label percentage: ['0 : 0.00%', '1 : 30.27%', '2 : 8.63%', '3 : 7.26%', '4 : 0.00%', '5 : 47.53%', '6 : 2.60%', '7 : 0.68%', '8 : 3.01%', '9 : 0.00%']%
Divergence : jsd 0.3525, tvd 0.5781

Cluster 25 with 1 clients
Cluster communication time : 800
Cluster clients : [14]
Label percentage: ['0 : 61.03%', '1 : 0.51%', '2 : 0.00%', '3 : 16.92%', '4 : 0.00%', '5 : 8.72%', '6 : 12.31%', '7 : 0.51%', '8 : 0.00%', '9 : 0.00%']%
Divergence : jsd 0.4302, tvd 0.6026

Cluster 26 with 1 clients
Cluster communication time : 800
Cluster clients : [56]
Label percentage: ['0 : 0.00%', '1 : 30.91%', '2 : 0.00%', '3 : 0.00%', '4 : 0.00%', '5 : 0.36%', '6 : 0.00%', '7 : 68.73%', '8 : 0.00%', '9 : 0.00%']%
Divergence : jsd 0.6083, tvd 0.7964

Cluster 27 with 1 clients
Cluster communication time : 800
Cluster clients : [145]
Label percentage: ['0 : 80.07%', '1 : 1.81%', '2 : 0.00%', '3 : 0.00%', '4 : 0.00%', '5 : 10.14%', '6 : 0.00%', '7 : 0.36%', '8 : 7.61%', '9 : 0.00%']%
Divergence : jsd 0.5380, tvd 0.7022

Cluster 28 with 1 clients
Cluster communication time : 800
Cluster clients : [178]
Label percentage: ['0 : 1.03%', '1 : 0.00%', '2 : 0.00%', '3 : 0.00%', '4 : 86.60%', '5 : 0.00%', '6 : 10.31%', '7 : 2.06%', '8 : 0.00%', '9 : 0.00%']%
Divergence : jsd 0.6021, tvd 0.7691

Cluster 29 with 1 clients
Cluster communication time : 800
Cluster clients : [148]
Label percentage: ['0 : 0.00%', '1 : 0.00%', '2 : 0.00%', '3 : 11.76%', '4 : 0.00%', '5 : 64.71%', '6 : 0.00%', '7 : 0.00%', '8 : 23.53%', '9 : 0.00%']%
Divergence : jsd 0.5322, tvd 0.7000

Cluster 30 with 1 clients
Cluster communication time : 800
Cluster clients : [111]
Label percentage: ['0 : 0.00%', '1 : 0.00%', '2 : 0.00%', '3 : 90.91%', '4 : 0.00%', '5 : 9.09%', '6 : 0.00%', '7 : 0.00%', '8 : 0.00%', '9 : 0.00%']%
Divergence : jsd 0.6695, tvd 0.8091

Cluster 31 with 1 clients
Cluster communication time : 800
Cluster clients : [137]
Label percentage: ['0 : 0.31%', '1 : 0.00%', '2 : 0.00%', '3 : 0.00%', '4 : 0.61%', '5 : 1.53%', '6 : 0.31%', '7 : 0.61%', '8 : 96.63%', '9 : 0.00%']%
Divergence : jsd 0.6743, tvd 0.8663

Cluster 32 with 1 clients
Cluster communication time : 800
Cluster clients : [181]
Label percentage: ['0 : 0.00%', '1 : 3.39%', '2 : 0.00%', '3 : 0.00%', '4 : 0.00%', '5 : 69.49%', '6 : 22.03%', '7 : 0.00%', '8 : 3.39%', '9 : 1.69%']%
Divergence : jsd 0.4954, tvd 0.7153

Cluster 33 with 1 clients
Cluster communication time : 800
Cluster clients : [103]
Label percentage: ['0 : 0.00%', '1 : 0.76%', '2 : 0.00%', '3 : 6.11%', '4 : 0.00%', '5 : 0.00%', '6 : 0.00%', '7 : 7.63%', '8 : 72.52%', '9 : 12.98%']%
Divergence : jsd 0.4827, tvd 0.6550

Cluster 34 with 1 clients
Cluster communication time : 800
Cluster clients : [54]
Label percentage: ['0 : 0.00%', '1 : 0.00%', '2 : 100.00%', '3 : 0.00%', '4 : 0.00%', '5 : 0.00%', '6 : 0.00%', '7 : 0.00%', '8 : 0.00%', '9 : 0.00%']%
Divergence : jsd 0.7583, tvd 0.9000

Cluster 35 with 1 clients
Cluster communication time : 800
Cluster clients : [177]
Label percentage: ['0 : 0.00%', '1 : 67.13%', '2 : 0.00%', '3 : 0.00%', '4 : 2.53%', '5 : 30.34%', '6 : 0.00%', '7 : 0.00%', '8 : 0.00%', '9 : 0.00%']%
Divergence : jsd 0.5770, tvd 0.7747

Cluster 36 with 1 clients
Cluster communication time : 800
Cluster clients : [109]
Label percentage: ['0 : 0.00%', '1 : 0.00%', '2 : 66.67%', '3 : 0.00%', '4 : 0.00%', '5 : 0.00%', '6 : 0.00%', '7 : 33.33%', '8 : 0.00%', '9 : 0.00%']%
Divergence : jsd 0.6170, tvd 0.8000

Cluster 37 with 1 clients
Cluster communication time : 800
Cluster clients : [174]
Label percentage: ['0 : 1.68%', '1 : 0.84%', '2 : 84.03%', '3 : 0.00%', '4 : 0.00%', '5 : 0.00%', '6 : 0.00%', '7 : 0.00%', '8 : 11.76%', '9 : 1.68%']%
Divergence : jsd 0.5711, tvd 0.7580

Cluster 38 with 1 clients
Cluster communication time : 800
Cluster clients : [27]
Label percentage: ['0 : 0.00%', '1 : 19.67%', '2 : 0.00%', '3 : 19.13%', '4 : 0.00%', '5 : 11.48%', '6 : 0.00%', '7 : 0.00%', '8 : 32.24%', '9 : 17.49%']%
Divergence : jsd 0.3243, tvd 0.5000

Cluster 39 with 1 clients
Cluster communication time : 800
Cluster clients : [64]
Label percentage: ['0 : 7.14%', '1 : 0.00%', '2 : 0.00%', '3 : 0.00%', '4 : 0.00%', '5 : 0.00%', '6 : 3.13%', '7 : 0.38%', '8 : 89.35%', '9 : 0.00%']%
Divergence : jsd 0.6183, tvd 0.7935

Cluster 40 with 1 clients
Cluster communication time : 800
Cluster clients : [82]
Label percentage: ['0 : 0.00%', '1 : 42.48%', '2 : 1.77%', '3 : 1.18%', '4 : 0.29%', '5 : 53.69%', '6 : 0.00%', '7 : 0.59%', '8 : 0.00%', '9 : 0.00%']%
Divergence : jsd 0.5267, tvd 0.7617

Cluster 41 with 1 clients
Cluster communication time : 800
Cluster clients : [165]
Label percentage: ['0 : 0.00%', '1 : 0.36%', '2 : 0.00%', '3 : 86.38%', '4 : 0.00%', '5 : 0.00%', '6 : 9.86%', '7 : 3.41%', '8 : 0.00%', '9 : 0.00%']%
Divergence : jsd 0.6030, tvd 0.7638

Cluster 42 with 1 clients
Cluster communication time : 800
Cluster clients : [150]
Label percentage: ['0 : 24.14%', '1 : 3.45%', '2 : 0.00%', '3 : 68.97%', '4 : 0.00%', '5 : 0.00%', '6 : 0.00%', '7 : 3.45%', '8 : 0.00%', '9 : 0.00%']%
Divergence : jsd 0.5242, tvd 0.7310

Cluster 43 with 1 clients
Cluster communication time : 800
Cluster clients : [129]
Label percentage: ['0 : 0.00%', '1 : 0.00%', '2 : 97.69%', '3 : 0.00%', '4 : 0.00%', '5 : 2.31%', '6 : 0.00%', '7 : 0.00%', '8 : 0.00%', '9 : 0.00%']%
Divergence : jsd 0.7170, tvd 0.8769

Cluster 44 with 1 clients
Cluster communication time : 800
Cluster clients : [36]
Label percentage: ['0 : 2.26%', '1 : 0.00%', '2 : 0.00%', '3 : 2.58%', '4 : 0.00%', '5 : 46.77%', '6 : 0.00%', '7 : 0.32%', '8 : 22.26%', '9 : 25.81%']%
Divergence : jsd 0.4137, tvd 0.6484

Cluster 45 with 1 clients
Cluster communication time : 800
Cluster clients : [8]
Label percentage: ['0 : 0.00%', '1 : 0.19%', '2 : 30.94%', '3 : 0.00%', '4 : 0.00%', '5 : 44.91%', '6 : 23.21%', '7 : 0.19%', '8 : 0.00%', '9 : 0.57%']%
Divergence : jsd 0.4718, tvd 0.6906

Cluster 46 with 1 clients
Cluster communication time : 800
Cluster clients : [196]
Label percentage: ['0 : 0.00%', '1 : 0.48%', '2 : 0.00%', '3 : 19.23%', '4 : 3.37%', '5 : 1.92%', '6 : 13.94%', '7 : 61.06%', '8 : 0.00%', '9 : 0.00%']%
Divergence : jsd 0.4325, tvd 0.6423

Cluster 47 with 1 clients
Cluster communication time : 800
Cluster clients : [21]
Label percentage: ['0 : 0.00%', '1 : 0.00%', '2 : 0.00%', '3 : 0.00%', '4 : 0.00%', '5 : 18.33%', '6 : 61.67%', '7 : 6.67%', '8 : 11.67%', '9 : 1.67%']%
Divergence : jsd 0.4351, tvd 0.6167

Cluster 48 with 1 clients
Cluster communication time : 800
Cluster clients : [171]
Label percentage: ['0 : 0.00%', '1 : 0.00%', '2 : 72.17%', '3 : 0.00%', '4 : 27.37%', '5 : 0.12%', '6 : 0.00%', '7 : 0.00%', '8 : 0.00%', '9 : 0.35%']%
Divergence : jsd 0.6084, tvd 0.7954

Cluster 49 with 1 clients
Cluster communication time : 800
Cluster clients : [62]
Label percentage: ['0 : 0.00%', '1 : 0.00%', '2 : 11.22%', '3 : 0.00%', '4 : 0.00%', '5 : 0.00%', '6 : 88.78%', '7 : 0.00%', '8 : 0.00%', '9 : 0.00%']%
Divergence : jsd 0.6606, tvd 0.8000

Cluster 50 with 1 clients
Cluster communication time : 800
Cluster clients : [73]
Label percentage: ['0 : 17.02%', '1 : 9.36%', '2 : 1.28%', '3 : 5.11%', '4 : 2.98%', '5 : 9.79%', '6 : 0.00%', '7 : 54.04%', '8 : 0.43%', '9 : 0.00%']%
Divergence : jsd 0.3141, tvd 0.5106

Cluster 51 with 1 clients
Cluster communication time : 800
Cluster clients : [195]
Label percentage: ['0 : 0.00%', '1 : 0.00%', '2 : 0.00%', '3 : 0.00%', '4 : 0.00%', '5 : 0.00%', '6 : 0.00%', '7 : 89.11%', '8 : 8.91%', '9 : 1.98%']%
Divergence : jsd 0.6331, tvd 0.7911

Cluster 52 with 1 clients
Cluster communication time : 800
Cluster clients : [9]
Label percentage: ['0 : 0.00%', '1 : 0.00%', '2 : 0.00%', '3 : 0.00%', '4 : 0.00%', '5 : 26.11%', '6 : 5.42%', '7 : 0.99%', '8 : 65.52%', '9 : 1.97%']%
Divergence : jsd 0.4987, tvd 0.7163

Cluster 53 with 1 clients
Cluster communication time : 800
Cluster clients : [140]
Label percentage: ['0 : 51.85%', '1 : 0.00%', '2 : 0.00%', '3 : 0.00%', '4 : 0.00%', '5 : 18.52%', '6 : 25.93%', '7 : 0.00%', '8 : 3.70%', '9 : 0.00%']%
Divergence : jsd 0.4584, tvd 0.6630

Cluster 54 with 1 clients
Cluster communication time : 800
Cluster clients : [41]
Label percentage: ['0 : 78.34%', '1 : 1.27%', '2 : 0.00%', '3 : 1.27%', '4 : 0.00%', '5 : 4.46%', '6 : 14.65%', '7 : 0.00%', '8 : 0.00%', '9 : 0.00%']%
Divergence : jsd 0.5331, tvd 0.7299

Cluster 55 with 1 clients
Cluster communication time : 800
Cluster clients : [29]
Label percentage: ['0 : 0.47%', '1 : 0.47%', '2 : 0.00%', '3 : 0.00%', '4 : 0.00%', '5 : 0.95%', '6 : 8.53%', '7 : 9.00%', '8 : 0.00%', '9 : 80.57%']%
Divergence : jsd 0.5349, tvd 0.7057

Cluster 56 with 1 clients
Cluster communication time : 800
Cluster clients : [136]
Label percentage: ['0 : 0.00%', '1 : 0.86%', '2 : 0.00%', '3 : 0.00%', '4 : 68.97%', '5 : 21.55%', '6 : 0.00%', '7 : 1.72%', '8 : 6.90%', '9 : 0.00%']%
Divergence : jsd 0.5020, tvd 0.7052

Cluster 57 with 1 clients
Cluster communication time : 800
Cluster clients : [152]
Label percentage: ['0 : 0.00%', '1 : 0.00%', '2 : 0.00%', '3 : 1.79%', '4 : 0.00%', '5 : 32.14%', '6 : 53.57%', '7 : 0.00%', '8 : 0.00%', '9 : 12.50%']%
Divergence : jsd 0.4862, tvd 0.6821

Cluster 58 with 1 clients
Cluster communication time : 800
Cluster clients : [173]
Label percentage: ['0 : 0.00%', '1 : 12.50%', '2 : 0.00%', '3 : 6.25%', '4 : 15.62%', '5 : 12.50%', '6 : 3.12%', '7 : 50.00%', '8 : 0.00%', '9 : 0.00%']%
Divergence : jsd 0.3283, tvd 0.5062

Cluster 59 with 1 clients
Cluster communication time : 800
Cluster clients : [38]
Label percentage: ['0 : 0.00%', '1 : 40.50%', '2 : 0.00%', '3 : 0.00%', '4 : 3.35%', '5 : 17.04%', '6 : 10.34%', '7 : 1.12%', '8 : 0.00%', '9 : 27.65%']%
Divergence : jsd 0.3509, tvd 0.5553

Cluster 60 with 1 clients
Cluster communication time : 800
Cluster clients : [89]
Label percentage: ['0 : 81.58%', '1 : 7.89%', '2 : 5.26%', '3 : 0.00%', '4 : 0.00%', '5 : 0.00%', '6 : 0.00%', '7 : 0.00%', '8 : 5.26%', '9 : 0.00%']%
Divergence : jsd 0.5418, tvd 0.7158

Cluster 61 with 1 clients
Cluster communication time : 800
Cluster clients : [101]
Label percentage: ['0 : 0.00%', '1 : 76.03%', '2 : 0.68%', '3 : 0.00%', '4 : 0.00%', '5 : 23.29%', '6 : 0.00%', '7 : 0.00%', '8 : 0.00%', '9 : 0.00%']%
Divergence : jsd 0.6119, tvd 0.7932

Cluster 62 with 1 clients
Cluster communication time : 800
Cluster clients : [116]
Label percentage: ['0 : 0.56%', '1 : 88.27%', '2 : 0.00%', '3 : 1.68%', '4 : 0.00%', '5 : 4.47%', '6 : 2.23%', '7 : 2.79%', '8 : 0.00%', '9 : 0.00%']%
Divergence : jsd 0.5615, tvd 0.7827

Cluster 63 with 1 clients
Cluster communication time : 800
Cluster clients : [117]
Label percentage: ['0 : 0.00%', '1 : 0.00%', '2 : 0.00%', '3 : 0.00%', '4 : 0.00%', '5 : 0.00%', '6 : 0.00%', '7 : 0.00%', '8 : 60.00%', '9 : 40.00%']%
Divergence : jsd 0.6124, tvd 0.8000

Cluster 64 with 1 clients
Cluster communication time : 800
Cluster clients : [115]
Label percentage: ['0 : 100.00%', '1 : 0.00%', '2 : 0.00%', '3 : 0.00%', '4 : 0.00%', '5 : 0.00%', '6 : 0.00%', '7 : 0.00%', '8 : 0.00%', '9 : 0.00%']%
Divergence : jsd 0.7583, tvd 0.9000

Cluster 65 with 1 clients
Cluster communication time : 800
Cluster clients : [6]
Label percentage: ['0 : 24.42%', '1 : 50.00%', '2 : 0.00%', '3 : 0.00%', '4 : 13.95%', '5 : 9.30%', '6 : 0.00%', '7 : 0.00%', '8 : 2.33%', '9 : 0.00%']%
Divergence : jsd 0.3985, tvd 0.5837

Cluster 66 with 1 clients
Cluster communication time : 800
Cluster clients : [20]
Label percentage: ['0 : 0.00%', '1 : 22.28%', '2 : 47.09%', '3 : 8.35%', '4 : 0.00%', '5 : 0.00%', '6 : 21.77%', '7 : 0.51%', '8 : 0.00%', '9 : 0.00%']%
Divergence : jsd 0.4162, tvd 0.6114

Cluster 67 with 1 clients
Cluster communication time : 800
Cluster clients : [61]
Label percentage: ['0 : 38.39%', '1 : 0.00%', '2 : 0.00%', '3 : 0.00%', '4 : 0.00%', '5 : 6.70%', '6 : 31.25%', '7 : 21.43%', '8 : 2.23%', '9 : 0.00%']%
Divergence : jsd 0.3925, tvd 0.6107

Cluster 68 with 1 clients
Cluster communication time : 800
Cluster clients : [72]
Label percentage: ['0 : 0.00%', '1 : 0.00%', '2 : 28.30%', '3 : 23.11%', '4 : 0.00%', '5 : 0.00%', '6 : 36.32%', '7 : 0.47%', '8 : 0.00%', '9 : 11.79%']%
Divergence : jsd 0.3984, tvd 0.5953

Cluster 69 with 1 clients
Cluster communication time : 800
Cluster clients : [19]
Label percentage: ['0 : 3.73%', '1 : 0.62%', '2 : 0.00%', '3 : 0.62%', '4 : 91.30%', '5 : 0.00%', '6 : 0.00%', '7 : 0.00%', '8 : 3.73%', '9 : 0.00%']%
Divergence : jsd 0.6146, tvd 0.8130

Cluster 70 with 1 clients
Cluster communication time : 800
Cluster clients : [10]
Label percentage: ['0 : 0.00%', '1 : 0.00%', '2 : 92.86%', '3 : 0.00%', '4 : 0.00%', '5 : 0.00%', '6 : 0.00%', '7 : 7.14%', '8 : 0.00%', '9 : 0.00%']%
Divergence : jsd 0.6794, tvd 0.8286

Cluster 71 with 1 clients
Cluster communication time : 800
Cluster clients : [22]
Label percentage: ['0 : 0.00%', '1 : 0.00%', '2 : 10.40%', '3 : 7.80%', '4 : 0.00%', '5 : 0.00%', '6 : 80.64%', '7 : 0.00%', '8 : 0.00%', '9 : 1.16%']%
Divergence : jsd 0.5562, tvd 0.7104

Cluster 72 with 1 clients
Cluster communication time : 800
Cluster clients : [110]
Label percentage: ['0 : 2.33%', '1 : 0.00%', '2 : 77.91%', '3 : 1.16%', '4 : 17.44%', '5 : 1.16%', '6 : 0.00%', '7 : 0.00%', '8 : 0.00%', '9 : 0.00%']%
Divergence : jsd 0.5486, tvd 0.7535

Cluster 73 with 1 clients
Cluster communication time : 800
Cluster clients : [170]
Label percentage: ['0 : 0.00%', '1 : 0.00%', '2 : 0.00%', '3 : 0.00%', '4 : 0.00%', '5 : 0.00%', '6 : 0.00%', '7 : 98.96%', '8 : 1.04%', '9 : 0.00%']%
Divergence : jsd 0.7341, tvd 0.8896

Cluster 74 with 1 clients
Cluster communication time : 800
Cluster clients : [39]
Label percentage: ['0 : 0.00%', '1 : 0.00%', '2 : 2.78%', '3 : 0.00%', '4 : 25.00%', '5 : 72.22%', '6 : 0.00%', '7 : 0.00%', '8 : 0.00%', '9 : 0.00%']%
Divergence : jsd 0.5812, tvd 0.7722

Cluster 75 with 1 clients
Cluster communication time : 800
Cluster clients : [85]
Label percentage: ['0 : 0.00%', '1 : 0.00%', '2 : 0.00%', '3 : 64.65%', '4 : 0.00%', '5 : 2.83%', '6 : 0.00%', '7 : 0.00%', '8 : 0.00%', '9 : 32.53%']%
Divergence : jsd 0.5718, tvd 0.7717

Cluster 76 with 1 clients
Cluster communication time : 800
Cluster clients : [69]
Label percentage: ['0 : 85.87%', '1 : 0.00%', '2 : 0.00%', '3 : 0.00%', '4 : 0.00%', '5 : 0.00%', '6 : 14.13%', '7 : 0.00%', '8 : 0.00%', '9 : 0.00%']%
Divergence : jsd 0.6506, tvd 0.8000

Cluster 77 with 1 clients
Cluster communication time : 800
Cluster clients : [168]
Label percentage: ['0 : 0.15%', '1 : 0.00%', '2 : 0.00%', '3 : 0.00%', '4 : 96.65%', '5 : 1.60%', '6 : 0.00%', '7 : 0.00%', '8 : 1.60%', '9 : 0.00%']%
Divergence : jsd 0.6879, tvd 0.8665

Cluster 78 with 1 clients
Cluster communication time : 800
Cluster clients : [83]
Label percentage: ['0 : 4.01%', '1 : 47.29%', '2 : 0.60%', '3 : 0.00%', '4 : 0.00%', '5 : 0.00%', '6 : 10.22%', '7 : 0.00%', '8 : 0.00%', '9 : 37.88%']%
Divergence : jsd 0.4534, tvd 0.6539

Cluster 79 with 1 clients
Cluster communication time : 800
Cluster clients : [169]
Label percentage: ['0 : 0.00%', '1 : 50.00%', '2 : 25.00%', '3 : 0.00%', '4 : 0.00%', '5 : 0.00%', '6 : 25.00%', '7 : 0.00%', '8 : 0.00%', '9 : 0.00%']%
Divergence : jsd 0.5029, tvd 0.7000

Cluster 80 with 1 clients
Cluster communication time : 800
Cluster clients : [112]
Label percentage: ['0 : 0.00%', '1 : 0.00%', '2 : 0.00%', '3 : 95.00%', '4 : 0.00%', '5 : 2.50%', '6 : 0.00%', '7 : 0.00%', '8 : 0.83%', '9 : 1.67%']%
Divergence : jsd 0.6610, tvd 0.8500

Cluster 81 with 1 clients
Cluster communication time : 800
Cluster clients : [133]
Label percentage: ['0 : 0.27%', '1 : 0.00%', '2 : 3.13%', '3 : 0.27%', '4 : 6.80%', '5 : 23.40%', '6 : 9.12%', '7 : 0.00%', '8 : 17.82%', '9 : 39.18%']%
Divergence : jsd 0.2953, tvd 0.5041

Cluster 82 with 1 clients
Cluster communication time : 800
Cluster clients : [114]
Label percentage: ['0 : 0.88%', '1 : 0.00%', '2 : 0.00%', '3 : 0.00%', '4 : 0.00%', '5 : 35.16%', '6 : 0.00%', '7 : 0.00%', '8 : 60.00%', '9 : 3.96%']%
Divergence : jsd 0.5386, tvd 0.7516

Cluster 83 with 1 clients
Cluster communication time : 800
Cluster clients : [43]
Label percentage: ['0 : 0.00%', '1 : 92.77%', '2 : 2.41%', '3 : 0.00%', '4 : 2.41%', '5 : 1.20%', '6 : 0.00%', '7 : 0.00%', '8 : 0.00%', '9 : 1.20%']%
Divergence : jsd 0.6201, tvd 0.8277

Cluster 84 with 1 clients
Cluster communication time : 800
Cluster clients : [179]
Label percentage: ['0 : 4.42%', '1 : 51.33%', '2 : 0.00%', '3 : 0.00%', '4 : 0.00%', '5 : 0.00%', '6 : 0.88%', '7 : 43.36%', '8 : 0.00%', '9 : 0.00%']%
Divergence : jsd 0.5313, tvd 0.7469

Cluster 85 with 1 clients
Cluster communication time : 800
Cluster clients : [11]
Label percentage: ['0 : 0.00%', '1 : 1.32%', '2 : 0.00%', '3 : 30.26%', '4 : 7.89%', '5 : 28.95%', '6 : 0.00%', '7 : 0.00%', '8 : 1.32%', '9 : 30.26%']%
Divergence : jsd 0.3671, tvd 0.5947

Cluster 86 with 1 clients
Cluster communication time : 800
Cluster clients : [199]
Label percentage: ['0 : 1.10%', '1 : 1.10%', '2 : 1.10%', '3 : 6.59%', '4 : 1.10%', '5 : 2.20%', '6 : 4.40%', '7 : 74.73%', '8 : 6.59%', '9 : 1.10%']%
Divergence : jsd 0.3826, tvd 0.6473

Cluster 87 with 1 clients
Cluster communication time : 800
Cluster clients : [4]
Label percentage: ['0 : 40.33%', '1 : 0.00%', '2 : 0.00%', '3 : 39.62%', '4 : 3.58%', '5 : 0.00%', '6 : 0.00%', '7 : 0.00%', '8 : 16.47%', '9 : 0.00%']%
Divergence : jsd 0.4560, tvd 0.6642

Cluster 88 with 1 clients
Cluster communication time : 800
Cluster clients : [143]
Label percentage: ['0 : 22.52%', '1 : 0.00%', '2 : 0.00%', '3 : 9.12%', '4 : 0.00%', '5 : 0.27%', '6 : 0.00%', '7 : 0.00%', '8 : 67.83%', '9 : 0.27%']%
Divergence : jsd 0.5266, tvd 0.7035

Cluster 89 with 1 clients
Cluster communication time : 800
Cluster clients : [130]
Label percentage: ['0 : 1.64%', '1 : 4.28%', '2 : 54.93%', '3 : 32.57%', '4 : 0.00%', '5 : 0.33%', '6 : 0.33%', '7 : 0.00%', '8 : 0.00%', '9 : 5.92%']%
Divergence : jsd 0.4375, tvd 0.6750

Cluster 90 with 1 clients
Cluster communication time : 800
Cluster clients : [75]
Label percentage: ['0 : 2.01%', '1 : 0.00%', '2 : 0.00%', '3 : 2.01%', '4 : 0.00%', '5 : 85.23%', '6 : 0.00%', '7 : 0.34%', '8 : 10.40%', '9 : 0.00%']%
Divergence : jsd 0.5782, tvd 0.7564

Cluster 91 with 1 clients
Cluster communication time : 800
Cluster clients : [187]
Label percentage: ['0 : 1.58%', '1 : 41.60%', '2 : 5.45%', '3 : 0.00%', '4 : 0.00%', '5 : 0.00%', '6 : 1.06%', '7 : 47.32%', '8 : 2.99%', '9 : 0.00%']%
Divergence : jsd 0.4442, tvd 0.6892

Cluster 92 with 1 clients
Cluster communication time : 800
Cluster clients : [149]
Label percentage: ['0 : 0.00%', '1 : 0.00%', '2 : 0.00%', '3 : 52.56%', '4 : 38.46%', '5 : 0.00%', '6 : 0.00%', '7 : 0.00%', '8 : 0.00%', '9 : 8.97%']%
Divergence : jsd 0.5291, tvd 0.7103

Cluster 93 with 1 clients
Cluster communication time : 800
Cluster clients : [125]
Label percentage: ['0 : 0.00%', '1 : 0.00%', '2 : 1.12%', '3 : 0.00%', '4 : 25.84%', '5 : 3.37%', '6 : 53.93%', '7 : 15.73%', '8 : 0.00%', '9 : 0.00%']%
Divergence : jsd 0.4422, tvd 0.6551

Cluster 94 with 1 clients
Cluster communication time : 800
Cluster clients : [142]
Label percentage: ['0 : 0.00%', '1 : 1.03%', '2 : 11.34%', '3 : 0.00%', '4 : 0.00%', '5 : 37.11%', '6 : 1.03%', '7 : 17.53%', '8 : 31.96%', '9 : 0.00%']%
Divergence : jsd 0.3722, tvd 0.5794

Cluster 95 with 1 clients
Cluster communication time : 800
Cluster clients : [190]
Label percentage: ['0 : 0.00%', '1 : 0.43%', '2 : 0.22%', '3 : 4.55%', '4 : 39.61%', '5 : 0.00%', '6 : 55.19%', '7 : 0.00%', '8 : 0.00%', '9 : 0.00%']%
Divergence : jsd 0.5329, tvd 0.7481

Cluster 96 with 1 clients
Cluster communication time : 800
Cluster clients : [198]
Label percentage: ['0 : 0.00%', '1 : 0.93%', '2 : 1.85%', '3 : 0.00%', '4 : 3.70%', '5 : 92.59%', '6 : 0.00%', '7 : 0.93%', '8 : 0.00%', '9 : 0.00%']%
Divergence : jsd 0.6231, tvd 0.8259

Cluster 97 with 1 clients
Cluster communication time : 800
Cluster clients : [44]
Label percentage: ['0 : 0.00%', '1 : 76.15%', '2 : 0.00%', '3 : 10.09%', '4 : 1.83%', '5 : 0.00%', '6 : 0.00%', '7 : 11.01%', '8 : 0.92%', '9 : 0.00%']%
Divergence : jsd 0.5120, tvd 0.6725

Cluster 98 with 1 clients
Cluster communication time : 800
Cluster clients : [59]
Label percentage: ['0 : 42.36%', '1 : 13.19%', '2 : 0.00%', '3 : 0.00%', '4 : 32.64%', '5 : 8.33%', '6 : 3.47%', '7 : 0.00%', '8 : 0.00%', '9 : 0.00%']%
Divergence : jsd 0.3873, tvd 0.5819

Cluster 99 with 1 clients
Cluster communication time : 800
Cluster clients : [31]
Label percentage: ['0 : 0.00%', '1 : 52.40%', '2 : 0.00%', '3 : 0.00%', '4 : 0.00%', '5 : 0.00%', '6 : 0.00%', '7 : 0.44%', '8 : 0.00%', '9 : 47.16%']%
Divergence : jsd 0.5976, tvd 0.7956

Cluster 100 with 1 clients
Cluster communication time : 800
Cluster clients : [96]
Label percentage: ['0 : 0.00%', '1 : 14.46%', '2 : 0.00%', '3 : 0.00%', '4 : 1.20%', '5 : 1.20%', '6 : 1.20%', '7 : 0.00%', '8 : 0.00%', '9 : 81.93%']%
Divergence : jsd 0.5698, tvd 0.7639

Cluster 101 with 1 clients
Cluster communication time : 800
Cluster clients : [15]
Label percentage: ['0 : 7.88%', '1 : 0.00%', '2 : 3.25%', '3 : 22.77%', '4 : 0.17%', '5 : 0.34%', '6 : 0.00%', '7 : 29.11%', '8 : 0.00%', '9 : 36.47%']%
Divergence : jsd 0.3608, tvd 0.5836

Cluster 102 with 1 clients
Cluster communication time : 800
Cluster clients : [25]
Label percentage: ['0 : 0.00%', '1 : 0.21%', '2 : 0.00%', '3 : 0.00%', '4 : 98.52%', '5 : 1.27%', '6 : 0.00%', '7 : 0.00%', '8 : 0.00%', '9 : 0.00%']%
Divergence : jsd 0.7233, tvd 0.8852

Cluster 103 with 1 clients
Cluster communication time : 800
Cluster clients : [192]
Label percentage: ['0 : 0.00%', '1 : 0.00%', '2 : 0.62%', '3 : 4.92%', '4 : 0.00%', '5 : 0.00%', '6 : 0.00%', '7 : 0.00%', '8 : 92.31%', '9 : 2.15%']%
Divergence : jsd 0.6376, tvd 0.8231

Cluster 104 with 1 clients
Cluster communication time : 800
Cluster clients : [23]
Label percentage: ['0 : 3.61%', '1 : 3.61%', '2 : 0.00%', '3 : 0.00%', '4 : 1.20%', '5 : 1.20%', '6 : 1.20%', '7 : 0.00%', '8 : 89.16%', '9 : 0.00%']%
Divergence : jsd 0.5697, tvd 0.7916

Cluster 105 with 1 clients
Cluster communication time : 800
Cluster clients : [134]
Label percentage: ['0 : 0.00%', '1 : 0.00%', '2 : 12.33%', '3 : 0.00%', '4 : 38.81%', '5 : 30.37%', '6 : 7.76%', '7 : 7.99%', '8 : 0.00%', '9 : 2.74%']%
Divergence : jsd 0.3229, tvd 0.5151

Cluster 106 with 1 clients
Cluster communication time : 800
Cluster clients : [147]
Label percentage: ['0 : 0.00%', '1 : 0.00%', '2 : 0.00%', '3 : 0.00%', '4 : 51.52%', '5 : 0.00%', '6 : 0.00%', '7 : 0.00%', '8 : 6.06%', '9 : 42.42%']%
Divergence : jsd 0.5420, tvd 0.7394

Cluster 107 with 1 clients
Cluster communication time : 800
Cluster clients : [57]
Label percentage: ['0 : 0.00%', '1 : 81.29%', '2 : 0.00%', '3 : 0.00%', '4 : 0.00%', '5 : 17.51%', '6 : 1.20%', '7 : 0.00%', '8 : 0.00%', '9 : 0.00%']%
Divergence : jsd 0.6149, tvd 0.7880

Cluster 108 with 1 clients
Cluster communication time : 800
Cluster clients : [161]
Label percentage: ['0 : 77.11%', '1 : 0.00%', '2 : 0.00%', '3 : 0.00%', '4 : 0.00%', '5 : 0.00%', '6 : 6.02%', '7 : 16.87%', '8 : 0.00%', '9 : 0.00%']%
Divergence : jsd 0.5716, tvd 0.7398

Cluster 109 with 1 clients
Cluster communication time : 800
Cluster clients : [107]
Label percentage: ['0 : 26.19%', '1 : 0.00%', '2 : 8.73%', '3 : 0.00%', '4 : 0.00%', '5 : 0.00%', '6 : 0.00%', '7 : 61.90%', '8 : 3.17%', '9 : 0.00%']%
Divergence : jsd 0.4911, tvd 0.6810

Cluster 110 with 1 clients
Cluster communication time : 800
Cluster clients : [156]
Label percentage: ['0 : 28.79%', '1 : 3.03%', '2 : 46.97%', '3 : 7.58%', '4 : 13.64%', '5 : 0.00%', '6 : 0.00%', '7 : 0.00%', '8 : 0.00%', '9 : 0.00%']%
Divergence : jsd 0.3956, tvd 0.5939

Cluster 111 with 1 clients
Cluster communication time : 800
Cluster clients : [48]
Label percentage: ['0 : 0.00%', '1 : 0.00%', '2 : 1.27%', '3 : 0.00%', '4 : 10.97%', '5 : 3.38%', '6 : 82.28%', '7 : 0.00%', '8 : 2.11%', '9 : 0.00%']%
Divergence : jsd 0.5435, tvd 0.7325

Cluster 112 with 1 clients
Cluster communication time : 800
Cluster clients : [151]
Label percentage: ['0 : 0.00%', '1 : 0.00%', '2 : 0.87%', '3 : 0.00%', '4 : 0.00%', '5 : 0.00%', '6 : 76.59%', '7 : 22.25%', '8 : 0.00%', '9 : 0.29%']%
Divergence : jsd 0.6011, tvd 0.7884

Cluster 113 with 1 clients
Cluster communication time : 800
Cluster clients : [160]
Label percentage: ['0 : 0.00%', '1 : 45.24%', '2 : 0.00%', '3 : 4.23%', '4 : 0.00%', '5 : 50.53%', '6 : 0.00%', '7 : 0.00%', '8 : 0.00%', '9 : 0.00%']%
Divergence : jsd 0.5534, tvd 0.7577

Cluster 114 with 1 clients
Cluster communication time : 800
Cluster clients : [100]
Label percentage: ['0 : 0.00%', '1 : 0.00%', '2 : 0.00%', '3 : 36.36%', '4 : 0.00%', '5 : 9.09%', '6 : 0.00%', '7 : 0.00%', '8 : 54.55%', '9 : 0.00%']%
Divergence : jsd 0.5296, tvd 0.7091

Cluster 115 with 1 clients
Cluster communication time : 800
Cluster clients : [70]
Label percentage: ['0 : 0.00%', '1 : 0.00%', '2 : 4.66%', '3 : 0.00%', '4 : 8.65%', '5 : 28.60%', '6 : 0.00%', '7 : 0.22%', '8 : 0.22%', '9 : 57.65%']%
Divergence : jsd 0.4619, tvd 0.6625

Cluster 116 with 1 clients
Cluster communication time : 800
Cluster clients : [122]
Label percentage: ['0 : 0.00%', '1 : 0.57%', '2 : 40.23%', '3 : 0.00%', '4 : 0.00%', '5 : 0.00%', '6 : 1.15%', '7 : 23.56%', '8 : 33.91%', '9 : 0.57%']%
Divergence : jsd 0.4428, tvd 0.6770

Cluster 117 with 1 clients
Cluster communication time : 800
Cluster clients : [51]
Label percentage: ['0 : 0.00%', '1 : 0.00%', '2 : 0.00%', '3 : 0.00%', '4 : 0.84%', '5 : 6.72%', '6 : 92.02%', '7 : 0.00%', '8 : 0.42%', '9 : 0.00%']%
Divergence : jsd 0.6487, tvd 0.8202

Cluster 118 with 1 clients
Cluster communication time : 800
Cluster clients : [108]
Label percentage: ['0 : 0.99%', '1 : 68.97%', '2 : 12.32%', '3 : 10.34%', '4 : 4.93%', '5 : 0.00%', '6 : 0.99%', '7 : 0.00%', '8 : 1.48%', '9 : 0.00%']%
Divergence : jsd 0.4233, tvd 0.6163

Cluster 119 with 1 clients
Cluster communication time : 800
Cluster clients : [127]
Label percentage: ['0 : 0.00%', '1 : 0.00%', '2 : 76.27%', '3 : 0.00%', '4 : 0.00%', '5 : 0.00%', '6 : 1.69%', '7 : 5.08%', '8 : 16.95%', '9 : 0.00%']%
Divergence : jsd 0.5441, tvd 0.7322

Cluster 120 with 1 clients
Cluster communication time : 800
Cluster clients : [184]
Label percentage: ['0 : 3.28%', '1 : 0.00%', '2 : 64.75%', '3 : 0.00%', '4 : 0.00%', '5 : 18.85%', '6 : 13.11%', '7 : 0.00%', '8 : 0.00%', '9 : 0.00%']%
Divergence : jsd 0.4859, tvd 0.6672

Cluster 121 with 1 clients
Cluster communication time : 800
Cluster clients : [121]
Label percentage: ['0 : 0.00%', '1 : 6.78%', '2 : 1.27%', '3 : 9.32%', '4 : 6.78%', '5 : 0.00%', '6 : 0.00%', '7 : 72.88%', '8 : 0.00%', '9 : 2.97%']%
Divergence : jsd 0.4411, tvd 0.6288

Cluster 122 with 1 clients
Cluster communication time : 800
Cluster clients : [2]
Label percentage: ['0 : 15.19%', '1 : 83.54%', '2 : 0.00%', '3 : 0.00%', '4 : 0.00%', '5 : 1.27%', '6 : 0.00%', '7 : 0.00%', '8 : 0.00%', '9 : 0.00%']%
Divergence : jsd 0.6200, tvd 0.7873

Cluster 123 with 1 clients
Cluster communication time : 800
Cluster clients : [128]
Label percentage: ['0 : 0.00%', '1 : 0.00%', '2 : 0.00%', '3 : 0.00%', '4 : 0.00%', '5 : 0.00%', '6 : 0.00%', '7 : 73.56%', '8 : 26.44%', '9 : 0.00%']%
Divergence : jsd 0.6248, tvd 0.8000

Cluster 124 with 1 clients
Cluster communication time : 800
Cluster clients : [124]
Label percentage: ['0 : 28.21%', '1 : 17.16%', '2 : 0.99%', '3 : 2.96%', '4 : 0.00%', '5 : 0.00%', '6 : 0.00%', '7 : 48.72%', '8 : 1.18%', '9 : 0.79%']%
Divergence : jsd 0.3976, tvd 0.6408

Cluster 125 with 1 clients
Cluster communication time : 800
Cluster clients : [164]
Label percentage: ['0 : 0.00%', '1 : 0.00%', '2 : 0.00%', '3 : 69.23%', '4 : 0.00%', '5 : 15.38%', '6 : 0.00%', '7 : 15.38%', '8 : 0.00%', '9 : 0.00%']%
Divergence : jsd 0.5378, tvd 0.7000

Cluster 126 with 1 clients
Cluster communication time : 800
Cluster clients : [191]
Label percentage: ['0 : 45.45%', '1 : 0.00%', '2 : 0.00%', '3 : 0.00%', '4 : 0.00%', '5 : 0.00%', '6 : 27.27%', '7 : 4.55%', '8 : 0.00%', '9 : 22.73%']%
Divergence : jsd 0.4444, tvd 0.6545

Cluster 127 with 1 clients
Cluster communication time : 800
Cluster clients : [45]
Label percentage: ['0 : 0.00%', '1 : 0.00%', '2 : 79.17%', '3 : 6.88%', '4 : 0.00%', '5 : 0.00%', '6 : 13.95%', '7 : 0.00%', '8 : 0.00%', '9 : 0.00%']%
Divergence : jsd 0.5745, tvd 0.7312

Cluster 128 with 1 clients
Cluster communication time : 800
Cluster clients : [183]
Label percentage: ['0 : 0.00%', '1 : 0.00%', '2 : 42.70%', '3 : 0.00%', '4 : 5.69%', '5 : 8.66%', '6 : 0.00%', '7 : 0.00%', '8 : 0.74%', '9 : 42.20%']%
Divergence : jsd 0.4448, tvd 0.6490

Cluster 129 with 1 clients
Cluster communication time : 800
Cluster clients : [132]
Label percentage: ['0 : 3.33%', '1 : 1.67%', '2 : 0.00%', '3 : 76.67%', '4 : 0.00%', '5 : 0.00%', '6 : 0.00%', '7 : 0.00%', '8 : 18.33%', '9 : 0.00%']%
Divergence : jsd 0.5551, tvd 0.7500

Cluster 130 with 1 clients
Cluster communication time : 800
Cluster clients : [47]
Label percentage: ['0 : 0.76%', '1 : 2.27%', '2 : 0.00%', '3 : 0.00%', '4 : 0.00%', '5 : 0.00%', '6 : 0.00%', '7 : 79.55%', '8 : 14.39%', '9 : 3.03%']%
Divergence : jsd 0.5417, tvd 0.7394

Cluster 131 with 1 clients
Cluster communication time : 800
Cluster clients : [155]
Label percentage: ['0 : 0.00%', '1 : 0.00%', '2 : 35.04%', '3 : 0.00%', '4 : 0.73%', '5 : 0.00%', '6 : 0.00%', '7 : 0.00%', '8 : 64.23%', '9 : 0.00%']%
Divergence : jsd 0.5971, tvd 0.7927

Cluster 132 with 1 clients
Cluster communication time : 800
Cluster clients : [123]
Label percentage: ['0 : 0.00%', '1 : 0.00%', '2 : 3.36%', '3 : 13.42%', '4 : 57.72%', '5 : 0.00%', '6 : 1.34%', '7 : 0.00%', '8 : 24.16%', '9 : 0.00%']%
Divergence : jsd 0.4472, tvd 0.6530

Cluster 133 with 1 clients
Cluster communication time : 800
Cluster clients : [78]
Label percentage: ['0 : 0.00%', '1 : 18.18%', '2 : 0.00%', '3 : 0.00%', '4 : 1.82%', '5 : 0.00%', '6 : 0.00%', '7 : 36.36%', '8 : 7.27%', '9 : 36.36%']%
Divergence : jsd 0.3976, tvd 0.6091

Cluster 134 with 1 clients
Cluster communication time : 800
Cluster clients : [90]
Label percentage: ['0 : 0.00%', '1 : 0.00%', '2 : 36.79%', '3 : 63.21%', '4 : 0.00%', '5 : 0.00%', '6 : 0.00%', '7 : 0.00%', '8 : 0.00%', '9 : 0.00%']%
Divergence : jsd 0.6143, tvd 0.8000

Cluster 135 with 1 clients
Cluster communication time : 800
Cluster clients : [79]
Label percentage: ['0 : 38.24%', '1 : 28.37%', '2 : 1.38%', '3 : 0.17%', '4 : 0.00%', '5 : 0.00%', '6 : 0.52%', '7 : 31.14%', '8 : 0.00%', '9 : 0.17%']%
Divergence : jsd 0.4411, tvd 0.6775

Cluster 136 with 1 clients
Cluster communication time : 800
Cluster clients : [141]
Label percentage: ['0 : 86.67%', '1 : 2.22%', '2 : 0.00%', '3 : 0.00%', '4 : 0.00%', '5 : 0.00%', '6 : 0.00%', '7 : 0.00%', '8 : 11.11%', '9 : 0.00%']%
Divergence : jsd 0.6209, tvd 0.7778

Cluster 137 with 1 clients
Cluster communication time : 800
Cluster clients : [86]
Label percentage: ['0 : 0.00%', '1 : 0.00%', '2 : 75.00%', '3 : 0.00%', '4 : 0.00%', '5 : 0.00%', '6 : 25.00%', '7 : 0.00%', '8 : 0.00%', '9 : 0.00%']%
Divergence : jsd 0.6269, tvd 0.8000

Cluster 138 with 1 clients
Cluster communication time : 800
Cluster clients : [162]
Label percentage: ['0 : 0.00%', '1 : 18.30%', '2 : 18.95%', '3 : 2.61%', '4 : 0.33%', '5 : 0.98%', '6 : 1.96%', '7 : 0.00%', '8 : 3.27%', '9 : 53.59%']%
Divergence : jsd 0.3606, tvd 0.6085

Cluster 139 with 1 clients
Cluster communication time : 800
Cluster clients : [77]
Label percentage: ['0 : 0.08%', '1 : 0.00%', '2 : 0.00%', '3 : 0.00%', '4 : 4.99%', '5 : 0.08%', '6 : 1.66%', '7 : 1.11%', '8 : 77.59%', '9 : 14.49%']%
Divergence : jsd 0.5202, tvd 0.7208

Cluster 140 with 1 clients
Cluster communication time : 800
Cluster clients : [84]
Label percentage: ['0 : 80.43%', '1 : 0.00%', '2 : 0.00%', '3 : 0.00%', '4 : 17.39%', '5 : 0.00%', '6 : 2.17%', '7 : 0.00%', '8 : 0.00%', '9 : 0.00%']%
Divergence : jsd 0.6023, tvd 0.7783

Cluster 141 with 1 clients
Cluster communication time : 800
Cluster clients : [16]
Label percentage: ['0 : 0.00%', '1 : 0.00%', '2 : 83.33%', '3 : 13.33%', '4 : 0.00%', '5 : 3.33%', '6 : 0.00%', '7 : 0.00%', '8 : 0.00%', '9 : 0.00%']%
Divergence : jsd 0.6017, tvd 0.7667

Cluster 142 with 1 clients
Cluster communication time : 800
Cluster clients : [67]
Label percentage: ['0 : 0.00%', '1 : 0.00%', '2 : 0.00%', '3 : 93.75%', '4 : 0.00%', '5 : 0.00%', '6 : 0.00%', '7 : 6.25%', '8 : 0.00%', '9 : 0.00%']%
Divergence : jsd 0.6846, tvd 0.8375

Cluster 143 with 1 clients
Cluster communication time : 800
Cluster clients : [37]
Label percentage: ['0 : 0.00%', '1 : 0.00%', '2 : 1.42%', '3 : 0.00%', '4 : 5.67%', '5 : 92.91%', '6 : 0.00%', '7 : 0.00%', '8 : 0.00%', '9 : 0.00%']%
Divergence : jsd 0.6584, tvd 0.8291

Cluster 144 with 1 clients
Cluster communication time : 800
Cluster clients : [157]
Label percentage: ['0 : 0.00%', '1 : 0.00%', '2 : 0.00%', '3 : 0.00%', '4 : 0.00%', '5 : 0.00%', '6 : 0.00%', '7 : 0.00%', '8 : 100.00%', '9 : 0.00%']%
Divergence : jsd 0.7583, tvd 0.9000

Cluster 145 with 1 clients
Cluster communication time : 800
Cluster clients : [106]
Label percentage: ['0 : 0.00%', '1 : 1.18%', '2 : 0.00%', '3 : 0.00%', '4 : 0.00%', '5 : 1.18%', '6 : 16.47%', '7 : 81.18%', '8 : 0.00%', '9 : 0.00%']%
Divergence : jsd 0.5917, tvd 0.7765

Cluster 146 with 1 clients
Cluster communication time : 800
Cluster clients : [92]
Label percentage: ['0 : 0.00%', '1 : 7.07%', '2 : 0.00%', '3 : 51.18%', '4 : 0.00%', '5 : 4.04%', '6 : 0.00%', '7 : 23.23%', '8 : 0.67%', '9 : 13.80%']%
Divergence : jsd 0.3776, tvd 0.5822

Cluster 147 with 1 clients
Cluster communication time : 800
Cluster clients : [5]
Label percentage: ['0 : 0.00%', '1 : 0.00%', '2 : 77.14%', '3 : 0.00%', '4 : 0.00%', '5 : 0.63%', '6 : 0.00%', '7 : 0.00%', '8 : 1.27%', '9 : 20.95%']%
Divergence : jsd 0.5896, tvd 0.7810

Cluster 148 with 1 clients
Cluster communication time : 800
Cluster clients : [76]
Label percentage: ['0 : 2.62%', '1 : 2.25%', '2 : 20.97%', '3 : 1.12%', '4 : 12.36%', '5 : 0.00%', '6 : 2.62%', '7 : 55.81%', '8 : 2.25%', '9 : 0.00%']%
Divergence : jsd 0.3428, tvd 0.5914

Cluster 149 with 1 clients
Cluster communication time : 800
Cluster clients : [98]
Label percentage: ['0 : 0.00%', '1 : 0.00%', '2 : 88.00%', '3 : 0.00%', '4 : 11.20%', '5 : 0.00%', '6 : 0.00%', '7 : 0.80%', '8 : 0.00%', '9 : 0.00%']%
Divergence : jsd 0.6407, tvd 0.7920

Cluster 150 with 1 clients
Cluster communication time : 800
Cluster clients : [154]
Label percentage: ['0 : 0.00%', '1 : 0.00%', '2 : 0.00%', '3 : 0.00%', '4 : 0.00%', '5 : 20.00%', '6 : 0.00%', '7 : 0.00%', '8 : 0.00%', '9 : 80.00%']%
Divergence : jsd 0.6358, tvd 0.8000

Cluster 151 with 1 clients
Cluster communication time : 800
Cluster clients : [172]
Label percentage: ['0 : 0.00%', '1 : 1.59%', '2 : 0.00%', '3 : 6.35%', '4 : 1.59%', '5 : 0.00%', '6 : 0.00%', '7 : 0.00%', '8 : 4.76%', '9 : 85.71%']%
Divergence : jsd 0.5563, tvd 0.7571

Cluster 152 with 1 clients
Cluster communication time : 800
Cluster clients : [52]
Label percentage: ['0 : 0.00%', '1 : 0.00%', '2 : 3.77%', '3 : 0.00%', '4 : 1.69%', '5 : 0.00%', '6 : 1.88%', '7 : 92.66%', '8 : 0.00%', '9 : 0.00%']%
Divergence : jsd 0.6329, tvd 0.8266

Cluster 153 with 1 clients
Cluster communication time : 800
Cluster clients : [138]
Label percentage: ['0 : 3.45%', '1 : 1.23%', '2 : 0.00%', '3 : 4.19%', '4 : 68.72%', '5 : 0.00%', '6 : 20.69%', '7 : 1.23%', '8 : 0.49%', '9 : 0.00%']%
Divergence : jsd 0.4564, tvd 0.6941

Cluster 154 with 1 clients
Cluster communication time : 800
Cluster clients : [50]
Label percentage: ['0 : 0.00%', '1 : 33.33%', '2 : 0.00%', '3 : 0.00%', '4 : 0.00%', '5 : 0.00%', '6 : 16.67%', '7 : 0.00%', '8 : 50.00%', '9 : 0.00%']%
Divergence : jsd 0.5089, tvd 0.7000

Cluster 155 with 1 clients
Cluster communication time : 800
Cluster clients : [80]
Label percentage: ['0 : 0.00%', '1 : 16.16%', '2 : 1.01%', '3 : 5.05%', '4 : 0.00%', '5 : 27.27%', '6 : 6.06%', '7 : 5.05%', '8 : 39.39%', '9 : 0.00%']%
Divergence : jsd 0.2989, tvd 0.5283

Cluster 156 with 1 clients
Cluster communication time : 800
Cluster clients : [74]
Label percentage: ['0 : 1.30%', '1 : 0.00%', '2 : 0.00%', '3 : 3.90%', '4 : 50.65%', '5 : 0.00%', '6 : 41.56%', '7 : 2.60%', '8 : 0.00%', '9 : 0.00%']%
Divergence : jsd 0.4864, tvd 0.7221

Cluster 157 with 1 clients
Cluster communication time : 800
Cluster clients : [188]
Label percentage: ['0 : 87.32%', '1 : 4.23%', '2 : 0.00%', '3 : 0.00%', '4 : 0.00%', '5 : 0.70%', '6 : 2.82%', '7 : 0.00%', '8 : 4.93%', '9 : 0.00%']%
Divergence : jsd 0.5694, tvd 0.7732

Cluster 158 with 1 clients
Cluster communication time : 800
Cluster clients : [42]
Label percentage: ['0 : 0.00%', '1 : 0.00%', '2 : 69.70%', '3 : 0.00%', '4 : 1.01%', '5 : 0.00%', '6 : 20.20%', '7 : 0.00%', '8 : 0.00%', '9 : 9.09%']%
Divergence : jsd 0.5249, tvd 0.6990

Cluster 159 with 1 clients
Cluster communication time : 800
Cluster clients : [175]
Label percentage: ['0 : 0.00%', '1 : 8.29%', '2 : 0.00%', '3 : 3.63%', '4 : 0.00%', '5 : 2.59%', '6 : 0.00%', '7 : 5.44%', '8 : 0.78%', '9 : 79.27%']%
Divergence : jsd 0.4877, tvd 0.6927

Cluster 160 with 1 clients
Cluster communication time : 800
Cluster clients : [53]
Label percentage: ['0 : 7.25%', '1 : 0.00%', '2 : 17.39%', '3 : 0.00%', '4 : 0.00%', '5 : 0.00%', '6 : 13.04%', '7 : 47.83%', '8 : 14.49%', '9 : 0.00%']%
Divergence : jsd 0.3604, tvd 0.5275

Cluster 161 with 1 clients
Cluster communication time : 800
Cluster clients : [1]
Label percentage: ['0 : 0.00%', '1 : 0.00%', '2 : 0.00%', '3 : 6.15%', '4 : 0.38%', '5 : 0.00%', '6 : 93.08%', '7 : 0.38%', '8 : 0.00%', '9 : 0.00%']%
Divergence : jsd 0.6620, tvd 0.8308

Cluster 162 with 1 clients
Cluster communication time : 800
Cluster clients : [0]
Label percentage: ['0 : 18.25%', '1 : 1.54%', '2 : 0.00%', '3 : 0.00%', '4 : 44.73%', '5 : 1.29%', '6 : 32.13%', '7 : 0.77%', '8 : 0.00%', '9 : 1.29%']%
Divergence : jsd 0.4028, tvd 0.6512

Cluster 163 with 1 clients
Cluster communication time : 800
Cluster clients : [33]
Label percentage: ['0 : 3.31%', '1 : 11.60%', '2 : 14.92%', '3 : 0.00%', '4 : 0.00%', '5 : 54.70%', '6 : 0.00%', '7 : 15.47%', '8 : 0.00%', '9 : 0.00%']%
Divergence : jsd 0.3934, tvd 0.5669

Cluster 164 with 1 clients
Cluster communication time : 800
Cluster clients : [32]
Label percentage: ['0 : 0.25%', '1 : 0.00%', '2 : 50.50%', '3 : 0.00%', '4 : 3.27%', '5 : 0.00%', '6 : 1.26%', '7 : 6.78%', '8 : 0.00%', '9 : 37.94%']%
Divergence : jsd 0.4552, tvd 0.6844

Cluster 165 with 1 clients
Cluster communication time : 800
Cluster clients : [113]
Label percentage: ['0 : 0.00%', '1 : 0.00%', '2 : 0.00%', '3 : 73.16%', '4 : 0.00%', '5 : 0.00%', '6 : 2.94%', '7 : 0.74%', '8 : 0.37%', '9 : 22.79%']%
Divergence : jsd 0.5533, tvd 0.7596

Cluster 166 with 1 clients
Cluster communication time : 800
Cluster clients : [167]
Label percentage: ['0 : 83.95%', '1 : 0.00%', '2 : 0.00%', '3 : 0.00%', '4 : 7.41%', '5 : 8.64%', '6 : 0.00%', '7 : 0.00%', '8 : 0.00%', '9 : 0.00%']%
Divergence : jsd 0.5918, tvd 0.7395

Cluster 167 with 1 clients
Cluster communication time : 800
Cluster clients : [158]
Label percentage: ['0 : 0.00%', '1 : 64.78%', '2 : 13.52%', '3 : 0.63%', '4 : 0.00%', '5 : 10.06%', '6 : 10.69%', '7 : 0.00%', '8 : 0.00%', '9 : 0.31%']%
Divergence : jsd 0.4410, tvd 0.5906

Cluster 168 with 1 clients
Cluster communication time : 800
Cluster clients : [35]
Label percentage: ['0 : 0.55%', '1 : 0.00%', '2 : 39.67%', '3 : 0.00%', '4 : 0.00%', '5 : 0.00%', '6 : 0.18%', '7 : 55.58%', '8 : 1.83%', '9 : 2.19%']%
Divergence : jsd 0.5177, tvd 0.7525

Cluster 169 with 1 clients
Cluster communication time : 800
Cluster clients : [18]
Label percentage: ['0 : 0.00%', '1 : 0.00%', '2 : 0.00%', '3 : 14.29%', '4 : 0.00%', '5 : 0.00%', '6 : 0.00%', '7 : 85.71%', '8 : 0.00%', '9 : 0.00%']%
Divergence : jsd 0.6501, tvd 0.8000

Cluster 170 with 1 clients
Cluster communication time : 800
Cluster clients : [186]
Label percentage: ['0 : 0.00%', '1 : 2.11%', '2 : 5.26%', '3 : 31.58%', '4 : 48.95%', '5 : 6.32%', '6 : 0.00%', '7 : 0.00%', '8 : 5.79%', '9 : 0.00%']%
Divergence : jsd 0.3763, tvd 0.6053

Cluster 171 with 1 clients
Cluster communication time : 800
Cluster clients : [99]
Label percentage: ['0 : 11.48%', '1 : 0.00%', '2 : 0.00%', '3 : 28.44%', '4 : 26.51%', '5 : 0.00%', '6 : 0.00%', '7 : 30.65%', '8 : 0.00%', '9 : 2.92%']%
Divergence : jsd 0.3660, tvd 0.5708

Cluster 172 with 1 clients
Cluster communication time : 800
Cluster clients : [46]
Label percentage: ['0 : 0.00%', '1 : 0.00%', '2 : 2.97%', '3 : 72.46%', '4 : 12.92%', '5 : 0.21%', '6 : 1.06%', '7 : 7.63%', '8 : 0.00%', '9 : 2.75%']%
Divergence : jsd 0.4491, tvd 0.6538

Cluster 173 with 1 clients
Cluster communication time : 800
Cluster clients : [71]
Label percentage: ['0 : 0.00%', '1 : 6.93%', '2 : 1.98%', '3 : 0.00%', '4 : 0.00%', '5 : 1.98%', '6 : 0.00%', '7 : 0.00%', '8 : 26.73%', '9 : 62.38%']%
Divergence : jsd 0.4751, tvd 0.6911

Cluster 174 with 1 clients
Cluster communication time : 800
Cluster clients : [104]
Label percentage: ['0 : 1.03%', '1 : 0.00%', '2 : 0.00%', '3 : 0.00%', '4 : 41.54%', '5 : 46.67%', '6 : 0.00%', '7 : 0.00%', '8 : 5.13%', '9 : 5.64%']%
Divergence : jsd 0.4583, tvd 0.6821

Cluster 175 with 1 clients
Cluster communication time : 800
Cluster clients : [55]
Label percentage: ['0 : 5.04%', '1 : 0.00%', '2 : 46.22%', '3 : 0.84%', '4 : 0.00%', '5 : 18.49%', '6 : 29.41%', '7 : 0.00%', '8 : 0.00%', '9 : 0.00%']%
Divergence : jsd 0.4254, tvd 0.6412

Cluster 176 with 1 clients
Cluster communication time : 800
Cluster clients : [3]
Label percentage: ['0 : 3.70%', '1 : 3.70%', '2 : 0.00%', '3 : 0.00%', '4 : 7.41%', '5 : 18.52%', '6 : 66.67%', '7 : 0.00%', '8 : 0.00%', '9 : 0.00%']%
Divergence : jsd 0.4516, tvd 0.6519

Cluster 177 with 1 clients
Cluster communication time : 800
Cluster clients : [182]
Label percentage: ['0 : 0.00%', '1 : 0.00%', '2 : 0.00%', '3 : 0.00%', '4 : 0.00%', '5 : 0.00%', '6 : 94.94%', '7 : 0.00%', '8 : 5.06%', '9 : 0.00%']%
Divergence : jsd 0.6925, tvd 0.8494

Cluster 178 with 1 clients
Cluster communication time : 800
Cluster clients : [146]
Label percentage: ['0 : 37.45%', '1 : 0.00%', '2 : 48.51%', '3 : 13.19%', '4 : 0.85%', '5 : 0.00%', '6 : 0.00%', '7 : 0.00%', '8 : 0.00%', '9 : 0.00%']%
Divergence : jsd 0.4948, tvd 0.6915

Cluster 179 with 1 clients
Cluster communication time : 800
Cluster clients : [26]
Label percentage: ['0 : 0.00%', '1 : 0.29%', '2 : 0.00%', '3 : 0.00%', '4 : 0.87%', '5 : 19.19%', '6 : 0.00%', '7 : 0.00%', '8 : 14.53%', '9 : 65.12%']%
Divergence : jsd 0.5010, tvd 0.6884

Cluster 180 with 1 clients
Cluster communication time : 800
Cluster clients : [139]
Label percentage: ['0 : 33.33%', '1 : 0.00%', '2 : 0.00%', '3 : 0.00%', '4 : 0.00%', '5 : 0.00%', '6 : 16.67%', '7 : 50.00%', '8 : 0.00%', '9 : 0.00%']%
Divergence : jsd 0.5089, tvd 0.7000

Cluster 181 with 1 clients
Cluster communication time : 800
Cluster clients : [97]
Label percentage: ['0 : 0.00%', '1 : 11.02%', '2 : 0.34%', '3 : 0.00%', '4 : 3.61%', '5 : 2.93%', '6 : 0.00%', '7 : 2.07%', '8 : 70.91%', '9 : 9.12%']%
Divergence : jsd 0.4239, tvd 0.6193

Cluster 182 with 1 clients
Cluster communication time : 800
Cluster clients : [194]
Label percentage: ['0 : 0.00%', '1 : 0.00%', '2 : 10.00%', '3 : 0.48%', '4 : 0.00%', '5 : 0.00%', '6 : 9.52%', '7 : 0.00%', '8 : 0.00%', '9 : 80.00%']%
Divergence : jsd 0.5620, tvd 0.7000

Cluster 183 with 1 clients
Cluster communication time : 800
Cluster clients : [120]
Label percentage: ['0 : 28.57%', '1 : 3.17%', '2 : 0.00%', '3 : 61.11%', '4 : 0.00%', '5 : 0.00%', '6 : 0.00%', '7 : 0.00%', '8 : 1.59%', '9 : 5.56%']%
Divergence : jsd 0.4735, tvd 0.6968

Cluster 184 with 1 clients
Cluster communication time : 800
Cluster clients : [95]
Label percentage: ['0 : 90.03%', '1 : 0.00%', '2 : 0.00%', '3 : 0.00%', '4 : 0.00%', '5 : 0.17%', '6 : 0.00%', '7 : 0.00%', '8 : 1.66%', '9 : 8.14%']%
Divergence : jsd 0.6349, tvd 0.8003

Cluster 185 with 1 clients
Cluster communication time : 800
Cluster clients : [28]
Label percentage: ['0 : 6.90%', '1 : 1.15%', '2 : 0.00%', '3 : 2.30%', '4 : 0.00%', '5 : 0.00%', '6 : 14.94%', '7 : 0.00%', '8 : 74.71%', '9 : 0.00%']%
Divergence : jsd 0.5052, tvd 0.6966

Cluster 186 with 1 clients
Cluster communication time : 800
Cluster clients : [40]
Label percentage: ['0 : 0.00%', '1 : 2.60%', '2 : 0.00%', '3 : 0.00%', '4 : 12.99%', '5 : 0.00%', '6 : 0.00%', '7 : 1.30%', '8 : 0.00%', '9 : 83.12%']%
Divergence : jsd 0.5821, tvd 0.7610

Cluster 187 with 1 clients
Cluster communication time : 800
Cluster clients : [13]
Label percentage: ['0 : 1.48%', '1 : 48.34%', '2 : 19.56%', '3 : 0.37%', '4 : 0.00%', '5 : 8.86%', '6 : 19.56%', '7 : 0.00%', '8 : 1.85%', '9 : 0.00%']%
Divergence : jsd 0.3601, tvd 0.5745

Cluster 188 with 1 clients
Cluster communication time : 800
Cluster clients : [193]
Label percentage: ['0 : 2.70%', '1 : 0.00%', '2 : 0.00%', '3 : 0.00%', '4 : 36.04%', '5 : 0.00%', '6 : 0.00%', '7 : 60.36%', '8 : 0.00%', '9 : 0.90%']%
Divergence : jsd 0.5489, tvd 0.7640

Cluster 189 with 1 clients
Cluster communication time : 800
Cluster clients : [63]
Label percentage: ['0 : 30.02%', '1 : 44.42%', '2 : 0.00%', '3 : 0.20%', '4 : 2.43%', '5 : 21.91%', '6 : 0.00%', '7 : 1.01%', '8 : 0.00%', '9 : 0.00%']%
Divergence : jsd 0.4314, tvd 0.6635

Cluster 190 with 1 clients
Cluster communication time : 800
Cluster clients : [119]
Label percentage: ['0 : 1.24%', '1 : 0.00%', '2 : 0.00%', '3 : 70.03%', '4 : 0.00%', '5 : 0.00%', '6 : 0.00%', '7 : 28.59%', '8 : 0.00%', '9 : 0.14%']%
Divergence : jsd 0.5898, tvd 0.7862

Cluster 191 with 1 clients
Cluster communication time : 800
Cluster clients : [7]
Label percentage: ['0 : 0.00%', '1 : 0.77%', '2 : 0.00%', '3 : 0.00%', '4 : 43.57%', '5 : 0.00%', '6 : 55.66%', '7 : 0.00%', '8 : 0.00%', '9 : 0.00%']%
Divergence : jsd 0.5919, tvd 0.7923

Cluster 192 with 1 clients
Cluster communication time : 800
Cluster clients : [135]
Label percentage: ['0 : 51.02%', '1 : 36.73%', '2 : 4.59%', '3 : 0.00%', '4 : 7.65%', '5 : 0.00%', '6 : 0.00%', '7 : 0.00%', '8 : 0.00%', '9 : 0.00%']%
Divergence : jsd 0.4759, tvd 0.6776

Cluster 193 with 1 clients
Cluster communication time : 800
Cluster clients : [166]
Label percentage: ['0 : 6.77%', '1 : 0.00%', '2 : 0.00%', '3 : 0.00%', '4 : 0.00%', '5 : 92.15%', '6 : 0.00%', '7 : 1.08%', '8 : 0.00%', '9 : 0.00%']%
Divergence : jsd 0.6568, tvd 0.8215

Cluster 194 with 1 clients
Cluster communication time : 800
Cluster clients : [197]
Label percentage: ['0 : 41.06%', '1 : 14.44%', '2 : 0.00%', '3 : 0.65%', '4 : 0.22%', '5 : 9.70%', '6 : 2.48%', '7 : 0.00%', '8 : 0.00%', '9 : 31.47%']%
Divergence : jsd 0.3649, tvd 0.5696

Cluster 195 with 1 clients
Cluster communication time : 800
Cluster clients : [176]
Label percentage: ['0 : 0.00%', '1 : 9.09%', '2 : 0.00%', '3 : 81.82%', '4 : 0.00%', '5 : 0.00%', '6 : 9.09%', '7 : 0.00%', '8 : 0.00%', '9 : 0.00%']%
Divergence : jsd 0.5814, tvd 0.7182

Cluster 196 with 1 clients
Cluster communication time : 800
Cluster clients : [91]
Label percentage: ['0 : 0.00%', '1 : 0.00%', '2 : 0.00%', '3 : 2.08%', '4 : 9.38%', '5 : 0.00%', '6 : 22.92%', '7 : 0.00%', '8 : 1.04%', '9 : 64.58%']%
Divergence : jsd 0.4804, tvd 0.6750

Cluster 197 with 1 clients
Cluster communication time : 800
Cluster clients : [189]
Label percentage: ['0 : 0.00%', '1 : 6.57%', '2 : 5.84%', '3 : 78.83%', '4 : 0.00%', '5 : 0.00%', '6 : 4.38%', '7 : 0.00%', '8 : 4.38%', '9 : 0.00%']%
Divergence : jsd 0.4915, tvd 0.6883

Cluster 198 with 1 clients
Cluster communication time : 800
Cluster clients : [65]
Label percentage: ['0 : 0.00%', '1 : 0.00%', '2 : 0.00%', '3 : 50.00%', '4 : 0.00%', '5 : 4.55%', '6 : 4.55%', '7 : 0.00%', '8 : 0.00%', '9 : 40.91%']%
Divergence : jsd 0.4927, tvd 0.7091

Cluster 199 with 1 clients
Cluster communication time : 800
Cluster clients : [159]
Label percentage: ['0 : 29.44%', '1 : 0.53%', '2 : 0.00%', '3 : 0.00%', '4 : 0.00%', '5 : 17.77%', '6 : 8.49%', '7 : 19.36%', '8 : 20.95%', '9 : 3.45%']%
Divergence : jsd 0.2693, tvd 0.4753

