Cluster 0 with 13 clients
Cluster communication time : 800
Cluster clients : [20, 28, 31, 34, 37, 38, 56, 65, 71, 72, 85, 95, 99]
Straggler within the cluster : 1410
Label percentage: ['0 : 5.87%', '1 : 11.53%', '2 : 11.92%', '3 : 12.71%', '4 : 7.23%', '5 : 10.97%', '6 : 15.01%', '7 : 8.83%', '8 : 8.00%', '9 : 7.92%']%
Divergence : jsd 0.0134, tvd 0.1215

Cluster 1 with 8 clients
Cluster communication time : 800
Cluster clients : [0, 13, 21, 51, 55, 63, 68, 78]
Straggler within the cluster : 2410
Label percentage: ['0 : 9.52%', '1 : 9.39%', '2 : 9.86%', '3 : 10.31%', '4 : 11.59%', '5 : 17.35%', '6 : 0.00%', '7 : 1.26%', '8 : 19.51%', '9 : 11.20%']%
Divergence : jsd 0.0971, tvd 0.1996

Cluster 2 with 13 clients
Cluster communication time : 800
Cluster clients : [1, 5, 16, 18, 30, 36, 49, 62, 80, 83, 86, 89, 92]
Straggler within the cluster : 915
Label percentage: ['0 : 5.87%', '1 : 11.95%', '2 : 11.34%', '3 : 12.68%', '4 : 14.80%', '5 : 7.51%', '6 : 15.27%', '7 : 9.68%', '8 : 2.54%', '9 : 8.36%']%
Divergence : jsd 0.0323, tvd 0.1604

Cluster 3 with 11 clients
Cluster communication time : 800
Cluster clients : [2, 8, 32, 43, 44, 57, 69, 81, 84, 90, 97]
Straggler within the cluster : 2235
Label percentage: ['0 : 13.60%', '1 : 6.70%', '2 : 6.92%', '3 : 7.22%', '4 : 8.29%', '5 : 11.99%', '6 : 13.04%', '7 : 9.85%', '8 : 13.60%', '9 : 8.79%']%
Divergence : jsd 0.0130, tvd 0.1223

Cluster 4 with 8 clients
Cluster communication time : 800
Cluster clients : [7, 23, 41, 48, 54, 64, 74, 91]
Straggler within the cluster : 2435
Label percentage: ['0 : 9.51%', '1 : 9.29%', '2 : 10.20%', '3 : 10.44%', '4 : 5.84%', '5 : 16.77%', '6 : 18.39%', '7 : 6.97%', '8 : 2.52%', '9 : 10.07%']%
Divergence : jsd 0.0387, tvd 0.1587

Cluster 5 with 10 clients
Cluster communication time : 800
Cluster clients : [9, 10, 17, 19, 39, 52, 53, 58, 61, 66]
Straggler within the cluster : 2470
Label percentage: ['0 : 14.14%', '1 : 14.24%', '2 : 8.80%', '3 : 11.56%', '4 : 10.17%', '5 : 1.48%', '6 : 0.00%', '7 : 12.34%', '8 : 16.86%', '9 : 10.42%']%
Divergence : jsd 0.0889, tvd 0.1973

Cluster 6 with 7 clients
Cluster communication time : 800
Cluster clients : [14, 15, 40, 46, 47, 87, 96]
Straggler within the cluster : 2365
Label percentage: ['0 : 10.47%', '1 : 11.07%', '2 : 12.14%', '3 : 8.97%', '4 : 14.27%', '5 : 0.85%', '6 : 2.43%', '7 : 17.65%', '8 : 7.00%', '9 : 15.15%']%
Divergence : jsd 0.0679, tvd 0.2074

Cluster 7 with 10 clients
Cluster communication time : 800
Cluster clients : [4, 12, 24, 27, 35, 50, 59, 67, 77, 88]
Straggler within the cluster : 1710
Label percentage: ['0 : 14.76%', '1 : 7.07%', '2 : 7.88%', '3 : 8.58%', '4 : 12.91%', '5 : 14.32%', '6 : 9.23%', '7 : 11.69%', '8 : 3.33%', '9 : 10.22%']%
Divergence : jsd 0.0238, tvd 0.1391

Cluster 8 with 9 clients
Cluster communication time : 800
Cluster clients : [6, 29, 33, 45, 73, 75, 76, 82, 93]
Straggler within the cluster : 1875
Label percentage: ['0 : 12.37%', '1 : 12.53%', '2 : 6.52%', '3 : 9.31%', '4 : 7.59%', '5 : 4.44%', '6 : 5.49%', '7 : 12.93%', '8 : 17.69%', '9 : 11.12%']%
Divergence : jsd 0.0280, tvd 0.1664

Cluster 9 with 11 clients
Cluster communication time : 800
Cluster clients : [3, 11, 22, 25, 26, 42, 60, 70, 79, 94, 98]
Straggler within the cluster : 1175
Label percentage: ['0 : 6.71%', '1 : 6.78%', '2 : 13.70%', '3 : 7.27%', '4 : 8.19%', '5 : 12.53%', '6 : 13.23%', '7 : 10.09%', '8 : 11.38%', '9 : 10.14%']%
Divergence : jsd 0.0119, tvd 0.1106

