Cluster 0 with 13 clients
Cluster communication time : 800
Cluster clients : [0, 1, 8, 10, 20, 22, 26, 28, 54, 57, 74, 94, 99]
Straggler within the cluster : 4713852
Label percentage: ['0 : 8.23%', '1 : 7.46%', '2 : 4.09%', '3 : 4.20%', '4 : 1.17%', '5 : 6.98%', '6 : 61.32%', '7 : 3.39%', '8 : 2.50%', '9 : 0.65%']%
Divergence : jsd 0.2640, tvd 0.5132

Cluster 1 with 5 clients
Cluster communication time : 800
Cluster clients : [21, 42, 45, 71, 88]
Straggler within the cluster : 4858444
Label percentage: ['0 : 0.30%', '1 : 0.65%', '2 : 0.87%', '3 : 4.89%', '4 : 1.17%', '5 : 0.09%', '6 : 0.69%', '7 : 42.91%', '8 : 15.31%', '9 : 33.13%']%
Divergence : jsd 0.3577, tvd 0.6135

Cluster 2 with 10 clients
Cluster communication time : 800
Cluster clients : [2, 4, 14, 61, 63, 66, 69, 79, 81, 95]
Straggler within the cluster : 5074194
Label percentage: ['0 : 70.93%', '1 : 2.92%', '2 : 6.70%', '3 : 1.23%', '4 : 5.23%', '5 : 0.76%', '6 : 0.10%', '7 : 4.53%', '8 : 5.75%', '9 : 1.85%']%
Divergence : jsd 0.3516, tvd 0.6093

Cluster 3 with 13 clients
Cluster communication time : 800
Cluster clients : [3, 7, 34, 37, 38, 39, 41, 49, 52, 55, 56, 58, 97]
Straggler within the cluster : 5433990
Label percentage: ['0 : 5.07%', '1 : 2.60%', '2 : 5.56%', '3 : 65.99%', '4 : 3.27%', '5 : 1.41%', '6 : 6.19%', '7 : 2.13%', '8 : 3.60%', '9 : 4.19%']%
Divergence : jsd 0.2764, tvd 0.5599

Cluster 4 with 8 clients
Cluster communication time : 800
Cluster clients : [36, 47, 48, 70, 76, 89, 91, 96]
Straggler within the cluster : 57880
Label percentage: ['0 : 1.32%', '1 : 2.31%', '2 : 56.52%', '3 : 2.35%', '4 : 6.67%', '5 : 2.35%', '6 : 13.16%', '7 : 0.78%', '8 : 13.74%', '9 : 0.81%']%
Divergence : jsd 0.2854, tvd 0.5343

Cluster 5 with 12 clients
Cluster communication time : 800
Cluster clients : [11, 23, 31, 35, 40, 43, 44, 65, 73, 78, 82, 92]
Straggler within the cluster : 4897722
Label percentage: ['0 : 1.45%', '1 : 61.83%', '2 : 1.80%', '3 : 13.06%', '4 : 5.00%', '5 : 3.04%', '6 : 0.51%', '7 : 7.61%', '8 : 0.78%', '9 : 4.93%']%
Divergence : jsd 0.2994, tvd 0.5489

Cluster 6 with 11 clients
Cluster communication time : 800
Cluster clients : [9, 12, 13, 16, 18, 59, 64, 67, 68, 83, 85]
Straggler within the cluster : 70750
Label percentage: ['0 : 3.05%', '1 : 1.24%', '2 : 6.12%', '3 : 5.55%', '4 : 41.26%', '5 : 0.96%', '6 : 5.02%', '7 : 3.45%', '8 : 25.07%', '9 : 8.29%']%
Divergence : jsd 0.1982, tvd 0.4633

Cluster 7 with 9 clients
Cluster communication time : 800
Cluster clients : [6, 24, 27, 29, 32, 53, 84, 87, 90]
Straggler within the cluster : 5520798
Label percentage: ['0 : 4.61%', '1 : 0.11%', '2 : 2.48%', '3 : 0.17%', '4 : 5.29%', '5 : 74.89%', '6 : 2.00%', '7 : 0.38%', '8 : 10.07%', '9 : 0.00%']%
Divergence : jsd 0.4345, tvd 0.6496

Cluster 8 with 10 clients
Cluster communication time : 800
Cluster clients : [5, 19, 46, 51, 72, 75, 77, 80, 93, 98]
Straggler within the cluster : 81870
Label percentage: ['0 : 1.44%', '1 : 2.13%', '2 : 1.79%', '3 : 0.46%', '4 : 2.53%', '5 : 5.07%', '6 : 6.48%', '7 : 78.43%', '8 : 0.95%', '9 : 0.72%']%
Divergence : jsd 0.4163, tvd 0.6843

Cluster 9 with 9 clients
Cluster communication time : 800
Cluster clients : [15, 17, 25, 30, 33, 50, 60, 62, 86]
Straggler within the cluster : 84272
Label percentage: ['0 : 2.36%', '1 : 12.32%', '2 : 0.50%', '3 : 0.60%', '4 : 1.15%', '5 : 0.24%', '6 : 0.72%', '7 : 0.07%', '8 : 13.56%', '9 : 68.49%']%
Divergence : jsd 0.4260, tvd 0.6437

