Cluster 0 with 11 clients
Cluster communication time : 800
Cluster clients : [8, 38, 44, 45, 49, 56, 67, 73, 83, 88, 95]
Straggler within the cluster : 2555
Label percentage: ['0 : 7.14%', '1 : 10.58%', '2 : 6.78%', '3 : 6.61%', '4 : 7.02%', '5 : 15.13%', '6 : 12.57%', '7 : 9.85%', '8 : 15.03%', '9 : 9.28%']%
Divergence : jsd 0.0171, tvd 0.1331

Cluster 1 with 13 clients
Cluster communication time : 800
Cluster clients : [2, 10, 13, 27, 41, 51, 53, 54, 63, 66, 74, 87, 96]
Straggler within the cluster : 4290
Label percentage: ['0 : 15.86%', '1 : 10.26%', '2 : 6.03%', '3 : 8.19%', '4 : 4.14%', '5 : 11.42%', '6 : 11.36%', '7 : 13.05%', '8 : 12.16%', '9 : 7.52%']%
Divergence : jsd 0.0223, tvd 0.1412

Cluster 2 with 10 clients
Cluster communication time : 800
Cluster clients : [1, 5, 18, 30, 35, 36, 50, 80, 89, 92]
Straggler within the cluster : 1545
Label percentage: ['0 : 7.37%', '1 : 7.66%', '2 : 14.54%', '3 : 8.40%', '4 : 14.06%', '5 : 9.63%', '6 : 12.60%', '7 : 12.42%', '8 : 3.25%', '9 : 10.06%']%
Divergence : jsd 0.0236, tvd 0.1368

Cluster 3 with 10 clients
Cluster communication time : 800
Cluster clients : [12, 29, 33, 46, 68, 75, 76, 82, 84, 90]
Straggler within the cluster : 3690
Label percentage: ['0 : 14.36%', '1 : 14.02%', '2 : 8.01%', '3 : 8.37%', '4 : 1.51%', '5 : 14.24%', '6 : 2.01%', '7 : 11.63%', '8 : 15.82%', '9 : 10.04%']%
Divergence : jsd 0.0607, tvd 0.2010

Cluster 4 with 7 clients
Cluster communication time : 800
Cluster clients : [7, 14, 19, 40, 55, 64, 93]
Straggler within the cluster : 4575
Label percentage: ['0 : 11.56%', '1 : 11.41%', '2 : 8.77%', '3 : 8.86%', '4 : 14.08%', '5 : 0.00%', '6 : 6.07%', '7 : 17.39%', '8 : 6.91%', '9 : 14.95%']%
Divergence : jsd 0.0702, tvd 0.1940

Cluster 5 with 7 clients
Cluster communication time : 800
Cluster clients : [0, 9, 15, 48, 52, 61, 91]
Straggler within the cluster : 4940
Label percentage: ['0 : 11.52%', '1 : 10.78%', '2 : 12.38%', '3 : 12.20%', '4 : 13.18%', '5 : 0.86%', '6 : 0.00%', '7 : 1.69%', '8 : 23.67%', '9 : 13.71%']%
Divergence : jsd 0.1327, tvd 0.2745

Cluster 6 with 11 clients
Cluster communication time : 800
Cluster clients : [3, 16, 20, 31, 34, 37, 43, 70, 86, 94, 99]
Straggler within the cluster : 1675
Label percentage: ['0 : 0.00%', '1 : 6.82%', '2 : 14.11%', '3 : 14.94%', '4 : 17.02%', '5 : 0.68%', '6 : 17.67%', '7 : 10.40%', '8 : 9.41%', '9 : 8.94%']%
Divergence : jsd 0.1081, tvd 0.2414

Cluster 7 with 11 clients
Cluster communication time : 800
Cluster clients : [4, 24, 28, 47, 58, 59, 65, 69, 77, 81, 97]
Straggler within the cluster : 3100
Label percentage: ['0 : 13.83%', '1 : 13.32%', '2 : 7.38%', '3 : 7.84%', '4 : 8.72%', '5 : 12.91%', '6 : 15.11%', '7 : 10.70%', '8 : 1.27%', '9 : 8.93%']%
Divergence : jsd 0.0397, tvd 0.1586

Cluster 8 with 8 clients
Cluster communication time : 800
Cluster clients : [6, 17, 21, 23, 32, 39, 57, 78]
Straggler within the cluster : 4860
Label percentage: ['0 : 14.13%', '1 : 10.11%', '2 : 10.61%', '3 : 11.44%', '4 : 6.97%', '5 : 18.31%', '6 : 0.55%', '7 : 14.84%', '8 : 2.27%', '9 : 10.76%']%
Divergence : jsd 0.0735, tvd 0.2020

Cluster 9 with 12 clients
Cluster communication time : 800
Cluster clients : [11, 22, 25, 26, 42, 60, 62, 71, 72, 79, 85, 98]
Straggler within the cluster : 2025
Label percentage: ['0 : 6.37%', '1 : 6.44%', '2 : 12.92%', '3 : 13.80%', '4 : 15.55%', '5 : 11.58%', '6 : 12.56%', '7 : 0.00%', '8 : 10.80%', '9 : 9.98%']%
Divergence : jsd 0.0652, tvd 0.1722

