Cluster 0 with 10 clients
Cluster communication time : 800
Cluster clients : [8, 16, 27, 31, 49, 58, 61, 73, 81, 98]
Straggler within the cluster : 300
Label percentage: ['0 : 9.90%', '1 : 10.04%', '2 : 10.12%', '3 : 10.12%', '4 : 10.06%', '5 : 9.90%', '6 : 9.96%', '7 : 9.88%', '8 : 10.00%', '9 : 10.04%']%
Divergence : jsd 0.0000, tvd 0.0037

Cluster 1 with 10 clients
Cluster communication time : 800
Cluster clients : [2, 14, 25, 37, 40, 52, 63, 74, 82, 97]
Straggler within the cluster : 300
Label percentage: ['0 : 10.04%', '1 : 9.90%', '2 : 9.94%', '3 : 9.96%', '4 : 10.08%', '5 : 10.14%', '6 : 9.98%', '7 : 9.90%', '8 : 10.16%', '9 : 9.90%']%
Divergence : jsd 0.0000, tvd 0.0042

Cluster 2 with 10 clients
Cluster communication time : 800
Cluster clients : [5, 10, 23, 32, 46, 59, 62, 75, 87, 92]
Straggler within the cluster : 300
Label percentage: ['0 : 10.08%', '1 : 9.98%', '2 : 10.10%', '3 : 10.00%', '4 : 10.04%', '5 : 9.86%', '6 : 10.00%', '7 : 9.98%', '8 : 9.94%', '9 : 10.02%']%
Divergence : jsd 0.0000, tvd 0.0024

Cluster 3 with 10 clients
Cluster communication time : 800
Cluster clients : [1, 13, 20, 34, 43, 51, 66, 77, 84, 99]
Straggler within the cluster : 300
Label percentage: ['0 : 9.90%', '1 : 9.92%', '2 : 9.84%', '3 : 10.06%', '4 : 10.16%', '5 : 10.14%', '6 : 9.98%', '7 : 9.98%', '8 : 10.16%', '9 : 9.88%']%
Divergence : jsd 0.0000, tvd 0.0051

Cluster 4 with 10 clients
Cluster communication time : 800
Cluster clients : [3, 18, 21, 38, 42, 55, 68, 70, 83, 94]
Straggler within the cluster : 300
Label percentage: ['0 : 9.98%', '1 : 10.04%', '2 : 10.16%', '3 : 9.88%', '4 : 9.94%', '5 : 10.16%', '6 : 9.98%', '7 : 9.96%', '8 : 9.92%', '9 : 9.96%']%
Divergence : jsd 0.0000, tvd 0.0037

Cluster 5 with 10 clients
Cluster communication time : 800
Cluster clients : [9, 15, 29, 30, 45, 57, 64, 79, 80, 93]
Straggler within the cluster : 300
Label percentage: ['0 : 10.06%', '1 : 10.20%', '2 : 9.84%', '3 : 9.96%', '4 : 9.94%', '5 : 10.00%', '6 : 10.06%', '7 : 10.02%', '8 : 9.98%', '9 : 9.94%']%
Divergence : jsd 0.0000, tvd 0.0034

Cluster 6 with 10 clients
Cluster communication time : 800
Cluster clients : [7, 19, 28, 35, 41, 53, 67, 78, 88, 96]
Straggler within the cluster : 300
Label percentage: ['0 : 10.02%', '1 : 9.90%', '2 : 10.00%', '3 : 10.04%', '4 : 9.96%', '5 : 9.84%', '6 : 10.06%', '7 : 10.02%', '8 : 10.00%', '9 : 10.14%']%
Divergence : jsd 0.0000, tvd 0.0029

Cluster 7 with 10 clients
Cluster communication time : 800
Cluster clients : [6, 11, 22, 39, 47, 50, 65, 72, 85, 90]
Straggler within the cluster : 300
Label percentage: ['0 : 10.02%', '1 : 9.88%', '2 : 9.90%', '3 : 9.92%', '4 : 9.94%', '5 : 10.08%', '6 : 10.04%', '7 : 10.20%', '8 : 10.00%', '9 : 10.04%']%
Divergence : jsd 0.0000, tvd 0.0037

Cluster 8 with 10 clients
Cluster communication time : 800
Cluster clients : [4, 12, 24, 36, 48, 54, 69, 76, 86, 95]
Straggler within the cluster : 300
Label percentage: ['0 : 10.00%', '1 : 10.06%', '2 : 9.98%', '3 : 9.94%', '4 : 10.00%', '5 : 9.98%', '6 : 10.00%', '7 : 10.00%', '8 : 9.96%', '9 : 10.04%']%
Divergence : jsd 0.0000, tvd 0.0012

Cluster 9 with 10 clients
Cluster communication time : 800
Cluster clients : [0, 17, 26, 33, 44, 56, 60, 71, 89, 91]
Straggler within the cluster : 300
Label percentage: ['0 : 10.00%', '1 : 10.08%', '2 : 10.12%', '3 : 10.12%', '4 : 9.88%', '5 : 9.90%', '6 : 9.94%', '7 : 10.06%', '8 : 9.88%', '9 : 10.04%']%
Divergence : jsd 0.0000, tvd 0.0041

Cluster 0 with 10 clients
Cluster communication time : 800
Cluster clients : [0, 15, 22, 34, 41, 55, 66, 79, 84, 98]
Straggler within the cluster : 300
Label percentage: ['0 : 9.94%', '1 : 10.04%', '2 : 9.98%', '3 : 9.98%', '4 : 10.00%', '5 : 9.96%', '6 : 10.10%', '7 : 10.04%', '8 : 9.90%', '9 : 10.06%']%
Divergence : jsd 0.0000, tvd 0.0024

Cluster 1 with 10 clients
Cluster communication time : 800
Cluster clients : [2, 10, 27, 31, 44, 56, 65, 71, 87, 96]
Straggler within the cluster : 300
Label percentage: ['0 : 9.90%', '1 : 9.94%', '2 : 10.10%', '3 : 9.92%', '4 : 9.92%', '5 : 10.06%', '6 : 9.98%', '7 : 10.14%', '8 : 10.02%', '9 : 10.02%']%
Divergence : jsd 0.0000, tvd 0.0034

Cluster 2 with 10 clients
Cluster communication time : 800
Cluster clients : [9, 13, 25, 38, 49, 51, 69, 76, 86, 94]
Straggler within the cluster : 300
Label percentage: ['0 : 9.90%', '1 : 10.04%', '2 : 9.98%', '3 : 10.02%', '4 : 10.20%', '5 : 9.94%', '6 : 10.00%', '7 : 9.96%', '8 : 9.98%', '9 : 9.96%']%
Divergence : jsd 0.0000, tvd 0.0027

Cluster 3 with 10 clients
Cluster communication time : 800
Cluster clients : [7, 19, 23, 36, 42, 59, 63, 74, 82, 90]
Straggler within the cluster : 300
Label percentage: ['0 : 10.08%', '1 : 9.88%', '2 : 9.88%', '3 : 10.06%', '4 : 9.92%', '5 : 10.00%', '6 : 10.10%', '7 : 9.96%', '8 : 10.16%', '9 : 9.96%']%
Divergence : jsd 0.0000, tvd 0.0040

Cluster 4 with 10 clients
Cluster communication time : 800
Cluster clients : [6, 16, 20, 33, 46, 58, 64, 77, 83, 99]
Straggler within the cluster : 300
Label percentage: ['0 : 10.06%', '1 : 10.04%', '2 : 9.88%', '3 : 10.14%', '4 : 9.96%', '5 : 10.06%', '6 : 9.94%', '7 : 9.98%', '8 : 10.08%', '9 : 9.84%']%
Divergence : jsd 0.0000, tvd 0.0039

Cluster 5 with 10 clients
Cluster communication time : 800
Cluster clients : [8, 14, 28, 30, 47, 54, 67, 70, 81, 93]
Straggler within the cluster : 300
Label percentage: ['0 : 10.00%', '1 : 9.96%', '2 : 10.14%', '3 : 9.98%', '4 : 10.06%', '5 : 9.92%', '6 : 10.04%', '7 : 9.94%', '8 : 9.98%', '9 : 9.98%']%
Divergence : jsd 0.0000, tvd 0.0024

Cluster 6 with 10 clients
Cluster communication time : 800
Cluster clients : [5, 12, 26, 39, 43, 52, 60, 75, 89, 92]
Straggler within the cluster : 300
Label percentage: ['0 : 10.00%', '1 : 10.06%', '2 : 10.08%', '3 : 9.90%', '4 : 10.00%', '5 : 9.90%', '6 : 9.90%', '7 : 9.98%', '8 : 10.06%', '9 : 10.12%']%
Divergence : jsd 0.0000, tvd 0.0032

Cluster 7 with 10 clients
Cluster communication time : 800
Cluster clients : [4, 18, 21, 37, 40, 57, 61, 72, 80, 95]
Straggler within the cluster : 300
Label percentage: ['0 : 10.00%', '1 : 9.96%', '2 : 10.06%', '3 : 9.94%', '4 : 9.96%', '5 : 10.16%', '6 : 9.96%', '7 : 10.00%', '8 : 9.98%', '9 : 10.02%']%
Divergence : jsd 0.0000, tvd 0.0023

Cluster 8 with 10 clients
Cluster communication time : 800
Cluster clients : [1, 17, 29, 32, 48, 53, 68, 73, 85, 91]
Straggler within the cluster : 300
Label percentage: ['0 : 10.12%', '1 : 10.04%', '2 : 9.92%', '3 : 10.04%', '4 : 9.92%', '5 : 10.02%', '6 : 9.94%', '7 : 10.02%', '8 : 10.02%', '9 : 9.96%']%
Divergence : jsd 0.0000, tvd 0.0026

Cluster 9 with 10 clients
Cluster communication time : 800
Cluster clients : [3, 11, 24, 35, 45, 50, 62, 78, 88, 97]
Straggler within the cluster : 300
Label percentage: ['0 : 10.00%', '1 : 10.04%', '2 : 9.98%', '3 : 10.02%', '4 : 10.06%', '5 : 9.98%', '6 : 10.04%', '7 : 9.98%', '8 : 9.82%', '9 : 10.08%']%
Divergence : jsd 0.0000, tvd 0.0024

Cluster 0 with 10 clients
Cluster communication time : 800
Cluster clients : [8, 17, 27, 33, 41, 59, 67, 74, 84, 92]
Straggler within the cluster : 300
Label percentage: ['0 : 10.04%', '1 : 10.06%', '2 : 9.96%', '3 : 10.14%', '4 : 9.96%', '5 : 9.78%', '6 : 10.06%', '7 : 9.94%', '8 : 9.96%', '9 : 10.10%']%
Divergence : jsd 0.0000, tvd 0.0040

Cluster 1 with 10 clients
Cluster communication time : 800
Cluster clients : [6, 18, 22, 35, 47, 58, 68, 75, 85, 94]
Straggler within the cluster : 300
Label percentage: ['0 : 10.14%', '1 : 10.02%', '2 : 9.96%', '3 : 9.94%', '4 : 9.96%', '5 : 9.94%', '6 : 10.02%', '7 : 10.08%', '8 : 9.98%', '9 : 9.92%']%
Divergence : jsd 0.0000, tvd 0.0028

Cluster 2 with 10 clients
Cluster communication time : 800
Cluster clients : [9, 14, 20, 36, 43, 55, 60, 76, 81, 93]
Straggler within the cluster : 300
Label percentage: ['0 : 10.06%', '1 : 10.06%', '2 : 9.94%', '3 : 9.98%', '4 : 9.96%', '5 : 10.02%', '6 : 9.98%', '7 : 9.98%', '8 : 10.14%', '9 : 9.90%']%
Divergence : jsd 0.0000, tvd 0.0027

Cluster 3 with 10 clients
Cluster communication time : 800
Cluster clients : [7, 15, 21, 34, 42, 51, 64, 71, 88, 95]
Straggler within the cluster : 300
Label percentage: ['0 : 9.90%', '1 : 9.96%', '2 : 10.10%', '3 : 9.98%', '4 : 10.08%', '5 : 9.94%', '6 : 9.92%', '7 : 10.04%', '8 : 9.98%', '9 : 10.10%']%
Divergence : jsd 0.0000, tvd 0.0032

Cluster 4 with 10 clients
Cluster communication time : 800
Cluster clients : [1, 16, 28, 30, 44, 57, 61, 73, 89, 96]
Straggler within the cluster : 300
Label percentage: ['0 : 9.94%', '1 : 9.86%', '2 : 10.04%', '3 : 10.02%', '4 : 10.06%', '5 : 10.10%', '6 : 9.98%', '7 : 10.00%', '8 : 9.98%', '9 : 10.04%']%
Divergence : jsd 0.0000, tvd 0.0025

Cluster 5 with 10 clients
Cluster communication time : 800
Cluster clients : [0, 13, 25, 39, 40, 56, 69, 78, 86, 91]
Straggler within the cluster : 300
Label percentage: ['0 : 10.00%', '1 : 9.98%', '2 : 10.04%', '3 : 10.00%', '4 : 10.00%', '5 : 9.98%', '6 : 10.06%', '7 : 10.02%', '8 : 9.90%', '9 : 10.04%']%
Divergence : jsd 0.0000, tvd 0.0015

Cluster 6 with 10 clients
Cluster communication time : 800
Cluster clients : [4, 12, 26, 38, 49, 54, 65, 70, 83, 99]
Straggler within the cluster : 300
Label percentage: ['0 : 10.00%', '1 : 10.02%', '2 : 10.06%', '3 : 9.94%', '4 : 9.96%', '5 : 10.12%', '6 : 10.00%', '7 : 9.86%', '8 : 9.96%', '9 : 10.04%']%
Divergence : jsd 0.0000, tvd 0.0026

Cluster 7 with 10 clients
Cluster communication time : 800
Cluster clients : [2, 11, 23, 37, 46, 50, 66, 72, 82, 98]
Straggler within the cluster : 300
Label percentage: ['0 : 10.08%', '1 : 9.92%', '2 : 9.92%', '3 : 9.86%', '4 : 10.00%', '5 : 10.10%', '6 : 10.06%', '7 : 10.08%', '8 : 10.02%', '9 : 9.98%']%
Divergence : jsd 0.0000, tvd 0.0033

Cluster 8 with 10 clients
Cluster communication time : 800
Cluster clients : [3, 19, 29, 32, 45, 53, 62, 79, 87, 97]
Straggler within the cluster : 300
Label percentage: ['0 : 9.96%', '1 : 10.06%', '2 : 9.98%', '3 : 9.98%', '4 : 10.10%', '5 : 9.98%', '6 : 10.02%', '7 : 10.02%', '8 : 9.98%', '9 : 9.88%']%
Divergence : jsd 0.0000, tvd 0.0022

Cluster 9 with 10 clients
Cluster communication time : 800
Cluster clients : [5, 10, 24, 31, 48, 52, 63, 77, 80, 90]
Straggler within the cluster : 300
Label percentage: ['0 : 9.88%', '1 : 10.06%', '2 : 10.00%', '3 : 10.16%', '4 : 9.92%', '5 : 10.04%', '6 : 9.90%', '7 : 9.98%', '8 : 10.10%', '9 : 10.00%']%
Divergence : jsd 0.0000, tvd 0.0034

Cluster 0 with 10 clients
Cluster communication time : 800
Cluster clients : [2, 14, 22, 33, 42, 53, 63, 70, 82, 90]
Straggler within the cluster : 300
Label percentage: ['0 : 10.04%', '1 : 9.88%', '2 : 10.02%', '3 : 9.90%', '4 : 10.08%', '5 : 10.10%', '6 : 9.98%', '7 : 9.84%', '8 : 10.16%', '9 : 10.00%']%
Divergence : jsd 0.0000, tvd 0.0040

Cluster 1 with 10 clients
Cluster communication time : 800
Cluster clients : [6, 16, 28, 34, 47, 50, 66, 75, 81, 94]
Straggler within the cluster : 300
Label percentage: ['0 : 9.92%', '1 : 10.02%', '2 : 9.98%', '3 : 9.98%', '4 : 10.08%', '5 : 10.06%', '6 : 10.10%', '7 : 10.00%', '8 : 9.84%', '9 : 10.02%']%
Divergence : jsd 0.0000, tvd 0.0028

Cluster 2 with 10 clients
Cluster communication time : 800
Cluster clients : [9, 17, 27, 32, 40, 56, 65, 77, 87, 97]
Straggler within the cluster : 300
Label percentage: ['0 : 10.06%', '1 : 9.94%', '2 : 10.00%', '3 : 10.08%', '4 : 9.96%', '5 : 10.00%', '6 : 9.98%', '7 : 10.02%', '8 : 9.96%', '9 : 9.98%']%
Divergence : jsd 0.0000, tvd 0.0017

Cluster 3 with 10 clients
Cluster communication time : 800
Cluster clients : [8, 19, 29, 35, 45, 51, 68, 71, 83, 96]
Straggler within the cluster : 300
Label percentage: ['0 : 10.04%', '1 : 10.10%', '2 : 10.10%', '3 : 9.92%', '4 : 10.02%', '5 : 9.92%', '6 : 10.10%', '7 : 9.84%', '8 : 9.98%', '9 : 9.96%']%
Divergence : jsd 0.0000, tvd 0.0037

Cluster 4 with 10 clients
Cluster communication time : 800
Cluster clients : [1, 18, 25, 39, 46, 57, 64, 73, 88, 91]
Straggler within the cluster : 300
Label percentage: ['0 : 10.26%', '1 : 10.12%', '2 : 10.00%', '3 : 9.86%', '4 : 9.96%', '5 : 10.02%', '6 : 9.80%', '7 : 10.08%', '8 : 9.98%', '9 : 9.92%']%
Divergence : jsd 0.0000, tvd 0.0048

Cluster 5 with 10 clients
Cluster communication time : 800
Cluster clients : [7, 11, 21, 38, 44, 58, 67, 78, 86, 99]
Straggler within the cluster : 300
Label percentage: ['0 : 9.78%', '1 : 9.88%', '2 : 9.98%', '3 : 10.20%', '4 : 10.04%', '5 : 10.06%', '6 : 10.06%', '7 : 10.06%', '8 : 9.98%', '9 : 9.96%']%
Divergence : jsd 0.0000, tvd 0.0042

Cluster 6 with 10 clients
Cluster communication time : 800
Cluster clients : [4, 10, 26, 36, 43, 55, 62, 72, 80, 93]
Straggler within the cluster : 300
Label percentage: ['0 : 9.96%', '1 : 10.10%', '2 : 10.04%', '3 : 10.00%', '4 : 9.84%', '5 : 9.92%', '6 : 10.02%', '7 : 9.98%', '8 : 10.08%', '9 : 10.06%']%
Divergence : jsd 0.0000, tvd 0.0030

Cluster 7 with 10 clients
Cluster communication time : 800
Cluster clients : [0, 15, 23, 31, 48, 54, 69, 76, 85, 95]
Straggler within the cluster : 300
Label percentage: ['0 : 10.02%', '1 : 9.96%', '2 : 9.98%', '3 : 10.04%', '4 : 9.96%', '5 : 9.92%', '6 : 10.08%', '7 : 10.10%', '8 : 10.04%', '9 : 9.90%']%
Divergence : jsd 0.0000, tvd 0.0028

Cluster 8 with 10 clients
Cluster communication time : 800
Cluster clients : [5, 13, 20, 30, 41, 59, 60, 74, 89, 92]
Straggler within the cluster : 300
Label percentage: ['0 : 10.03%', '1 : 9.87%', '2 : 9.89%', '3 : 9.99%', '4 : 9.91%', '5 : 9.97%', '6 : 10.01%', '7 : 10.13%', '8 : 10.05%', '9 : 10.11%']%
Divergence : jsd 0.0000, tvd 0.0035

Cluster 9 with 10 clients
Cluster communication time : 800
Cluster clients : [3, 12, 24, 37, 49, 52, 61, 79, 84, 98]
Straggler within the cluster : 300
Label percentage: ['0 : 9.88%', '1 : 10.12%', '2 : 10.00%', '3 : 10.02%', '4 : 10.14%', '5 : 10.02%', '6 : 9.86%', '7 : 9.94%', '8 : 9.92%', '9 : 10.08%']%
Divergence : jsd 0.0000, tvd 0.0039

Cluster 0 with 10 clients
Cluster communication time : 800
Cluster clients : [17, 27, 33, 42, 49, 54, 60, 74, 85, 94]
Straggler within the cluster : 300
Label percentage: ['0 : 10.12%', '1 : 9.98%', '2 : 19.36%', '3 : 10.12%', '4 : 9.90%', '5 : 10.00%', '6 : 0.52%', '7 : 9.98%', '8 : 9.92%', '9 : 10.08%']%
Divergence : jsd 0.0486, tvd 0.0969

Cluster 1 with 10 clients
Cluster communication time : 800
Cluster clients : [10, 22, 37, 39, 41, 43, 56, 79, 89, 92]
Straggler within the cluster : 300
Label percentage: ['0 : 9.98%', '1 : 19.38%', '2 : 19.58%', '3 : 9.82%', '4 : 9.94%', '5 : 9.88%', '6 : 0.60%', '7 : 10.10%', '8 : 0.70%', '9 : 10.04%']%
Divergence : jsd 0.0936, tvd 0.1909

Cluster 2 with 10 clients
Cluster communication time : 800
Cluster clients : [8, 14, 23, 30, 50, 68, 69, 78, 86, 99]
Straggler within the cluster : 300
Label percentage: ['0 : 10.08%', '1 : 9.92%', '2 : 0.54%', '3 : 9.92%', '4 : 10.10%', '5 : 10.04%', '6 : 10.08%', '7 : 9.90%', '8 : 19.32%', '9 : 10.10%']%
Divergence : jsd 0.0482, tvd 0.0972

Cluster 3 with 10 clients
Cluster communication time : 800
Cluster clients : [1, 3, 12, 25, 31, 40, 57, 71, 72, 80]
Straggler within the cluster : 300
Label percentage: ['0 : 0.58%', '1 : 10.13%', '2 : 9.83%', '3 : 19.45%', '4 : 9.99%', '5 : 10.05%', '6 : 19.39%', '7 : 10.05%', '8 : 0.56%', '9 : 9.95%']%
Divergence : jsd 0.0958, tvd 0.1908

Cluster 4 with 10 clients
Cluster communication time : 800
Cluster clients : [13, 20, 32, 34, 44, 45, 59, 70, 88, 90]
Straggler within the cluster : 300
Label percentage: ['0 : 9.96%', '1 : 19.36%', '2 : 19.50%', '3 : 10.04%', '4 : 10.14%', '5 : 9.94%', '6 : 0.60%', '7 : 10.04%', '8 : 0.62%', '9 : 9.80%']%
Divergence : jsd 0.0946, tvd 0.1908

Cluster 5 with 10 clients
Cluster communication time : 800
Cluster clients : [4, 6, 16, 24, 36, 47, 53, 73, 76, 84]
Straggler within the cluster : 300
Label percentage: ['0 : 0.64%', '1 : 10.12%', '2 : 9.92%', '3 : 19.44%', '4 : 9.88%', '5 : 10.00%', '6 : 19.44%', '7 : 10.02%', '8 : 0.50%', '9 : 10.02%']%
Divergence : jsd 0.0960, tvd 0.1906

Cluster 6 with 10 clients
Cluster communication time : 800
Cluster clients : [0, 9, 18, 28, 51, 62, 63, 82, 91, 96]
Straggler within the cluster : 300
Label percentage: ['0 : 19.38%', '1 : 0.62%', '2 : 0.62%', '3 : 0.70%', '4 : 10.00%', '5 : 9.98%', '6 : 19.40%', '7 : 9.98%', '8 : 19.42%', '9 : 9.92%']%
Divergence : jsd 0.1400, tvd 0.2819

Cluster 7 with 10 clients
Cluster communication time : 800
Cluster clients : [19, 26, 38, 46, 48, 58, 67, 75, 81, 97]
Straggler within the cluster : 300
Label percentage: ['0 : 10.00%', '1 : 10.02%', '2 : 19.54%', '3 : 10.06%', '4 : 10.00%', '5 : 10.06%', '6 : 0.56%', '7 : 9.76%', '8 : 9.98%', '9 : 10.00%']%
Divergence : jsd 0.0483, tvd 0.0970

Cluster 8 with 10 clients
Cluster communication time : 800
Cluster clients : [2, 5, 11, 29, 52, 61, 66, 83, 93, 98]
Straggler within the cluster : 300
Label percentage: ['0 : 19.30%', '1 : 0.48%', '2 : 0.52%', '3 : 0.52%', '4 : 10.02%', '5 : 10.04%', '6 : 19.46%', '7 : 10.02%', '8 : 19.56%', '9 : 10.06%']%
Divergence : jsd 0.1470, tvd 0.2848

Cluster 9 with 10 clients
Cluster communication time : 800
Cluster clients : [7, 15, 21, 35, 55, 64, 65, 77, 87, 95]
Straggler within the cluster : 300
Label percentage: ['0 : 9.96%', '1 : 9.98%', '2 : 0.58%', '3 : 9.92%', '4 : 10.02%', '5 : 10.00%', '6 : 9.94%', '7 : 10.14%', '8 : 19.42%', '9 : 10.02%']%
Divergence : jsd 0.0478, tvd 0.0961

Cluster 0 with 10 clients
Cluster communication time : 800
Cluster clients : [2, 11, 27, 34, 47, 51, 62, 79, 88, 95]
Straggler within the cluster : 300
Label percentage: ['0 : 9.90%', '1 : 10.02%', '2 : 10.04%', '3 : 10.00%', '4 : 10.04%', '5 : 9.94%', '6 : 10.02%', '7 : 10.12%', '8 : 9.98%', '9 : 9.94%']%
Divergence : jsd 0.0000, tvd 0.0024

Cluster 1 with 10 clients
Cluster communication time : 800
Cluster clients : [1, 19, 26, 38, 44, 53, 67, 73, 86, 94]
Straggler within the cluster : 300
Label percentage: ['0 : 9.96%', '1 : 9.96%', '2 : 9.98%', '3 : 9.96%', '4 : 10.10%', '5 : 10.06%', '6 : 10.06%', '7 : 9.90%', '8 : 10.02%', '9 : 9.98%']%
Divergence : jsd 0.0000, tvd 0.0025

Cluster 2 with 10 clients
Cluster communication time : 800
Cluster clients : [0, 10, 21, 33, 40, 52, 63, 76, 82, 92]
Straggler within the cluster : 300
Label percentage: ['0 : 9.91%', '1 : 9.89%', '2 : 10.11%', '3 : 10.11%', '4 : 10.01%', '5 : 10.03%', '6 : 9.99%', '7 : 9.95%', '8 : 10.01%', '9 : 9.97%']%
Divergence : jsd 0.0000, tvd 0.0028

Cluster 3 with 10 clients
Cluster communication time : 800
Cluster clients : [5, 16, 20, 32, 41, 57, 60, 74, 81, 99]
Straggler within the cluster : 300
Label percentage: ['0 : 10.04%', '1 : 9.98%', '2 : 9.98%', '3 : 9.96%', '4 : 9.92%', '5 : 10.12%', '6 : 10.08%', '7 : 10.02%', '8 : 10.02%', '9 : 9.92%']%
Divergence : jsd 0.0000, tvd 0.0026

Cluster 4 with 10 clients
Cluster communication time : 800
Cluster clients : [6, 12, 23, 36, 42, 56, 69, 72, 85, 93]
Straggler within the cluster : 300
Label percentage: ['0 : 10.06%', '1 : 9.94%', '2 : 9.88%', '3 : 9.94%', '4 : 9.96%', '5 : 9.98%', '6 : 10.06%', '7 : 10.06%', '8 : 10.02%', '9 : 10.06%']%
Divergence : jsd 0.0000, tvd 0.0028

Cluster 5 with 10 clients
Cluster communication time : 800
Cluster clients : [3, 7, 14, 28, 30, 46, 50, 77, 89, 98]
Straggler within the cluster : 300
Label percentage: ['0 : 9.96%', '1 : 9.94%', '2 : 10.08%', '3 : 9.96%', '4 : 10.08%', '5 : 10.02%', '6 : 19.34%', '7 : 10.12%', '8 : 0.50%', '9 : 10.00%']%
Divergence : jsd 0.0489, tvd 0.0964

Cluster 6 with 10 clients
Cluster communication time : 800
Cluster clients : [17, 22, 39, 48, 55, 65, 66, 78, 80, 96]
Straggler within the cluster : 300
Label percentage: ['0 : 10.04%', '1 : 10.04%', '2 : 9.88%', '3 : 10.04%', '4 : 9.86%', '5 : 10.00%', '6 : 0.54%', '7 : 10.00%', '8 : 19.38%', '9 : 10.20%']%
Divergence : jsd 0.0483, tvd 0.0972

Cluster 7 with 10 clients
Cluster communication time : 800
Cluster clients : [4, 13, 24, 35, 43, 58, 68, 70, 87, 90]
Straggler within the cluster : 300
Label percentage: ['0 : 10.16%', '1 : 9.94%', '2 : 10.08%', '3 : 9.94%', '4 : 10.00%', '5 : 9.98%', '6 : 9.94%', '7 : 9.94%', '8 : 10.06%', '9 : 9.94%']%
Divergence : jsd 0.0000, tvd 0.0031

Cluster 8 with 10 clients
Cluster communication time : 800
Cluster clients : [8, 18, 25, 31, 45, 54, 61, 75, 84, 97]
Straggler within the cluster : 300
Label percentage: ['0 : 10.00%', '1 : 10.10%', '2 : 10.02%', '3 : 10.06%', '4 : 10.04%', '5 : 9.94%', '6 : 10.02%', '7 : 9.92%', '8 : 9.98%', '9 : 9.92%']%
Divergence : jsd 0.0000, tvd 0.0024

Cluster 9 with 10 clients
Cluster communication time : 800
Cluster clients : [9, 15, 29, 37, 49, 59, 64, 71, 83, 91]
Straggler within the cluster : 300
Label percentage: ['0 : 9.96%', '1 : 10.18%', '2 : 9.94%', '3 : 10.02%', '4 : 9.98%', '5 : 9.92%', '6 : 9.94%', '7 : 9.96%', '8 : 10.02%', '9 : 10.06%']%
Divergence : jsd 0.0000, tvd 0.0029

Cluster 0 with 10 clients
Cluster communication time : 800
Cluster clients : [10, 18, 26, 32, 41, 60, 65, 75, 87, 93]
Straggler within the cluster : 300
Label percentage: ['0 : 10.06%', '1 : 10.00%', '2 : 10.16%', '3 : 9.90%', '4 : 9.92%', '5 : 10.00%', '6 : 0.56%', '7 : 0.54%', '8 : 19.46%', '9 : 19.42%']%
Divergence : jsd 0.0966, tvd 0.1909

Cluster 1 with 10 clients
Cluster communication time : 800
Cluster clients : [8, 20, 30, 43, 51, 62, 66, 77, 81, 91]
Straggler within the cluster : 300
Label percentage: ['0 : 9.89%', '1 : 10.07%', '2 : 9.87%', '3 : 9.99%', '4 : 10.15%', '5 : 9.99%', '6 : 9.89%', '7 : 10.09%', '8 : 19.45%', '9 : 0.58%']%
Divergence : jsd 0.0478, tvd 0.0977

Cluster 2 with 10 clients
Cluster communication time : 800
Cluster clients : [3, 5, 12, 27, 36, 49, 56, 78, 86, 95]
Straggler within the cluster : 300
Label percentage: ['0 : 9.86%', '1 : 10.00%', '2 : 10.06%', '3 : 10.00%', '4 : 9.96%', '5 : 9.90%', '6 : 19.45%', '7 : 10.00%', '8 : 0.50%', '9 : 10.24%']%
Divergence : jsd 0.0491, tvd 0.0977

Cluster 3 with 10 clients
Cluster communication time : 800
Cluster clients : [11, 17, 25, 33, 45, 68, 69, 76, 89, 97]
Straggler within the cluster : 300
Label percentage: ['0 : 10.08%', '1 : 10.04%', '2 : 10.00%', '3 : 10.06%', '4 : 9.96%', '5 : 9.84%', '6 : 0.58%', '7 : 0.72%', '8 : 19.36%', '9 : 19.34%']%
Divergence : jsd 0.0931, tvd 0.1890

Cluster 4 with 10 clients
Cluster communication time : 800
Cluster clients : [14, 19, 24, 37, 44, 57, 63, 79, 82, 99]
Straggler within the cluster : 300
Label percentage: ['0 : 10.04%', '1 : 9.92%', '2 : 9.98%', '3 : 9.88%', '4 : 10.16%', '5 : 10.22%', '6 : 0.60%', '7 : 9.88%', '8 : 10.06%', '9 : 19.24%']%
Divergence : jsd 0.0471, tvd 0.0973

Cluster 5 with 10 clients
Cluster communication time : 800
Cluster clients : [15, 16, 22, 35, 47, 64, 67, 70, 85, 94]
Straggler within the cluster : 300
Label percentage: ['0 : 10.08%', '1 : 10.08%', '2 : 10.08%', '3 : 9.88%', '4 : 10.02%', '5 : 9.80%', '6 : 0.56%', '7 : 0.58%', '8 : 19.49%', '9 : 19.41%']%
Divergence : jsd 0.0960, tvd 0.1917

Cluster 6 with 10 clients
Cluster communication time : 800
Cluster clients : [4, 7, 23, 38, 48, 50, 54, 73, 84, 92]
Straggler within the cluster : 300
Label percentage: ['0 : 10.02%', '1 : 9.92%', '2 : 9.96%', '3 : 10.10%', '4 : 9.98%', '5 : 10.10%', '6 : 19.54%', '7 : 19.40%', '8 : 0.40%', '9 : 0.58%']%
Divergence : jsd 0.0988, tvd 0.1916

Cluster 7 with 10 clients
Cluster communication time : 800
Cluster clients : [1, 29, 34, 40, 52, 53, 61, 74, 80, 96]
Straggler within the cluster : 300
Label percentage: ['0 : 9.90%', '1 : 10.02%', '2 : 9.84%', '3 : 10.12%', '4 : 10.00%', '5 : 10.12%', '6 : 9.96%', '7 : 19.33%', '8 : 10.06%', '9 : 0.68%']%
Divergence : jsd 0.0461, tvd 0.0964

Cluster 8 with 10 clients
Cluster communication time : 800
Cluster clients : [2, 9, 21, 39, 42, 58, 59, 71, 83, 98]
Straggler within the cluster : 300
Label percentage: ['0 : 10.08%', '1 : 10.02%', '2 : 10.04%', '3 : 10.00%', '4 : 9.92%', '5 : 10.06%', '6 : 19.36%', '7 : 19.34%', '8 : 0.64%', '9 : 0.52%']%
Divergence : jsd 0.0953, tvd 0.1892

Cluster 9 with 10 clients
Cluster communication time : 800
Cluster clients : [0, 6, 13, 28, 31, 46, 55, 72, 88, 90]
Straggler within the cluster : 300
Label percentage: ['0 : 9.98%', '1 : 9.92%', '2 : 10.00%', '3 : 10.06%', '4 : 9.92%', '5 : 9.96%', '6 : 19.50%', '7 : 10.10%', '8 : 0.58%', '9 : 10.00%']%
Divergence : jsd 0.0479, tvd 0.0965

Cluster 0 with 10 clients
Cluster communication time : 800
Cluster clients : [9, 17, 27, 37, 41, 57, 65, 78, 89, 90]
Straggler within the cluster : 300
Label percentage: ['0 : 10.08%', '1 : 9.94%', '2 : 10.02%', '3 : 9.92%', '4 : 9.88%', '5 : 10.02%', '6 : 10.00%', '7 : 10.04%', '8 : 10.00%', '9 : 10.10%']%
Divergence : jsd 0.0000, tvd 0.0026

Cluster 1 with 10 clients
Cluster communication time : 800
Cluster clients : [6, 16, 22, 32, 42, 59, 61, 71, 84, 98]
Straggler within the cluster : 300
Label percentage: ['0 : 9.90%', '1 : 10.04%', '2 : 10.00%', '3 : 10.04%', '4 : 10.06%', '5 : 9.96%', '6 : 9.98%', '7 : 9.94%', '8 : 9.96%', '9 : 10.10%']%
Divergence : jsd 0.0000, tvd 0.0025

Cluster 2 with 10 clients
Cluster communication time : 800
Cluster clients : [3, 5, 25, 33, 48, 53, 54, 74, 83, 92]
Straggler within the cluster : 300
Label percentage: ['0 : 9.98%', '1 : 9.98%', '2 : 9.92%', '3 : 10.04%', '4 : 10.02%', '5 : 10.02%', '6 : 19.54%', '7 : 19.44%', '8 : 0.48%', '9 : 0.56%']%
Divergence : jsd 0.0978, tvd 0.1907

Cluster 3 with 10 clients
Cluster communication time : 800
Cluster clients : [0, 13, 24, 31, 43, 55, 64, 75, 80, 93]
Straggler within the cluster : 300
Label percentage: ['0 : 10.00%', '1 : 10.12%', '2 : 10.00%', '3 : 10.04%', '4 : 9.90%', '5 : 10.02%', '6 : 10.00%', '7 : 9.94%', '8 : 10.02%', '9 : 9.98%']%
Divergence : jsd 0.0000, tvd 0.0019

Cluster 4 with 10 clients
Cluster communication time : 800
Cluster clients : [1, 26, 34, 40, 51, 56, 67, 76, 82, 99]
Straggler within the cluster : 300
Label percentage: ['0 : 9.98%', '1 : 10.04%', '2 : 10.06%', '3 : 9.98%', '4 : 9.92%', '5 : 9.96%', '6 : 10.10%', '7 : 19.33%', '8 : 10.14%', '9 : 0.52%']%
Divergence : jsd 0.0486, tvd 0.0966

Cluster 5 with 10 clients
Cluster communication time : 800
Cluster clients : [18, 19, 20, 39, 45, 58, 63, 70, 87, 97]
Straggler within the cluster : 300
Label percentage: ['0 : 10.08%', '1 : 9.94%', '2 : 10.02%', '3 : 10.08%', '4 : 10.08%', '5 : 10.04%', '6 : 0.44%', '7 : 9.96%', '8 : 10.10%', '9 : 19.24%']%
Divergence : jsd 0.0498, tvd 0.0966

Cluster 6 with 10 clients
Cluster communication time : 800
Cluster clients : [4, 12, 21, 36, 49, 62, 66, 73, 88, 96]
Straggler within the cluster : 300
Label percentage: ['0 : 10.04%', '1 : 9.96%', '2 : 9.98%', '3 : 10.02%', '4 : 9.90%', '5 : 10.04%', '6 : 9.92%', '7 : 0.60%', '8 : 19.36%', '9 : 10.16%']%
Divergence : jsd 0.0473, tvd 0.0963

Cluster 7 with 10 clients
Cluster communication time : 800
Cluster clients : [2, 10, 29, 30, 44, 50, 69, 72, 86, 95]
Straggler within the cluster : 300
Label percentage: ['0 : 9.82%', '1 : 9.90%', '2 : 10.06%', '3 : 9.90%', '4 : 10.06%', '5 : 10.10%', '6 : 10.06%', '7 : 10.04%', '8 : 10.04%', '9 : 10.04%']%
Divergence : jsd 0.0000, tvd 0.0039

Cluster 8 with 10 clients
Cluster communication time : 800
Cluster clients : [11, 14, 23, 38, 47, 60, 68, 79, 81, 94]
Straggler within the cluster : 300
Label percentage: ['0 : 10.12%', '1 : 10.04%', '2 : 10.00%', '3 : 9.96%', '4 : 10.04%', '5 : 10.02%', '6 : 0.62%', '7 : 0.62%', '8 : 19.32%', '9 : 19.28%']%
Divergence : jsd 0.0938, tvd 0.1880

Cluster 9 with 10 clients
Cluster communication time : 800
Cluster clients : [7, 8, 15, 28, 35, 46, 52, 77, 85, 91]
Straggler within the cluster : 300
Label percentage: ['0 : 10.00%', '1 : 10.04%', '2 : 9.94%', '3 : 10.02%', '4 : 10.14%', '5 : 9.82%', '6 : 19.34%', '7 : 10.08%', '8 : 0.58%', '9 : 10.02%']%
Divergence : jsd 0.0476, tvd 0.0966

Cluster 0 with 10 clients
Cluster communication time : 800
Cluster clients : [5, 12, 24, 45, 52, 66, 72, 80, 90, 94]
Straggler within the cluster : 300
Label percentage: ['0 : 19.42%', '1 : 0.76%', '2 : 9.82%', '3 : 9.96%', '4 : 9.96%', '5 : 9.98%', '6 : 9.94%', '7 : 10.00%', '8 : 9.98%', '9 : 10.16%']%
Divergence : jsd 0.0451, tvd 0.0959

Cluster 1 with 10 clients
Cluster communication time : 800
Cluster clients : [6, 10, 27, 34, 46, 54, 61, 69, 74, 85]
Straggler within the cluster : 300
Label percentage: ['0 : 0.58%', '1 : 9.90%', '2 : 10.02%', '3 : 9.98%', '4 : 10.10%', '5 : 10.02%', '6 : 10.04%', '7 : 10.04%', '8 : 19.34%', '9 : 10.00%']%
Divergence : jsd 0.0476, tvd 0.0955

Cluster 2 with 10 clients
Cluster communication time : 800
Cluster clients : [4, 18, 21, 36, 47, 58, 65, 67, 73, 87]
Straggler within the cluster : 300
Label percentage: ['0 : 0.66%', '1 : 10.00%', '2 : 10.10%', '3 : 9.94%', '4 : 9.80%', '5 : 10.10%', '6 : 9.94%', '7 : 10.12%', '8 : 19.44%', '9 : 9.90%']%
Divergence : jsd 0.0466, tvd 0.0976

Cluster 3 with 10 clients
Cluster communication time : 800
Cluster clients : [3, 8, 23, 38, 44, 57, 62, 75, 81, 92]
Straggler within the cluster : 300
Label percentage: ['0 : 9.94%', '1 : 9.98%', '2 : 10.06%', '3 : 9.98%', '4 : 10.22%', '5 : 10.02%', '6 : 19.52%', '7 : 9.90%', '8 : 9.86%', '9 : 0.52%']%
Divergence : jsd 0.0490, tvd 0.0982

Cluster 4 with 10 clients
Cluster communication time : 800
Cluster clients : [1, 9, 25, 30, 42, 56, 63, 71, 89, 98]
Straggler within the cluster : 300
Label percentage: ['0 : 9.98%', '1 : 10.04%', '2 : 10.00%', '3 : 9.98%', '4 : 9.92%', '5 : 10.12%', '6 : 19.34%', '7 : 9.92%', '8 : 10.02%', '9 : 0.68%']%
Divergence : jsd 0.0461, tvd 0.0952

Cluster 5 with 10 clients
Cluster communication time : 800
Cluster clients : [7, 11, 15, 20, 39, 41, 51, 78, 86, 97]
Straggler within the cluster : 300
Label percentage: ['0 : 9.94%', '1 : 9.82%', '2 : 9.92%', '3 : 10.10%', '4 : 10.26%', '5 : 9.82%', '6 : 10.06%', '7 : 10.10%', '8 : 0.58%', '9 : 19.43%']%
Divergence : jsd 0.0478, tvd 0.0994

Cluster 6 with 10 clients
Cluster communication time : 800
Cluster clients : [0, 13, 14, 26, 32, 48, 55, 77, 82, 95]
Straggler within the cluster : 300
Label percentage: ['0 : 9.94%', '1 : 10.04%', '2 : 10.14%', '3 : 9.92%', '4 : 10.02%', '5 : 10.04%', '6 : 10.00%', '7 : 9.88%', '8 : 0.62%', '9 : 19.40%']%
Divergence : jsd 0.0471, tvd 0.0964

Cluster 7 with 10 clients
Cluster communication time : 800
Cluster clients : [17, 22, 31, 33, 40, 53, 68, 70, 84, 93]
Straggler within the cluster : 300
Label percentage: ['0 : 10.14%', '1 : 19.34%', '2 : 9.94%', '3 : 10.14%', '4 : 9.90%', '5 : 9.84%', '6 : 0.62%', '7 : 10.06%', '8 : 10.04%', '9 : 9.98%']%
Divergence : jsd 0.0470, tvd 0.0972

Cluster 8 with 10 clients
Cluster communication time : 800
Cluster clients : [2, 16, 28, 37, 49, 50, 60, 76, 88, 91]
Straggler within the cluster : 300
Label percentage: ['0 : 9.92%', '1 : 10.08%', '2 : 9.94%', '3 : 10.04%', '4 : 9.86%', '5 : 10.08%', '6 : 9.96%', '7 : 10.08%', '8 : 10.04%', '9 : 10.02%']%
Divergence : jsd 0.0000, tvd 0.0033

Cluster 9 with 10 clients
Cluster communication time : 800
Cluster clients : [19, 29, 35, 43, 59, 64, 79, 83, 96, 99]
Straggler within the cluster : 300
Label percentage: ['0 : 19.49%', '1 : 10.05%', '2 : 10.07%', '3 : 9.97%', '4 : 9.97%', '5 : 9.99%', '6 : 0.58%', '7 : 9.91%', '8 : 10.09%', '9 : 9.91%']%
Divergence : jsd 0.0479, tvd 0.0969

Cluster 0 with 9 clients
Cluster communication time : 800
Cluster clients : [18, 27, 30, 40, 54, 61, 70, 74, 99]
Straggler within the cluster : 300
Label percentage: ['0 : 11.04%', '1 : 10.97%', '2 : 11.06%', '3 : 21.59%', '4 : 10.97%', '5 : 0.71%', '6 : 0.51%', '7 : 11.04%', '8 : 10.95%', '9 : 11.15%']%
Divergence : jsd 0.0895, tvd 0.1878

Cluster 1 with 10 clients
Cluster communication time : 800
Cluster clients : [0, 19, 22, 31, 48, 51, 60, 83, 86, 93]
Straggler within the cluster : 300
Label percentage: ['0 : 9.98%', '1 : 9.92%', '2 : 10.04%', '3 : 0.60%', '4 : 10.02%', '5 : 19.38%', '6 : 10.12%', '7 : 10.00%', '8 : 10.12%', '9 : 9.84%']%
Divergence : jsd 0.0474, tvd 0.0967

Cluster 2 with 10 clients
Cluster communication time : 800
Cluster clients : [12, 24, 33, 41, 50, 67, 69, 71, 73, 90]
Straggler within the cluster : 300
Label percentage: ['0 : 10.06%', '1 : 10.10%', '2 : 10.00%', '3 : 19.41%', '4 : 9.98%', '5 : 0.64%', '6 : 0.54%', '7 : 9.92%', '8 : 19.27%', '9 : 10.10%']%
Divergence : jsd 0.0949, tvd 0.1893

Cluster 3 with 10 clients
Cluster communication time : 800
Cluster clients : [2, 8, 11, 23, 34, 45, 53, 85, 88, 94]
Straggler within the cluster : 300
Label percentage: ['0 : 10.10%', '1 : 10.04%', '2 : 9.90%', '3 : 0.46%', '4 : 10.10%', '5 : 19.41%', '6 : 19.47%', '7 : 10.06%', '8 : 0.52%', '9 : 9.92%']%
Divergence : jsd 0.0986, tvd 0.1919

Cluster 4 with 10 clients
Cluster communication time : 800
Cluster clients : [14, 28, 35, 46, 56, 63, 65, 75, 78, 91]
Straggler within the cluster : 300
Label percentage: ['0 : 10.02%', '1 : 9.94%', '2 : 10.06%', '3 : 19.40%', '4 : 10.06%', '5 : 0.56%', '6 : 0.64%', '7 : 9.88%', '8 : 19.40%', '9 : 10.04%']%
Divergence : jsd 0.0948, tvd 0.1898

Cluster 5 with 10 clients
Cluster communication time : 800
Cluster clients : [4, 5, 17, 21, 36, 49, 57, 72, 76, 95]
Straggler within the cluster : 300
Label percentage: ['0 : 10.06%', '1 : 9.94%', '2 : 10.10%', '3 : 19.42%', '4 : 9.82%', '5 : 0.48%', '6 : 19.40%', '7 : 10.08%', '8 : 0.60%', '9 : 10.10%']%
Divergence : jsd 0.0968, tvd 0.1916

Cluster 6 with 10 clients
Cluster communication time : 800
Cluster clients : [7, 15, 29, 39, 43, 52, 64, 80, 81, 96]
Straggler within the cluster : 300
Label percentage: ['0 : 9.90%', '1 : 10.12%', '2 : 10.00%', '3 : 0.58%', '4 : 10.04%', '5 : 19.34%', '6 : 9.88%', '7 : 10.02%', '8 : 10.06%', '9 : 10.04%']%
Divergence : jsd 0.0476, tvd 0.0964

Cluster 7 with 11 clients
Cluster communication time : 800
Cluster clients : [1, 9, 13, 25, 32, 47, 55, 59, 87, 89, 97]
Straggler within the cluster : 300
Label percentage: ['0 : 9.20%', '1 : 9.19%', '2 : 9.13%', '3 : 0.56%', '4 : 9.20%', '5 : 17.72%', '6 : 17.64%', '7 : 17.75%', '8 : 0.53%', '9 : 9.08%']%
Divergence : jsd 0.0986, tvd 0.2311

Cluster 8 with 10 clients
Cluster communication time : 800
Cluster clients : [3, 10, 26, 37, 42, 58, 68, 77, 79, 92]
Straggler within the cluster : 300
Label percentage: ['0 : 9.96%', '1 : 10.02%', '2 : 10.08%', '3 : 19.34%', '4 : 9.96%', '5 : 0.56%', '6 : 10.04%', '7 : 10.00%', '8 : 10.10%', '9 : 9.96%']%
Divergence : jsd 0.0479, tvd 0.0957

Cluster 9 with 10 clients
Cluster communication time : 800
Cluster clients : [6, 16, 20, 38, 44, 62, 66, 82, 84, 98]
Straggler within the cluster : 300
Label percentage: ['0 : 9.86%', '1 : 9.94%', '2 : 9.82%', '3 : 0.72%', '4 : 10.02%', '5 : 19.52%', '6 : 10.06%', '7 : 0.58%', '8 : 19.48%', '9 : 9.98%']%
Divergence : jsd 0.0937, tvd 0.1909

Cluster 0 with 10 clients
Cluster communication time : 800
Cluster clients : [0, 9, 26, 35, 49, 52, 57, 77, 86, 95]
Straggler within the cluster : 300
Label percentage: ['0 : 10.02%', '1 : 10.04%', '2 : 10.08%', '3 : 9.98%', '4 : 10.06%', '5 : 9.90%', '6 : 19.38%', '7 : 19.28%', '8 : 0.60%', '9 : 0.64%']%
Divergence : jsd 0.0939, tvd 0.1888

Cluster 1 with 10 clients
Cluster communication time : 800
Cluster clients : [3, 7, 25, 33, 47, 51, 59, 75, 87, 92]
Straggler within the cluster : 300
Label percentage: ['0 : 10.02%', '1 : 10.02%', '2 : 10.00%', '3 : 10.04%', '4 : 10.22%', '5 : 9.82%', '6 : 19.42%', '7 : 19.50%', '8 : 0.50%', '9 : 0.46%']%
Divergence : jsd 0.0990, tvd 0.1922

Cluster 2 with 10 clients
Cluster communication time : 800
Cluster clients : [14, 15, 22, 31, 44, 61, 65, 71, 83, 93]
Straggler within the cluster : 300
Label percentage: ['0 : 9.90%', '1 : 9.90%', '2 : 9.94%', '3 : 9.90%', '4 : 10.16%', '5 : 10.00%', '6 : 0.64%', '7 : 0.60%', '8 : 19.58%', '9 : 19.38%']%
Divergence : jsd 0.0945, tvd 0.1912

Cluster 3 with 10 clients
Cluster communication time : 800
Cluster clients : [1, 5, 20, 34, 43, 50, 64, 74, 84, 96]
Straggler within the cluster : 300
Label percentage: ['0 : 9.92%', '1 : 9.94%', '2 : 9.94%', '3 : 10.04%', '4 : 9.92%', '5 : 10.16%', '6 : 19.46%', '7 : 10.02%', '8 : 10.02%', '9 : 0.60%']%
Divergence : jsd 0.0475, tvd 0.0969

Cluster 4 with 10 clients
Cluster communication time : 800
Cluster clients : [2, 8, 23, 38, 45, 56, 58, 78, 81, 97]
Straggler within the cluster : 300
Label percentage: ['0 : 10.02%', '1 : 10.02%', '2 : 10.02%', '3 : 10.02%', '4 : 10.02%', '5 : 10.00%', '6 : 19.50%', '7 : 19.30%', '8 : 0.52%', '9 : 0.56%']%
Divergence : jsd 0.0967, tvd 0.1892

Cluster 5 with 10 clients
Cluster communication time : 800
Cluster clients : [6, 11, 13, 28, 37, 41, 68, 73, 85, 99]
Straggler within the cluster : 300
Label percentage: ['0 : 10.06%', '1 : 9.82%', '2 : 9.96%', '3 : 10.02%', '4 : 9.94%', '5 : 10.06%', '6 : 10.06%', '7 : 0.70%', '8 : 9.96%', '9 : 19.42%']%
Divergence : jsd 0.0459, tvd 0.0962

Cluster 6 with 10 clients
Cluster communication time : 800
Cluster clients : [16, 19, 24, 36, 40, 63, 67, 72, 89, 90]
Straggler within the cluster : 300
Label percentage: ['0 : 10.04%', '1 : 9.96%', '2 : 10.02%', '3 : 10.08%', '4 : 9.82%', '5 : 10.04%', '6 : 0.60%', '7 : 0.40%', '8 : 19.52%', '9 : 19.52%']%
Divergence : jsd 0.0987, tvd 0.1922

Cluster 7 with 10 clients
Cluster communication time : 800
Cluster clients : [10, 21, 30, 48, 54, 62, 69, 76, 80, 91]
Straggler within the cluster : 300
Label percentage: ['0 : 9.85%', '1 : 10.09%', '2 : 9.97%', '3 : 10.13%', '4 : 9.87%', '5 : 10.03%', '6 : 0.56%', '7 : 10.13%', '8 : 19.31%', '9 : 10.03%']%
Divergence : jsd 0.0479, tvd 0.0974

Cluster 8 with 10 clients
Cluster communication time : 800
Cluster clients : [4, 12, 17, 27, 32, 42, 53, 79, 82, 94]
Straggler within the cluster : 300
Label percentage: ['0 : 10.06%', '1 : 10.12%', '2 : 9.98%', '3 : 9.84%', '4 : 10.02%', '5 : 10.00%', '6 : 9.98%', '7 : 10.06%', '8 : 0.52%', '9 : 19.40%']%
Divergence : jsd 0.0487, tvd 0.0967

Cluster 9 with 10 clients
Cluster communication time : 800
Cluster clients : [18, 29, 39, 46, 55, 60, 66, 70, 88, 98]
Straggler within the cluster : 300
Label percentage: ['0 : 10.10%', '1 : 10.08%', '2 : 10.08%', '3 : 9.94%', '4 : 9.96%', '5 : 9.98%', '6 : 0.40%', '7 : 10.00%', '8 : 19.46%', '9 : 9.98%']%
Divergence : jsd 0.0509, tvd 0.0973

Cluster 0 with 10 clients
Cluster communication time : 800
Cluster clients : [2, 14, 24, 38, 46, 55, 68, 70, 86, 90]
Straggler within the cluster : 300
Label percentage: ['0 : 10.14%', '1 : 9.98%', '2 : 10.06%', '3 : 9.86%', '4 : 10.00%', '5 : 10.12%', '6 : 9.94%', '7 : 9.82%', '8 : 10.02%', '9 : 10.04%']%
Divergence : jsd 0.0000, tvd 0.0039

Cluster 1 with 10 clients
Cluster communication time : 800
Cluster clients : [8, 16, 26, 39, 40, 50, 64, 72, 88, 92]
Straggler within the cluster : 300
Label percentage: ['0 : 10.04%', '1 : 9.98%', '2 : 10.06%', '3 : 9.96%', '4 : 10.00%', '5 : 9.86%', '6 : 10.04%', '7 : 9.86%', '8 : 10.02%', '9 : 10.20%']%
Divergence : jsd 0.0000, tvd 0.0035

Cluster 2 with 10 clients
Cluster communication time : 800
Cluster clients : [3, 19, 23, 37, 48, 57, 63, 73, 83, 98]
Straggler within the cluster : 300
Label percentage: ['0 : 10.06%', '1 : 9.96%', '2 : 10.10%', '3 : 9.98%', '4 : 10.08%', '5 : 10.18%', '6 : 10.06%', '7 : 9.90%', '8 : 9.88%', '9 : 9.76%']%
Divergence : jsd 0.0000, tvd 0.0050

Cluster 3 with 10 clients
Cluster communication time : 800
Cluster clients : [7, 12, 22, 34, 42, 58, 62, 75, 82, 95]
Straggler within the cluster : 300
Label percentage: ['0 : 9.90%', '1 : 10.08%', '2 : 9.92%', '3 : 10.02%', '4 : 9.96%', '5 : 10.00%', '6 : 9.98%', '7 : 9.96%', '8 : 10.10%', '9 : 10.06%']%
Divergence : jsd 0.0000, tvd 0.0027

Cluster 4 with 10 clients
Cluster communication time : 800
Cluster clients : [10, 11, 20, 35, 43, 53, 69, 84, 91, 99]
Straggler within the cluster : 300
Label percentage: ['0 : 19.36%', '1 : 10.00%', '2 : 9.96%', '3 : 0.58%', '4 : 10.00%', '5 : 10.04%', '6 : 0.62%', '7 : 10.10%', '8 : 9.98%', '9 : 19.38%']%
Divergence : jsd 0.0947, tvd 0.1887

Cluster 5 with 10 clients
Cluster communication time : 800
Cluster clients : [1, 18, 27, 32, 49, 54, 67, 76, 81, 94]
Straggler within the cluster : 300
Label percentage: ['0 : 9.92%', '1 : 10.12%', '2 : 10.08%', '3 : 9.98%', '4 : 10.02%', '5 : 9.94%', '6 : 10.00%', '7 : 9.98%', '8 : 9.98%', '9 : 9.98%']%
Divergence : jsd 0.0000, tvd 0.0022

Cluster 6 with 10 clients
Cluster communication time : 800
Cluster clients : [5, 13, 21, 31, 44, 51, 65, 78, 85, 93]
Straggler within the cluster : 300
Label percentage: ['0 : 9.90%', '1 : 9.72%', '2 : 10.02%', '3 : 10.00%', '4 : 10.14%', '5 : 9.98%', '6 : 10.08%', '7 : 10.16%', '8 : 10.08%', '9 : 9.94%']%
Divergence : jsd 0.0000, tvd 0.0047

Cluster 7 with 10 clients
Cluster communication time : 800
Cluster clients : [9, 25, 30, 41, 45, 56, 59, 61, 77, 89]
Straggler within the cluster : 300
Label percentage: ['0 : 0.62%', '1 : 10.10%', '2 : 19.37%', '3 : 9.94%', '4 : 9.94%', '5 : 9.94%', '6 : 9.90%', '7 : 19.55%', '8 : 10.08%', '9 : 0.58%']%
Divergence : jsd 0.0951, tvd 0.1910

Cluster 8 with 10 clients
Cluster communication time : 800
Cluster clients : [4, 15, 28, 33, 60, 66, 71, 79, 87, 96]
Straggler within the cluster : 300
Label percentage: ['0 : 10.06%', '1 : 9.98%', '2 : 0.52%', '3 : 19.48%', '4 : 10.00%', '5 : 10.00%', '6 : 9.96%', '7 : 0.62%', '8 : 19.30%', '9 : 10.06%']%
Divergence : jsd 0.0958, tvd 0.1892

Cluster 9 with 10 clients
Cluster communication time : 800
Cluster clients : [0, 6, 17, 29, 36, 47, 52, 74, 80, 97]
Straggler within the cluster : 300
Label percentage: ['0 : 10.00%', '1 : 10.08%', '2 : 9.90%', '3 : 10.20%', '4 : 9.86%', '5 : 9.94%', '6 : 19.42%', '7 : 10.04%', '8 : 0.56%', '9 : 10.00%']%
Divergence : jsd 0.0481, tvd 0.0974

Cluster 0 with 10 clients
Cluster communication time : 800
Cluster clients : [5, 8, 26, 33, 42, 65, 66, 71, 73, 83]
Straggler within the cluster : 300
Label percentage: ['0 : 0.52%', '1 : 10.04%', '2 : 10.06%', '3 : 19.38%', '4 : 9.96%', '5 : 10.08%', '6 : 19.46%', '7 : 0.36%', '8 : 19.32%', '9 : 0.80%']%
Divergence : jsd 0.1447, tvd 0.2836

Cluster 1 with 10 clients
Cluster communication time : 800
Cluster clients : [0, 4, 22, 35, 44, 67, 68, 76, 79, 89]
Straggler within the cluster : 300
Label percentage: ['0 : 0.58%', '1 : 10.02%', '2 : 10.12%', '3 : 19.36%', '4 : 9.94%', '5 : 9.88%', '6 : 19.52%', '7 : 0.70%', '8 : 19.44%', '9 : 0.44%']%
Divergence : jsd 0.1439, tvd 0.2846

Cluster 2 with 10 clients
Cluster communication time : 800
Cluster clients : [7, 9, 21, 32, 43, 61, 63, 70, 74, 81]
Straggler within the cluster : 300
Label percentage: ['0 : 0.44%', '1 : 9.92%', '2 : 10.12%', '3 : 19.49%', '4 : 10.22%', '5 : 10.02%', '6 : 19.43%', '7 : 0.50%', '8 : 19.43%', '9 : 0.44%']%
Divergence : jsd 0.1495, tvd 0.2870

Cluster 3 with 10 clients
Cluster communication time : 800
Cluster clients : [1, 2, 20, 36, 47, 60, 69, 75, 78, 85]
Straggler within the cluster : 300
Label percentage: ['0 : 0.70%', '1 : 9.88%', '2 : 9.92%', '3 : 19.37%', '4 : 9.94%', '5 : 10.04%', '6 : 19.51%', '7 : 0.54%', '8 : 19.59%', '9 : 0.52%']%
Divergence : jsd 0.1435, tvd 0.2851

Cluster 4 with 10 clients
Cluster communication time : 800
Cluster clients : [3, 6, 29, 37, 45, 62, 64, 72, 77, 86]
Straggler within the cluster : 300
Label percentage: ['0 : 0.40%', '1 : 10.12%', '2 : 9.96%', '3 : 19.42%', '4 : 10.04%', '5 : 10.00%', '6 : 19.40%', '7 : 0.68%', '8 : 19.48%', '9 : 0.48%']%
Divergence : jsd 0.1466, tvd 0.2848

Cluster 5 with 10 clients
Cluster communication time : 800
Cluster clients : [12, 18, 25, 34, 46, 50, 54, 82, 95, 97]
Straggler within the cluster : 300
Label percentage: ['0 : 19.54%', '1 : 10.06%', '2 : 9.96%', '3 : 0.48%', '4 : 10.08%', '5 : 10.08%', '6 : 0.48%', '7 : 19.42%', '8 : 0.52%', '9 : 19.36%']%
Divergence : jsd 0.1477, tvd 0.2856

Cluster 6 with 10 clients
Cluster communication time : 800
Cluster clients : [14, 15, 23, 31, 41, 52, 59, 87, 93, 96]
Straggler within the cluster : 300
Label percentage: ['0 : 19.58%', '1 : 9.94%', '2 : 9.92%', '3 : 0.54%', '4 : 10.04%', '5 : 9.84%', '6 : 0.50%', '7 : 19.52%', '8 : 0.68%', '9 : 19.42%']%
Divergence : jsd 0.1442, tvd 0.2857

Cluster 7 with 10 clients
Cluster communication time : 800
Cluster clients : [13, 17, 28, 39, 49, 51, 58, 88, 91, 94]
Straggler within the cluster : 300
Label percentage: ['0 : 19.46%', '1 : 10.00%', '2 : 10.00%', '3 : 0.72%', '4 : 10.02%', '5 : 9.82%', '6 : 0.46%', '7 : 19.54%', '8 : 0.56%', '9 : 19.40%']%
Divergence : jsd 0.1438, tvd 0.2844

Cluster 8 with 10 clients
Cluster communication time : 800
Cluster clients : [11, 16, 27, 38, 40, 53, 57, 84, 90, 92]
Straggler within the cluster : 300
Label percentage: ['0 : 19.36%', '1 : 9.92%', '2 : 9.92%', '3 : 0.62%', '4 : 9.98%', '5 : 10.08%', '6 : 0.70%', '7 : 19.36%', '8 : 0.52%', '9 : 19.56%']%
Divergence : jsd 0.1418, tvd 0.2835

Cluster 9 with 10 clients
Cluster communication time : 800
Cluster clients : [10, 19, 24, 30, 48, 55, 56, 80, 98, 99]
Straggler within the cluster : 300
Label percentage: ['0 : 19.42%', '1 : 10.10%', '2 : 10.02%', '3 : 0.60%', '4 : 9.78%', '5 : 10.16%', '6 : 0.52%', '7 : 19.38%', '8 : 0.44%', '9 : 19.58%']%
Divergence : jsd 0.1465, tvd 0.2866

Cluster 0 with 10 clients
Cluster communication time : 800
Cluster clients : [6, 15, 27, 31, 44, 51, 69, 70, 89, 99]
Straggler within the cluster : 300
Label percentage: ['0 : 9.86%', '1 : 9.90%', '2 : 10.12%', '3 : 10.00%', '4 : 10.16%', '5 : 9.88%', '6 : 10.04%', '7 : 10.20%', '8 : 9.96%', '9 : 9.88%']%
Divergence : jsd 0.0000, tvd 0.0052

Cluster 1 with 10 clients
Cluster communication time : 800
Cluster clients : [1, 10, 24, 39, 48, 56, 63, 73, 80, 98]
Straggler within the cluster : 300
Label percentage: ['0 : 10.02%', '1 : 10.06%', '2 : 10.08%', '3 : 10.12%', '4 : 9.94%', '5 : 10.10%', '6 : 9.94%', '7 : 9.82%', '8 : 9.96%', '9 : 9.98%']%
Divergence : jsd 0.0000, tvd 0.0037

Cluster 2 with 10 clients
Cluster communication time : 800
Cluster clients : [5, 12, 22, 36, 41, 52, 62, 74, 87, 92]
Straggler within the cluster : 300
Label percentage: ['0 : 9.98%', '1 : 9.98%', '2 : 9.86%', '3 : 9.94%', '4 : 9.96%', '5 : 9.84%', '6 : 9.98%', '7 : 10.14%', '8 : 10.08%', '9 : 10.24%']%
Divergence : jsd 0.0000, tvd 0.0046

Cluster 3 with 10 clients
Cluster communication time : 800
Cluster clients : [3, 17, 25, 34, 43, 57, 61, 71, 88, 94]
Straggler within the cluster : 300
Label percentage: ['0 : 10.04%', '1 : 10.08%', '2 : 10.00%', '3 : 9.92%', '4 : 10.16%', '5 : 10.02%', '6 : 9.86%', '7 : 10.06%', '8 : 9.96%', '9 : 9.88%']%
Divergence : jsd 0.0000, tvd 0.0037

Cluster 4 with 10 clients
Cluster communication time : 800
Cluster clients : [4, 11, 23, 33, 40, 58, 65, 77, 85, 95]
Straggler within the cluster : 300
Label percentage: ['0 : 10.10%', '1 : 9.88%', '2 : 9.92%', '3 : 10.10%', '4 : 9.92%', '5 : 10.08%', '6 : 9.96%', '7 : 10.12%', '8 : 10.00%', '9 : 9.92%']%
Divergence : jsd 0.0000, tvd 0.0040

Cluster 5 with 10 clients
Cluster communication time : 800
Cluster clients : [0, 16, 26, 30, 42, 55, 64, 78, 86, 90]
Straggler within the cluster : 300
Label percentage: ['0 : 9.94%', '1 : 10.02%', '2 : 10.08%', '3 : 9.94%', '4 : 9.90%', '5 : 9.98%', '6 : 10.04%', '7 : 9.84%', '8 : 10.00%', '9 : 10.28%']%
Divergence : jsd 0.0000, tvd 0.0041

Cluster 6 with 10 clients
Cluster communication time : 800
Cluster clients : [7, 14, 21, 37, 49, 50, 60, 72, 84, 91]
Straggler within the cluster : 300
Label percentage: ['0 : 9.90%', '1 : 10.02%', '2 : 10.00%', '3 : 10.08%', '4 : 9.98%', '5 : 10.08%', '6 : 9.96%', '7 : 10.02%', '8 : 9.94%', '9 : 10.06%']%
Divergence : jsd 0.0000, tvd 0.0024

Cluster 7 with 10 clients
Cluster communication time : 800
Cluster clients : [8, 18, 20, 38, 47, 54, 67, 75, 81, 97]
Straggler within the cluster : 300
Label percentage: ['0 : 9.98%', '1 : 10.04%', '2 : 10.06%', '3 : 10.06%', '4 : 10.02%', '5 : 10.10%', '6 : 10.02%', '7 : 9.86%', '8 : 9.92%', '9 : 9.94%']%
Divergence : jsd 0.0000, tvd 0.0030

Cluster 8 with 10 clients
Cluster communication time : 800
Cluster clients : [9, 13, 29, 35, 46, 59, 68, 79, 82, 93]
Straggler within the cluster : 300
Label percentage: ['0 : 10.18%', '1 : 10.00%', '2 : 9.90%', '3 : 9.96%', '4 : 10.04%', '5 : 9.90%', '6 : 10.10%', '7 : 9.92%', '8 : 10.14%', '9 : 9.84%']%
Divergence : jsd 0.0000, tvd 0.0047

Cluster 9 with 10 clients
Cluster communication time : 800
Cluster clients : [2, 19, 28, 32, 45, 53, 66, 76, 83, 96]
Straggler within the cluster : 300
Label percentage: ['0 : 10.00%', '1 : 10.02%', '2 : 9.98%', '3 : 9.88%', '4 : 9.92%', '5 : 10.02%', '6 : 10.10%', '7 : 10.02%', '8 : 10.04%', '9 : 9.98%']%
Divergence : jsd 0.0000, tvd 0.0022

Cluster 0 with 10 clients
Cluster communication time : 800
Cluster clients : [6, 10, 23, 35, 46, 50, 61, 77, 82, 93]
Straggler within the cluster : 300
Label percentage: ['0 : 10.10%', '1 : 9.96%', '2 : 9.98%', '3 : 9.96%', '4 : 10.08%', '5 : 10.08%', '6 : 9.98%', '7 : 10.04%', '8 : 9.98%', '9 : 9.88%']%
Divergence : jsd 0.0000, tvd 0.0028

Cluster 1 with 10 clients
Cluster communication time : 800
Cluster clients : [13, 22, 39, 49, 54, 64, 69, 72, 86, 91]
Straggler within the cluster : 300
Label percentage: ['0 : 10.00%', '1 : 9.94%', '2 : 10.00%', '3 : 9.98%', '4 : 10.06%', '5 : 9.84%', '6 : 0.58%', '7 : 10.06%', '8 : 19.42%', '9 : 10.10%']%
Divergence : jsd 0.0478, tvd 0.0965

Cluster 2 with 10 clients
Cluster communication time : 800
Cluster clients : [16, 24, 30, 45, 56, 63, 66, 75, 80, 96]
Straggler within the cluster : 300
Label percentage: ['0 : 10.00%', '1 : 10.18%', '2 : 9.90%', '3 : 10.04%', '4 : 9.86%', '5 : 10.10%', '6 : 0.62%', '7 : 9.78%', '8 : 19.38%', '9 : 10.14%']%
Divergence : jsd 0.0471, tvd 0.0984

Cluster 3 with 10 clients
Cluster communication time : 800
Cluster clients : [15, 28, 38, 44, 55, 62, 67, 78, 83, 92]
Straggler within the cluster : 300
Label percentage: ['0 : 9.82%', '1 : 9.98%', '2 : 9.98%', '3 : 10.06%', '4 : 10.04%', '5 : 9.94%', '6 : 0.72%', '7 : 9.96%', '8 : 19.40%', '9 : 10.08%']%
Divergence : jsd 0.0456, tvd 0.0959

Cluster 4 with 10 clients
Cluster communication time : 800
Cluster clients : [0, 3, 12, 26, 34, 42, 52, 79, 88, 90]
Straggler within the cluster : 300
Label percentage: ['0 : 9.92%', '1 : 10.08%', '2 : 10.06%', '3 : 9.94%', '4 : 10.02%', '5 : 10.02%', '6 : 19.40%', '7 : 9.94%', '8 : 0.56%', '9 : 10.06%']%
Divergence : jsd 0.0480, tvd 0.0964

Cluster 5 with 10 clients
Cluster communication time : 800
Cluster clients : [5, 11, 20, 36, 41, 57, 68, 76, 84, 97]
Straggler within the cluster : 300
Label percentage: ['0 : 10.02%', '1 : 9.90%', '2 : 9.92%', '3 : 10.06%', '4 : 9.92%', '5 : 9.96%', '6 : 10.08%', '7 : 10.16%', '8 : 10.02%', '9 : 9.98%']%
Divergence : jsd 0.0000, tvd 0.0033

Cluster 6 with 10 clients
Cluster communication time : 800
Cluster clients : [4, 17, 27, 32, 40, 59, 65, 71, 89, 98]
Straggler within the cluster : 300
Label percentage: ['0 : 10.06%', '1 : 9.98%', '2 : 10.16%', '3 : 10.00%', '4 : 9.90%', '5 : 9.96%', '6 : 9.92%', '7 : 10.08%', '8 : 9.88%', '9 : 10.04%']%
Divergence : jsd 0.0000, tvd 0.0035

Cluster 7 with 10 clients
Cluster communication time : 800
Cluster clients : [2, 9, 19, 29, 33, 47, 51, 74, 87, 99]
Straggler within the cluster : 300
Label percentage: ['0 : 10.06%', '1 : 9.96%', '2 : 9.86%', '3 : 10.00%', '4 : 10.00%', '5 : 10.12%', '6 : 19.46%', '7 : 10.02%', '8 : 0.60%', '9 : 9.90%']%
Divergence : jsd 0.0475, tvd 0.0967

Cluster 8 with 10 clients
Cluster communication time : 800
Cluster clients : [1, 7, 18, 25, 37, 48, 58, 70, 81, 94]
Straggler within the cluster : 300
Label percentage: ['0 : 9.90%', '1 : 10.08%', '2 : 10.06%', '3 : 10.02%', '4 : 10.10%', '5 : 10.00%', '6 : 19.32%', '7 : 10.00%', '8 : 0.64%', '9 : 9.88%']%
Divergence : jsd 0.0466, tvd 0.0958

Cluster 9 with 10 clients
Cluster communication time : 800
Cluster clients : [8, 14, 21, 31, 43, 53, 60, 73, 85, 95]
Straggler within the cluster : 300
Label percentage: ['0 : 10.12%', '1 : 9.94%', '2 : 10.08%', '3 : 9.94%', '4 : 10.02%', '5 : 9.98%', '6 : 9.92%', '7 : 9.96%', '8 : 10.12%', '9 : 9.94%']%
Divergence : jsd 0.0000, tvd 0.0033

Cluster 0 with 10 clients
Cluster communication time : 800
Cluster clients : [4, 17, 23, 32, 43, 53, 65, 73, 86, 96]
Straggler within the cluster : 300
Label percentage: ['0 : 10.14%', '1 : 9.96%', '2 : 10.06%', '3 : 9.94%', '4 : 9.98%', '5 : 10.04%', '6 : 9.98%', '7 : 10.02%', '8 : 9.92%', '9 : 9.92%']%
Divergence : jsd 0.0000, tvd 0.0028

Cluster 1 with 9 clients
Cluster communication time : 800
Cluster clients : [9, 18, 26, 37, 46, 59, 66, 89, 97]
Straggler within the cluster : 300
Label percentage: ['0 : 11.16%', '1 : 11.07%', '2 : 11.07%', '3 : 0.49%', '4 : 11.12%', '5 : 10.94%', '6 : 10.96%', '7 : 10.96%', '8 : 11.09%', '9 : 11.14%']%
Divergence : jsd 0.0399, tvd 0.0951

Cluster 2 with 10 clients
Cluster communication time : 800
Cluster clients : [1, 12, 22, 35, 45, 57, 64, 77, 80, 93]
Straggler within the cluster : 300
Label percentage: ['0 : 10.08%', '1 : 10.16%', '2 : 9.84%', '3 : 9.90%', '4 : 10.04%', '5 : 9.98%', '6 : 10.00%', '7 : 10.04%', '8 : 10.06%', '9 : 9.90%']%
Divergence : jsd 0.0000, tvd 0.0038

Cluster 3 with 11 clients
Cluster communication time : 800
Cluster clients : [2, 8, 16, 27, 31, 42, 55, 60, 75, 87, 95]
Straggler within the cluster : 300
Label percentage: ['0 : 9.15%', '1 : 9.25%', '2 : 9.18%', '3 : 9.07%', '4 : 9.00%', '5 : 9.18%', '6 : 17.71%', '7 : 9.04%', '8 : 9.20%', '9 : 9.22%']%
Divergence : jsd 0.0091, tvd 0.0771

Cluster 4 with 10 clients
Cluster communication time : 800
Cluster clients : [0, 10, 24, 33, 40, 50, 63, 70, 85, 92]
Straggler within the cluster : 300
Label percentage: ['0 : 10.03%', '1 : 9.91%', '2 : 10.15%', '3 : 10.09%', '4 : 10.05%', '5 : 10.11%', '6 : 9.93%', '7 : 9.81%', '8 : 9.83%', '9 : 10.05%']%
Divergence : jsd 0.0000, tvd 0.0050

Cluster 5 with 10 clients
Cluster communication time : 800
Cluster clients : [7, 11, 20, 38, 48, 51, 68, 74, 84, 90]
Straggler within the cluster : 300
Label percentage: ['0 : 9.88%', '1 : 9.86%', '2 : 9.86%', '3 : 10.20%', '4 : 9.98%', '5 : 10.04%', '6 : 10.14%', '7 : 10.08%', '8 : 10.04%', '9 : 9.96%']%
Divergence : jsd 0.0000, tvd 0.0048

Cluster 6 with 10 clients
Cluster communication time : 800
Cluster clients : [6, 19, 28, 30, 41, 58, 62, 79, 88, 91]
Straggler within the cluster : 300
Label percentage: ['0 : 9.98%', '1 : 10.00%', '2 : 9.86%', '3 : 10.14%', '4 : 9.86%', '5 : 9.96%', '6 : 9.98%', '7 : 10.22%', '8 : 9.96%', '9 : 10.06%']%
Divergence : jsd 0.0000, tvd 0.0041

Cluster 7 with 10 clients
Cluster communication time : 800
Cluster clients : [3, 15, 21, 36, 44, 54, 67, 71, 82, 99]
Straggler within the cluster : 300
Label percentage: ['0 : 9.96%', '1 : 9.94%', '2 : 10.02%', '3 : 10.00%', '4 : 9.96%', '5 : 10.06%', '6 : 10.08%', '7 : 10.08%', '8 : 10.02%', '9 : 9.88%']%
Divergence : jsd 0.0000, tvd 0.0026

Cluster 8 with 10 clients
Cluster communication time : 800
Cluster clients : [5, 13, 25, 39, 47, 52, 69, 76, 83, 94]
Straggler within the cluster : 300
Label percentage: ['0 : 9.96%', '1 : 10.10%', '2 : 10.04%', '3 : 9.88%', '4 : 10.04%', '5 : 9.92%', '6 : 9.98%', '7 : 10.10%', '8 : 10.04%', '9 : 9.90%']%
Divergence : jsd 0.0000, tvd 0.0034

Cluster 9 with 10 clients
Cluster communication time : 800
Cluster clients : [14, 29, 34, 49, 56, 61, 72, 78, 81, 98]
Straggler within the cluster : 300
Label percentage: ['0 : 9.86%', '1 : 9.92%', '2 : 10.10%', '3 : 19.42%', '4 : 10.18%', '5 : 9.94%', '6 : 0.56%', '7 : 9.84%', '8 : 10.02%', '9 : 10.16%']%
Divergence : jsd 0.0481, tvd 0.0988

Cluster 0 with 10 clients
Cluster communication time : 800
Cluster clients : [5, 11, 22, 34, 49, 51, 63, 73, 86, 99]
Straggler within the cluster : 300
Label percentage: ['0 : 9.86%', '1 : 9.86%', '2 : 10.06%', '3 : 10.10%', '4 : 10.16%', '5 : 10.00%', '6 : 10.06%', '7 : 9.96%', '8 : 9.94%', '9 : 10.00%']%
Divergence : jsd 0.0000, tvd 0.0038

Cluster 1 with 10 clients
Cluster communication time : 800
Cluster clients : [7, 17, 25, 39, 45, 54, 60, 75, 81, 93]
Straggler within the cluster : 300
Label percentage: ['0 : 10.18%', '1 : 10.10%', '2 : 10.00%', '3 : 10.04%', '4 : 9.92%', '5 : 9.90%', '6 : 10.02%', '7 : 10.00%', '8 : 10.00%', '9 : 9.84%']%
Divergence : jsd 0.0000, tvd 0.0034

Cluster 2 with 10 clients
Cluster communication time : 800
Cluster clients : [6, 12, 26, 31, 44, 50, 61, 77, 89, 96]
Straggler within the cluster : 300
Label percentage: ['0 : 9.86%', '1 : 10.02%', '2 : 9.98%', '3 : 9.98%', '4 : 10.10%', '5 : 10.06%', '6 : 9.92%', '7 : 10.18%', '8 : 9.92%', '9 : 10.00%']%
Divergence : jsd 0.0000, tvd 0.0035

Cluster 3 with 10 clients
Cluster communication time : 800
Cluster clients : [8, 28, 33, 43, 53, 64, 70, 82, 88, 91]
Straggler within the cluster : 300
Label percentage: ['0 : 10.00%', '1 : 10.02%', '2 : 10.06%', '3 : 10.04%', '4 : 10.06%', '5 : 19.30%', '6 : 9.88%', '7 : 10.06%', '8 : 10.00%', '9 : 0.56%']%
Divergence : jsd 0.0478, tvd 0.0956

Cluster 4 with 10 clients
Cluster communication time : 800
Cluster clients : [9, 18, 23, 36, 42, 52, 65, 71, 87, 95]
Straggler within the cluster : 300
Label percentage: ['0 : 10.10%', '1 : 10.06%', '2 : 9.98%', '3 : 9.94%', '4 : 9.86%', '5 : 10.02%', '6 : 9.82%', '7 : 9.96%', '8 : 10.04%', '9 : 10.18%']%
Divergence : jsd 0.0000, tvd 0.0042

Cluster 5 with 10 clients
Cluster communication time : 800
Cluster clients : [4, 19, 27, 38, 47, 57, 68, 69, 74, 97]
Straggler within the cluster : 300
Label percentage: ['0 : 10.10%', '1 : 9.88%', '2 : 9.98%', '3 : 9.88%', '4 : 10.00%', '5 : 0.68%', '6 : 10.12%', '7 : 10.06%', '8 : 19.36%', '9 : 9.92%']%
Divergence : jsd 0.0461, tvd 0.0965

Cluster 6 with 10 clients
Cluster communication time : 800
Cluster clients : [1, 15, 20, 30, 32, 40, 59, 72, 84, 92]
Straggler within the cluster : 300
Label percentage: ['0 : 9.97%', '1 : 19.31%', '2 : 9.81%', '3 : 10.05%', '4 : 10.05%', '5 : 9.97%', '6 : 10.11%', '7 : 9.99%', '8 : 0.64%', '9 : 10.07%']%
Divergence : jsd 0.0466, tvd 0.0960

Cluster 7 with 10 clients
Cluster communication time : 800
Cluster clients : [3, 10, 14, 24, 48, 58, 62, 78, 80, 90]
Straggler within the cluster : 300
Label percentage: ['0 : 9.94%', '1 : 0.62%', '2 : 10.02%', '3 : 10.16%', '4 : 9.94%', '5 : 10.02%', '6 : 9.94%', '7 : 9.86%', '8 : 10.00%', '9 : 19.52%']%
Divergence : jsd 0.0473, tvd 0.0971

Cluster 8 with 10 clients
Cluster communication time : 800
Cluster clients : [0, 13, 21, 37, 46, 55, 67, 79, 83, 94]
Straggler within the cluster : 300
Label percentage: ['0 : 9.98%', '1 : 10.12%', '2 : 10.14%', '3 : 9.90%', '4 : 9.98%', '5 : 10.10%', '6 : 10.08%', '7 : 9.94%', '8 : 9.92%', '9 : 9.84%']%
Divergence : jsd 0.0000, tvd 0.0044

Cluster 9 with 10 clients
Cluster communication time : 800
Cluster clients : [2, 16, 29, 35, 41, 56, 66, 76, 85, 98]
Straggler within the cluster : 300
Label percentage: ['0 : 10.00%', '1 : 10.00%', '2 : 9.96%', '3 : 9.90%', '4 : 9.92%', '5 : 9.94%', '6 : 10.04%', '7 : 9.98%', '8 : 10.18%', '9 : 10.06%']%
Divergence : jsd 0.0000, tvd 0.0029

Cluster 0 with 10 clients
Cluster communication time : 800
Cluster clients : [4, 13, 27, 32, 42, 55, 67, 74, 82, 90]
Straggler within the cluster : 300
Label percentage: ['0 : 9.98%', '1 : 10.04%', '2 : 10.06%', '3 : 9.86%', '4 : 9.82%', '5 : 10.12%', '6 : 10.10%', '7 : 9.98%', '8 : 10.02%', '9 : 10.02%']%
Divergence : jsd 0.0000, tvd 0.0036

Cluster 1 with 10 clients
Cluster communication time : 800
Cluster clients : [7, 11, 26, 39, 45, 53, 68, 73, 84, 94]
Straggler within the cluster : 300
Label percentage: ['0 : 10.08%', '1 : 10.08%', '2 : 9.96%', '3 : 9.96%', '4 : 10.00%', '5 : 9.84%', '6 : 10.10%', '7 : 10.06%', '8 : 9.94%', '9 : 9.96%']%
Divergence : jsd 0.0000, tvd 0.0033

Cluster 2 with 10 clients
Cluster communication time : 800
Cluster clients : [8, 16, 22, 31, 40, 57, 66, 75, 85, 91]
Straggler within the cluster : 300
Label percentage: ['0 : 10.10%', '1 : 10.04%', '2 : 9.90%', '3 : 9.96%', '4 : 9.94%', '5 : 9.96%', '6 : 10.06%', '7 : 9.98%', '8 : 10.00%', '9 : 10.08%']%
Divergence : jsd 0.0000, tvd 0.0027

Cluster 3 with 10 clients
Cluster communication time : 800
Cluster clients : [6, 19, 24, 37, 41, 50, 64, 71, 80, 93]
Straggler within the cluster : 300
Label percentage: ['0 : 10.04%', '1 : 10.04%', '2 : 9.90%', '3 : 9.98%', '4 : 9.92%', '5 : 10.10%', '6 : 9.96%', '7 : 10.02%', '8 : 9.94%', '9 : 10.12%']%
Divergence : jsd 0.0000, tvd 0.0031

Cluster 4 with 10 clients
Cluster communication time : 800
Cluster clients : [9, 18, 23, 36, 47, 59, 62, 79, 86, 95]
Straggler within the cluster : 300
Label percentage: ['0 : 10.10%', '1 : 10.12%', '2 : 9.98%', '3 : 10.08%', '4 : 9.92%', '5 : 9.84%', '6 : 9.96%', '7 : 10.00%', '8 : 10.00%', '9 : 9.96%']%
Divergence : jsd 0.0000, tvd 0.0032

Cluster 5 with 10 clients
Cluster communication time : 800
Cluster clients : [0, 10, 29, 34, 44, 58, 69, 72, 88, 98]
Straggler within the cluster : 300
Label percentage: ['0 : 9.80%', '1 : 9.92%', '2 : 10.14%', '3 : 10.10%', '4 : 10.08%', '5 : 9.98%', '6 : 10.04%', '7 : 10.04%', '8 : 10.04%', '9 : 9.86%']%
Divergence : jsd 0.0000, tvd 0.0044

Cluster 6 with 10 clients
Cluster communication time : 800
Cluster clients : [1, 12, 28, 33, 49, 52, 65, 77, 87, 92]
Straggler within the cluster : 300
Label percentage: ['0 : 9.92%', '1 : 9.92%', '2 : 9.84%', '3 : 10.06%', '4 : 10.16%', '5 : 9.98%', '6 : 9.88%', '7 : 10.04%', '8 : 10.08%', '9 : 10.12%']%
Divergence : jsd 0.0000, tvd 0.0046

Cluster 7 with 10 clients
Cluster communication time : 800
Cluster clients : [3, 14, 25, 35, 43, 56, 61, 76, 81, 97]
Straggler within the cluster : 300
Label percentage: ['0 : 9.94%', '1 : 10.02%', '2 : 10.12%', '3 : 9.90%', '4 : 10.22%', '5 : 9.96%', '6 : 9.94%', '7 : 9.94%', '8 : 10.04%', '9 : 9.92%']%
Divergence : jsd 0.0000, tvd 0.0040

Cluster 8 with 10 clients
Cluster communication time : 800
Cluster clients : [2, 15, 20, 30, 46, 54, 60, 70, 83, 99]
Straggler within the cluster : 300
Label percentage: ['0 : 10.16%', '1 : 9.96%', '2 : 9.94%', '3 : 9.94%', '4 : 9.94%', '5 : 10.14%', '6 : 10.02%', '7 : 9.98%', '8 : 10.06%', '9 : 9.88%']%
Divergence : jsd 0.0000, tvd 0.0037

Cluster 9 with 10 clients
Cluster communication time : 800
Cluster clients : [5, 17, 21, 38, 48, 51, 63, 78, 89, 96]
Straggler within the cluster : 300
Label percentage: ['0 : 9.88%', '1 : 9.86%', '2 : 10.16%', '3 : 10.16%', '4 : 10.00%', '5 : 10.08%', '6 : 9.94%', '7 : 9.96%', '8 : 9.88%', '9 : 10.08%']%
Divergence : jsd 0.0000, tvd 0.0048

Cluster 0 with 10 clients
Cluster communication time : 800
Cluster clients : [5, 16, 24, 31, 42, 53, 69, 77, 87, 93]
Straggler within the cluster : 300
Label percentage: ['0 : 9.98%', '1 : 9.98%', '2 : 9.88%', '3 : 9.92%', '4 : 10.00%', '5 : 10.02%', '6 : 10.00%', '7 : 10.02%', '8 : 10.14%', '9 : 10.04%']%
Divergence : jsd 0.0000, tvd 0.0023

Cluster 1 with 10 clients
Cluster communication time : 800
Cluster clients : [13, 26, 37, 41, 57, 60, 67, 73, 88, 96]
Straggler within the cluster : 300
Label percentage: ['0 : 10.12%', '1 : 10.06%', '2 : 10.12%', '3 : 9.90%', '4 : 9.88%', '5 : 10.06%', '6 : 0.56%', '7 : 9.94%', '8 : 19.38%', '9 : 9.98%']%
Divergence : jsd 0.0480, tvd 0.0974

Cluster 2 with 10 clients
Cluster communication time : 800
Cluster clients : [9, 17, 22, 32, 40, 54, 64, 72, 86, 97]
Straggler within the cluster : 300
Label percentage: ['0 : 10.12%', '1 : 9.88%', '2 : 10.02%', '3 : 10.12%', '4 : 10.00%', '5 : 9.82%', '6 : 10.06%', '7 : 9.96%', '8 : 9.96%', '9 : 10.04%']%
Divergence : jsd 0.0000, tvd 0.0037

Cluster 3 with 10 clients
Cluster communication time : 800
Cluster clients : [7, 19, 25, 36, 47, 52, 66, 75, 89, 98]
Straggler within the cluster : 300
Label percentage: ['0 : 10.02%', '1 : 10.00%', '2 : 10.02%', '3 : 9.98%', '4 : 9.90%', '5 : 9.92%', '6 : 9.92%', '7 : 10.10%', '8 : 10.02%', '9 : 10.08%']%
Divergence : jsd 0.0000, tvd 0.0026

Cluster 4 with 10 clients
Cluster communication time : 800
Cluster clients : [2, 10, 28, 38, 49, 56, 61, 76, 82, 92]
Straggler within the cluster : 300
Label percentage: ['0 : 9.86%', '1 : 9.88%', '2 : 10.06%', '3 : 9.98%', '4 : 9.96%', '5 : 10.00%', '6 : 10.04%', '7 : 9.98%', '8 : 10.16%', '9 : 10.12%']%
Divergence : jsd 0.0000, tvd 0.0036

Cluster 5 with 10 clients
Cluster communication time : 800
Cluster clients : [4, 15, 23, 39, 44, 51, 65, 71, 83, 95]
Straggler within the cluster : 300
Label percentage: ['0 : 10.04%', '1 : 9.96%', '2 : 10.06%', '3 : 9.90%', '4 : 10.12%', '5 : 9.96%', '6 : 10.02%', '7 : 10.04%', '8 : 10.00%', '9 : 9.88%']%
Divergence : jsd 0.0000, tvd 0.0029

Cluster 6 with 10 clients
Cluster communication time : 800
Cluster clients : [0, 8, 11, 20, 33, 46, 59, 79, 80, 94]
Straggler within the cluster : 300
Label percentage: ['0 : 10.02%', '1 : 10.08%', '2 : 9.90%', '3 : 10.16%', '4 : 10.12%', '5 : 9.92%', '6 : 19.47%', '7 : 10.00%', '8 : 0.48%', '9 : 9.88%']%
Divergence : jsd 0.0495, tvd 0.0984

Cluster 7 with 10 clients
Cluster communication time : 800
Cluster clients : [3, 14, 27, 30, 43, 58, 63, 74, 85, 99]
Straggler within the cluster : 300
Label percentage: ['0 : 9.96%', '1 : 9.96%', '2 : 9.94%', '3 : 10.02%', '4 : 10.04%', '5 : 10.18%', '6 : 9.92%', '7 : 9.96%', '8 : 10.08%', '9 : 9.92%']%
Divergence : jsd 0.0000, tvd 0.0033

Cluster 8 with 10 clients
Cluster communication time : 800
Cluster clients : [1, 12, 21, 35, 48, 55, 68, 70, 81, 90]
Straggler within the cluster : 300
Label percentage: ['0 : 10.00%', '1 : 9.98%', '2 : 10.10%', '3 : 9.96%', '4 : 10.04%', '5 : 10.06%', '6 : 10.00%', '7 : 9.94%', '8 : 9.96%', '9 : 10.00%']%
Divergence : jsd 0.0000, tvd 0.0019

Cluster 9 with 10 clients
Cluster communication time : 800
Cluster clients : [6, 18, 29, 34, 45, 50, 62, 78, 84, 91]
Straggler within the cluster : 300
Label percentage: ['0 : 9.88%', '1 : 10.22%', '2 : 9.90%', '3 : 10.06%', '4 : 9.94%', '5 : 10.06%', '6 : 10.00%', '7 : 10.06%', '8 : 9.82%', '9 : 10.06%']%
Divergence : jsd 0.0000, tvd 0.0046

Cluster 0 with 10 clients
Cluster communication time : 800
Cluster clients : [1, 5, 28, 30, 42, 58, 65, 81, 92, 98]
Straggler within the cluster : 300
Label percentage: ['0 : 19.32%', '1 : 9.88%', '2 : 10.02%', '3 : 0.52%', '4 : 9.96%', '5 : 10.08%', '6 : 19.46%', '7 : 10.00%', '8 : 10.04%', '9 : 0.74%']%
Divergence : jsd 0.0940, tvd 0.1891

Cluster 1 with 10 clients
Cluster communication time : 800
Cluster clients : [3, 7, 23, 33, 49, 54, 64, 83, 93, 97]
Straggler within the cluster : 300
Label percentage: ['0 : 19.51%', '1 : 9.93%', '2 : 10.01%', '3 : 0.76%', '4 : 10.11%', '5 : 9.85%', '6 : 19.49%', '7 : 9.95%', '8 : 9.93%', '9 : 0.48%']%
Divergence : jsd 0.0948, tvd 0.1912

Cluster 2 with 10 clients
Cluster communication time : 800
Cluster clients : [14, 27, 35, 48, 67, 72, 73, 80, 85, 90]
Straggler within the cluster : 300
Label percentage: ['0 : 10.04%', '1 : 10.04%', '2 : 10.04%', '3 : 19.50%', '4 : 9.94%', '5 : 19.44%', '6 : 0.54%', '7 : 0.40%', '8 : 10.00%', '9 : 10.04%']%
Divergence : jsd 0.0995, tvd 0.1912

Cluster 3 with 10 clients
Cluster communication time : 800
Cluster clients : [18, 19, 22, 29, 37, 47, 71, 76, 82, 99]
Straggler within the cluster : 300
Label percentage: ['0 : 9.92%', '1 : 10.06%', '2 : 9.94%', '3 : 19.30%', '4 : 19.34%', '5 : 10.12%', '6 : 0.54%', '7 : 0.64%', '8 : 0.74%', '9 : 19.38%']%
Divergence : jsd 0.1401, tvd 0.2822

Cluster 4 with 10 clients
Cluster communication time : 800
Cluster clients : [2, 16, 26, 36, 57, 60, 68, 77, 79, 86]
Straggler within the cluster : 300
Label percentage: ['0 : 0.70%', '1 : 10.06%', '2 : 0.54%', '3 : 19.34%', '4 : 9.94%', '5 : 9.98%', '6 : 10.06%', '7 : 9.96%', '8 : 19.54%', '9 : 9.88%']%
Divergence : jsd 0.0944, tvd 0.1900

Cluster 5 with 10 clients
Cluster communication time : 800
Cluster clients : [6, 12, 15, 21, 39, 43, 46, 70, 89, 96]
Straggler within the cluster : 300
Label percentage: ['0 : 10.04%', '1 : 10.00%', '2 : 19.52%', '3 : 9.92%', '4 : 10.08%', '5 : 10.04%', '6 : 9.84%', '7 : 0.68%', '8 : 0.46%', '9 : 19.40%']%
Divergence : jsd 0.0962, tvd 0.1910

Cluster 6 with 10 clients
Cluster communication time : 800
Cluster clients : [4, 8, 24, 31, 44, 52, 62, 88, 91, 94]
Straggler within the cluster : 300
Label percentage: ['0 : 19.42%', '1 : 10.12%', '2 : 9.94%', '3 : 0.54%', '4 : 10.06%', '5 : 9.86%', '6 : 19.34%', '7 : 10.14%', '8 : 10.00%', '9 : 0.56%']%
Divergence : jsd 0.0963, tvd 0.1910

Cluster 7 with 10 clients
Cluster communication time : 800
Cluster clients : [9, 11, 38, 45, 50, 55, 66, 69, 74, 87]
Straggler within the cluster : 300
Label percentage: ['0 : 0.54%', '1 : 10.04%', '2 : 9.84%', '3 : 9.94%', '4 : 0.48%', '5 : 10.14%', '6 : 10.14%', '7 : 19.50%', '8 : 19.30%', '9 : 10.10%']%
Divergence : jsd 0.0977, tvd 0.1920

Cluster 8 with 10 clients
Cluster communication time : 800
Cluster clients : [0, 10, 13, 32, 40, 56, 59, 78, 84, 95]
Straggler within the cluster : 300
Label percentage: ['0 : 9.94%', '1 : 9.92%', '2 : 10.18%', '3 : 10.10%', '4 : 0.46%', '5 : 9.94%', '6 : 10.10%', '7 : 19.36%', '8 : 0.50%', '9 : 19.52%']%
Divergence : jsd 0.0989, tvd 0.1925

Cluster 9 with 10 clients
Cluster communication time : 800
Cluster clients : [17, 20, 25, 34, 41, 51, 53, 61, 63, 75]
Straggler within the cluster : 300
Label percentage: ['0 : 0.58%', '1 : 9.95%', '2 : 9.97%', '3 : 10.07%', '4 : 19.62%', '5 : 0.56%', '6 : 0.50%', '7 : 19.36%', '8 : 19.48%', '9 : 9.89%']%
Divergence : jsd 0.1454, tvd 0.2855

