Cluster 0 with 10 clients
Cluster communication time : 800
Cluster clients : [1, 7, 19, 25, 38, 64, 69, 76, 87, 91]
Straggler within the cluster : 300
Label percentage: ['0 : 9.98%', '1 : 10.06%', '2 : 0.46%', '3 : 9.98%', '4 : 10.00%', '5 : 9.98%', '6 : 19.36%', '7 : 0.70%', '8 : 19.48%', '9 : 10.00%']%
Divergence : jsd 0.0957, tvd 0.1890

Cluster 1 with 10 clients
Cluster communication time : 800
Cluster clients : [28, 45, 49, 54, 56, 59, 66, 68, 79, 85]
Straggler within the cluster : 300
Label percentage: ['0 : 0.68%', '1 : 0.48%', '2 : 19.38%', '3 : 10.04%', '4 : 9.90%', '5 : 9.82%', '6 : 0.68%', '7 : 28.93%', '8 : 19.48%', '9 : 0.60%']%
Divergence : jsd 0.2018, tvd 0.3784

Cluster 2 with 10 clients
Cluster communication time : 800
Cluster clients : [9, 21, 24, 31, 37, 42, 46, 72, 75, 86]
Straggler within the cluster : 300
Label percentage: ['0 : 0.60%', '1 : 19.44%', '2 : 19.44%', '3 : 19.36%', '4 : 19.42%', '5 : 10.10%', '6 : 10.00%', '7 : 0.44%', '8 : 0.60%', '9 : 0.62%']%
Divergence : jsd 0.1921, tvd 0.3774

Cluster 3 with 10 clients
Cluster communication time : 800
Cluster clients : [2, 3, 13, 32, 33, 34, 53, 73, 89, 98]
Straggler within the cluster : 300
Label percentage: ['0 : 10.00%', '1 : 28.85%', '2 : 0.68%', '3 : 9.96%', '4 : 0.66%', '5 : 10.08%', '6 : 19.41%', '7 : 10.02%', '8 : 0.40%', '9 : 9.92%']%
Divergence : jsd 0.1558, tvd 0.2837

Cluster 4 with 10 clients
Cluster communication time : 800
Cluster clients : [23, 26, 30, 48, 51, 52, 71, 81, 84, 96]
Straggler within the cluster : 300
Label percentage: ['0 : 9.94%', '1 : 10.06%', '2 : 10.10%', '3 : 10.04%', '4 : 19.52%', '5 : 19.36%', '6 : 0.48%', '7 : 19.34%', '8 : 0.44%', '9 : 0.72%']%
Divergence : jsd 0.1451, tvd 0.2842

Cluster 5 with 10 clients
Cluster communication time : 800
Cluster clients : [4, 10, 11, 29, 41, 47, 58, 67, 74, 90]
Straggler within the cluster : 300
Label percentage: ['0 : 9.95%', '1 : 0.56%', '2 : 19.47%', '3 : 10.01%', '4 : 9.75%', '5 : 0.56%', '6 : 10.09%', '7 : 10.13%', '8 : 10.11%', '9 : 19.35%']%
Divergence : jsd 0.0961, tvd 0.1917

Cluster 6 with 10 clients
Cluster communication time : 800
Cluster clients : [5, 17, 35, 39, 60, 63, 65, 80, 83, 92]
Straggler within the cluster : 300
Label percentage: ['0 : 10.08%', '1 : 19.48%', '2 : 0.56%', '3 : 0.62%', '4 : 0.50%', '5 : 19.40%', '6 : 10.06%', '7 : 0.44%', '8 : 28.90%', '9 : 9.96%']%
Divergence : jsd 0.2069, tvd 0.3792

Cluster 7 with 10 clients
Cluster communication time : 800
Cluster clients : [8, 18, 22, 27, 43, 44, 55, 61, 78, 99]
Straggler within the cluster : 300
Label percentage: ['0 : 9.84%', '1 : 0.56%', '2 : 19.48%', '3 : 9.96%', '4 : 19.60%', '5 : 0.56%', '6 : 9.96%', '7 : 9.98%', '8 : 9.98%', '9 : 10.08%']%
Divergence : jsd 0.0966, tvd 0.1916

Cluster 8 with 10 clients
Cluster communication time : 800
Cluster clients : [6, 12, 16, 20, 40, 70, 77, 82, 93, 95]
Straggler within the cluster : 300
Label percentage: ['0 : 19.46%', '1 : 0.52%', '2 : 9.86%', '3 : 19.50%', '4 : 10.00%', '5 : 10.06%', '6 : 9.98%', '7 : 0.60%', '8 : 0.70%', '9 : 19.32%']%
Divergence : jsd 0.1421, tvd 0.2834

Cluster 9 with 10 clients
Cluster communication time : 800
Cluster clients : [0, 14, 15, 36, 50, 57, 62, 88, 94, 97]
Straggler within the cluster : 300
Label percentage: ['0 : 19.46%', '1 : 10.00%', '2 : 0.56%', '3 : 0.52%', '4 : 0.64%', '5 : 10.08%', '6 : 9.98%', '7 : 19.42%', '8 : 9.90%', '9 : 19.42%']%
Divergence : jsd 0.1437, tvd 0.2840

