Cluster 0 with 10 clients
Cluster communication time : 800
Cluster clients : [20, 21, 22, 23, 24, 25, 26, 27, 28, 29]
Straggler within the cluster : 300
Label percentage: ['0 : 0.56%', '1 : 0.56%', '2 : 0.56%', '3 : 0.56%', '4 : 94.96%', '5 : 0.56%', '6 : 0.56%', '7 : 0.56%', '8 : 0.56%', '9 : 0.56%']%
Divergence : jsd 0.6197, tvd 0.8496

Cluster 1 with 10 clients
Cluster communication time : 800
Cluster clients : [80, 81, 82, 83, 84, 85, 86, 87, 88, 89]
Straggler within the cluster : 300
Label percentage: ['0 : 0.54%', '1 : 0.54%', '2 : 0.54%', '3 : 0.54%', '4 : 0.54%', '5 : 95.13%', '6 : 0.54%', '7 : 0.54%', '8 : 0.54%', '9 : 0.54%']%
Divergence : jsd 0.6232, tvd 0.8513

Cluster 2 with 10 clients
Cluster communication time : 800
Cluster clients : [70, 71, 72, 73, 74, 75, 76, 77, 78, 79]
Straggler within the cluster : 300
Label percentage: ['0 : 0.54%', '1 : 0.56%', '2 : 0.56%', '3 : 95.00%', '4 : 0.56%', '5 : 0.54%', '6 : 0.56%', '7 : 0.56%', '8 : 0.56%', '9 : 0.56%']%
Divergence : jsd 0.6205, tvd 0.8500

Cluster 3 with 10 clients
Cluster communication time : 800
Cluster clients : [10, 11, 12, 13, 14, 15, 16, 17, 18, 19]
Straggler within the cluster : 300
Label percentage: ['0 : 0.56%', '1 : 0.56%', '2 : 0.56%', '3 : 0.56%', '4 : 0.56%', '5 : 0.56%', '6 : 0.56%', '7 : 0.56%', '8 : 0.56%', '9 : 94.96%']%
Divergence : jsd 0.6197, tvd 0.8496

Cluster 4 with 10 clients
Cluster communication time : 800
Cluster clients : [90, 91, 92, 93, 94, 95, 96, 97, 98, 99]
Straggler within the cluster : 300
Label percentage: ['0 : 95.13%', '1 : 0.54%', '2 : 0.54%', '3 : 0.54%', '4 : 0.54%', '5 : 0.54%', '6 : 0.54%', '7 : 0.54%', '8 : 0.54%', '9 : 0.54%']%
Divergence : jsd 0.6232, tvd 0.8513

Cluster 5 with 10 clients
Cluster communication time : 800
Cluster clients : [50, 51, 52, 53, 54, 55, 56, 57, 58, 59]
Straggler within the cluster : 300
Label percentage: ['0 : 0.56%', '1 : 0.56%', '2 : 0.56%', '3 : 0.56%', '4 : 0.56%', '5 : 0.56%', '6 : 0.56%', '7 : 94.96%', '8 : 0.56%', '9 : 0.56%']%
Divergence : jsd 0.6197, tvd 0.8496

Cluster 6 with 10 clients
Cluster communication time : 800
Cluster clients : [30, 31, 32, 33, 34, 35, 36, 37, 38, 39]
Straggler within the cluster : 300
Label percentage: ['0 : 0.56%', '1 : 94.96%', '2 : 0.56%', '3 : 0.56%', '4 : 0.56%', '5 : 0.56%', '6 : 0.56%', '7 : 0.56%', '8 : 0.56%', '9 : 0.56%']%
Divergence : jsd 0.6197, tvd 0.8496

Cluster 7 with 10 clients
Cluster communication time : 800
Cluster clients : [60, 61, 62, 63, 64, 65, 66, 67, 68, 69]
Straggler within the cluster : 300
Label percentage: ['0 : 0.56%', '1 : 0.56%', '2 : 0.56%', '3 : 0.56%', '4 : 0.56%', '5 : 0.56%', '6 : 0.56%', '7 : 0.56%', '8 : 94.96%', '9 : 0.56%']%
Divergence : jsd 0.6197, tvd 0.8496

Cluster 8 with 10 clients
Cluster communication time : 800
Cluster clients : [0, 1, 2, 3, 4, 5, 6, 7, 8, 9]
Straggler within the cluster : 300
Label percentage: ['0 : 0.56%', '1 : 0.56%', '2 : 0.56%', '3 : 0.56%', '4 : 0.56%', '5 : 0.56%', '6 : 94.96%', '7 : 0.56%', '8 : 0.56%', '9 : 0.56%']%
Divergence : jsd 0.6197, tvd 0.8496

Cluster 9 with 10 clients
Cluster communication time : 800
Cluster clients : [40, 41, 42, 43, 44, 45, 46, 47, 48, 49]
Straggler within the cluster : 300
Label percentage: ['0 : 0.56%', '1 : 0.56%', '2 : 94.96%', '3 : 0.56%', '4 : 0.56%', '5 : 0.56%', '6 : 0.56%', '7 : 0.56%', '8 : 0.56%', '9 : 0.56%']%
Divergence : jsd 0.6197, tvd 0.8496

Cluster 0 with 10 clients
Cluster communication time : 800
Cluster clients : [20, 21, 22, 23, 24, 25, 26, 27, 28, 29]
Straggler within the cluster : 300
Label percentage: ['0 : 0.56%', '1 : 0.56%', '2 : 0.56%', '3 : 0.56%', '4 : 94.96%', '5 : 0.56%', '6 : 0.56%', '7 : 0.56%', '8 : 0.56%', '9 : 0.56%']%
Divergence : jsd 0.6197, tvd 0.8496

Cluster 1 with 10 clients
Cluster communication time : 800
Cluster clients : [10, 11, 12, 13, 14, 15, 16, 17, 18, 19]
Straggler within the cluster : 300
Label percentage: ['0 : 0.56%', '1 : 0.56%', '2 : 0.56%', '3 : 0.56%', '4 : 0.56%', '5 : 0.56%', '6 : 0.56%', '7 : 0.56%', '8 : 0.56%', '9 : 94.96%']%
Divergence : jsd 0.6197, tvd 0.8496

Cluster 2 with 10 clients
Cluster communication time : 800
Cluster clients : [60, 61, 62, 63, 64, 65, 66, 67, 68, 69]
Straggler within the cluster : 300
Label percentage: ['0 : 0.56%', '1 : 0.56%', '2 : 0.56%', '3 : 0.56%', '4 : 0.56%', '5 : 0.56%', '6 : 0.56%', '7 : 0.56%', '8 : 94.96%', '9 : 0.56%']%
Divergence : jsd 0.6197, tvd 0.8496

Cluster 3 with 10 clients
Cluster communication time : 800
Cluster clients : [30, 31, 32, 33, 34, 35, 36, 37, 38, 39]
Straggler within the cluster : 300
Label percentage: ['0 : 0.56%', '1 : 94.96%', '2 : 0.56%', '3 : 0.56%', '4 : 0.56%', '5 : 0.56%', '6 : 0.56%', '7 : 0.56%', '8 : 0.56%', '9 : 0.56%']%
Divergence : jsd 0.6197, tvd 0.8496

Cluster 4 with 10 clients
Cluster communication time : 800
Cluster clients : [0, 1, 2, 3, 4, 5, 6, 7, 8, 9]
Straggler within the cluster : 300
Label percentage: ['0 : 0.56%', '1 : 0.56%', '2 : 0.56%', '3 : 0.56%', '4 : 0.56%', '5 : 0.56%', '6 : 94.96%', '7 : 0.56%', '8 : 0.56%', '9 : 0.56%']%
Divergence : jsd 0.6197, tvd 0.8496

Cluster 5 with 10 clients
Cluster communication time : 800
Cluster clients : [80, 81, 82, 83, 84, 85, 86, 87, 88, 89]
Straggler within the cluster : 300
Label percentage: ['0 : 0.54%', '1 : 0.54%', '2 : 0.54%', '3 : 0.54%', '4 : 0.54%', '5 : 95.13%', '6 : 0.54%', '7 : 0.54%', '8 : 0.54%', '9 : 0.54%']%
Divergence : jsd 0.6232, tvd 0.8513

Cluster 6 with 10 clients
Cluster communication time : 800
Cluster clients : [40, 41, 42, 43, 44, 45, 46, 47, 48, 49]
Straggler within the cluster : 300
Label percentage: ['0 : 0.56%', '1 : 0.56%', '2 : 94.96%', '3 : 0.56%', '4 : 0.56%', '5 : 0.56%', '6 : 0.56%', '7 : 0.56%', '8 : 0.56%', '9 : 0.56%']%
Divergence : jsd 0.6197, tvd 0.8496

Cluster 7 with 10 clients
Cluster communication time : 800
Cluster clients : [90, 91, 92, 93, 94, 95, 96, 97, 98, 99]
Straggler within the cluster : 300
Label percentage: ['0 : 95.13%', '1 : 0.54%', '2 : 0.54%', '3 : 0.54%', '4 : 0.54%', '5 : 0.54%', '6 : 0.54%', '7 : 0.54%', '8 : 0.54%', '9 : 0.54%']%
Divergence : jsd 0.6232, tvd 0.8513

Cluster 8 with 10 clients
Cluster communication time : 800
Cluster clients : [70, 71, 72, 73, 74, 75, 76, 77, 78, 79]
Straggler within the cluster : 300
Label percentage: ['0 : 0.54%', '1 : 0.56%', '2 : 0.56%', '3 : 95.00%', '4 : 0.56%', '5 : 0.54%', '6 : 0.56%', '7 : 0.56%', '8 : 0.56%', '9 : 0.56%']%
Divergence : jsd 0.6205, tvd 0.8500

Cluster 9 with 10 clients
Cluster communication time : 800
Cluster clients : [50, 51, 52, 53, 54, 55, 56, 57, 58, 59]
Straggler within the cluster : 300
Label percentage: ['0 : 0.56%', '1 : 0.56%', '2 : 0.56%', '3 : 0.56%', '4 : 0.56%', '5 : 0.56%', '6 : 0.56%', '7 : 94.96%', '8 : 0.56%', '9 : 0.56%']%
Divergence : jsd 0.6197, tvd 0.8496

Cluster 0 with 10 clients
Cluster communication time : 800
Cluster clients : [20, 21, 22, 23, 24, 25, 26, 27, 28, 29]
Straggler within the cluster : 300
Label percentage: ['0 : 0.56%', '1 : 0.56%', '2 : 0.56%', '3 : 0.56%', '4 : 94.96%', '5 : 0.56%', '6 : 0.56%', '7 : 0.56%', '8 : 0.56%', '9 : 0.56%']%
Divergence : jsd 0.6197, tvd 0.8496

Cluster 1 with 10 clients
Cluster communication time : 800
Cluster clients : [10, 11, 12, 13, 14, 15, 16, 17, 18, 19]
Straggler within the cluster : 300
Label percentage: ['0 : 0.56%', '1 : 0.56%', '2 : 0.56%', '3 : 0.56%', '4 : 0.56%', '5 : 0.56%', '6 : 0.56%', '7 : 0.56%', '8 : 0.56%', '9 : 94.96%']%
Divergence : jsd 0.6197, tvd 0.8496

Cluster 2 with 10 clients
Cluster communication time : 800
Cluster clients : [60, 61, 62, 63, 64, 65, 66, 67, 68, 69]
Straggler within the cluster : 300
Label percentage: ['0 : 0.56%', '1 : 0.56%', '2 : 0.56%', '3 : 0.56%', '4 : 0.56%', '5 : 0.56%', '6 : 0.56%', '7 : 0.56%', '8 : 94.96%', '9 : 0.56%']%
Divergence : jsd 0.6197, tvd 0.8496

Cluster 3 with 10 clients
Cluster communication time : 800
Cluster clients : [30, 31, 32, 33, 34, 35, 36, 37, 38, 39]
Straggler within the cluster : 300
Label percentage: ['0 : 0.56%', '1 : 94.96%', '2 : 0.56%', '3 : 0.56%', '4 : 0.56%', '5 : 0.56%', '6 : 0.56%', '7 : 0.56%', '8 : 0.56%', '9 : 0.56%']%
Divergence : jsd 0.6197, tvd 0.8496

Cluster 4 with 10 clients
Cluster communication time : 800
Cluster clients : [90, 91, 92, 93, 94, 95, 96, 97, 98, 99]
Straggler within the cluster : 300
Label percentage: ['0 : 95.13%', '1 : 0.54%', '2 : 0.54%', '3 : 0.54%', '4 : 0.54%', '5 : 0.54%', '6 : 0.54%', '7 : 0.54%', '8 : 0.54%', '9 : 0.54%']%
Divergence : jsd 0.6232, tvd 0.8513

Cluster 5 with 10 clients
Cluster communication time : 800
Cluster clients : [70, 71, 72, 73, 74, 75, 76, 77, 78, 79]
Straggler within the cluster : 300
Label percentage: ['0 : 0.54%', '1 : 0.56%', '2 : 0.56%', '3 : 95.00%', '4 : 0.56%', '5 : 0.54%', '6 : 0.56%', '7 : 0.56%', '8 : 0.56%', '9 : 0.56%']%
Divergence : jsd 0.6205, tvd 0.8500

Cluster 6 with 10 clients
Cluster communication time : 800
Cluster clients : [40, 41, 42, 43, 44, 45, 46, 47, 48, 49]
Straggler within the cluster : 300
Label percentage: ['0 : 0.56%', '1 : 0.56%', '2 : 94.96%', '3 : 0.56%', '4 : 0.56%', '5 : 0.56%', '6 : 0.56%', '7 : 0.56%', '8 : 0.56%', '9 : 0.56%']%
Divergence : jsd 0.6197, tvd 0.8496

Cluster 7 with 10 clients
Cluster communication time : 800
Cluster clients : [0, 1, 2, 3, 4, 5, 6, 7, 8, 9]
Straggler within the cluster : 300
Label percentage: ['0 : 0.56%', '1 : 0.56%', '2 : 0.56%', '3 : 0.56%', '4 : 0.56%', '5 : 0.56%', '6 : 94.96%', '7 : 0.56%', '8 : 0.56%', '9 : 0.56%']%
Divergence : jsd 0.6197, tvd 0.8496

Cluster 8 with 10 clients
Cluster communication time : 800
Cluster clients : [80, 81, 82, 83, 84, 85, 86, 87, 88, 89]
Straggler within the cluster : 300
Label percentage: ['0 : 0.54%', '1 : 0.54%', '2 : 0.54%', '3 : 0.54%', '4 : 0.54%', '5 : 95.13%', '6 : 0.54%', '7 : 0.54%', '8 : 0.54%', '9 : 0.54%']%
Divergence : jsd 0.6232, tvd 0.8513

Cluster 9 with 10 clients
Cluster communication time : 800
Cluster clients : [50, 51, 52, 53, 54, 55, 56, 57, 58, 59]
Straggler within the cluster : 300
Label percentage: ['0 : 0.56%', '1 : 0.56%', '2 : 0.56%', '3 : 0.56%', '4 : 0.56%', '5 : 0.56%', '6 : 0.56%', '7 : 94.96%', '8 : 0.56%', '9 : 0.56%']%
Divergence : jsd 0.6197, tvd 0.8496

Cluster 0 with 10 clients
Cluster communication time : 800
Cluster clients : [20, 21, 22, 23, 24, 25, 26, 27, 28, 29]
Straggler within the cluster : 300
Label percentage: ['0 : 0.56%', '1 : 0.56%', '2 : 0.56%', '3 : 0.56%', '4 : 94.96%', '5 : 0.56%', '6 : 0.56%', '7 : 0.56%', '8 : 0.56%', '9 : 0.56%']%
Divergence : jsd 0.6197, tvd 0.8496

Cluster 1 with 10 clients
Cluster communication time : 800
Cluster clients : [10, 11, 12, 13, 14, 15, 16, 17, 18, 19]
Straggler within the cluster : 300
Label percentage: ['0 : 0.56%', '1 : 0.56%', '2 : 0.56%', '3 : 0.56%', '4 : 0.56%', '5 : 0.56%', '6 : 0.56%', '7 : 0.56%', '8 : 0.56%', '9 : 94.96%']%
Divergence : jsd 0.6197, tvd 0.8496

Cluster 2 with 10 clients
Cluster communication time : 800
Cluster clients : [60, 61, 62, 63, 64, 65, 66, 67, 68, 69]
Straggler within the cluster : 300
Label percentage: ['0 : 0.56%', '1 : 0.56%', '2 : 0.56%', '3 : 0.56%', '4 : 0.56%', '5 : 0.56%', '6 : 0.56%', '7 : 0.56%', '8 : 94.96%', '9 : 0.56%']%
Divergence : jsd 0.6197, tvd 0.8496

Cluster 3 with 10 clients
Cluster communication time : 800
Cluster clients : [0, 1, 2, 3, 4, 5, 6, 7, 8, 9]
Straggler within the cluster : 300
Label percentage: ['0 : 0.56%', '1 : 0.56%', '2 : 0.56%', '3 : 0.56%', '4 : 0.56%', '5 : 0.56%', '6 : 94.96%', '7 : 0.56%', '8 : 0.56%', '9 : 0.56%']%
Divergence : jsd 0.6197, tvd 0.8496

Cluster 4 with 10 clients
Cluster communication time : 800
Cluster clients : [30, 31, 32, 33, 34, 35, 36, 37, 38, 39]
Straggler within the cluster : 300
Label percentage: ['0 : 0.56%', '1 : 94.96%', '2 : 0.56%', '3 : 0.56%', '4 : 0.56%', '5 : 0.56%', '6 : 0.56%', '7 : 0.56%', '8 : 0.56%', '9 : 0.56%']%
Divergence : jsd 0.6197, tvd 0.8496

Cluster 5 with 10 clients
Cluster communication time : 800
Cluster clients : [40, 41, 42, 43, 44, 45, 46, 47, 48, 49]
Straggler within the cluster : 300
Label percentage: ['0 : 0.56%', '1 : 0.56%', '2 : 94.96%', '3 : 0.56%', '4 : 0.56%', '5 : 0.56%', '6 : 0.56%', '7 : 0.56%', '8 : 0.56%', '9 : 0.56%']%
Divergence : jsd 0.6197, tvd 0.8496

Cluster 6 with 10 clients
Cluster communication time : 800
Cluster clients : [50, 51, 52, 53, 54, 55, 56, 57, 58, 59]
Straggler within the cluster : 300
Label percentage: ['0 : 0.56%', '1 : 0.56%', '2 : 0.56%', '3 : 0.56%', '4 : 0.56%', '5 : 0.56%', '6 : 0.56%', '7 : 94.96%', '8 : 0.56%', '9 : 0.56%']%
Divergence : jsd 0.6197, tvd 0.8496

Cluster 7 with 10 clients
Cluster communication time : 800
Cluster clients : [90, 91, 92, 93, 94, 95, 96, 97, 98, 99]
Straggler within the cluster : 300
Label percentage: ['0 : 95.13%', '1 : 0.54%', '2 : 0.54%', '3 : 0.54%', '4 : 0.54%', '5 : 0.54%', '6 : 0.54%', '7 : 0.54%', '8 : 0.54%', '9 : 0.54%']%
Divergence : jsd 0.6232, tvd 0.8513

Cluster 8 with 10 clients
Cluster communication time : 800
Cluster clients : [80, 81, 82, 83, 84, 85, 86, 87, 88, 89]
Straggler within the cluster : 300
Label percentage: ['0 : 0.54%', '1 : 0.54%', '2 : 0.54%', '3 : 0.54%', '4 : 0.54%', '5 : 95.13%', '6 : 0.54%', '7 : 0.54%', '8 : 0.54%', '9 : 0.54%']%
Divergence : jsd 0.6232, tvd 0.8513

Cluster 9 with 10 clients
Cluster communication time : 800
Cluster clients : [70, 71, 72, 73, 74, 75, 76, 77, 78, 79]
Straggler within the cluster : 300
Label percentage: ['0 : 0.54%', '1 : 0.56%', '2 : 0.56%', '3 : 95.00%', '4 : 0.56%', '5 : 0.54%', '6 : 0.56%', '7 : 0.56%', '8 : 0.56%', '9 : 0.56%']%
Divergence : jsd 0.6205, tvd 0.8500

Cluster 0 with 10 clients
Cluster communication time : 800
Cluster clients : [20, 21, 22, 23, 24, 25, 26, 27, 28, 29]
Straggler within the cluster : 300
Label percentage: ['0 : 0.56%', '1 : 0.56%', '2 : 0.56%', '3 : 0.56%', '4 : 94.96%', '5 : 0.56%', '6 : 0.56%', '7 : 0.56%', '8 : 0.56%', '9 : 0.56%']%
Divergence : jsd 0.6197, tvd 0.8496

Cluster 1 with 10 clients
Cluster communication time : 800
Cluster clients : [80, 81, 82, 83, 84, 85, 86, 87, 88, 89]
Straggler within the cluster : 300
Label percentage: ['0 : 0.54%', '1 : 0.54%', '2 : 0.54%', '3 : 0.54%', '4 : 0.54%', '5 : 95.13%', '6 : 0.54%', '7 : 0.54%', '8 : 0.54%', '9 : 0.54%']%
Divergence : jsd 0.6232, tvd 0.8513

Cluster 2 with 10 clients
Cluster communication time : 800
Cluster clients : [70, 71, 72, 73, 74, 75, 76, 77, 78, 79]
Straggler within the cluster : 300
Label percentage: ['0 : 0.54%', '1 : 0.56%', '2 : 0.56%', '3 : 95.00%', '4 : 0.56%', '5 : 0.54%', '6 : 0.56%', '7 : 0.56%', '8 : 0.56%', '9 : 0.56%']%
Divergence : jsd 0.6205, tvd 0.8500

Cluster 3 with 10 clients
Cluster communication time : 800
Cluster clients : [0, 1, 2, 3, 4, 5, 6, 7, 8, 9]
Straggler within the cluster : 300
Label percentage: ['0 : 0.56%', '1 : 0.56%', '2 : 0.56%', '3 : 0.56%', '4 : 0.56%', '5 : 0.56%', '6 : 94.96%', '7 : 0.56%', '8 : 0.56%', '9 : 0.56%']%
Divergence : jsd 0.6197, tvd 0.8496

Cluster 4 with 10 clients
Cluster communication time : 800
Cluster clients : [40, 41, 42, 43, 44, 45, 46, 47, 48, 49]
Straggler within the cluster : 300
Label percentage: ['0 : 0.56%', '1 : 0.56%', '2 : 94.96%', '3 : 0.56%', '4 : 0.56%', '5 : 0.56%', '6 : 0.56%', '7 : 0.56%', '8 : 0.56%', '9 : 0.56%']%
Divergence : jsd 0.6197, tvd 0.8496

Cluster 5 with 10 clients
Cluster communication time : 800
Cluster clients : [50, 51, 52, 53, 54, 55, 56, 57, 58, 59]
Straggler within the cluster : 300
Label percentage: ['0 : 0.56%', '1 : 0.56%', '2 : 0.56%', '3 : 0.56%', '4 : 0.56%', '5 : 0.56%', '6 : 0.56%', '7 : 94.96%', '8 : 0.56%', '9 : 0.56%']%
Divergence : jsd 0.6197, tvd 0.8496

Cluster 6 with 10 clients
Cluster communication time : 800
Cluster clients : [30, 31, 32, 33, 34, 35, 36, 37, 38, 39]
Straggler within the cluster : 300
Label percentage: ['0 : 0.56%', '1 : 94.96%', '2 : 0.56%', '3 : 0.56%', '4 : 0.56%', '5 : 0.56%', '6 : 0.56%', '7 : 0.56%', '8 : 0.56%', '9 : 0.56%']%
Divergence : jsd 0.6197, tvd 0.8496

Cluster 7 with 10 clients
Cluster communication time : 800
Cluster clients : [90, 91, 92, 93, 94, 95, 96, 97, 98, 99]
Straggler within the cluster : 300
Label percentage: ['0 : 95.13%', '1 : 0.54%', '2 : 0.54%', '3 : 0.54%', '4 : 0.54%', '5 : 0.54%', '6 : 0.54%', '7 : 0.54%', '8 : 0.54%', '9 : 0.54%']%
Divergence : jsd 0.6232, tvd 0.8513

Cluster 8 with 10 clients
Cluster communication time : 800
Cluster clients : [10, 11, 12, 13, 14, 15, 16, 17, 18, 19]
Straggler within the cluster : 300
Label percentage: ['0 : 0.56%', '1 : 0.56%', '2 : 0.56%', '3 : 0.56%', '4 : 0.56%', '5 : 0.56%', '6 : 0.56%', '7 : 0.56%', '8 : 0.56%', '9 : 94.96%']%
Divergence : jsd 0.6197, tvd 0.8496

Cluster 9 with 10 clients
Cluster communication time : 800
Cluster clients : [60, 61, 62, 63, 64, 65, 66, 67, 68, 69]
Straggler within the cluster : 300
Label percentage: ['0 : 0.56%', '1 : 0.56%', '2 : 0.56%', '3 : 0.56%', '4 : 0.56%', '5 : 0.56%', '6 : 0.56%', '7 : 0.56%', '8 : 94.96%', '9 : 0.56%']%
Divergence : jsd 0.6197, tvd 0.8496

Cluster 0 with 10 clients
Cluster communication time : 800
Cluster clients : [20, 21, 22, 23, 24, 25, 26, 27, 28, 29]
Straggler within the cluster : 300
Label percentage: ['0 : 0.56%', '1 : 0.56%', '2 : 0.56%', '3 : 0.56%', '4 : 94.96%', '5 : 0.56%', '6 : 0.56%', '7 : 0.56%', '8 : 0.56%', '9 : 0.56%']%
Divergence : jsd 0.6197, tvd 0.8496

Cluster 1 with 10 clients
Cluster communication time : 800
Cluster clients : [80, 81, 82, 83, 84, 85, 86, 87, 88, 89]
Straggler within the cluster : 300
Label percentage: ['0 : 0.54%', '1 : 0.54%', '2 : 0.54%', '3 : 0.54%', '4 : 0.54%', '5 : 95.13%', '6 : 0.54%', '7 : 0.54%', '8 : 0.54%', '9 : 0.54%']%
Divergence : jsd 0.6232, tvd 0.8513

Cluster 2 with 10 clients
Cluster communication time : 800
Cluster clients : [50, 51, 52, 53, 54, 55, 56, 57, 58, 59]
Straggler within the cluster : 300
Label percentage: ['0 : 0.56%', '1 : 0.56%', '2 : 0.56%', '3 : 0.56%', '4 : 0.56%', '5 : 0.56%', '6 : 0.56%', '7 : 94.96%', '8 : 0.56%', '9 : 0.56%']%
Divergence : jsd 0.6197, tvd 0.8496

Cluster 3 with 10 clients
Cluster communication time : 800
Cluster clients : [70, 71, 72, 73, 74, 75, 76, 77, 78, 79]
Straggler within the cluster : 300
Label percentage: ['0 : 0.54%', '1 : 0.56%', '2 : 0.56%', '3 : 95.00%', '4 : 0.56%', '5 : 0.54%', '6 : 0.56%', '7 : 0.56%', '8 : 0.56%', '9 : 0.56%']%
Divergence : jsd 0.6205, tvd 0.8500

Cluster 4 with 10 clients
Cluster communication time : 800
Cluster clients : [10, 11, 12, 13, 14, 15, 16, 17, 18, 19]
Straggler within the cluster : 300
Label percentage: ['0 : 0.56%', '1 : 0.56%', '2 : 0.56%', '3 : 0.56%', '4 : 0.56%', '5 : 0.56%', '6 : 0.56%', '7 : 0.56%', '8 : 0.56%', '9 : 94.96%']%
Divergence : jsd 0.6197, tvd 0.8496

Cluster 5 with 10 clients
Cluster communication time : 800
Cluster clients : [60, 61, 62, 63, 64, 65, 66, 67, 68, 69]
Straggler within the cluster : 300
Label percentage: ['0 : 0.56%', '1 : 0.56%', '2 : 0.56%', '3 : 0.56%', '4 : 0.56%', '5 : 0.56%', '6 : 0.56%', '7 : 0.56%', '8 : 94.96%', '9 : 0.56%']%
Divergence : jsd 0.6197, tvd 0.8496

Cluster 6 with 10 clients
Cluster communication time : 800
Cluster clients : [30, 31, 32, 33, 34, 35, 36, 37, 38, 39]
Straggler within the cluster : 300
Label percentage: ['0 : 0.56%', '1 : 94.96%', '2 : 0.56%', '3 : 0.56%', '4 : 0.56%', '5 : 0.56%', '6 : 0.56%', '7 : 0.56%', '8 : 0.56%', '9 : 0.56%']%
Divergence : jsd 0.6197, tvd 0.8496

Cluster 7 with 10 clients
Cluster communication time : 800
Cluster clients : [90, 91, 92, 93, 94, 95, 96, 97, 98, 99]
Straggler within the cluster : 300
Label percentage: ['0 : 95.13%', '1 : 0.54%', '2 : 0.54%', '3 : 0.54%', '4 : 0.54%', '5 : 0.54%', '6 : 0.54%', '7 : 0.54%', '8 : 0.54%', '9 : 0.54%']%
Divergence : jsd 0.6232, tvd 0.8513

Cluster 8 with 10 clients
Cluster communication time : 800
Cluster clients : [0, 1, 2, 3, 4, 5, 6, 7, 8, 9]
Straggler within the cluster : 300
Label percentage: ['0 : 0.56%', '1 : 0.56%', '2 : 0.56%', '3 : 0.56%', '4 : 0.56%', '5 : 0.56%', '6 : 94.96%', '7 : 0.56%', '8 : 0.56%', '9 : 0.56%']%
Divergence : jsd 0.6197, tvd 0.8496

Cluster 9 with 10 clients
Cluster communication time : 800
Cluster clients : [40, 41, 42, 43, 44, 45, 46, 47, 48, 49]
Straggler within the cluster : 300
Label percentage: ['0 : 0.56%', '1 : 0.56%', '2 : 94.96%', '3 : 0.56%', '4 : 0.56%', '5 : 0.56%', '6 : 0.56%', '7 : 0.56%', '8 : 0.56%', '9 : 0.56%']%
Divergence : jsd 0.6197, tvd 0.8496

Cluster 0 with 10 clients
Cluster communication time : 800
Cluster clients : [20, 21, 22, 23, 24, 25, 26, 27, 28, 29]
Straggler within the cluster : 300
Label percentage: ['0 : 0.56%', '1 : 0.56%', '2 : 0.56%', '3 : 0.56%', '4 : 94.96%', '5 : 0.56%', '6 : 0.56%', '7 : 0.56%', '8 : 0.56%', '9 : 0.56%']%
Divergence : jsd 0.6197, tvd 0.8496

Cluster 1 with 10 clients
Cluster communication time : 800
Cluster clients : [50, 51, 52, 53, 54, 55, 56, 57, 58, 59]
Straggler within the cluster : 300
Label percentage: ['0 : 0.56%', '1 : 0.56%', '2 : 0.56%', '3 : 0.56%', '4 : 0.56%', '5 : 0.56%', '6 : 0.56%', '7 : 94.96%', '8 : 0.56%', '9 : 0.56%']%
Divergence : jsd 0.6197, tvd 0.8496

Cluster 2 with 10 clients
Cluster communication time : 800
Cluster clients : [80, 81, 82, 83, 84, 85, 86, 87, 88, 89]
Straggler within the cluster : 300
Label percentage: ['0 : 0.54%', '1 : 0.54%', '2 : 0.54%', '3 : 0.54%', '4 : 0.54%', '5 : 95.13%', '6 : 0.54%', '7 : 0.54%', '8 : 0.54%', '9 : 0.54%']%
Divergence : jsd 0.6232, tvd 0.8513

Cluster 3 with 10 clients
Cluster communication time : 800
Cluster clients : [70, 71, 72, 73, 74, 75, 76, 77, 78, 79]
Straggler within the cluster : 300
Label percentage: ['0 : 0.54%', '1 : 0.56%', '2 : 0.56%', '3 : 95.00%', '4 : 0.56%', '5 : 0.54%', '6 : 0.56%', '7 : 0.56%', '8 : 0.56%', '9 : 0.56%']%
Divergence : jsd 0.6205, tvd 0.8500

Cluster 4 with 10 clients
Cluster communication time : 800
Cluster clients : [90, 91, 92, 93, 94, 95, 96, 97, 98, 99]
Straggler within the cluster : 300
Label percentage: ['0 : 95.13%', '1 : 0.54%', '2 : 0.54%', '3 : 0.54%', '4 : 0.54%', '5 : 0.54%', '6 : 0.54%', '7 : 0.54%', '8 : 0.54%', '9 : 0.54%']%
Divergence : jsd 0.6232, tvd 0.8513

Cluster 5 with 19 clients
Cluster communication time : 800
Cluster clients : [30, 32, 33, 34, 35, 36, 37, 38, 39, 40, 41, 42, 43, 44, 45, 46, 47, 48, 49]
Straggler within the cluster : 300
Label percentage: ['0 : 0.56%', '1 : 45.28%', '2 : 50.26%', '3 : 0.56%', '4 : 0.58%', '5 : 0.59%', '6 : 0.55%', '7 : 0.53%', '8 : 0.53%', '9 : 0.58%']%
Divergence : jsd 0.4902, tvd 0.7554

Cluster 6 with 10 clients
Cluster communication time : 800
Cluster clients : [10, 11, 12, 13, 14, 15, 16, 17, 18, 19]
Straggler within the cluster : 300
Label percentage: ['0 : 0.56%', '1 : 0.56%', '2 : 0.56%', '3 : 0.56%', '4 : 0.56%', '5 : 0.56%', '6 : 0.56%', '7 : 0.56%', '8 : 0.56%', '9 : 94.96%']%
Divergence : jsd 0.6197, tvd 0.8496

Cluster 7 with 3 clients
Cluster communication time : 800
Cluster clients : [3, 8, 31]
Straggler within the cluster : 300
Label percentage: ['0 : 0.47%', '1 : 32.11%', '2 : 0.67%', '3 : 0.53%', '4 : 0.67%', '5 : 0.27%', '6 : 63.56%', '7 : 0.67%', '8 : 0.67%', '9 : 0.40%']%
Divergence : jsd 0.5005, tvd 0.7567

Cluster 8 with 10 clients
Cluster communication time : 800
Cluster clients : [60, 61, 62, 63, 64, 65, 66, 67, 68, 69]
Straggler within the cluster : 300
Label percentage: ['0 : 0.56%', '1 : 0.56%', '2 : 0.56%', '3 : 0.56%', '4 : 0.56%', '5 : 0.56%', '6 : 0.56%', '7 : 0.56%', '8 : 94.96%', '9 : 0.56%']%
Divergence : jsd 0.6197, tvd 0.8496

Cluster 9 with 8 clients
Cluster communication time : 800
Cluster clients : [0, 1, 2, 4, 5, 6, 7, 9]
Straggler within the cluster : 300
Label percentage: ['0 : 0.60%', '1 : 0.52%', '2 : 0.50%', '3 : 0.57%', '4 : 0.47%', '5 : 0.60%', '6 : 94.95%', '7 : 0.60%', '8 : 0.60%', '9 : 0.57%']%
Divergence : jsd 0.6196, tvd 0.8495

Cluster 0 with 10 clients
Cluster communication time : 800
Cluster clients : [20, 21, 22, 23, 24, 25, 26, 27, 28, 29]
Straggler within the cluster : 300
Label percentage: ['0 : 0.56%', '1 : 0.56%', '2 : 0.56%', '3 : 0.56%', '4 : 94.96%', '5 : 0.56%', '6 : 0.56%', '7 : 0.56%', '8 : 0.56%', '9 : 0.56%']%
Divergence : jsd 0.6197, tvd 0.8496

Cluster 1 with 10 clients
Cluster communication time : 800
Cluster clients : [50, 51, 52, 53, 54, 55, 56, 57, 58, 59]
Straggler within the cluster : 300
Label percentage: ['0 : 0.56%', '1 : 0.56%', '2 : 0.56%', '3 : 0.56%', '4 : 0.56%', '5 : 0.56%', '6 : 0.56%', '7 : 94.96%', '8 : 0.56%', '9 : 0.56%']%
Divergence : jsd 0.6197, tvd 0.8496

Cluster 2 with 13 clients
Cluster communication time : 800
Cluster clients : [31, 33, 35, 70, 71, 72, 73, 74, 75, 76, 77, 78, 79]
Straggler within the cluster : 300
Label percentage: ['0 : 0.57%', '1 : 22.35%', '2 : 0.55%', '3 : 73.23%', '4 : 0.57%', '5 : 0.48%', '6 : 0.58%', '7 : 0.57%', '8 : 0.55%', '9 : 0.54%']%
Divergence : jsd 0.5103, tvd 0.7559

Cluster 3 with 14 clients
Cluster communication time : 800
Cluster clients : [32, 36, 37, 39, 40, 41, 42, 43, 44, 45, 46, 47, 48, 49]
Straggler within the cluster : 300
Label percentage: ['0 : 0.57%', '1 : 27.53%', '2 : 68.04%', '3 : 0.51%', '4 : 0.54%', '5 : 0.54%', '6 : 0.56%', '7 : 0.57%', '8 : 0.60%', '9 : 0.53%']%
Divergence : jsd 0.5023, tvd 0.7557

Cluster 4 with 10 clients
Cluster communication time : 800
Cluster clients : [90, 91, 92, 93, 94, 95, 96, 97, 98, 99]
Straggler within the cluster : 300
Label percentage: ['0 : 95.13%', '1 : 0.54%', '2 : 0.54%', '3 : 0.54%', '4 : 0.54%', '5 : 0.54%', '6 : 0.54%', '7 : 0.54%', '8 : 0.54%', '9 : 0.54%']%
Divergence : jsd 0.6232, tvd 0.8513

Cluster 5 with 10 clients
Cluster communication time : 800
Cluster clients : [60, 61, 62, 63, 64, 65, 66, 67, 68, 69]
Straggler within the cluster : 300
Label percentage: ['0 : 0.56%', '1 : 0.56%', '2 : 0.56%', '3 : 0.56%', '4 : 0.56%', '5 : 0.56%', '6 : 0.56%', '7 : 0.56%', '8 : 94.96%', '9 : 0.56%']%
Divergence : jsd 0.6197, tvd 0.8496

Cluster 6 with 10 clients
Cluster communication time : 800
Cluster clients : [10, 11, 12, 13, 14, 15, 16, 17, 18, 19]
Straggler within the cluster : 300
Label percentage: ['0 : 0.56%', '1 : 0.56%', '2 : 0.56%', '3 : 0.56%', '4 : 0.56%', '5 : 0.56%', '6 : 0.56%', '7 : 0.56%', '8 : 0.56%', '9 : 94.96%']%
Divergence : jsd 0.6197, tvd 0.8496

Cluster 7 with 5 clients
Cluster communication time : 800
Cluster clients : [5, 7, 8, 9, 34]
Straggler within the cluster : 300
Label percentage: ['0 : 0.44%', '1 : 19.52%', '2 : 0.56%', '3 : 0.72%', '4 : 0.68%', '5 : 0.36%', '6 : 76.12%', '7 : 0.44%', '8 : 0.48%', '9 : 0.68%']%
Divergence : jsd 0.5176, tvd 0.7564

Cluster 8 with 6 clients
Cluster communication time : 800
Cluster clients : [0, 1, 2, 3, 4, 6]
Straggler within the cluster : 300
Label percentage: ['0 : 0.63%', '1 : 0.50%', '2 : 0.57%', '3 : 0.43%', '4 : 0.53%', '5 : 0.73%', '6 : 94.94%', '7 : 0.63%', '8 : 0.60%', '9 : 0.43%']%
Divergence : jsd 0.6197, tvd 0.8494

Cluster 9 with 12 clients
Cluster communication time : 800
Cluster clients : [30, 38, 80, 81, 82, 83, 84, 85, 86, 87, 88, 89]
Straggler within the cluster : 300
Label percentage: ['0 : 0.52%', '1 : 16.30%', '2 : 0.50%', '3 : 0.55%', '4 : 0.52%', '5 : 79.43%', '6 : 0.52%', '7 : 0.53%', '8 : 0.52%', '9 : 0.62%']%
Divergence : jsd 0.5262, tvd 0.7573

Cluster 0 with 10 clients
Cluster communication time : 800
Cluster clients : [20, 21, 22, 23, 24, 25, 26, 27, 28, 29]
Straggler within the cluster : 300
Label percentage: ['0 : 0.56%', '1 : 0.56%', '2 : 0.56%', '3 : 0.56%', '4 : 94.96%', '5 : 0.56%', '6 : 0.56%', '7 : 0.56%', '8 : 0.56%', '9 : 0.56%']%
Divergence : jsd 0.6197, tvd 0.8496

Cluster 1 with 10 clients
Cluster communication time : 800
Cluster clients : [90, 91, 92, 93, 94, 95, 96, 97, 98, 99]
Straggler within the cluster : 300
Label percentage: ['0 : 95.13%', '1 : 0.54%', '2 : 0.54%', '3 : 0.54%', '4 : 0.54%', '5 : 0.54%', '6 : 0.54%', '7 : 0.54%', '8 : 0.54%', '9 : 0.54%']%
Divergence : jsd 0.6232, tvd 0.8513

Cluster 2 with 10 clients
Cluster communication time : 800
Cluster clients : [70, 71, 72, 73, 74, 75, 76, 77, 78, 79]
Straggler within the cluster : 300
Label percentage: ['0 : 0.54%', '1 : 0.56%', '2 : 0.56%', '3 : 95.00%', '4 : 0.56%', '5 : 0.54%', '6 : 0.56%', '7 : 0.56%', '8 : 0.56%', '9 : 0.56%']%
Divergence : jsd 0.6205, tvd 0.8500

Cluster 3 with 10 clients
Cluster communication time : 800
Cluster clients : [40, 41, 42, 43, 44, 45, 46, 47, 48, 49]
Straggler within the cluster : 300
Label percentage: ['0 : 0.56%', '1 : 0.56%', '2 : 94.96%', '3 : 0.56%', '4 : 0.56%', '5 : 0.56%', '6 : 0.56%', '7 : 0.56%', '8 : 0.56%', '9 : 0.56%']%
Divergence : jsd 0.6197, tvd 0.8496

Cluster 4 with 10 clients
Cluster communication time : 800
Cluster clients : [80, 81, 82, 83, 84, 85, 86, 87, 88, 89]
Straggler within the cluster : 300
Label percentage: ['0 : 0.54%', '1 : 0.54%', '2 : 0.54%', '3 : 0.54%', '4 : 0.54%', '5 : 95.13%', '6 : 0.54%', '7 : 0.54%', '8 : 0.54%', '9 : 0.54%']%
Divergence : jsd 0.6232, tvd 0.8513

Cluster 5 with 10 clients
Cluster communication time : 800
Cluster clients : [50, 51, 52, 53, 54, 55, 56, 57, 58, 59]
Straggler within the cluster : 300
Label percentage: ['0 : 0.56%', '1 : 0.56%', '2 : 0.56%', '3 : 0.56%', '4 : 0.56%', '5 : 0.56%', '6 : 0.56%', '7 : 94.96%', '8 : 0.56%', '9 : 0.56%']%
Divergence : jsd 0.6197, tvd 0.8496

Cluster 6 with 10 clients
Cluster communication time : 800
Cluster clients : [10, 11, 12, 13, 14, 15, 16, 17, 18, 19]
Straggler within the cluster : 300
Label percentage: ['0 : 0.56%', '1 : 0.56%', '2 : 0.56%', '3 : 0.56%', '4 : 0.56%', '5 : 0.56%', '6 : 0.56%', '7 : 0.56%', '8 : 0.56%', '9 : 94.96%']%
Divergence : jsd 0.6197, tvd 0.8496

Cluster 7 with 10 clients
Cluster communication time : 800
Cluster clients : [0, 1, 2, 3, 4, 5, 6, 7, 8, 9]
Straggler within the cluster : 300
Label percentage: ['0 : 0.56%', '1 : 0.56%', '2 : 0.56%', '3 : 0.56%', '4 : 0.56%', '5 : 0.56%', '6 : 94.96%', '7 : 0.56%', '8 : 0.56%', '9 : 0.56%']%
Divergence : jsd 0.6197, tvd 0.8496

Cluster 8 with 10 clients
Cluster communication time : 800
Cluster clients : [60, 61, 62, 63, 64, 65, 66, 67, 68, 69]
Straggler within the cluster : 300
Label percentage: ['0 : 0.56%', '1 : 0.56%', '2 : 0.56%', '3 : 0.56%', '4 : 0.56%', '5 : 0.56%', '6 : 0.56%', '7 : 0.56%', '8 : 94.96%', '9 : 0.56%']%
Divergence : jsd 0.6197, tvd 0.8496

Cluster 9 with 10 clients
Cluster communication time : 800
Cluster clients : [30, 31, 32, 33, 34, 35, 36, 37, 38, 39]
Straggler within the cluster : 300
Label percentage: ['0 : 0.56%', '1 : 94.96%', '2 : 0.56%', '3 : 0.56%', '4 : 0.56%', '5 : 0.56%', '6 : 0.56%', '7 : 0.56%', '8 : 0.56%', '9 : 0.56%']%
Divergence : jsd 0.6197, tvd 0.8496

Cluster 0 with 10 clients
Cluster communication time : 800
Cluster clients : [20, 21, 22, 23, 24, 25, 26, 27, 28, 29]
Straggler within the cluster : 300
Label percentage: ['0 : 0.56%', '1 : 0.56%', '2 : 0.56%', '3 : 0.56%', '4 : 94.96%', '5 : 0.56%', '6 : 0.56%', '7 : 0.56%', '8 : 0.56%', '9 : 0.56%']%
Divergence : jsd 0.6197, tvd 0.8496

Cluster 1 with 10 clients
Cluster communication time : 800
Cluster clients : [90, 91, 92, 93, 94, 95, 96, 97, 98, 99]
Straggler within the cluster : 300
Label percentage: ['0 : 95.13%', '1 : 0.54%', '2 : 0.54%', '3 : 0.54%', '4 : 0.54%', '5 : 0.54%', '6 : 0.54%', '7 : 0.54%', '8 : 0.54%', '9 : 0.54%']%
Divergence : jsd 0.6232, tvd 0.8513

Cluster 2 with 10 clients
Cluster communication time : 800
Cluster clients : [70, 71, 72, 73, 74, 75, 76, 77, 78, 79]
Straggler within the cluster : 300
Label percentage: ['0 : 0.54%', '1 : 0.56%', '2 : 0.56%', '3 : 95.00%', '4 : 0.56%', '5 : 0.54%', '6 : 0.56%', '7 : 0.56%', '8 : 0.56%', '9 : 0.56%']%
Divergence : jsd 0.6205, tvd 0.8500

Cluster 3 with 20 clients
Cluster communication time : 800
Cluster clients : [30, 31, 32, 33, 34, 35, 36, 37, 38, 39, 40, 41, 42, 43, 44, 45, 46, 47, 48, 49]
Straggler within the cluster : 300
Label percentage: ['0 : 0.56%', '1 : 47.76%', '2 : 47.76%', '3 : 0.56%', '4 : 0.56%', '5 : 0.56%', '6 : 0.56%', '7 : 0.56%', '8 : 0.56%', '9 : 0.56%']%
Divergence : jsd 0.4897, tvd 0.7552

Cluster 4 with 10 clients
Cluster communication time : 800
Cluster clients : [80, 81, 82, 83, 84, 85, 86, 87, 88, 89]
Straggler within the cluster : 300
Label percentage: ['0 : 0.54%', '1 : 0.54%', '2 : 0.54%', '3 : 0.54%', '4 : 0.54%', '5 : 95.13%', '6 : 0.54%', '7 : 0.54%', '8 : 0.54%', '9 : 0.54%']%
Divergence : jsd 0.6232, tvd 0.8513

Cluster 5 with 10 clients
Cluster communication time : 800
Cluster clients : [50, 51, 52, 53, 54, 55, 56, 57, 58, 59]
Straggler within the cluster : 300
Label percentage: ['0 : 0.56%', '1 : 0.56%', '2 : 0.56%', '3 : 0.56%', '4 : 0.56%', '5 : 0.56%', '6 : 0.56%', '7 : 94.96%', '8 : 0.56%', '9 : 0.56%']%
Divergence : jsd 0.6197, tvd 0.8496

Cluster 6 with 1 clients
Cluster communication time : 800
Cluster clients : [19]
Straggler within the cluster : 300
Label percentage: ['0 : 0.80%', '1 : 0.00%', '2 : 0.40%', '3 : 0.40%', '4 : 0.40%', '5 : 0.80%', '6 : 0.80%', '7 : 0.60%', '8 : 0.80%', '9 : 95.00%']%
Divergence : jsd 0.6262, tvd 0.8500

Cluster 7 with 9 clients
Cluster communication time : 800
Cluster clients : [10, 11, 12, 13, 14, 15, 16, 17, 18]
Straggler within the cluster : 300
Label percentage: ['0 : 0.53%', '1 : 0.62%', '2 : 0.58%', '3 : 0.58%', '4 : 0.58%', '5 : 0.53%', '6 : 0.53%', '7 : 0.56%', '8 : 0.53%', '9 : 94.96%']%
Divergence : jsd 0.6197, tvd 0.8496

Cluster 8 with 10 clients
Cluster communication time : 800
Cluster clients : [60, 61, 62, 63, 64, 65, 66, 67, 68, 69]
Straggler within the cluster : 300
Label percentage: ['0 : 0.56%', '1 : 0.56%', '2 : 0.56%', '3 : 0.56%', '4 : 0.56%', '5 : 0.56%', '6 : 0.56%', '7 : 0.56%', '8 : 94.96%', '9 : 0.56%']%
Divergence : jsd 0.6197, tvd 0.8496

Cluster 9 with 10 clients
Cluster communication time : 800
Cluster clients : [0, 1, 2, 3, 4, 5, 6, 7, 8, 9]
Straggler within the cluster : 300
Label percentage: ['0 : 0.56%', '1 : 0.56%', '2 : 0.56%', '3 : 0.56%', '4 : 0.56%', '5 : 0.56%', '6 : 94.96%', '7 : 0.56%', '8 : 0.56%', '9 : 0.56%']%
Divergence : jsd 0.6197, tvd 0.8496

Cluster 0 with 10 clients
Cluster communication time : 800
Cluster clients : [20, 21, 22, 23, 24, 25, 26, 27, 28, 29]
Straggler within the cluster : 300
Label percentage: ['0 : 0.56%', '1 : 0.56%', '2 : 0.56%', '3 : 0.56%', '4 : 94.96%', '5 : 0.56%', '6 : 0.56%', '7 : 0.56%', '8 : 0.56%', '9 : 0.56%']%
Divergence : jsd 0.6197, tvd 0.8496

Cluster 1 with 10 clients
Cluster communication time : 800
Cluster clients : [50, 51, 52, 53, 54, 55, 56, 57, 58, 59]
Straggler within the cluster : 300
Label percentage: ['0 : 0.56%', '1 : 0.56%', '2 : 0.56%', '3 : 0.56%', '4 : 0.56%', '5 : 0.56%', '6 : 0.56%', '7 : 94.96%', '8 : 0.56%', '9 : 0.56%']%
Divergence : jsd 0.6197, tvd 0.8496

Cluster 2 with 10 clients
Cluster communication time : 800
Cluster clients : [70, 71, 72, 73, 74, 75, 76, 77, 78, 79]
Straggler within the cluster : 300
Label percentage: ['0 : 0.54%', '1 : 0.56%', '2 : 0.56%', '3 : 95.00%', '4 : 0.56%', '5 : 0.54%', '6 : 0.56%', '7 : 0.56%', '8 : 0.56%', '9 : 0.56%']%
Divergence : jsd 0.6205, tvd 0.8500

Cluster 3 with 20 clients
Cluster communication time : 800
Cluster clients : [30, 31, 32, 33, 34, 35, 36, 37, 38, 39, 40, 41, 42, 43, 44, 45, 46, 47, 48, 49]
Straggler within the cluster : 300
Label percentage: ['0 : 0.56%', '1 : 47.76%', '2 : 47.76%', '3 : 0.56%', '4 : 0.56%', '5 : 0.56%', '6 : 0.56%', '7 : 0.56%', '8 : 0.56%', '9 : 0.56%']%
Divergence : jsd 0.4897, tvd 0.7552

Cluster 4 with 10 clients
Cluster communication time : 800
Cluster clients : [90, 91, 92, 93, 94, 95, 96, 97, 98, 99]
Straggler within the cluster : 300
Label percentage: ['0 : 95.13%', '1 : 0.54%', '2 : 0.54%', '3 : 0.54%', '4 : 0.54%', '5 : 0.54%', '6 : 0.54%', '7 : 0.54%', '8 : 0.54%', '9 : 0.54%']%
Divergence : jsd 0.6232, tvd 0.8513

Cluster 5 with 10 clients
Cluster communication time : 800
Cluster clients : [60, 61, 62, 63, 64, 65, 66, 67, 68, 69]
Straggler within the cluster : 300
Label percentage: ['0 : 0.56%', '1 : 0.56%', '2 : 0.56%', '3 : 0.56%', '4 : 0.56%', '5 : 0.56%', '6 : 0.56%', '7 : 0.56%', '8 : 94.96%', '9 : 0.56%']%
Divergence : jsd 0.6197, tvd 0.8496

Cluster 6 with 3 clients
Cluster communication time : 800
Cluster clients : [11, 17, 19]
Straggler within the cluster : 300
Label percentage: ['0 : 0.73%', '1 : 0.27%', '2 : 0.47%', '3 : 0.73%', '4 : 0.33%', '5 : 0.40%', '6 : 0.73%', '7 : 0.80%', '8 : 0.60%', '9 : 94.94%']%
Divergence : jsd 0.6213, tvd 0.8494

Cluster 7 with 7 clients
Cluster communication time : 800
Cluster clients : [10, 12, 13, 14, 15, 16, 18]
Straggler within the cluster : 300
Label percentage: ['0 : 0.49%', '1 : 0.69%', '2 : 0.60%', '3 : 0.49%', '4 : 0.66%', '5 : 0.63%', '6 : 0.49%', '7 : 0.46%', '8 : 0.54%', '9 : 94.97%']%
Divergence : jsd 0.6203, tvd 0.8497

Cluster 8 with 10 clients
Cluster communication time : 800
Cluster clients : [0, 1, 2, 3, 4, 5, 6, 7, 8, 9]
Straggler within the cluster : 300
Label percentage: ['0 : 0.56%', '1 : 0.56%', '2 : 0.56%', '3 : 0.56%', '4 : 0.56%', '5 : 0.56%', '6 : 94.96%', '7 : 0.56%', '8 : 0.56%', '9 : 0.56%']%
Divergence : jsd 0.6197, tvd 0.8496

Cluster 9 with 10 clients
Cluster communication time : 800
Cluster clients : [80, 81, 82, 83, 84, 85, 86, 87, 88, 89]
Straggler within the cluster : 300
Label percentage: ['0 : 0.54%', '1 : 0.54%', '2 : 0.54%', '3 : 0.54%', '4 : 0.54%', '5 : 95.13%', '6 : 0.54%', '7 : 0.54%', '8 : 0.54%', '9 : 0.54%']%
Divergence : jsd 0.6232, tvd 0.8513

Cluster 0 with 10 clients
Cluster communication time : 800
Cluster clients : [20, 21, 22, 23, 24, 25, 26, 27, 28, 29]
Straggler within the cluster : 300
Label percentage: ['0 : 0.56%', '1 : 0.56%', '2 : 0.56%', '3 : 0.56%', '4 : 94.96%', '5 : 0.56%', '6 : 0.56%', '7 : 0.56%', '8 : 0.56%', '9 : 0.56%']%
Divergence : jsd 0.6197, tvd 0.8496

Cluster 1 with 8 clients
Cluster communication time : 800
Cluster clients : [90, 91, 92, 93, 94, 97, 98, 99]
Straggler within the cluster : 300
Label percentage: ['0 : 95.12%', '1 : 0.53%', '2 : 0.48%', '3 : 0.55%', '4 : 0.63%', '5 : 0.53%', '6 : 0.58%', '7 : 0.58%', '8 : 0.55%', '9 : 0.48%']%
Divergence : jsd 0.6231, tvd 0.8512

Cluster 2 with 10 clients
Cluster communication time : 800
Cluster clients : [60, 61, 62, 63, 64, 65, 66, 67, 68, 69]
Straggler within the cluster : 300
Label percentage: ['0 : 0.56%', '1 : 0.56%', '2 : 0.56%', '3 : 0.56%', '4 : 0.56%', '5 : 0.56%', '6 : 0.56%', '7 : 0.56%', '8 : 94.96%', '9 : 0.56%']%
Divergence : jsd 0.6197, tvd 0.8496

Cluster 3 with 20 clients
Cluster communication time : 800
Cluster clients : [30, 31, 32, 33, 34, 35, 36, 37, 38, 39, 40, 41, 42, 43, 44, 45, 46, 47, 48, 49]
Straggler within the cluster : 300
Label percentage: ['0 : 0.56%', '1 : 47.76%', '2 : 47.76%', '3 : 0.56%', '4 : 0.56%', '5 : 0.56%', '6 : 0.56%', '7 : 0.56%', '8 : 0.56%', '9 : 0.56%']%
Divergence : jsd 0.4897, tvd 0.7552

Cluster 4 with 10 clients
Cluster communication time : 800
Cluster clients : [80, 81, 82, 83, 84, 85, 86, 87, 88, 89]
Straggler within the cluster : 300
Label percentage: ['0 : 0.54%', '1 : 0.54%', '2 : 0.54%', '3 : 0.54%', '4 : 0.54%', '5 : 95.13%', '6 : 0.54%', '7 : 0.54%', '8 : 0.54%', '9 : 0.54%']%
Divergence : jsd 0.6232, tvd 0.8513

Cluster 5 with 10 clients
Cluster communication time : 800
Cluster clients : [50, 51, 52, 53, 54, 55, 56, 57, 58, 59]
Straggler within the cluster : 300
Label percentage: ['0 : 0.56%', '1 : 0.56%', '2 : 0.56%', '3 : 0.56%', '4 : 0.56%', '5 : 0.56%', '6 : 0.56%', '7 : 94.96%', '8 : 0.56%', '9 : 0.56%']%
Divergence : jsd 0.6197, tvd 0.8496

Cluster 6 with 10 clients
Cluster communication time : 800
Cluster clients : [10, 11, 12, 13, 14, 15, 16, 17, 18, 19]
Straggler within the cluster : 300
Label percentage: ['0 : 0.56%', '1 : 0.56%', '2 : 0.56%', '3 : 0.56%', '4 : 0.56%', '5 : 0.56%', '6 : 0.56%', '7 : 0.56%', '8 : 0.56%', '9 : 94.96%']%
Divergence : jsd 0.6197, tvd 0.8496

Cluster 7 with 2 clients
Cluster communication time : 800
Cluster clients : [95, 96]
Straggler within the cluster : 300
Label percentage: ['0 : 95.19%', '1 : 0.60%', '2 : 0.80%', '3 : 0.50%', '4 : 0.20%', '5 : 0.60%', '6 : 0.40%', '7 : 0.40%', '8 : 0.50%', '9 : 0.80%']%
Divergence : jsd 0.6265, tvd 0.8519

Cluster 8 with 10 clients
Cluster communication time : 800
Cluster clients : [0, 1, 2, 3, 4, 5, 6, 7, 8, 9]
Straggler within the cluster : 300
Label percentage: ['0 : 0.56%', '1 : 0.56%', '2 : 0.56%', '3 : 0.56%', '4 : 0.56%', '5 : 0.56%', '6 : 94.96%', '7 : 0.56%', '8 : 0.56%', '9 : 0.56%']%
Divergence : jsd 0.6197, tvd 0.8496

Cluster 9 with 10 clients
Cluster communication time : 800
Cluster clients : [70, 71, 72, 73, 74, 75, 76, 77, 78, 79]
Straggler within the cluster : 300
Label percentage: ['0 : 0.54%', '1 : 0.56%', '2 : 0.56%', '3 : 95.00%', '4 : 0.56%', '5 : 0.54%', '6 : 0.56%', '7 : 0.56%', '8 : 0.56%', '9 : 0.56%']%
Divergence : jsd 0.6205, tvd 0.8500

Cluster 0 with 10 clients
Cluster communication time : 800
Cluster clients : [20, 21, 22, 23, 24, 25, 26, 27, 28, 29]
Straggler within the cluster : 300
Label percentage: ['0 : 0.56%', '1 : 0.56%', '2 : 0.56%', '3 : 0.56%', '4 : 94.96%', '5 : 0.56%', '6 : 0.56%', '7 : 0.56%', '8 : 0.56%', '9 : 0.56%']%
Divergence : jsd 0.6197, tvd 0.8496

Cluster 1 with 10 clients
Cluster communication time : 800
Cluster clients : [80, 81, 82, 83, 84, 85, 86, 87, 88, 89]
Straggler within the cluster : 300
Label percentage: ['0 : 0.54%', '1 : 0.54%', '2 : 0.54%', '3 : 0.54%', '4 : 0.54%', '5 : 95.13%', '6 : 0.54%', '7 : 0.54%', '8 : 0.54%', '9 : 0.54%']%
Divergence : jsd 0.6232, tvd 0.8513

Cluster 2 with 10 clients
Cluster communication time : 800
Cluster clients : [70, 71, 72, 73, 74, 75, 76, 77, 78, 79]
Straggler within the cluster : 300
Label percentage: ['0 : 0.54%', '1 : 0.56%', '2 : 0.56%', '3 : 95.00%', '4 : 0.56%', '5 : 0.54%', '6 : 0.56%', '7 : 0.56%', '8 : 0.56%', '9 : 0.56%']%
Divergence : jsd 0.6205, tvd 0.8500

Cluster 3 with 20 clients
Cluster communication time : 800
Cluster clients : [30, 31, 32, 33, 34, 35, 36, 37, 38, 39, 40, 41, 42, 43, 44, 45, 46, 47, 48, 49]
Straggler within the cluster : 300
Label percentage: ['0 : 0.56%', '1 : 47.76%', '2 : 47.76%', '3 : 0.56%', '4 : 0.56%', '5 : 0.56%', '6 : 0.56%', '7 : 0.56%', '8 : 0.56%', '9 : 0.56%']%
Divergence : jsd 0.4897, tvd 0.7552

Cluster 4 with 3 clients
Cluster communication time : 800
Cluster clients : [90, 91, 99]
Straggler within the cluster : 300
Label percentage: ['0 : 95.06%', '1 : 0.73%', '2 : 0.40%', '3 : 0.60%', '4 : 0.20%', '5 : 0.80%', '6 : 0.47%', '7 : 0.67%', '8 : 0.53%', '9 : 0.53%']%
Divergence : jsd 0.6237, tvd 0.8506

Cluster 5 with 10 clients
Cluster communication time : 800
Cluster clients : [50, 51, 52, 53, 54, 55, 56, 57, 58, 59]
Straggler within the cluster : 300
Label percentage: ['0 : 0.56%', '1 : 0.56%', '2 : 0.56%', '3 : 0.56%', '4 : 0.56%', '5 : 0.56%', '6 : 0.56%', '7 : 94.96%', '8 : 0.56%', '9 : 0.56%']%
Divergence : jsd 0.6197, tvd 0.8496

Cluster 6 with 20 clients
Cluster communication time : 800
Cluster clients : [10, 11, 12, 13, 14, 15, 16, 17, 18, 19, 60, 61, 62, 63, 64, 65, 66, 67, 68, 69]
Straggler within the cluster : 300
Label percentage: ['0 : 0.56%', '1 : 0.56%', '2 : 0.56%', '3 : 0.56%', '4 : 0.56%', '5 : 0.56%', '6 : 0.56%', '7 : 0.56%', '8 : 47.76%', '9 : 47.76%']%
Divergence : jsd 0.4897, tvd 0.7552

Cluster 7 with 7 clients
Cluster communication time : 800
Cluster clients : [92, 93, 94, 95, 96, 97, 98]
Straggler within the cluster : 300
Label percentage: ['0 : 95.16%', '1 : 0.46%', '2 : 0.60%', '3 : 0.52%', '4 : 0.69%', '5 : 0.43%', '6 : 0.57%', '7 : 0.49%', '8 : 0.54%', '9 : 0.54%']%
Divergence : jsd 0.6242, tvd 0.8516

Cluster 8 with 5 clients
Cluster communication time : 800
Cluster clients : [1, 2, 6, 8, 9]
Straggler within the cluster : 300
Label percentage: ['0 : 0.68%', '1 : 0.60%', '2 : 0.36%', '3 : 0.56%', '4 : 0.60%', '5 : 0.60%', '6 : 94.96%', '7 : 0.40%', '8 : 0.64%', '9 : 0.60%']%
Divergence : jsd 0.6203, tvd 0.8496

Cluster 9 with 5 clients
Cluster communication time : 800
Cluster clients : [0, 3, 4, 5, 7]
Straggler within the cluster : 300
Label percentage: ['0 : 0.44%', '1 : 0.52%', '2 : 0.76%', '3 : 0.56%', '4 : 0.52%', '5 : 0.52%', '6 : 94.96%', '7 : 0.72%', '8 : 0.48%', '9 : 0.52%']%
Divergence : jsd 0.6203, tvd 0.8496

Cluster 0 with 10 clients
Cluster communication time : 800
Cluster clients : [20, 21, 22, 23, 24, 25, 26, 27, 28, 29]
Straggler within the cluster : 300
Label percentage: ['0 : 0.56%', '1 : 0.56%', '2 : 0.56%', '3 : 0.56%', '4 : 94.96%', '5 : 0.56%', '6 : 0.56%', '7 : 0.56%', '8 : 0.56%', '9 : 0.56%']%
Divergence : jsd 0.6197, tvd 0.8496

Cluster 1 with 10 clients
Cluster communication time : 800
Cluster clients : [50, 51, 52, 53, 54, 55, 56, 57, 58, 59]
Straggler within the cluster : 300
Label percentage: ['0 : 0.56%', '1 : 0.56%', '2 : 0.56%', '3 : 0.56%', '4 : 0.56%', '5 : 0.56%', '6 : 0.56%', '7 : 94.96%', '8 : 0.56%', '9 : 0.56%']%
Divergence : jsd 0.6197, tvd 0.8496

Cluster 2 with 10 clients
Cluster communication time : 800
Cluster clients : [70, 71, 72, 73, 74, 75, 76, 77, 78, 79]
Straggler within the cluster : 300
Label percentage: ['0 : 0.54%', '1 : 0.56%', '2 : 0.56%', '3 : 95.00%', '4 : 0.56%', '5 : 0.54%', '6 : 0.56%', '7 : 0.56%', '8 : 0.56%', '9 : 0.56%']%
Divergence : jsd 0.6205, tvd 0.8500

Cluster 3 with 20 clients
Cluster communication time : 800
Cluster clients : [30, 31, 32, 33, 34, 35, 36, 37, 38, 39, 40, 41, 42, 43, 44, 45, 46, 47, 48, 49]
Straggler within the cluster : 300
Label percentage: ['0 : 0.56%', '1 : 47.76%', '2 : 47.76%', '3 : 0.56%', '4 : 0.56%', '5 : 0.56%', '6 : 0.56%', '7 : 0.56%', '8 : 0.56%', '9 : 0.56%']%
Divergence : jsd 0.4897, tvd 0.7552

Cluster 4 with 10 clients
Cluster communication time : 800
Cluster clients : [90, 91, 92, 93, 94, 95, 96, 97, 98, 99]
Straggler within the cluster : 300
Label percentage: ['0 : 95.13%', '1 : 0.54%', '2 : 0.54%', '3 : 0.54%', '4 : 0.54%', '5 : 0.54%', '6 : 0.54%', '7 : 0.54%', '8 : 0.54%', '9 : 0.54%']%
Divergence : jsd 0.6232, tvd 0.8513

Cluster 5 with 10 clients
Cluster communication time : 800
Cluster clients : [60, 61, 62, 63, 64, 65, 66, 67, 68, 69]
Straggler within the cluster : 300
Label percentage: ['0 : 0.56%', '1 : 0.56%', '2 : 0.56%', '3 : 0.56%', '4 : 0.56%', '5 : 0.56%', '6 : 0.56%', '7 : 0.56%', '8 : 94.96%', '9 : 0.56%']%
Divergence : jsd 0.6197, tvd 0.8496

Cluster 6 with 3 clients
Cluster communication time : 800
Cluster clients : [12, 15, 19]
Straggler within the cluster : 300
Label percentage: ['0 : 0.53%', '1 : 0.60%', '2 : 0.20%', '3 : 0.40%', '4 : 0.73%', '5 : 0.73%', '6 : 0.60%', '7 : 0.73%', '8 : 0.47%', '9 : 95.00%']%
Divergence : jsd 0.6223, tvd 0.8500

Cluster 7 with 7 clients
Cluster communication time : 800
Cluster clients : [10, 11, 13, 14, 16, 17, 18]
Straggler within the cluster : 300
Label percentage: ['0 : 0.57%', '1 : 0.54%', '2 : 0.71%', '3 : 0.63%', '4 : 0.49%', '5 : 0.49%', '6 : 0.54%', '7 : 0.49%', '8 : 0.60%', '9 : 94.95%']%
Divergence : jsd 0.6197, tvd 0.8495

Cluster 8 with 10 clients
Cluster communication time : 800
Cluster clients : [0, 1, 2, 3, 4, 5, 6, 7, 8, 9]
Straggler within the cluster : 300
Label percentage: ['0 : 0.56%', '1 : 0.56%', '2 : 0.56%', '3 : 0.56%', '4 : 0.56%', '5 : 0.56%', '6 : 94.96%', '7 : 0.56%', '8 : 0.56%', '9 : 0.56%']%
Divergence : jsd 0.6197, tvd 0.8496

Cluster 9 with 10 clients
Cluster communication time : 800
Cluster clients : [80, 81, 82, 83, 84, 85, 86, 87, 88, 89]
Straggler within the cluster : 300
Label percentage: ['0 : 0.54%', '1 : 0.54%', '2 : 0.54%', '3 : 0.54%', '4 : 0.54%', '5 : 95.13%', '6 : 0.54%', '7 : 0.54%', '8 : 0.54%', '9 : 0.54%']%
Divergence : jsd 0.6232, tvd 0.8513

Cluster 0 with 10 clients
Cluster communication time : 800
Cluster clients : [20, 21, 22, 23, 24, 25, 26, 27, 28, 29]
Straggler within the cluster : 300
Label percentage: ['0 : 0.56%', '1 : 0.56%', '2 : 0.56%', '3 : 0.56%', '4 : 94.96%', '5 : 0.56%', '6 : 0.56%', '7 : 0.56%', '8 : 0.56%', '9 : 0.56%']%
Divergence : jsd 0.6197, tvd 0.8496

Cluster 1 with 10 clients
Cluster communication time : 800
Cluster clients : [80, 81, 82, 83, 84, 85, 86, 87, 88, 89]
Straggler within the cluster : 300
Label percentage: ['0 : 0.54%', '1 : 0.54%', '2 : 0.54%', '3 : 0.54%', '4 : 0.54%', '5 : 95.13%', '6 : 0.54%', '7 : 0.54%', '8 : 0.54%', '9 : 0.54%']%
Divergence : jsd 0.6232, tvd 0.8513

Cluster 2 with 10 clients
Cluster communication time : 800
Cluster clients : [70, 71, 72, 73, 74, 75, 76, 77, 78, 79]
Straggler within the cluster : 300
Label percentage: ['0 : 0.54%', '1 : 0.56%', '2 : 0.56%', '3 : 95.00%', '4 : 0.56%', '5 : 0.54%', '6 : 0.56%', '7 : 0.56%', '8 : 0.56%', '9 : 0.56%']%
Divergence : jsd 0.6205, tvd 0.8500

Cluster 3 with 10 clients
Cluster communication time : 800
Cluster clients : [40, 41, 42, 43, 44, 45, 46, 47, 48, 49]
Straggler within the cluster : 300
Label percentage: ['0 : 0.56%', '1 : 0.56%', '2 : 94.96%', '3 : 0.56%', '4 : 0.56%', '5 : 0.56%', '6 : 0.56%', '7 : 0.56%', '8 : 0.56%', '9 : 0.56%']%
Divergence : jsd 0.6197, tvd 0.8496

Cluster 4 with 10 clients
Cluster communication time : 800
Cluster clients : [30, 31, 32, 33, 34, 35, 36, 37, 38, 39]
Straggler within the cluster : 300
Label percentage: ['0 : 0.56%', '1 : 94.96%', '2 : 0.56%', '3 : 0.56%', '4 : 0.56%', '5 : 0.56%', '6 : 0.56%', '7 : 0.56%', '8 : 0.56%', '9 : 0.56%']%
Divergence : jsd 0.6197, tvd 0.8496

Cluster 5 with 10 clients
Cluster communication time : 800
Cluster clients : [50, 51, 52, 53, 54, 55, 56, 57, 58, 59]
Straggler within the cluster : 300
Label percentage: ['0 : 0.56%', '1 : 0.56%', '2 : 0.56%', '3 : 0.56%', '4 : 0.56%', '5 : 0.56%', '6 : 0.56%', '7 : 94.96%', '8 : 0.56%', '9 : 0.56%']%
Divergence : jsd 0.6197, tvd 0.8496

Cluster 6 with 10 clients
Cluster communication time : 800
Cluster clients : [10, 11, 12, 13, 14, 15, 16, 17, 18, 19]
Straggler within the cluster : 300
Label percentage: ['0 : 0.56%', '1 : 0.56%', '2 : 0.56%', '3 : 0.56%', '4 : 0.56%', '5 : 0.56%', '6 : 0.56%', '7 : 0.56%', '8 : 0.56%', '9 : 94.96%']%
Divergence : jsd 0.6197, tvd 0.8496

Cluster 7 with 10 clients
Cluster communication time : 800
Cluster clients : [90, 91, 92, 93, 94, 95, 96, 97, 98, 99]
Straggler within the cluster : 300
Label percentage: ['0 : 95.13%', '1 : 0.54%', '2 : 0.54%', '3 : 0.54%', '4 : 0.54%', '5 : 0.54%', '6 : 0.54%', '7 : 0.54%', '8 : 0.54%', '9 : 0.54%']%
Divergence : jsd 0.6232, tvd 0.8513

Cluster 8 with 10 clients
Cluster communication time : 800
Cluster clients : [60, 61, 62, 63, 64, 65, 66, 67, 68, 69]
Straggler within the cluster : 300
Label percentage: ['0 : 0.56%', '1 : 0.56%', '2 : 0.56%', '3 : 0.56%', '4 : 0.56%', '5 : 0.56%', '6 : 0.56%', '7 : 0.56%', '8 : 94.96%', '9 : 0.56%']%
Divergence : jsd 0.6197, tvd 0.8496

Cluster 9 with 10 clients
Cluster communication time : 800
Cluster clients : [0, 1, 2, 3, 4, 5, 6, 7, 8, 9]
Straggler within the cluster : 300
Label percentage: ['0 : 0.56%', '1 : 0.56%', '2 : 0.56%', '3 : 0.56%', '4 : 0.56%', '5 : 0.56%', '6 : 94.96%', '7 : 0.56%', '8 : 0.56%', '9 : 0.56%']%
Divergence : jsd 0.6197, tvd 0.8496

Cluster 0 with 10 clients
Cluster communication time : 800
Cluster clients : [20, 21, 22, 23, 24, 25, 26, 27, 28, 29]
Straggler within the cluster : 300
Label percentage: ['0 : 0.56%', '1 : 0.56%', '2 : 0.56%', '3 : 0.56%', '4 : 94.96%', '5 : 0.56%', '6 : 0.56%', '7 : 0.56%', '8 : 0.56%', '9 : 0.56%']%
Divergence : jsd 0.6197, tvd 0.8496

Cluster 1 with 10 clients
Cluster communication time : 800
Cluster clients : [90, 91, 92, 93, 94, 95, 96, 97, 98, 99]
Straggler within the cluster : 300
Label percentage: ['0 : 95.13%', '1 : 0.54%', '2 : 0.54%', '3 : 0.54%', '4 : 0.54%', '5 : 0.54%', '6 : 0.54%', '7 : 0.54%', '8 : 0.54%', '9 : 0.54%']%
Divergence : jsd 0.6232, tvd 0.8513

Cluster 2 with 10 clients
Cluster communication time : 800
Cluster clients : [70, 71, 72, 73, 74, 75, 76, 77, 78, 79]
Straggler within the cluster : 300
Label percentage: ['0 : 0.54%', '1 : 0.56%', '2 : 0.56%', '3 : 95.00%', '4 : 0.56%', '5 : 0.54%', '6 : 0.56%', '7 : 0.56%', '8 : 0.56%', '9 : 0.56%']%
Divergence : jsd 0.6205, tvd 0.8500

Cluster 3 with 20 clients
Cluster communication time : 800
Cluster clients : [30, 31, 32, 33, 34, 35, 36, 37, 38, 39, 40, 41, 42, 43, 44, 45, 46, 47, 48, 49]
Straggler within the cluster : 300
Label percentage: ['0 : 0.56%', '1 : 47.76%', '2 : 47.76%', '3 : 0.56%', '4 : 0.56%', '5 : 0.56%', '6 : 0.56%', '7 : 0.56%', '8 : 0.56%', '9 : 0.56%']%
Divergence : jsd 0.4897, tvd 0.7552

Cluster 4 with 10 clients
Cluster communication time : 800
Cluster clients : [80, 81, 82, 83, 84, 85, 86, 87, 88, 89]
Straggler within the cluster : 300
Label percentage: ['0 : 0.54%', '1 : 0.54%', '2 : 0.54%', '3 : 0.54%', '4 : 0.54%', '5 : 95.13%', '6 : 0.54%', '7 : 0.54%', '8 : 0.54%', '9 : 0.54%']%
Divergence : jsd 0.6232, tvd 0.8513

Cluster 5 with 10 clients
Cluster communication time : 800
Cluster clients : [50, 51, 52, 53, 54, 55, 56, 57, 58, 59]
Straggler within the cluster : 300
Label percentage: ['0 : 0.56%', '1 : 0.56%', '2 : 0.56%', '3 : 0.56%', '4 : 0.56%', '5 : 0.56%', '6 : 0.56%', '7 : 94.96%', '8 : 0.56%', '9 : 0.56%']%
Divergence : jsd 0.6197, tvd 0.8496

Cluster 6 with 10 clients
Cluster communication time : 800
Cluster clients : [10, 11, 12, 13, 14, 15, 16, 17, 18, 19]
Straggler within the cluster : 300
Label percentage: ['0 : 0.56%', '1 : 0.56%', '2 : 0.56%', '3 : 0.56%', '4 : 0.56%', '5 : 0.56%', '6 : 0.56%', '7 : 0.56%', '8 : 0.56%', '9 : 94.96%']%
Divergence : jsd 0.6197, tvd 0.8496

Cluster 7 with 3 clients
Cluster communication time : 800
Cluster clients : [5, 8, 9]
Straggler within the cluster : 300
Label percentage: ['0 : 0.53%', '1 : 0.67%', '2 : 0.60%', '3 : 0.67%', '4 : 0.53%', '5 : 0.40%', '6 : 95.00%', '7 : 0.33%', '8 : 0.47%', '9 : 0.80%']%
Divergence : jsd 0.6216, tvd 0.8500

Cluster 8 with 10 clients
Cluster communication time : 800
Cluster clients : [60, 61, 62, 63, 64, 65, 66, 67, 68, 69]
Straggler within the cluster : 300
Label percentage: ['0 : 0.56%', '1 : 0.56%', '2 : 0.56%', '3 : 0.56%', '4 : 0.56%', '5 : 0.56%', '6 : 0.56%', '7 : 0.56%', '8 : 94.96%', '9 : 0.56%']%
Divergence : jsd 0.6197, tvd 0.8496

Cluster 9 with 7 clients
Cluster communication time : 800
Cluster clients : [0, 1, 2, 3, 4, 6, 7]
Straggler within the cluster : 300
Label percentage: ['0 : 0.57%', '1 : 0.51%', '2 : 0.54%', '3 : 0.51%', '4 : 0.57%', '5 : 0.63%', '6 : 94.95%', '7 : 0.66%', '8 : 0.60%', '9 : 0.46%']%
Divergence : jsd 0.6196, tvd 0.8495

Cluster 0 with 10 clients
Cluster communication time : 800
Cluster clients : [20, 21, 22, 23, 24, 25, 26, 27, 28, 29]
Straggler within the cluster : 300
Label percentage: ['0 : 0.56%', '1 : 0.56%', '2 : 0.56%', '3 : 0.56%', '4 : 94.96%', '5 : 0.56%', '6 : 0.56%', '7 : 0.56%', '8 : 0.56%', '9 : 0.56%']%
Divergence : jsd 0.6197, tvd 0.8496

Cluster 1 with 10 clients
Cluster communication time : 800
Cluster clients : [90, 91, 92, 93, 94, 95, 96, 97, 98, 99]
Straggler within the cluster : 300
Label percentage: ['0 : 95.13%', '1 : 0.54%', '2 : 0.54%', '3 : 0.54%', '4 : 0.54%', '5 : 0.54%', '6 : 0.54%', '7 : 0.54%', '8 : 0.54%', '9 : 0.54%']%
Divergence : jsd 0.6232, tvd 0.8513

Cluster 2 with 6 clients
Cluster communication time : 800
Cluster clients : [64, 67, 72, 74, 76, 78]
Straggler within the cluster : 300
Label percentage: ['0 : 0.53%', '1 : 0.63%', '2 : 0.50%', '3 : 63.50%', '4 : 0.40%', '5 : 0.37%', '6 : 0.60%', '7 : 0.67%', '8 : 32.10%', '9 : 0.70%']%
Divergence : jsd 0.4987, tvd 0.7560

Cluster 3 with 14 clients
Cluster communication time : 800
Cluster clients : [32, 34, 36, 39, 40, 41, 42, 43, 44, 45, 46, 47, 48, 49]
Straggler within the cluster : 300
Label percentage: ['0 : 0.59%', '1 : 27.53%', '2 : 68.04%', '3 : 0.54%', '4 : 0.57%', '5 : 0.51%', '6 : 0.56%', '7 : 0.56%', '8 : 0.57%', '9 : 0.53%']%
Divergence : jsd 0.5023, tvd 0.7557

Cluster 4 with 10 clients
Cluster communication time : 800
Cluster clients : [80, 81, 82, 83, 84, 85, 86, 87, 88, 89]
Straggler within the cluster : 300
Label percentage: ['0 : 0.54%', '1 : 0.54%', '2 : 0.54%', '3 : 0.54%', '4 : 0.54%', '5 : 95.13%', '6 : 0.54%', '7 : 0.54%', '8 : 0.54%', '9 : 0.54%']%
Divergence : jsd 0.6232, tvd 0.8513

Cluster 5 with 16 clients
Cluster communication time : 800
Cluster clients : [30, 31, 33, 35, 37, 38, 50, 51, 52, 53, 54, 55, 56, 57, 58, 59]
Straggler within the cluster : 300
Label percentage: ['0 : 0.54%', '1 : 35.96%', '2 : 0.52%', '3 : 0.57%', '4 : 0.55%', '5 : 0.60%', '6 : 0.56%', '7 : 59.56%', '8 : 0.55%', '9 : 0.59%']%
Divergence : jsd 0.4933, tvd 0.7551

Cluster 6 with 5 clients
Cluster communication time : 800
Cluster clients : [11, 15, 17, 18, 19]
Straggler within the cluster : 300
Label percentage: ['0 : 0.64%', '1 : 0.44%', '2 : 0.48%', '3 : 0.60%', '4 : 0.44%', '5 : 0.48%', '6 : 0.64%', '7 : 0.76%', '8 : 0.56%', '9 : 94.96%']%
Divergence : jsd 0.6203, tvd 0.8496

Cluster 7 with 6 clients
Cluster communication time : 800
Cluster clients : [10, 12, 13, 14, 16, 66]
Straggler within the cluster : 300
Label percentage: ['0 : 0.50%', '1 : 0.63%', '2 : 0.53%', '3 : 0.50%', '4 : 0.67%', '5 : 0.63%', '6 : 0.50%', '7 : 0.40%', '8 : 16.29%', '9 : 79.34%']%
Divergence : jsd 0.5246, tvd 0.7563

Cluster 8 with 17 clients
Cluster communication time : 800
Cluster clients : [0, 1, 2, 3, 4, 5, 6, 7, 8, 9, 60, 61, 62, 63, 65, 68, 69]
Straggler within the cluster : 300
Label percentage: ['0 : 0.54%', '1 : 0.53%', '2 : 0.55%', '3 : 0.58%', '4 : 0.60%', '5 : 0.60%', '6 : 56.10%', '7 : 0.55%', '8 : 39.43%', '9 : 0.52%']%
Divergence : jsd 0.4918, tvd 0.7553

Cluster 9 with 6 clients
Cluster communication time : 800
Cluster clients : [70, 71, 73, 75, 77, 79]
Straggler within the cluster : 300
Label percentage: ['0 : 0.60%', '1 : 0.60%', '2 : 0.73%', '3 : 95.00%', '4 : 0.60%', '5 : 0.60%', '6 : 0.47%', '7 : 0.47%', '8 : 0.50%', '9 : 0.43%']%
Divergence : jsd 0.6209, tvd 0.8500

Cluster 0 with 10 clients
Cluster communication time : 800
Cluster clients : [20, 21, 22, 23, 24, 25, 26, 27, 28, 29]
Straggler within the cluster : 300
Label percentage: ['0 : 0.56%', '1 : 0.56%', '2 : 0.56%', '3 : 0.56%', '4 : 94.96%', '5 : 0.56%', '6 : 0.56%', '7 : 0.56%', '8 : 0.56%', '9 : 0.56%']%
Divergence : jsd 0.6197, tvd 0.8496

Cluster 1 with 10 clients
Cluster communication time : 800
Cluster clients : [80, 81, 82, 83, 84, 85, 86, 87, 88, 89]
Straggler within the cluster : 300
Label percentage: ['0 : 0.54%', '1 : 0.54%', '2 : 0.54%', '3 : 0.54%', '4 : 0.54%', '5 : 95.13%', '6 : 0.54%', '7 : 0.54%', '8 : 0.54%', '9 : 0.54%']%
Divergence : jsd 0.6232, tvd 0.8513

Cluster 2 with 10 clients
Cluster communication time : 800
Cluster clients : [30, 31, 32, 33, 34, 35, 36, 37, 38, 39]
Straggler within the cluster : 300
Label percentage: ['0 : 0.56%', '1 : 94.96%', '2 : 0.56%', '3 : 0.56%', '4 : 0.56%', '5 : 0.56%', '6 : 0.56%', '7 : 0.56%', '8 : 0.56%', '9 : 0.56%']%
Divergence : jsd 0.6197, tvd 0.8496

Cluster 3 with 10 clients
Cluster communication time : 800
Cluster clients : [70, 71, 72, 73, 74, 75, 76, 77, 78, 79]
Straggler within the cluster : 300
Label percentage: ['0 : 0.54%', '1 : 0.56%', '2 : 0.56%', '3 : 95.00%', '4 : 0.56%', '5 : 0.54%', '6 : 0.56%', '7 : 0.56%', '8 : 0.56%', '9 : 0.56%']%
Divergence : jsd 0.6205, tvd 0.8500

Cluster 4 with 10 clients
Cluster communication time : 800
Cluster clients : [90, 91, 92, 93, 94, 95, 96, 97, 98, 99]
Straggler within the cluster : 300
Label percentage: ['0 : 95.13%', '1 : 0.54%', '2 : 0.54%', '3 : 0.54%', '4 : 0.54%', '5 : 0.54%', '6 : 0.54%', '7 : 0.54%', '8 : 0.54%', '9 : 0.54%']%
Divergence : jsd 0.6232, tvd 0.8513

Cluster 5 with 10 clients
Cluster communication time : 800
Cluster clients : [50, 51, 52, 53, 54, 55, 56, 57, 58, 59]
Straggler within the cluster : 300
Label percentage: ['0 : 0.56%', '1 : 0.56%', '2 : 0.56%', '3 : 0.56%', '4 : 0.56%', '5 : 0.56%', '6 : 0.56%', '7 : 94.96%', '8 : 0.56%', '9 : 0.56%']%
Divergence : jsd 0.6197, tvd 0.8496

Cluster 6 with 10 clients
Cluster communication time : 800
Cluster clients : [10, 11, 12, 13, 14, 15, 16, 17, 18, 19]
Straggler within the cluster : 300
Label percentage: ['0 : 0.56%', '1 : 0.56%', '2 : 0.56%', '3 : 0.56%', '4 : 0.56%', '5 : 0.56%', '6 : 0.56%', '7 : 0.56%', '8 : 0.56%', '9 : 94.96%']%
Divergence : jsd 0.6197, tvd 0.8496

Cluster 7 with 10 clients
Cluster communication time : 800
Cluster clients : [40, 41, 42, 43, 44, 45, 46, 47, 48, 49]
Straggler within the cluster : 300
Label percentage: ['0 : 0.56%', '1 : 0.56%', '2 : 94.96%', '3 : 0.56%', '4 : 0.56%', '5 : 0.56%', '6 : 0.56%', '7 : 0.56%', '8 : 0.56%', '9 : 0.56%']%
Divergence : jsd 0.6197, tvd 0.8496

Cluster 8 with 10 clients
Cluster communication time : 800
Cluster clients : [60, 61, 62, 63, 64, 65, 66, 67, 68, 69]
Straggler within the cluster : 300
Label percentage: ['0 : 0.56%', '1 : 0.56%', '2 : 0.56%', '3 : 0.56%', '4 : 0.56%', '5 : 0.56%', '6 : 0.56%', '7 : 0.56%', '8 : 94.96%', '9 : 0.56%']%
Divergence : jsd 0.6197, tvd 0.8496

Cluster 9 with 10 clients
Cluster communication time : 800
Cluster clients : [0, 1, 2, 3, 4, 5, 6, 7, 8, 9]
Straggler within the cluster : 300
Label percentage: ['0 : 0.56%', '1 : 0.56%', '2 : 0.56%', '3 : 0.56%', '4 : 0.56%', '5 : 0.56%', '6 : 94.96%', '7 : 0.56%', '8 : 0.56%', '9 : 0.56%']%
Divergence : jsd 0.6197, tvd 0.8496

Cluster 0 with 10 clients
Cluster communication time : 800
Cluster clients : [20, 21, 22, 23, 24, 25, 26, 27, 28, 29]
Straggler within the cluster : 300
Label percentage: ['0 : 0.56%', '1 : 0.56%', '2 : 0.56%', '3 : 0.56%', '4 : 94.96%', '5 : 0.56%', '6 : 0.56%', '7 : 0.56%', '8 : 0.56%', '9 : 0.56%']%
Divergence : jsd 0.6197, tvd 0.8496

Cluster 1 with 10 clients
Cluster communication time : 800
Cluster clients : [90, 91, 92, 93, 94, 95, 96, 97, 98, 99]
Straggler within the cluster : 300
Label percentage: ['0 : 95.13%', '1 : 0.54%', '2 : 0.54%', '3 : 0.54%', '4 : 0.54%', '5 : 0.54%', '6 : 0.54%', '7 : 0.54%', '8 : 0.54%', '9 : 0.54%']%
Divergence : jsd 0.6232, tvd 0.8513

Cluster 2 with 10 clients
Cluster communication time : 800
Cluster clients : [70, 71, 72, 73, 74, 75, 76, 77, 78, 79]
Straggler within the cluster : 300
Label percentage: ['0 : 0.54%', '1 : 0.56%', '2 : 0.56%', '3 : 95.00%', '4 : 0.56%', '5 : 0.54%', '6 : 0.56%', '7 : 0.56%', '8 : 0.56%', '9 : 0.56%']%
Divergence : jsd 0.6205, tvd 0.8500

Cluster 3 with 20 clients
Cluster communication time : 800
Cluster clients : [30, 31, 32, 33, 34, 35, 36, 37, 38, 39, 40, 41, 42, 43, 44, 45, 46, 47, 48, 49]
Straggler within the cluster : 300
Label percentage: ['0 : 0.56%', '1 : 47.76%', '2 : 47.76%', '3 : 0.56%', '4 : 0.56%', '5 : 0.56%', '6 : 0.56%', '7 : 0.56%', '8 : 0.56%', '9 : 0.56%']%
Divergence : jsd 0.4897, tvd 0.7552

Cluster 4 with 10 clients
Cluster communication time : 800
Cluster clients : [80, 81, 82, 83, 84, 85, 86, 87, 88, 89]
Straggler within the cluster : 300
Label percentage: ['0 : 0.54%', '1 : 0.54%', '2 : 0.54%', '3 : 0.54%', '4 : 0.54%', '5 : 95.13%', '6 : 0.54%', '7 : 0.54%', '8 : 0.54%', '9 : 0.54%']%
Divergence : jsd 0.6232, tvd 0.8513

Cluster 5 with 10 clients
Cluster communication time : 800
Cluster clients : [50, 51, 52, 53, 54, 55, 56, 57, 58, 59]
Straggler within the cluster : 300
Label percentage: ['0 : 0.56%', '1 : 0.56%', '2 : 0.56%', '3 : 0.56%', '4 : 0.56%', '5 : 0.56%', '6 : 0.56%', '7 : 94.96%', '8 : 0.56%', '9 : 0.56%']%
Divergence : jsd 0.6197, tvd 0.8496

Cluster 6 with 7 clients
Cluster communication time : 800
Cluster clients : [11, 12, 13, 14, 15, 16, 19]
Straggler within the cluster : 300
Label percentage: ['0 : 0.49%', '1 : 0.51%', '2 : 0.40%', '3 : 0.51%', '4 : 0.71%', '5 : 0.63%', '6 : 0.66%', '7 : 0.54%', '8 : 0.57%', '9 : 94.97%']%
Divergence : jsd 0.6204, tvd 0.8497

Cluster 7 with 3 clients
Cluster communication time : 800
Cluster clients : [10, 17, 18]
Straggler within the cluster : 300
Label percentage: ['0 : 0.73%', '1 : 0.67%', '2 : 0.93%', '3 : 0.67%', '4 : 0.20%', '5 : 0.40%', '6 : 0.33%', '7 : 0.60%', '8 : 0.53%', '9 : 94.94%']%
Divergence : jsd 0.6218, tvd 0.8494

Cluster 8 with 10 clients
Cluster communication time : 800
Cluster clients : [60, 61, 62, 63, 64, 65, 66, 67, 68, 69]
Straggler within the cluster : 300
Label percentage: ['0 : 0.56%', '1 : 0.56%', '2 : 0.56%', '3 : 0.56%', '4 : 0.56%', '5 : 0.56%', '6 : 0.56%', '7 : 0.56%', '8 : 94.96%', '9 : 0.56%']%
Divergence : jsd 0.6197, tvd 0.8496

Cluster 9 with 10 clients
Cluster communication time : 800
Cluster clients : [0, 1, 2, 3, 4, 5, 6, 7, 8, 9]
Straggler within the cluster : 300
Label percentage: ['0 : 0.56%', '1 : 0.56%', '2 : 0.56%', '3 : 0.56%', '4 : 0.56%', '5 : 0.56%', '6 : 94.96%', '7 : 0.56%', '8 : 0.56%', '9 : 0.56%']%
Divergence : jsd 0.6197, tvd 0.8496

Cluster 0 with 10 clients
Cluster communication time : 800
Cluster clients : [20, 21, 22, 23, 24, 25, 26, 27, 28, 29]
Straggler within the cluster : 300
Label percentage: ['0 : 0.56%', '1 : 0.56%', '2 : 0.56%', '3 : 0.56%', '4 : 94.96%', '5 : 0.56%', '6 : 0.56%', '7 : 0.56%', '8 : 0.56%', '9 : 0.56%']%
Divergence : jsd 0.6197, tvd 0.8496

Cluster 1 with 10 clients
Cluster communication time : 800
Cluster clients : [80, 81, 82, 83, 84, 85, 86, 87, 88, 89]
Straggler within the cluster : 300
Label percentage: ['0 : 0.54%', '1 : 0.54%', '2 : 0.54%', '3 : 0.54%', '4 : 0.54%', '5 : 95.13%', '6 : 0.54%', '7 : 0.54%', '8 : 0.54%', '9 : 0.54%']%
Divergence : jsd 0.6232, tvd 0.8513

Cluster 2 with 17 clients
Cluster communication time : 800
Cluster clients : [30, 31, 32, 33, 34, 35, 36, 37, 38, 39, 42, 43, 44, 45, 46, 47, 48]
Straggler within the cluster : 300
Label percentage: ['0 : 0.54%', '1 : 56.14%', '2 : 39.44%', '3 : 0.52%', '4 : 0.59%', '5 : 0.59%', '6 : 0.55%', '7 : 0.58%', '8 : 0.56%', '9 : 0.49%']%
Divergence : jsd 0.4927, tvd 0.7558

Cluster 3 with 10 clients
Cluster communication time : 800
Cluster clients : [70, 71, 72, 73, 74, 75, 76, 77, 78, 79]
Straggler within the cluster : 300
Label percentage: ['0 : 0.54%', '1 : 0.56%', '2 : 0.56%', '3 : 95.00%', '4 : 0.56%', '5 : 0.54%', '6 : 0.56%', '7 : 0.56%', '8 : 0.56%', '9 : 0.56%']%
Divergence : jsd 0.6205, tvd 0.8500

Cluster 4 with 10 clients
Cluster communication time : 800
Cluster clients : [90, 91, 92, 93, 94, 95, 96, 97, 98, 99]
Straggler within the cluster : 300
Label percentage: ['0 : 95.13%', '1 : 0.54%', '2 : 0.54%', '3 : 0.54%', '4 : 0.54%', '5 : 0.54%', '6 : 0.54%', '7 : 0.54%', '8 : 0.54%', '9 : 0.54%']%
Divergence : jsd 0.6232, tvd 0.8513

Cluster 5 with 10 clients
Cluster communication time : 800
Cluster clients : [50, 51, 52, 53, 54, 55, 56, 57, 58, 59]
Straggler within the cluster : 300
Label percentage: ['0 : 0.56%', '1 : 0.56%', '2 : 0.56%', '3 : 0.56%', '4 : 0.56%', '5 : 0.56%', '6 : 0.56%', '7 : 94.96%', '8 : 0.56%', '9 : 0.56%']%
Divergence : jsd 0.6197, tvd 0.8496

Cluster 6 with 6 clients
Cluster communication time : 800
Cluster clients : [11, 12, 13, 14, 15, 19]
Straggler within the cluster : 300
Label percentage: ['0 : 0.50%', '1 : 0.47%', '2 : 0.40%', '3 : 0.47%', '4 : 0.77%', '5 : 0.67%', '6 : 0.63%', '7 : 0.63%', '8 : 0.50%', '9 : 94.97%']%
Divergence : jsd 0.6205, tvd 0.8497

Cluster 7 with 7 clients
Cluster communication time : 800
Cluster clients : [10, 16, 17, 18, 40, 41, 49]
Straggler within the cluster : 300
Label percentage: ['0 : 0.66%', '1 : 0.54%', '2 : 41.14%', '3 : 0.74%', '4 : 0.31%', '5 : 0.40%', '6 : 0.51%', '7 : 0.46%', '8 : 0.60%', '9 : 54.64%']%
Divergence : jsd 0.4968, tvd 0.7578

Cluster 8 with 10 clients
Cluster communication time : 800
Cluster clients : [60, 61, 62, 63, 64, 65, 66, 67, 68, 69]
Straggler within the cluster : 300
Label percentage: ['0 : 0.56%', '1 : 0.56%', '2 : 0.56%', '3 : 0.56%', '4 : 0.56%', '5 : 0.56%', '6 : 0.56%', '7 : 0.56%', '8 : 94.96%', '9 : 0.56%']%
Divergence : jsd 0.6197, tvd 0.8496

Cluster 9 with 10 clients
Cluster communication time : 800
Cluster clients : [0, 1, 2, 3, 4, 5, 6, 7, 8, 9]
Straggler within the cluster : 300
Label percentage: ['0 : 0.56%', '1 : 0.56%', '2 : 0.56%', '3 : 0.56%', '4 : 0.56%', '5 : 0.56%', '6 : 94.96%', '7 : 0.56%', '8 : 0.56%', '9 : 0.56%']%
Divergence : jsd 0.6197, tvd 0.8496

