Cluster 0 with 10 clients
Cluster communication time : 800
Cluster clients : [5, 20, 28, 43, 44, 50, 55, 62, 75, 78]
Straggler within the cluster : 300
Label percentage: ['0 : 0.00%', '1 : 7.49%', '2 : 7.88%', '3 : 8.22%', '4 : 37.29%', '5 : 27.68%', '6 : 0.00%', '7 : 11.44%', '8 : 0.00%', '9 : 0.00%']%
Divergence : jsd 0.2948, tvd 0.4641

Cluster 1 with 10 clients
Cluster communication time : 800
Cluster clients : [15, 24, 31, 34, 47, 52, 74, 85, 97, 99]
Straggler within the cluster : 300
Label percentage: ['0 : 21.79%', '1 : 6.99%', '2 : 0.00%', '3 : 8.01%', '4 : 9.01%', '5 : 14.07%', '6 : 20.18%', '7 : 0.02%', '8 : 10.37%', '9 : 9.56%']%
Divergence : jsd 0.1334, tvd 0.2642

Cluster 2 with 10 clients
Cluster communication time : 800
Cluster clients : [1, 45, 66, 79, 80, 83, 86, 87, 92, 93]
Straggler within the cluster : 300
Label percentage: ['0 : 9.59%', '1 : 30.81%', '2 : 33.26%', '3 : 9.17%', '4 : 0.87%', '5 : 6.34%', '6 : 4.83%', '7 : 0.68%', '8 : 3.65%', '9 : 0.78%']%
Divergence : jsd 0.2098, tvd 0.4407

Cluster 3 with 10 clients
Cluster communication time : 800
Cluster clients : [8, 18, 19, 35, 36, 41, 49, 54, 67, 76]
Straggler within the cluster : 300
Label percentage: ['0 : 0.13%', '1 : 5.29%', '2 : 0.00%', '3 : 0.00%', '4 : 15.77%', '5 : 19.37%', '6 : 35.03%', '7 : 14.33%', '8 : 1.69%', '9 : 8.38%']%
Divergence : jsd 0.2466, tvd 0.4451

Cluster 4 with 10 clients
Cluster communication time : 800
Cluster clients : [2, 6, 7, 10, 39, 40, 51, 57, 60, 72]
Straggler within the cluster : 300
Label percentage: ['0 : 10.96%', '1 : 15.37%', '2 : 15.82%', '3 : 5.98%', '4 : 5.37%', '5 : 0.00%', '6 : 0.43%', '7 : 0.00%', '8 : 33.87%', '9 : 12.21%']%
Divergence : jsd 0.2075, tvd 0.3823

Cluster 5 with 10 clients
Cluster communication time : 800
Cluster clients : [3, 13, 17, 27, 37, 65, 77, 84, 88, 89]
Straggler within the cluster : 300
Label percentage: ['0 : 7.69%', '1 : 7.69%', '2 : 0.00%', '3 : 25.43%', '4 : 9.60%', '5 : 0.00%', '6 : 0.00%', '7 : 23.44%', '8 : 15.87%', '9 : 10.28%']%
Divergence : jsd 0.2022, tvd 0.3502

Cluster 6 with 10 clients
Cluster communication time : 800
Cluster clients : [0, 11, 12, 23, 29, 30, 53, 68, 69, 96]
Straggler within the cluster : 300
Label percentage: ['0 : 4.80%', '1 : 0.00%', '2 : 7.22%', '3 : 9.91%', '4 : 0.04%', '5 : 12.63%', '6 : 26.85%', '7 : 21.63%', '8 : 1.55%', '9 : 15.38%']%
Divergence : jsd 0.1816, tvd 0.3649

Cluster 7 with 10 clients
Cluster communication time : 800
Cluster clients : [9, 16, 26, 32, 46, 58, 63, 64, 81, 95]
Straggler within the cluster : 300
Label percentage: ['0 : 22.78%', '1 : 0.14%', '2 : 0.20%', '3 : 25.54%', '4 : 0.00%', '5 : 0.00%', '6 : 1.64%', '7 : 23.46%', '8 : 16.34%', '9 : 9.90%']%
Divergence : jsd 0.2826, tvd 0.4812

Cluster 8 with 10 clients
Cluster communication time : 800
Cluster clients : [4, 22, 38, 42, 48, 59, 61, 71, 73, 90]
Straggler within the cluster : 300
Label percentage: ['0 : 17.18%', '1 : 16.09%', '2 : 17.69%', '3 : 9.35%', '4 : 20.31%', '5 : 0.00%', '6 : 0.00%', '7 : 0.13%', '8 : 19.02%', '9 : 0.22%']%
Divergence : jsd 0.2321, tvd 0.4030

Cluster 9 with 10 clients
Cluster communication time : 800
Cluster clients : [14, 21, 25, 33, 56, 70, 82, 91, 94, 98]
Straggler within the cluster : 300
Label percentage: ['0 : 8.13%', '1 : 16.65%', '2 : 26.20%', '3 : 0.00%', '4 : 0.00%', '5 : 15.75%', '6 : 0.46%', '7 : 0.00%', '8 : 0.09%', '9 : 32.73%']%
Divergence : jsd 0.3199, tvd 0.5133

