Cluster 0 with 10 clients
Cluster communication time : 800
Cluster clients : [1, 7, 19, 25, 38, 64, 69, 76, 87, 91]
Straggler within the cluster : 300
Label percentage: ['0 : 5.73%', '1 : 7.51%', '2 : 8.87%', '3 : 17.77%', '4 : 10.26%', '5 : 8.11%', '6 : 5.73%', '7 : 20.89%', '8 : 4.88%', '9 : 10.26%']%
Divergence : jsd 0.0393, tvd 0.1917

Cluster 1 with 10 clients
Cluster communication time : 800
Cluster clients : [28, 45, 49, 54, 56, 59, 66, 68, 79, 85]
Straggler within the cluster : 300
Label percentage: ['0 : 5.73%', '1 : 7.48%', '2 : 13.27%', '3 : 13.27%', '4 : 5.12%', '5 : 4.05%', '6 : 17.18%', '7 : 13.91%', '8 : 9.74%', '9 : 10.25%']%
Divergence : jsd 0.0333, tvd 0.1787

Cluster 2 with 10 clients
Cluster communication time : 800
Cluster clients : [9, 21, 24, 31, 37, 42, 46, 72, 75, 86]
Straggler within the cluster : 300
Label percentage: ['0 : 17.52%', '1 : 7.65%', '2 : 4.51%', '3 : 4.51%', '4 : 10.45%', '5 : 16.57%', '6 : 23.36%', '7 : 0.00%', '8 : 4.97%', '9 : 10.47%']%
Divergence : jsd 0.1061, tvd 0.2837

Cluster 3 with 10 clients
Cluster communication time : 800
Cluster clients : [2, 3, 13, 32, 33, 34, 53, 73, 89, 98]
Straggler within the cluster : 300
Label percentage: ['0 : 11.25%', '1 : 3.67%', '2 : 4.34%', '3 : 4.34%', '4 : 20.17%', '5 : 11.98%', '6 : 22.53%', '7 : 6.85%', '8 : 4.78%', '9 : 10.07%']%
Divergence : jsd 0.0678, tvd 0.2600

Cluster 4 with 10 clients
Cluster communication time : 800
Cluster clients : [23, 26, 30, 48, 51, 52, 71, 81, 84, 96]
Straggler within the cluster : 300
Label percentage: ['0 : 5.83%', '1 : 15.24%', '2 : 9.01%', '3 : 9.01%', '4 : 10.44%', '5 : 8.25%', '6 : 5.83%', '7 : 21.25%', '8 : 9.92%', '9 : 5.22%']%
Divergence : jsd 0.0334, tvd 0.1692

Cluster 5 with 10 clients
Cluster communication time : 800
Cluster clients : [4, 10, 11, 29, 41, 47, 58, 67, 74, 90]
Straggler within the cluster : 300
Label percentage: ['0 : 6.06%', '1 : 11.90%', '2 : 14.06%', '3 : 9.38%', '4 : 16.27%', '5 : 12.89%', '6 : 6.06%', '7 : 7.38%', '8 : 5.15%', '9 : 10.85%']%
Divergence : jsd 0.0242, tvd 0.1596

Cluster 6 with 10 clients
Cluster communication time : 800
Cluster clients : [5, 17, 35, 39, 60, 63, 65, 80, 83, 92]
Straggler within the cluster : 300
Label percentage: ['0 : 17.66%', '1 : 19.24%', '2 : 0.00%', '3 : 9.10%', '4 : 0.00%', '5 : 8.32%', '6 : 5.90%', '7 : 14.28%', '8 : 15.00%', '9 : 10.52%']%
Divergence : jsd 0.1294, tvd 0.2668

Cluster 7 with 10 clients
Cluster communication time : 800
Cluster clients : [8, 18, 22, 27, 43, 44, 55, 61, 78, 99]
Straggler within the cluster : 300
Label percentage: ['0 : 0.00%', '1 : 8.14%', '2 : 28.87%', '3 : 9.59%', '4 : 11.14%', '5 : 8.81%', '6 : 6.21%', '7 : 0.00%', '8 : 10.57%', '9 : 16.67%']%
Divergence : jsd 0.1450, tvd 0.2724

Cluster 8 with 10 clients
Cluster communication time : 800
Cluster clients : [6, 12, 16, 20, 40, 70, 77, 82, 93, 95]
Straggler within the cluster : 300
Label percentage: ['0 : 18.26%', '1 : 11.93%', '2 : 18.78%', '3 : 14.08%', '4 : 0.00%', '5 : 8.60%', '6 : 0.00%', '7 : 7.38%', '8 : 15.51%', '9 : 5.46%']%
Divergence : jsd 0.1328, tvd 0.2856

Cluster 9 with 10 clients
Cluster communication time : 800
Cluster clients : [0, 14, 15, 36, 50, 57, 62, 88, 94, 97]
Straggler within the cluster : 300
Label percentage: ['0 : 11.71%', '1 : 7.67%', '2 : 0.00%', '3 : 9.06%', '4 : 15.71%', '5 : 12.47%', '6 : 5.86%', '7 : 7.11%', '8 : 19.92%', '9 : 10.50%']%
Divergence : jsd 0.0752, tvd 0.2030

