Cluster 0 with 10 clients
Cluster communication time : 800
Cluster clients : [1, 7, 19, 25, 38, 64, 69, 76, 87, 91]
Straggler within the cluster : 300
Label percentage: ['0 : 16.10%', '1 : 14.61%', '2 : 25.25%', '3 : 0.00%', '4 : 1.57%', '5 : 14.63%', '6 : 15.74%', '7 : 12.10%', '8 : 0.00%', '9 : 0.00%']%
Divergence : jsd 0.2162, tvd 0.3843

Cluster 1 with 10 clients
Cluster communication time : 800
Cluster clients : [28, 45, 49, 54, 56, 59, 66, 68, 79, 85]
Straggler within the cluster : 300
Label percentage: ['0 : 1.03%', '1 : 34.05%', '2 : 8.22%', '3 : 8.59%', '4 : 5.64%', '5 : 19.96%', '6 : 15.22%', '7 : 5.87%', '8 : 1.42%', '9 : 0.00%']%
Divergence : jsd 0.1821, tvd 0.3923

Cluster 2 with 10 clients
Cluster communication time : 800
Cluster clients : [9, 21, 24, 31, 37, 42, 46, 72, 75, 86]
Straggler within the cluster : 300
Label percentage: ['0 : 13.78%', '1 : 15.07%', '2 : 7.57%', '3 : 8.25%', '4 : 9.32%', '5 : 0.38%', '6 : 7.51%', '7 : 11.48%', '8 : 26.23%', '9 : 0.42%']%
Divergence : jsd 0.1163, tvd 0.2655

Cluster 3 with 10 clients
Cluster communication time : 800
Cluster clients : [2, 3, 13, 32, 33, 34, 53, 73, 89, 98]
Straggler within the cluster : 300
Label percentage: ['0 : 5.18%', '1 : 0.13%', '2 : 0.00%', '3 : 10.39%', '4 : 9.01%', '5 : 0.00%', '6 : 0.00%', '7 : 21.99%', '8 : 15.11%', '9 : 38.18%']%
Divergence : jsd 0.2852, tvd 0.4568

Cluster 4 with 10 clients
Cluster communication time : 800
Cluster clients : [23, 26, 30, 48, 51, 52, 71, 81, 84, 96]
Straggler within the cluster : 300
Label percentage: ['0 : 7.35%', '1 : 0.00%', '2 : 7.67%', '3 : 23.79%', '4 : 0.04%', '5 : 0.00%', '6 : 0.00%', '7 : 22.00%', '8 : 31.34%', '9 : 7.82%']%
Divergence : jsd 0.2812, tvd 0.4713

Cluster 5 with 10 clients
Cluster communication time : 800
Cluster clients : [4, 10, 11, 29, 41, 47, 58, 67, 74, 90]
Straggler within the cluster : 300
Label percentage: ['0 : 0.00%', '1 : 14.41%', '2 : 7.61%', '3 : 8.10%', '4 : 16.77%', '5 : 13.04%', '6 : 28.71%', '7 : 0.02%', '8 : 2.13%', '9 : 9.20%']%
Divergence : jsd 0.1657, tvd 0.3294

Cluster 6 with 10 clients
Cluster communication time : 800
Cluster clients : [5, 17, 35, 39, 60, 63, 65, 80, 83, 92]
Straggler within the cluster : 300
Label percentage: ['0 : 16.27%', '1 : 16.37%', '2 : 15.61%', '3 : 17.61%', '4 : 4.99%', '5 : 0.00%', '6 : 8.46%', '7 : 0.63%', '8 : 17.52%', '9 : 2.54%']%
Divergence : jsd 0.1404, tvd 0.3339

Cluster 7 with 10 clients
Cluster communication time : 800
Cluster clients : [8, 18, 22, 27, 43, 44, 55, 61, 78, 99]
Straggler within the cluster : 300
Label percentage: ['0 : 14.03%', '1 : 0.07%', '2 : 7.47%', '3 : 0.00%', '4 : 25.53%', '5 : 34.28%', '6 : 18.09%', '7 : 0.11%', '8 : 0.11%', '9 : 0.31%']%
Divergence : jsd 0.3195, tvd 0.5193

Cluster 8 with 10 clients
Cluster communication time : 800
Cluster clients : [6, 12, 16, 20, 40, 70, 77, 82, 93, 95]
Straggler within the cluster : 300
Label percentage: ['0 : 10.51%', '1 : 0.00%', '2 : 13.54%', '3 : 14.17%', '4 : 14.65%', '5 : 14.51%', '6 : 4.84%', '7 : 23.09%', '8 : 4.67%', '9 : 0.02%']%
Divergence : jsd 0.1428, tvd 0.3047

Cluster 9 with 10 clients
Cluster communication time : 800
Cluster clients : [0, 14, 15, 36, 50, 57, 62, 88, 94, 97]
Straggler within the cluster : 300
Label percentage: ['0 : 17.55%', '1 : 8.15%', '2 : 8.93%', '3 : 9.31%', '4 : 10.52%', '5 : 0.65%', '6 : 0.00%', '7 : 1.14%', '8 : 0.00%', '9 : 43.76%']%
Divergence : jsd 0.2558, tvd 0.4182

