Cluster 0 with 1 clients
Cluster communication time : 0
Cluster clients : [0]
Label percentage: ['0 : 0.00%', '1 : 0.00%', '2 : 0.00%', '3 : 0.00%', '4 : 0.00%', '5 : 45.53%', '6 : 0.00%', '7 : 0.00%', '8 : 54.47%', '9 : 0.00%']%
Divergence : jsd 0.6105, tvd 0.8000

Cluster 1 with 1 clients
Cluster communication time : 0
Cluster clients : [1]
Label percentage: ['0 : 0.00%', '1 : 0.00%', '2 : 50.00%', '3 : 50.00%', '4 : 0.00%', '5 : 0.00%', '6 : 0.00%', '7 : 0.00%', '8 : 0.00%', '9 : 0.00%']%
Divergence : jsd 0.6100, tvd 0.8000

Cluster 2 with 1 clients
Cluster communication time : 0
Cluster clients : [2]
Label percentage: ['0 : 0.00%', '1 : 0.00%', '2 : 0.00%', '3 : 0.00%', '4 : 42.44%', '5 : 0.00%', '6 : 0.00%', '7 : 57.56%', '8 : 0.00%', '9 : 0.00%']%
Divergence : jsd 0.6114, tvd 0.8000

Cluster 3 with 1 clients
Cluster communication time : 0
Cluster clients : [3]
Label percentage: ['0 : 0.00%', '1 : 0.00%', '2 : 0.00%', '3 : 0.00%', '4 : 47.23%', '5 : 0.00%', '6 : 52.77%', '7 : 0.00%', '8 : 0.00%', '9 : 0.00%']%
Divergence : jsd 0.6102, tvd 0.8000

Cluster 4 with 1 clients
Cluster communication time : 0
Cluster clients : [4]
Label percentage: ['0 : 0.00%', '1 : 0.00%', '2 : 38.91%', '3 : 0.00%', '4 : 0.00%', '5 : 0.00%', '6 : 0.00%', '7 : 61.09%', '8 : 0.00%', '9 : 0.00%']%
Divergence : jsd 0.6130, tvd 0.8000

Cluster 5 with 1 clients
Cluster communication time : 0
Cluster clients : [5]
Label percentage: ['0 : 50.00%', '1 : 0.00%', '2 : 0.00%', '3 : 0.00%', '4 : 0.00%', '5 : 0.00%', '6 : 50.00%', '7 : 0.00%', '8 : 0.00%', '9 : 0.00%']%
Divergence : jsd 0.6100, tvd 0.8000

Cluster 6 with 1 clients
Cluster communication time : 0
Cluster clients : [6]
Label percentage: ['0 : 52.77%', '1 : 0.00%', '2 : 0.00%', '3 : 0.00%', '4 : 0.00%', '5 : 0.00%', '6 : 0.00%', '7 : 0.00%', '8 : 0.00%', '9 : 47.23%']%
Divergence : jsd 0.6102, tvd 0.8000

Cluster 7 with 1 clients
Cluster communication time : 0
Cluster clients : [7]
Label percentage: ['0 : 0.00%', '1 : 0.00%', '2 : 0.00%', '3 : 38.97%', '4 : 0.00%', '5 : 0.00%', '6 : 0.00%', '7 : 61.03%', '8 : 0.00%', '9 : 0.00%']%
Divergence : jsd 0.6130, tvd 0.8000

Cluster 8 with 1 clients
Cluster communication time : 0
Cluster clients : [8]
Label percentage: ['0 : 0.00%', '1 : 0.00%', '2 : 46.34%', '3 : 0.00%', '4 : 53.66%', '5 : 0.00%', '6 : 0.00%', '7 : 0.00%', '8 : 0.00%', '9 : 0.00%']%
Divergence : jsd 0.6103, tvd 0.8000

Cluster 9 with 1 clients
Cluster communication time : 0
Cluster clients : [9]
Label percentage: ['0 : 0.00%', '1 : 0.00%', '2 : 0.00%', '3 : 0.00%', '4 : 0.00%', '5 : 44.19%', '6 : 0.00%', '7 : 0.00%', '8 : 0.00%', '9 : 55.81%']%
Divergence : jsd 0.6108, tvd 0.8000

Cluster 10 with 1 clients
Cluster communication time : 0
Cluster clients : [10]
Label percentage: ['0 : 0.00%', '1 : 0.00%', '2 : 0.00%', '3 : 52.17%', '4 : 0.00%', '5 : 47.83%', '6 : 0.00%', '7 : 0.00%', '8 : 0.00%', '9 : 0.00%']%
Divergence : jsd 0.6101, tvd 0.8000

Cluster 11 with 1 clients
Cluster communication time : 0
Cluster clients : [11]
Label percentage: ['0 : 0.00%', '1 : 43.57%', '2 : 0.00%', '3 : 0.00%', '4 : 0.00%', '5 : 0.00%', '6 : 0.00%', '7 : 0.00%', '8 : 56.43%', '9 : 0.00%']%
Divergence : jsd 0.6110, tvd 0.8000

Cluster 12 with 1 clients
Cluster communication time : 0
Cluster clients : [12]
Label percentage: ['0 : 0.00%', '1 : 0.00%', '2 : 0.00%', '3 : 0.00%', '4 : 0.00%', '5 : 0.00%', '6 : 0.00%', '7 : 58.81%', '8 : 41.19%', '9 : 0.00%']%
Divergence : jsd 0.6119, tvd 0.8000

Cluster 13 with 1 clients
Cluster communication time : 0
Cluster clients : [13]
Label percentage: ['0 : 50.00%', '1 : 0.00%', '2 : 0.00%', '3 : 0.00%', '4 : 0.00%', '5 : 0.00%', '6 : 50.00%', '7 : 0.00%', '8 : 0.00%', '9 : 0.00%']%
Divergence : jsd 0.6100, tvd 0.8000

Cluster 14 with 1 clients
Cluster communication time : 0
Cluster clients : [14]
Label percentage: ['0 : 0.00%', '1 : 0.00%', '2 : 0.00%', '3 : 0.00%', '4 : 55.72%', '5 : 44.28%', '6 : 0.00%', '7 : 0.00%', '8 : 0.00%', '9 : 0.00%']%
Divergence : jsd 0.6108, tvd 0.8000

Cluster 15 with 1 clients
Cluster communication time : 0
Cluster clients : [15]
Label percentage: ['0 : 0.00%', '1 : 0.00%', '2 : 0.00%', '3 : 46.34%', '4 : 0.00%', '5 : 0.00%', '6 : 0.00%', '7 : 0.00%', '8 : 0.00%', '9 : 53.66%']%
Divergence : jsd 0.6103, tvd 0.8000

Cluster 16 with 1 clients
Cluster communication time : 0
Cluster clients : [16]
Label percentage: ['0 : 0.00%', '1 : 43.57%', '2 : 0.00%', '3 : 0.00%', '4 : 0.00%', '5 : 0.00%', '6 : 0.00%', '7 : 0.00%', '8 : 56.43%', '9 : 0.00%']%
Divergence : jsd 0.6110, tvd 0.8000

Cluster 17 with 1 clients
Cluster communication time : 0
Cluster clients : [17]
Label percentage: ['0 : 0.00%', '1 : 45.84%', '2 : 0.00%', '3 : 54.16%', '4 : 0.00%', '5 : 0.00%', '6 : 0.00%', '7 : 0.00%', '8 : 0.00%', '9 : 0.00%']%
Divergence : jsd 0.6104, tvd 0.8000

Cluster 18 with 1 clients
Cluster communication time : 0
Cluster clients : [18]
Label percentage: ['0 : 0.00%', '1 : 0.00%', '2 : 52.17%', '3 : 0.00%', '4 : 0.00%', '5 : 47.83%', '6 : 0.00%', '7 : 0.00%', '8 : 0.00%', '9 : 0.00%']%
Divergence : jsd 0.6101, tvd 0.8000

Cluster 19 with 1 clients
Cluster communication time : 0
Cluster clients : [19]
Label percentage: ['0 : 0.00%', '1 : 45.84%', '2 : 0.00%', '3 : 54.16%', '4 : 0.00%', '5 : 0.00%', '6 : 0.00%', '7 : 0.00%', '8 : 0.00%', '9 : 0.00%']%
Divergence : jsd 0.6104, tvd 0.8000

Cluster 20 with 1 clients
Cluster communication time : 0
Cluster clients : [20]
Label percentage: ['0 : 56.43%', '1 : 0.00%', '2 : 0.00%', '3 : 43.57%', '4 : 0.00%', '5 : 0.00%', '6 : 0.00%', '7 : 0.00%', '8 : 0.00%', '9 : 0.00%']%
Divergence : jsd 0.6110, tvd 0.8000

Cluster 21 with 1 clients
Cluster communication time : 0
Cluster clients : [21]
Label percentage: ['0 : 50.00%', '1 : 0.00%', '2 : 0.00%', '3 : 0.00%', '4 : 0.00%', '5 : 0.00%', '6 : 50.00%', '7 : 0.00%', '8 : 0.00%', '9 : 0.00%']%
Divergence : jsd 0.6100, tvd 0.8000

Cluster 22 with 1 clients
Cluster communication time : 0
Cluster clients : [22]
Label percentage: ['0 : 0.00%', '1 : 45.84%', '2 : 54.16%', '3 : 0.00%', '4 : 0.00%', '5 : 0.00%', '6 : 0.00%', '7 : 0.00%', '8 : 0.00%', '9 : 0.00%']%
Divergence : jsd 0.6104, tvd 0.8000

Cluster 23 with 1 clients
Cluster communication time : 0
Cluster clients : [23]
Label percentage: ['0 : 0.00%', '1 : 0.00%', '2 : 0.00%', '3 : 0.00%', '4 : 0.00%', '5 : 0.00%', '6 : 0.00%', '7 : 57.58%', '8 : 0.00%', '9 : 42.42%']%
Divergence : jsd 0.6114, tvd 0.8000

Cluster 24 with 1 clients
Cluster communication time : 0
Cluster clients : [24]
Label percentage: ['0 : 0.00%', '1 : 0.00%', '2 : 0.00%', '3 : 0.00%', '4 : 55.72%', '5 : 44.28%', '6 : 0.00%', '7 : 0.00%', '8 : 0.00%', '9 : 0.00%']%
Divergence : jsd 0.6108, tvd 0.8000

Cluster 25 with 1 clients
Cluster communication time : 0
Cluster clients : [25]
Label percentage: ['0 : 0.00%', '1 : 0.00%', '2 : 0.00%', '3 : 0.00%', '4 : 50.00%', '5 : 0.00%', '6 : 0.00%', '7 : 0.00%', '8 : 0.00%', '9 : 50.00%']%
Divergence : jsd 0.6100, tvd 0.8000

Cluster 26 with 1 clients
Cluster communication time : 0
Cluster clients : [26]
Label percentage: ['0 : 0.00%', '1 : 0.00%', '2 : 0.00%', '3 : 0.00%', '4 : 51.27%', '5 : 0.00%', '6 : 0.00%', '7 : 0.00%', '8 : 48.73%', '9 : 0.00%']%
Divergence : jsd 0.6100, tvd 0.8000

Cluster 27 with 1 clients
Cluster communication time : 0
Cluster clients : [27]
Label percentage: ['0 : 0.00%', '1 : 0.00%', '2 : 46.44%', '3 : 0.00%', '4 : 0.00%', '5 : 0.00%', '6 : 0.00%', '7 : 0.00%', '8 : 0.00%', '9 : 53.56%']%
Divergence : jsd 0.6103, tvd 0.8000

Cluster 28 with 1 clients
Cluster communication time : 0
Cluster clients : [28]
Label percentage: ['0 : 0.00%', '1 : 0.00%', '2 : 0.00%', '3 : 46.33%', '4 : 53.67%', '5 : 0.00%', '6 : 0.00%', '7 : 0.00%', '8 : 0.00%', '9 : 0.00%']%
Divergence : jsd 0.6103, tvd 0.8000

Cluster 29 with 1 clients
Cluster communication time : 0
Cluster clients : [29]
Label percentage: ['0 : 0.00%', '1 : 0.00%', '2 : 0.00%', '3 : 0.00%', '4 : 50.00%', '5 : 0.00%', '6 : 0.00%', '7 : 0.00%', '8 : 0.00%', '9 : 50.00%']%
Divergence : jsd 0.6100, tvd 0.8000

Cluster 30 with 1 clients
Cluster communication time : 0
Cluster clients : [30]
Label percentage: ['0 : 0.00%', '1 : 0.00%', '2 : 38.87%', '3 : 0.00%', '4 : 0.00%', '5 : 0.00%', '6 : 0.00%', '7 : 61.13%', '8 : 0.00%', '9 : 0.00%']%
Divergence : jsd 0.6130, tvd 0.8000

Cluster 31 with 1 clients
Cluster communication time : 0
Cluster clients : [31]
Label percentage: ['0 : 56.43%', '1 : 0.00%', '2 : 43.57%', '3 : 0.00%', '4 : 0.00%', '5 : 0.00%', '6 : 0.00%', '7 : 0.00%', '8 : 0.00%', '9 : 0.00%']%
Divergence : jsd 0.6110, tvd 0.8000

Cluster 32 with 1 clients
Cluster communication time : 0
Cluster clients : [32]
Label percentage: ['0 : 0.00%', '1 : 0.00%', '2 : 0.00%', '3 : 0.00%', '4 : 0.00%', '5 : 0.00%', '6 : 54.04%', '7 : 0.00%', '8 : 45.96%', '9 : 0.00%']%
Divergence : jsd 0.6104, tvd 0.8000

Cluster 33 with 1 clients
Cluster communication time : 0
Cluster clients : [33]
Label percentage: ['0 : 58.45%', '1 : 0.00%', '2 : 0.00%', '3 : 0.00%', '4 : 0.00%', '5 : 41.55%', '6 : 0.00%', '7 : 0.00%', '8 : 0.00%', '9 : 0.00%']%
Divergence : jsd 0.6117, tvd 0.8000

Cluster 34 with 1 clients
Cluster communication time : 0
Cluster clients : [34]
Label percentage: ['0 : 0.00%', '1 : 0.00%', '2 : 0.00%', '3 : 52.06%', '4 : 0.00%', '5 : 47.94%', '6 : 0.00%', '7 : 0.00%', '8 : 0.00%', '9 : 0.00%']%
Divergence : jsd 0.6101, tvd 0.8000

Cluster 35 with 1 clients
Cluster communication time : 0
Cluster clients : [35]
Label percentage: ['0 : 60.37%', '1 : 39.63%', '2 : 0.00%', '3 : 0.00%', '4 : 0.00%', '5 : 0.00%', '6 : 0.00%', '7 : 0.00%', '8 : 0.00%', '9 : 0.00%']%
Divergence : jsd 0.6126, tvd 0.8000

Cluster 36 with 1 clients
Cluster communication time : 0
Cluster clients : [36]
Label percentage: ['0 : 0.00%', '1 : 43.57%', '2 : 0.00%', '3 : 0.00%', '4 : 0.00%', '5 : 0.00%', '6 : 0.00%', '7 : 0.00%', '8 : 56.43%', '9 : 0.00%']%
Divergence : jsd 0.6110, tvd 0.8000

Cluster 37 with 1 clients
Cluster communication time : 0
Cluster clients : [37]
Label percentage: ['0 : 0.00%', '1 : 0.00%', '2 : 0.00%', '3 : 0.00%', '4 : 55.84%', '5 : 44.16%', '6 : 0.00%', '7 : 0.00%', '8 : 0.00%', '9 : 0.00%']%
Divergence : jsd 0.6108, tvd 0.8000

Cluster 38 with 1 clients
Cluster communication time : 0
Cluster clients : [38]
Label percentage: ['0 : 0.00%', '1 : 0.00%', '2 : 0.00%', '3 : 0.00%', '4 : 51.27%', '5 : 0.00%', '6 : 0.00%', '7 : 0.00%', '8 : 48.73%', '9 : 0.00%']%
Divergence : jsd 0.6100, tvd 0.8000

Cluster 39 with 1 clients
Cluster communication time : 0
Cluster clients : [39]
Label percentage: ['0 : 0.00%', '1 : 0.00%', '2 : 0.00%', '3 : 0.00%', '4 : 0.00%', '5 : 0.00%', '6 : 0.00%', '7 : 0.00%', '8 : 48.73%', '9 : 51.27%']%
Divergence : jsd 0.6100, tvd 0.8000

Cluster 40 with 1 clients
Cluster communication time : 0
Cluster clients : [40]
Label percentage: ['0 : 0.00%', '1 : 0.00%', '2 : 0.00%', '3 : 0.00%', '4 : 0.00%', '5 : 45.41%', '6 : 0.00%', '7 : 0.00%', '8 : 54.59%', '9 : 0.00%']%
Divergence : jsd 0.6105, tvd 0.8000

Cluster 41 with 1 clients
Cluster communication time : 0
Cluster clients : [41]
Label percentage: ['0 : 56.43%', '1 : 0.00%', '2 : 43.57%', '3 : 0.00%', '4 : 0.00%', '5 : 0.00%', '6 : 0.00%', '7 : 0.00%', '8 : 0.00%', '9 : 0.00%']%
Divergence : jsd 0.6110, tvd 0.8000

Cluster 42 with 1 clients
Cluster communication time : 0
Cluster clients : [42]
Label percentage: ['0 : 0.00%', '1 : 43.57%', '2 : 0.00%', '3 : 0.00%', '4 : 0.00%', '5 : 0.00%', '6 : 0.00%', '7 : 0.00%', '8 : 56.43%', '9 : 0.00%']%
Divergence : jsd 0.6110, tvd 0.8000

Cluster 43 with 1 clients
Cluster communication time : 0
Cluster clients : [43]
Label percentage: ['0 : 0.00%', '1 : 0.00%', '2 : 0.00%', '3 : 0.00%', '4 : 0.00%', '5 : 0.00%', '6 : 52.78%', '7 : 0.00%', '8 : 0.00%', '9 : 47.22%']%
Divergence : jsd 0.6102, tvd 0.8000

Cluster 44 with 1 clients
Cluster communication time : 0
Cluster clients : [44]
Label percentage: ['0 : 0.00%', '1 : 0.00%', '2 : 0.00%', '3 : 47.59%', '4 : 0.00%', '5 : 0.00%', '6 : 0.00%', '7 : 0.00%', '8 : 52.41%', '9 : 0.00%']%
Divergence : jsd 0.6101, tvd 0.8000

Cluster 45 with 1 clients
Cluster communication time : 0
Cluster clients : [45]
Label percentage: ['0 : 60.49%', '1 : 39.51%', '2 : 0.00%', '3 : 0.00%', '4 : 0.00%', '5 : 0.00%', '6 : 0.00%', '7 : 0.00%', '8 : 0.00%', '9 : 0.00%']%
Divergence : jsd 0.6127, tvd 0.8000

Cluster 46 with 1 clients
Cluster communication time : 0
Cluster clients : [46]
Label percentage: ['0 : 0.00%', '1 : 0.00%', '2 : 0.00%', '3 : 0.00%', '4 : 0.00%', '5 : 0.00%', '6 : 52.78%', '7 : 0.00%', '8 : 0.00%', '9 : 47.22%']%
Divergence : jsd 0.6102, tvd 0.8000

Cluster 47 with 1 clients
Cluster communication time : 0
Cluster clients : [47]
Label percentage: ['0 : 0.00%', '1 : 42.20%', '2 : 0.00%', '3 : 0.00%', '4 : 0.00%', '5 : 0.00%', '6 : 0.00%', '7 : 0.00%', '8 : 0.00%', '9 : 57.80%']%
Divergence : jsd 0.6115, tvd 0.8000

Cluster 48 with 1 clients
Cluster communication time : 0
Cluster clients : [48]
Label percentage: ['0 : 0.00%', '1 : 45.82%', '2 : 0.00%', '3 : 54.18%', '4 : 0.00%', '5 : 0.00%', '6 : 0.00%', '7 : 0.00%', '8 : 0.00%', '9 : 0.00%']%
Divergence : jsd 0.6104, tvd 0.8000

Cluster 49 with 1 clients
Cluster communication time : 0
Cluster clients : [49]
Label percentage: ['0 : 0.00%', '1 : 0.00%', '2 : 0.00%', '3 : 0.00%', '4 : 0.00%', '5 : 0.00%', '6 : 0.00%', '7 : 0.00%', '8 : 48.73%', '9 : 51.27%']%
Divergence : jsd 0.6100, tvd 0.8000

Cluster 50 with 1 clients
Cluster communication time : 0
Cluster clients : [50]
Label percentage: ['0 : 52.78%', '1 : 0.00%', '2 : 0.00%', '3 : 0.00%', '4 : 0.00%', '5 : 0.00%', '6 : 0.00%', '7 : 0.00%', '8 : 0.00%', '9 : 47.22%']%
Divergence : jsd 0.6102, tvd 0.8000

Cluster 51 with 1 clients
Cluster communication time : 0
Cluster clients : [51]
Label percentage: ['0 : 0.00%', '1 : 0.00%', '2 : 0.00%', '3 : 0.00%', '4 : 0.00%', '5 : 45.41%', '6 : 0.00%', '7 : 0.00%', '8 : 54.59%', '9 : 0.00%']%
Divergence : jsd 0.6105, tvd 0.8000

Cluster 52 with 1 clients
Cluster communication time : 0
Cluster clients : [52]
Label percentage: ['0 : 0.00%', '1 : 48.00%', '2 : 0.00%', '3 : 0.00%', '4 : 0.00%', '5 : 52.00%', '6 : 0.00%', '7 : 0.00%', '8 : 0.00%', '9 : 0.00%']%
Divergence : jsd 0.6101, tvd 0.8000

Cluster 53 with 1 clients
Cluster communication time : 0
Cluster clients : [53]
Label percentage: ['0 : 0.00%', '1 : 42.20%', '2 : 0.00%', '3 : 0.00%', '4 : 0.00%', '5 : 0.00%', '6 : 0.00%', '7 : 0.00%', '8 : 0.00%', '9 : 57.80%']%
Divergence : jsd 0.6115, tvd 0.8000

Cluster 54 with 1 clients
Cluster communication time : 0
Cluster clients : [54]
Label percentage: ['0 : 0.00%', '1 : 0.00%', '2 : 52.18%', '3 : 0.00%', '4 : 0.00%', '5 : 47.82%', '6 : 0.00%', '7 : 0.00%', '8 : 0.00%', '9 : 0.00%']%
Divergence : jsd 0.6101, tvd 0.8000

Cluster 55 with 1 clients
Cluster communication time : 0
Cluster clients : [55]
Label percentage: ['0 : 0.00%', '1 : 45.82%', '2 : 54.18%', '3 : 0.00%', '4 : 0.00%', '5 : 0.00%', '6 : 0.00%', '7 : 0.00%', '8 : 0.00%', '9 : 0.00%']%
Divergence : jsd 0.6104, tvd 0.8000

Cluster 56 with 1 clients
Cluster communication time : 0
Cluster clients : [56]
Label percentage: ['0 : 0.00%', '1 : 0.00%', '2 : 38.87%', '3 : 0.00%', '4 : 0.00%', '5 : 0.00%', '6 : 0.00%', '7 : 61.13%', '8 : 0.00%', '9 : 0.00%']%
Divergence : jsd 0.6130, tvd 0.8000

Cluster 57 with 1 clients
Cluster communication time : 0
Cluster clients : [57]
Label percentage: ['0 : 0.00%', '1 : 0.00%', '2 : 0.00%', '3 : 52.18%', '4 : 0.00%', '5 : 47.82%', '6 : 0.00%', '7 : 0.00%', '8 : 0.00%', '9 : 0.00%']%
Divergence : jsd 0.6101, tvd 0.8000

Cluster 58 with 1 clients
Cluster communication time : 0
Cluster clients : [58]
Label percentage: ['0 : 0.00%', '1 : 45.82%', '2 : 54.18%', '3 : 0.00%', '4 : 0.00%', '5 : 0.00%', '6 : 0.00%', '7 : 0.00%', '8 : 0.00%', '9 : 0.00%']%
Divergence : jsd 0.6104, tvd 0.8000

Cluster 59 with 1 clients
Cluster communication time : 0
Cluster clients : [59]
Label percentage: ['0 : 0.00%', '1 : 0.00%', '2 : 0.00%', '3 : 43.57%', '4 : 0.00%', '5 : 0.00%', '6 : 56.43%', '7 : 0.00%', '8 : 0.00%', '9 : 0.00%']%
Divergence : jsd 0.6110, tvd 0.8000

Cluster 60 with 1 clients
Cluster communication time : 0
Cluster clients : [60]
Label percentage: ['0 : 0.00%', '1 : 43.44%', '2 : 0.00%', '3 : 0.00%', '4 : 0.00%', '5 : 0.00%', '6 : 0.00%', '7 : 0.00%', '8 : 56.56%', '9 : 0.00%']%
Divergence : jsd 0.6110, tvd 0.8000

Cluster 61 with 1 clients
Cluster communication time : 0
Cluster clients : [61]
Label percentage: ['0 : 0.00%', '1 : 0.00%', '2 : 0.00%', '3 : 0.00%', '4 : 0.00%', '5 : 45.41%', '6 : 0.00%', '7 : 0.00%', '8 : 54.59%', '9 : 0.00%']%
Divergence : jsd 0.6105, tvd 0.8000

Cluster 62 with 1 clients
Cluster communication time : 0
Cluster clients : [62]
Label percentage: ['0 : 0.00%', '1 : 34.97%', '2 : 0.00%', '3 : 0.00%', '4 : 0.00%', '5 : 0.00%', '6 : 0.00%', '7 : 65.03%', '8 : 0.00%', '9 : 0.00%']%
Divergence : jsd 0.6156, tvd 0.8000

Cluster 63 with 1 clients
Cluster communication time : 0
Cluster clients : [63]
Label percentage: ['0 : 0.00%', '1 : 0.00%', '2 : 0.00%', '3 : 0.00%', '4 : 0.00%', '5 : 36.81%', '6 : 0.00%', '7 : 63.19%', '8 : 0.00%', '9 : 0.00%']%
Divergence : jsd 0.6143, tvd 0.8000

Cluster 64 with 1 clients
Cluster communication time : 0
Cluster clients : [64]
Label percentage: ['0 : 0.00%', '1 : 0.00%', '2 : 0.00%', '3 : 52.18%', '4 : 0.00%', '5 : 47.82%', '6 : 0.00%', '7 : 0.00%', '8 : 0.00%', '9 : 0.00%']%
Divergence : jsd 0.6101, tvd 0.8000

Cluster 65 with 1 clients
Cluster communication time : 0
Cluster clients : [65]
Label percentage: ['0 : 0.00%', '1 : 0.00%', '2 : 0.00%', '3 : 0.00%', '4 : 0.00%', '5 : 0.00%', '6 : 0.00%', '7 : 0.00%', '8 : 48.73%', '9 : 51.27%']%
Divergence : jsd 0.6100, tvd 0.8000

Cluster 66 with 1 clients
Cluster communication time : 0
Cluster clients : [66]
Label percentage: ['0 : 0.00%', '1 : 39.51%', '2 : 0.00%', '3 : 0.00%', '4 : 0.00%', '5 : 0.00%', '6 : 60.49%', '7 : 0.00%', '8 : 0.00%', '9 : 0.00%']%
Divergence : jsd 0.6127, tvd 0.8000

Cluster 67 with 1 clients
Cluster communication time : 0
Cluster clients : [67]
Label percentage: ['0 : 0.00%', '1 : 0.00%', '2 : 0.00%', '3 : 52.18%', '4 : 0.00%', '5 : 47.82%', '6 : 0.00%', '7 : 0.00%', '8 : 0.00%', '9 : 0.00%']%
Divergence : jsd 0.6101, tvd 0.8000

Cluster 68 with 1 clients
Cluster communication time : 0
Cluster clients : [68]
Label percentage: ['0 : 0.00%', '1 : 0.00%', '2 : 0.00%', '3 : 0.00%', '4 : 0.00%', '5 : 0.00%', '6 : 0.00%', '7 : 57.58%', '8 : 0.00%', '9 : 42.42%']%
Divergence : jsd 0.6114, tvd 0.8000

Cluster 69 with 1 clients
Cluster communication time : 0
Cluster clients : [69]
Label percentage: ['0 : 56.43%', '1 : 0.00%', '2 : 43.57%', '3 : 0.00%', '4 : 0.00%', '5 : 0.00%', '6 : 0.00%', '7 : 0.00%', '8 : 0.00%', '9 : 0.00%']%
Divergence : jsd 0.6110, tvd 0.8000

Cluster 70 with 1 clients
Cluster communication time : 0
Cluster clients : [70]
Label percentage: ['0 : 56.43%', '1 : 0.00%', '2 : 43.57%', '3 : 0.00%', '4 : 0.00%', '5 : 0.00%', '6 : 0.00%', '7 : 0.00%', '8 : 0.00%', '9 : 0.00%']%
Divergence : jsd 0.6110, tvd 0.8000

Cluster 71 with 1 clients
Cluster communication time : 0
Cluster clients : [71]
Label percentage: ['0 : 0.00%', '1 : 0.00%', '2 : 50.00%', '3 : 50.00%', '4 : 0.00%', '5 : 0.00%', '6 : 0.00%', '7 : 0.00%', '8 : 0.00%', '9 : 0.00%']%
Divergence : jsd 0.6100, tvd 0.8000

Cluster 72 with 1 clients
Cluster communication time : 0
Cluster clients : [72]
Label percentage: ['0 : 58.57%', '1 : 0.00%', '2 : 0.00%', '3 : 0.00%', '4 : 0.00%', '5 : 41.43%', '6 : 0.00%', '7 : 0.00%', '8 : 0.00%', '9 : 0.00%']%
Divergence : jsd 0.6118, tvd 0.8000

Cluster 73 with 1 clients
Cluster communication time : 0
Cluster clients : [73]
Label percentage: ['0 : 0.00%', '1 : 0.00%', '2 : 46.33%', '3 : 0.00%', '4 : 53.67%', '5 : 0.00%', '6 : 0.00%', '7 : 0.00%', '8 : 0.00%', '9 : 0.00%']%
Divergence : jsd 0.6103, tvd 0.8000

Cluster 74 with 1 clients
Cluster communication time : 0
Cluster clients : [74]
Label percentage: ['0 : 0.00%', '1 : 0.00%', '2 : 0.00%', '3 : 0.00%', '4 : 47.22%', '5 : 0.00%', '6 : 52.78%', '7 : 0.00%', '8 : 0.00%', '9 : 0.00%']%
Divergence : jsd 0.6102, tvd 0.8000

Cluster 75 with 1 clients
Cluster communication time : 0
Cluster clients : [75]
Label percentage: ['0 : 0.00%', '1 : 0.00%', '2 : 0.00%', '3 : 43.57%', '4 : 0.00%', '5 : 0.00%', '6 : 56.43%', '7 : 0.00%', '8 : 0.00%', '9 : 0.00%']%
Divergence : jsd 0.6110, tvd 0.8000

Cluster 76 with 1 clients
Cluster communication time : 0
Cluster clients : [76]
Label percentage: ['0 : 0.00%', '1 : 34.97%', '2 : 0.00%', '3 : 0.00%', '4 : 0.00%', '5 : 0.00%', '6 : 0.00%', '7 : 65.03%', '8 : 0.00%', '9 : 0.00%']%
Divergence : jsd 0.6156, tvd 0.8000

Cluster 77 with 1 clients
Cluster communication time : 0
Cluster clients : [77]
Label percentage: ['0 : 0.00%', '1 : 0.00%', '2 : 52.18%', '3 : 0.00%', '4 : 0.00%', '5 : 47.82%', '6 : 0.00%', '7 : 0.00%', '8 : 0.00%', '9 : 0.00%']%
Divergence : jsd 0.6101, tvd 0.8000

Cluster 78 with 1 clients
Cluster communication time : 0
Cluster clients : [78]
Label percentage: ['0 : 0.00%', '1 : 0.00%', '2 : 46.33%', '3 : 0.00%', '4 : 0.00%', '5 : 0.00%', '6 : 0.00%', '7 : 0.00%', '8 : 0.00%', '9 : 53.67%']%
Divergence : jsd 0.6103, tvd 0.8000

Cluster 79 with 1 clients
Cluster communication time : 0
Cluster clients : [79]
Label percentage: ['0 : 0.00%', '1 : 0.00%', '2 : 43.57%', '3 : 0.00%', '4 : 0.00%', '5 : 0.00%', '6 : 56.43%', '7 : 0.00%', '8 : 0.00%', '9 : 0.00%']%
Divergence : jsd 0.6110, tvd 0.8000

Cluster 80 with 1 clients
Cluster communication time : 0
Cluster clients : [80]
Label percentage: ['0 : 0.00%', '1 : 48.00%', '2 : 0.00%', '3 : 0.00%', '4 : 0.00%', '5 : 52.00%', '6 : 0.00%', '7 : 0.00%', '8 : 0.00%', '9 : 0.00%']%
Divergence : jsd 0.6101, tvd 0.8000

Cluster 81 with 1 clients
Cluster communication time : 0
Cluster clients : [81]
Label percentage: ['0 : 0.00%', '1 : 39.51%', '2 : 0.00%', '3 : 0.00%', '4 : 0.00%', '5 : 0.00%', '6 : 60.49%', '7 : 0.00%', '8 : 0.00%', '9 : 0.00%']%
Divergence : jsd 0.6127, tvd 0.8000

Cluster 82 with 1 clients
Cluster communication time : 0
Cluster clients : [82]
Label percentage: ['0 : 0.00%', '1 : 45.82%', '2 : 54.18%', '3 : 0.00%', '4 : 0.00%', '5 : 0.00%', '6 : 0.00%', '7 : 0.00%', '8 : 0.00%', '9 : 0.00%']%
Divergence : jsd 0.6104, tvd 0.8000

Cluster 83 with 1 clients
Cluster communication time : 0
Cluster clients : [83]
Label percentage: ['0 : 45.16%', '1 : 0.00%', '2 : 0.00%', '3 : 0.00%', '4 : 0.00%', '5 : 0.00%', '6 : 0.00%', '7 : 54.84%', '8 : 0.00%', '9 : 0.00%']%
Divergence : jsd 0.6106, tvd 0.8000

Cluster 84 with 1 clients
Cluster communication time : 0
Cluster clients : [84]
Label percentage: ['0 : 45.16%', '1 : 0.00%', '2 : 0.00%', '3 : 0.00%', '4 : 0.00%', '5 : 0.00%', '6 : 0.00%', '7 : 54.84%', '8 : 0.00%', '9 : 0.00%']%
Divergence : jsd 0.6106, tvd 0.8000

Cluster 85 with 1 clients
Cluster communication time : 0
Cluster clients : [85]
Label percentage: ['0 : 0.00%', '1 : 0.00%', '2 : 0.00%', '3 : 47.59%', '4 : 0.00%', '5 : 0.00%', '6 : 0.00%', '7 : 0.00%', '8 : 52.41%', '9 : 0.00%']%
Divergence : jsd 0.6101, tvd 0.8000

Cluster 86 with 1 clients
Cluster communication time : 0
Cluster clients : [86]
Label percentage: ['0 : 0.00%', '1 : 39.51%', '2 : 0.00%', '3 : 0.00%', '4 : 0.00%', '5 : 0.00%', '6 : 60.49%', '7 : 0.00%', '8 : 0.00%', '9 : 0.00%']%
Divergence : jsd 0.6127, tvd 0.8000

Cluster 87 with 1 clients
Cluster communication time : 0
Cluster clients : [87]
Label percentage: ['0 : 0.00%', '1 : 0.00%', '2 : 0.00%', '3 : 0.00%', '4 : 0.00%', '5 : 41.43%', '6 : 58.57%', '7 : 0.00%', '8 : 0.00%', '9 : 0.00%']%
Divergence : jsd 0.6118, tvd 0.8000

Cluster 88 with 1 clients
Cluster communication time : 0
Cluster clients : [88]
Label percentage: ['0 : 52.78%', '1 : 0.00%', '2 : 0.00%', '3 : 0.00%', '4 : 47.22%', '5 : 0.00%', '6 : 0.00%', '7 : 0.00%', '8 : 0.00%', '9 : 0.00%']%
Divergence : jsd 0.6102, tvd 0.8000

Cluster 89 with 1 clients
Cluster communication time : 0
Cluster clients : [89]
Label percentage: ['0 : 0.00%', '1 : 0.00%', '2 : 0.00%', '3 : 0.00%', '4 : 50.00%', '5 : 0.00%', '6 : 0.00%', '7 : 0.00%', '8 : 0.00%', '9 : 50.00%']%
Divergence : jsd 0.6100, tvd 0.8000

Cluster 90 with 1 clients
Cluster communication time : 0
Cluster clients : [90]
Label percentage: ['0 : 0.00%', '1 : 0.00%', '2 : 0.00%', '3 : 0.00%', '4 : 55.84%', '5 : 44.16%', '6 : 0.00%', '7 : 0.00%', '8 : 0.00%', '9 : 0.00%']%
Divergence : jsd 0.6108, tvd 0.8000

Cluster 91 with 1 clients
Cluster communication time : 0
Cluster clients : [91]
Label percentage: ['0 : 0.00%', '1 : 0.00%', '2 : 0.00%', '3 : 0.00%', '4 : 0.00%', '5 : 0.00%', '6 : 0.00%', '7 : 57.58%', '8 : 0.00%', '9 : 42.42%']%
Divergence : jsd 0.6114, tvd 0.8000

Cluster 92 with 1 clients
Cluster communication time : 0
Cluster clients : [92]
Label percentage: ['0 : 0.00%', '1 : 45.82%', '2 : 0.00%', '3 : 54.18%', '4 : 0.00%', '5 : 0.00%', '6 : 0.00%', '7 : 0.00%', '8 : 0.00%', '9 : 0.00%']%
Divergence : jsd 0.6104, tvd 0.8000

Cluster 93 with 1 clients
Cluster communication time : 0
Cluster clients : [93]
Label percentage: ['0 : 0.00%', '1 : 45.82%', '2 : 0.00%', '3 : 54.18%', '4 : 0.00%', '5 : 0.00%', '6 : 0.00%', '7 : 0.00%', '8 : 0.00%', '9 : 0.00%']%
Divergence : jsd 0.6104, tvd 0.8000

Cluster 94 with 1 clients
Cluster communication time : 0
Cluster clients : [94]
Label percentage: ['0 : 0.00%', '1 : 0.00%', '2 : 0.00%', '3 : 0.00%', '4 : 51.27%', '5 : 0.00%', '6 : 0.00%', '7 : 0.00%', '8 : 48.73%', '9 : 0.00%']%
Divergence : jsd 0.6100, tvd 0.8000

Cluster 95 with 1 clients
Cluster communication time : 0
Cluster clients : [95]
Label percentage: ['0 : 0.00%', '1 : 0.00%', '2 : 50.00%', '3 : 50.00%', '4 : 0.00%', '5 : 0.00%', '6 : 0.00%', '7 : 0.00%', '8 : 0.00%', '9 : 0.00%']%
Divergence : jsd 0.6100, tvd 0.8000

Cluster 96 with 1 clients
Cluster communication time : 0
Cluster clients : [96]
Label percentage: ['0 : 0.00%', '1 : 42.20%', '2 : 0.00%', '3 : 0.00%', '4 : 57.80%', '5 : 0.00%', '6 : 0.00%', '7 : 0.00%', '8 : 0.00%', '9 : 0.00%']%
Divergence : jsd 0.6115, tvd 0.8000

Cluster 97 with 1 clients
Cluster communication time : 0
Cluster clients : [97]
Label percentage: ['0 : 0.00%', '1 : 0.00%', '2 : 0.00%', '3 : 0.00%', '4 : 0.00%', '5 : 0.00%', '6 : 54.04%', '7 : 0.00%', '8 : 45.96%', '9 : 0.00%']%
Divergence : jsd 0.6104, tvd 0.8000

Cluster 98 with 1 clients
Cluster communication time : 0
Cluster clients : [98]
Label percentage: ['0 : 0.00%', '1 : 0.00%', '2 : 0.00%', '3 : 0.00%', '4 : 0.00%', '5 : 41.43%', '6 : 58.57%', '7 : 0.00%', '8 : 0.00%', '9 : 0.00%']%
Divergence : jsd 0.6118, tvd 0.8000

Cluster 99 with 1 clients
Cluster communication time : 0
Cluster clients : [99]
Label percentage: ['0 : 0.00%', '1 : 0.00%', '2 : 0.00%', '3 : 46.33%', '4 : 53.67%', '5 : 0.00%', '6 : 0.00%', '7 : 0.00%', '8 : 0.00%', '9 : 0.00%']%
Divergence : jsd 0.6103, tvd 0.8000

