Unique id : 0, dataset size : 389
Communication time : 2119374, Computation time per batch : 5656, Training time : 4606388
['0:18.25%', '1:1.54%', '2:0.00%', '3:0.00%', '4:44.73%', '5:1.29%', '6:32.13%', '7:0.77%', '8:0.00%', '9:1.29%']
Divergence : jsd 0.4028, tvd 0.6512
labels from the first batch :[0, 6, 4, 4, 6, 6, 4, 0, 6, 0, 6, 6, 6, 6, 4, 6, 4, 4, 6, 1, 4, 4, 4, 4, 6, 0, 0, 6, 4, 0, 0, 4]

Unique id : 1, dataset size : 260
Communication time : 2412, Computation time per batch : 21, Training time : 5769
['0:0.00%', '1:0.00%', '2:0.00%', '3:6.15%', '4:0.38%', '5:0.00%', '6:93.08%', '7:0.38%', '8:0.00%', '9:0.00%']
Divergence : jsd 0.6620, tvd 0.8308
labels from the first batch :[6, 6, 6, 6, 6, 6, 6, 6, 6, 6, 6, 6, 6, 6, 6, 6, 6, 6, 6, 6, 3, 3, 6, 6, 6, 6, 6, 6, 6, 6, 6, 6]

Unique id : 2, dataset size : 79
Communication time : 27280, Computation time per batch : 67, Training time : 55565
['0:15.19%', '1:83.54%', '2:0.00%', '3:0.00%', '4:0.00%', '5:1.27%', '6:0.00%', '7:0.00%', '8:0.00%', '9:0.00%']
Divergence : jsd 0.6200, tvd 0.7873
labels from the first batch :[0, 1, 0, 1, 1, 1, 1, 1, 1, 1, 1, 1, 1, 1, 1, 1, 1, 0, 1, 1, 1, 1, 1, 1, 1, 0, 1, 1, 1, 1, 0, 1]

Unique id : 3, dataset size : 27
Communication time : 2712319, Computation time per batch : 4676, Training time : 5448018
['0:3.70%', '1:3.70%', '2:0.00%', '3:0.00%', '4:7.41%', '5:18.52%', '6:66.67%', '7:0.00%', '8:0.00%', '9:0.00%']
Divergence : jsd 0.4516, tvd 0.6519
labels from the first batch :[6, 6, 5, 6, 5, 6, 6, 4, 6, 5, 6, 6, 6, 6, 6, 0, 5, 6, 6, 1, 6, 4, 6, 6, 5, 6, 6]

Unique id : 4, dataset size : 419
Communication time : 26431, Computation time per batch : 79, Training time : 58392
['0:40.33%', '1:0.00%', '2:0.00%', '3:39.62%', '4:3.58%', '5:0.00%', '6:0.00%', '7:0.00%', '8:16.47%', '9:0.00%']
Divergence : jsd 0.4560, tvd 0.6642
labels from the first batch :[3, 0, 3, 3, 0, 0, 3, 3, 3, 3, 3, 4, 3, 4, 8, 0, 0, 3, 3, 0, 3, 3, 8, 8, 3, 0, 3, 0, 3, 0, 3, 0]

Unique id : 5, dataset size : 315
Communication time : 20591, Computation time per batch : 658, Training time : 74082
['0:0.00%', '1:0.00%', '2:77.14%', '3:0.00%', '4:0.00%', '5:0.63%', '6:0.00%', '7:0.00%', '8:1.27%', '9:20.95%']
Divergence : jsd 0.5896, tvd 0.7810
labels from the first batch :[2, 9, 2, 2, 2, 2, 2, 2, 2, 2, 2, 2, 2, 2, 2, 2, 9, 9, 2, 2, 2, 9, 2, 2, 9, 2, 2, 9, 2, 9, 2, 9]

Unique id : 6, dataset size : 86
Communication time : 2790, Computation time per batch : 22, Training time : 5910
['0:24.42%', '1:50.00%', '2:0.00%', '3:0.00%', '4:13.95%', '5:9.30%', '6:0.00%', '7:0.00%', '8:2.33%', '9:0.00%']
Divergence : jsd 0.3985, tvd 0.5837
labels from the first batch :[1, 1, 5, 1, 4, 1, 0, 1, 1, 0, 1, 1, 1, 1, 0, 1, 4, 4, 1, 5, 0, 1, 1, 8, 1, 4, 0, 4, 4, 1, 1, 1]

Unique id : 7, dataset size : 521
Communication time : 22140, Computation time per batch : 712, Training time : 104800
['0:0.00%', '1:0.77%', '2:0.00%', '3:0.00%', '4:43.57%', '5:0.00%', '6:55.66%', '7:0.00%', '8:0.00%', '9:0.00%']
Divergence : jsd 0.5919, tvd 0.7923
labels from the first batch :[6, 6, 6, 4, 4, 6, 6, 6, 4, 6, 4, 4, 6, 4, 6, 6, 6, 6, 6, 6, 6, 4, 6, 4, 4, 4, 4, 6, 4, 6, 6, 4]

Unique id : 8, dataset size : 530
Communication time : 22295, Computation time per batch : 63, Training time : 49945
['0:0.00%', '1:0.19%', '2:30.94%', '3:0.00%', '4:0.00%', '5:44.91%', '6:23.21%', '7:0.19%', '8:0.00%', '9:0.57%']
Divergence : jsd 0.4718, tvd 0.6906
labels from the first batch :[5, 5, 5, 5, 2, 2, 5, 2, 5, 2, 5, 5, 6, 5, 6, 6, 2, 6, 2, 5, 5, 2, 5, 2, 5, 5, 2, 5, 5, 6, 5, 2]

Unique id : 9, dataset size : 203
Communication time : 22404, Computation time per batch : 75, Training time : 47433
['0:0.00%', '1:0.00%', '2:0.00%', '3:0.00%', '4:0.00%', '5:26.11%', '6:5.42%', '7:0.99%', '8:65.52%', '9:1.97%']
Divergence : jsd 0.4987, tvd 0.7163
labels from the first batch :[8, 5, 5, 8, 8, 8, 6, 5, 8, 8, 8, 8, 8, 8, 8, 8, 6, 7, 9, 5, 8, 8, 9, 5, 5, 8, 8, 5, 8, 9, 8, 8]

Unique id : 10, dataset size : 280
Communication time : 2159, Computation time per batch : 28, Training time : 5578
['0:0.00%', '1:0.00%', '2:92.86%', '3:0.00%', '4:0.00%', '5:0.00%', '6:0.00%', '7:7.14%', '8:0.00%', '9:0.00%']
Divergence : jsd 0.6794, tvd 0.8286
labels from the first batch :[2, 2, 2, 2, 7, 2, 2, 2, 2, 7, 2, 7, 2, 2, 7, 2, 2, 7, 2, 2, 2, 2, 2, 2, 2, 2, 2, 2, 2, 2, 2, 2]

Unique id : 11, dataset size : 76
Communication time : 21715, Computation time per batch : 60, Training time : 44330
['0:0.00%', '1:1.32%', '2:0.00%', '3:30.26%', '4:7.89%', '5:28.95%', '6:0.00%', '7:0.00%', '8:1.32%', '9:30.26%']
Divergence : jsd 0.3671, tvd 0.5947
labels from the first batch :[1, 3, 9, 3, 5, 9, 5, 5, 9, 3, 9, 5, 5, 4, 3, 9, 9, 8, 9, 3, 9, 4, 5, 9, 5, 9, 9, 9, 5, 4, 3, 3]

Unique id : 12, dataset size : 32
Communication time : 2158, Computation time per batch : 23, Training time : 4431
['0:12.50%', '1:0.00%', '2:0.00%', '3:9.38%', '4:0.00%', '5:0.00%', '6:21.88%', '7:0.00%', '8:0.00%', '9:56.25%']
Divergence : jsd 0.4459, tvd 0.6062
labels from the first batch :[9, 9, 9, 9, 6, 9, 9, 0, 9, 6, 9, 9, 6, 6, 6, 9, 3, 0, 9, 0, 9, 9, 3, 9, 6, 9, 0, 6, 3, 9, 9, 9]

Unique id : 13, dataset size : 271
Communication time : 27240, Computation time per batch : 77, Training time : 57945
['0:1.48%', '1:48.34%', '2:19.56%', '3:0.37%', '4:0.00%', '5:8.86%', '6:19.56%', '7:0.00%', '8:1.85%', '9:0.00%']
Divergence : jsd 0.3601, tvd 0.5745
labels from the first batch :[1, 1, 8, 2, 6, 2, 8, 1, 1, 1, 1, 6, 5, 1, 1, 5, 1, 1, 3, 2, 1, 1, 6, 1, 1, 1, 6, 6, 1, 2, 1, 1]

Unique id : 14, dataset size : 195
Communication time : 2062, Computation time per batch : 24, Training time : 4964
['0:61.03%', '1:0.51%', '2:0.00%', '3:16.92%', '4:0.00%', '5:8.72%', '6:12.31%', '7:0.51%', '8:0.00%', '9:0.00%']
Divergence : jsd 0.4302, tvd 0.6026
labels from the first batch :[5, 3, 0, 0, 3, 0, 3, 0, 3, 0, 0, 3, 5, 5, 0, 6, 0, 0, 0, 3, 0, 0, 0, 0, 0, 0, 0, 6, 0, 0, 0, 0]

Unique id : 15, dataset size : 584
Communication time : 2471, Computation time per batch : 23, Training time : 7127
['0:7.88%', '1:0.00%', '2:3.25%', '3:22.77%', '4:0.17%', '5:0.34%', '6:0.00%', '7:29.11%', '8:0.00%', '9:36.47%']
Divergence : jsd 0.3608, tvd 0.5836
labels from the first batch :[9, 9, 7, 7, 2, 9, 9, 9, 3, 3, 9, 9, 7, 9, 9, 7, 7, 9, 3, 7, 0, 7, 7, 9, 9, 9, 3, 3, 3, 9, 2, 3]

Unique id : 16, dataset size : 30
Communication time : 20300, Computation time per batch : 62, Training time : 40910
['0:0.00%', '1:0.00%', '2:83.33%', '3:13.33%', '4:0.00%', '5:3.33%', '6:0.00%', '7:0.00%', '8:0.00%', '9:0.00%']
Divergence : jsd 0.6017, tvd 0.7667
labels from the first batch :[2, 2, 3, 2, 2, 2, 2, 2, 2, 2, 5, 3, 2, 2, 2, 2, 2, 2, 2, 2, 2, 2, 3, 2, 2, 2, 3, 2, 2, 2]

Unique id : 17, dataset size : 689
Communication time : 28676, Computation time per batch : 673, Training time : 131382
['0:0.00%', '1:19.88%', '2:0.00%', '3:0.15%', '4:0.00%', '5:0.00%', '6:38.75%', '7:0.00%', '8:9.29%', '9:31.93%']
Divergence : jsd 0.4162, tvd 0.6057
labels from the first batch :[9, 9, 6, 6, 6, 9, 6, 8, 6, 8, 6, 1, 1, 9, 8, 9, 9, 6, 6, 6, 1, 1, 6, 6, 1, 6, 6, 9, 9, 9, 6, 1]

Unique id : 18, dataset size : 7
Communication time : 26838, Computation time per batch : 589, Training time : 56621
['0:0.00%', '1:0.00%', '2:0.00%', '3:14.29%', '4:0.00%', '5:0.00%', '6:0.00%', '7:85.71%', '8:0.00%', '9:0.00%']
Divergence : jsd 0.6501, tvd 0.8000
labels from the first batch :[7, 3, 7, 7, 7, 7, 7]

Unique id : 19, dataset size : 161
Communication time : 24753, Computation time per batch : 68, Training time : 51546
['0:3.73%', '1:0.62%', '2:0.00%', '3:0.62%', '4:91.30%', '5:0.00%', '6:0.00%', '7:0.00%', '8:3.73%', '9:0.00%']
Divergence : jsd 0.6146, tvd 0.8130
labels from the first batch :[4, 4, 4, 4, 4, 4, 4, 4, 4, 8, 4, 4, 4, 4, 4, 4, 4, 4, 0, 4, 4, 4, 4, 4, 4, 4, 4, 8, 8, 4, 4, 4]

Unique id : 20, dataset size : 395
Communication time : 2750, Computation time per batch : 20, Training time : 6800
['0:0.00%', '1:22.28%', '2:47.09%', '3:8.35%', '4:0.00%', '5:0.00%', '6:21.77%', '7:0.51%', '8:0.00%', '9:0.00%']
Divergence : jsd 0.4162, tvd 0.6114
labels from the first batch :[2, 6, 2, 2, 2, 1, 6, 2, 6, 1, 6, 2, 1, 2, 2, 2, 6, 2, 6, 2, 2, 2, 2, 2, 2, 1, 6, 2, 2, 2, 1, 6]

Unique id : 21, dataset size : 60
Communication time : 27665, Computation time per batch : 581, Training time : 61140
['0:0.00%', '1:0.00%', '2:0.00%', '3:0.00%', '4:0.00%', '5:18.33%', '6:61.67%', '7:6.67%', '8:11.67%', '9:1.67%']
Divergence : jsd 0.4351, tvd 0.6167
labels from the first batch :[6, 6, 6, 5, 6, 6, 8, 5, 6, 6, 8, 5, 6, 6, 6, 5, 6, 6, 8, 9, 6, 6, 6, 6, 8, 6, 6, 6, 7, 5, 6, 6]

Unique id : 22, dataset size : 346
Communication time : 22473, Computation time per batch : 604, Training time : 78166
['0:0.00%', '1:0.00%', '2:10.40%', '3:7.80%', '4:0.00%', '5:0.00%', '6:80.64%', '7:0.00%', '8:0.00%', '9:1.16%']
Divergence : jsd 0.5562, tvd 0.7104
labels from the first batch :[9, 6, 6, 6, 6, 2, 6, 6, 3, 3, 2, 3, 6, 6, 6, 6, 3, 3, 6, 6, 6, 6, 6, 6, 6, 6, 6, 6, 2, 6, 6, 6]

Unique id : 23, dataset size : 83
Communication time : 21051, Computation time per batch : 65, Training time : 43077
['0:3.61%', '1:3.61%', '2:0.00%', '3:0.00%', '4:1.20%', '5:1.20%', '6:1.20%', '7:0.00%', '8:89.16%', '9:0.00%']
Divergence : jsd 0.5697, tvd 0.7916
labels from the first batch :[8, 8, 8, 8, 1, 8, 8, 5, 1, 8, 8, 8, 8, 8, 8, 8, 4, 8, 8, 8, 8, 0, 8, 8, 8, 8, 8, 8, 8, 8, 8, 8]

Unique id : 24, dataset size : 168
Communication time : 2359, Computation time per batch : 26, Training time : 5498
['0:45.24%', '1:30.95%', '2:0.60%', '3:5.36%', '4:0.00%', '5:17.86%', '6:0.00%', '7:0.00%', '8:0.00%', '9:0.00%']
Divergence : jsd 0.4280, tvd 0.6405
labels from the first batch :[3, 0, 1, 0, 3, 1, 0, 0, 1, 0, 5, 0, 1, 2, 0, 5, 0, 1, 1, 5, 5, 0, 0, 0, 0, 5, 1, 0, 0, 0, 0, 1]

Unique id : 25, dataset size : 474
Communication time : 24226, Computation time per batch : 69, Training time : 53627
['0:0.00%', '1:0.21%', '2:0.00%', '3:0.00%', '4:98.52%', '5:1.27%', '6:0.00%', '7:0.00%', '8:0.00%', '9:0.00%']
Divergence : jsd 0.7233, tvd 0.8852
labels from the first batch :[4, 4, 4, 4, 4, 4, 4, 4, 4, 4, 4, 4, 4, 4, 4, 4, 5, 4, 4, 4, 4, 4, 4, 4, 4, 4, 4, 4, 4, 4, 4, 4]

Unique id : 26, dataset size : 344
Communication time : 22316, Computation time per batch : 60, Training time : 47932
['0:0.00%', '1:0.29%', '2:0.00%', '3:0.00%', '4:0.87%', '5:19.19%', '6:0.00%', '7:0.00%', '8:14.53%', '9:65.12%']
Divergence : jsd 0.5010, tvd 0.6884
labels from the first batch :[9, 9, 9, 9, 9, 8, 9, 9, 5, 9, 8, 5, 5, 9, 9, 9, 9, 9, 9, 9, 9, 9, 9, 9, 9, 5, 9, 9, 8, 9, 5, 8]

Unique id : 27, dataset size : 183
Communication time : 2542, Computation time per batch : 20, Training time : 5684
['0:0.00%', '1:19.67%', '2:0.00%', '3:19.13%', '4:0.00%', '5:11.48%', '6:0.00%', '7:0.00%', '8:32.24%', '9:17.49%']
Divergence : jsd 0.3243, tvd 0.5000
labels from the first batch :[8, 8, 9, 8, 5, 8, 9, 9, 8, 3, 9, 1, 3, 1, 9, 5, 3, 9, 8, 3, 1, 8, 5, 8, 3, 9, 1, 8, 8, 3, 1, 1]

Unique id : 28, dataset size : 87
Communication time : 21878, Computation time per batch : 61, Training time : 44671
['0:6.90%', '1:1.15%', '2:0.00%', '3:2.30%', '4:0.00%', '5:0.00%', '6:14.94%', '7:0.00%', '8:74.71%', '9:0.00%']
Divergence : jsd 0.5052, tvd 0.6966
labels from the first batch :[0, 8, 0, 6, 8, 8, 8, 8, 8, 8, 8, 8, 8, 8, 8, 8, 8, 8, 0, 8, 8, 8, 8, 8, 8, 6, 8, 8, 8, 8, 8, 8]

Unique id : 29, dataset size : 211
Communication time : 22595, Computation time per batch : 58, Training time : 47220
['0:0.47%', '1:0.47%', '2:0.00%', '3:0.00%', '4:0.00%', '5:0.95%', '6:8.53%', '7:9.00%', '8:0.00%', '9:80.57%']
Divergence : jsd 0.5349, tvd 0.7057
labels from the first batch :[9, 9, 9, 9, 9, 9, 9, 9, 9, 9, 7, 9, 9, 9, 9, 9, 6, 9, 9, 9, 9, 9, 7, 6, 0, 9, 9, 9, 9, 7, 9, 9]

Unique id : 30, dataset size : 7
Communication time : 26799, Computation time per batch : 57, Training time : 53883
['0:71.43%', '1:14.29%', '2:0.00%', '3:14.29%', '4:0.00%', '5:0.00%', '6:0.00%', '7:0.00%', '8:0.00%', '9:0.00%']
Divergence : jsd 0.5438, tvd 0.7000
labels from the first batch :[0, 1, 0, 0, 0, 3, 0]

Unique id : 31, dataset size : 229
Communication time : 21598, Computation time per batch : 67, Training time : 45876
['0:0.00%', '1:52.40%', '2:0.00%', '3:0.00%', '4:0.00%', '5:0.00%', '6:0.00%', '7:0.44%', '8:0.00%', '9:47.16%']
Divergence : jsd 0.5976, tvd 0.7956
labels from the first batch :[1, 1, 1, 9, 9, 9, 9, 1, 1, 9, 9, 1, 9, 1, 1, 9, 1, 1, 1, 9, 9, 9, 1, 9, 1, 1, 1, 9, 9, 1, 1, 1]

Unique id : 32, dataset size : 398
Communication time : 24303, Computation time per batch : 483, Training time : 80001
['0:0.25%', '1:0.00%', '2:50.50%', '3:0.00%', '4:3.27%', '5:0.00%', '6:1.26%', '7:6.78%', '8:0.00%', '9:37.94%']
Divergence : jsd 0.4552, tvd 0.6844
labels from the first batch :[2, 9, 2, 2, 2, 2, 7, 2, 2, 2, 2, 2, 2, 2, 2, 7, 2, 9, 2, 2, 2, 2, 2, 2, 2, 2, 2, 9, 9, 2, 9, 7]

Unique id : 33, dataset size : 181
Communication time : 764, Computation time per batch : 11, Training time : 1858
['0:3.31%', '1:11.60%', '2:14.92%', '3:0.00%', '4:0.00%', '5:54.70%', '6:0.00%', '7:15.47%', '8:0.00%', '9:0.00%']
Divergence : jsd 0.3934, tvd 0.5669
labels from the first batch :[1, 7, 5, 5, 2, 5, 5, 5, 1, 2, 5, 5, 5, 7, 5, 5, 7, 5, 5, 5, 7, 5, 7, 5, 2, 5, 0, 5, 5, 5, 2, 1]

Unique id : 34, dataset size : 409
Communication time : 2346, Computation time per batch : 21, Training time : 6057
['0:0.00%', '1:42.30%', '2:0.49%', '3:11.25%', '4:21.27%', '5:0.00%', '6:9.78%', '7:0.00%', '8:14.91%', '9:0.00%']
Divergence : jsd 0.3344, tvd 0.4973
labels from the first batch :[3, 1, 1, 4, 4, 4, 3, 4, 1, 1, 1, 3, 4, 8, 1, 1, 4, 1, 1, 1, 1, 3, 1, 4, 1, 4, 8, 1, 1, 1, 6, 6]

Unique id : 35, dataset size : 547
Communication time : 22868, Computation time per batch : 565, Training time : 96586
['0:0.55%', '1:0.00%', '2:39.67%', '3:0.00%', '4:0.00%', '5:0.00%', '6:0.18%', '7:55.58%', '8:1.83%', '9:2.19%']
Divergence : jsd 0.5177, tvd 0.7525
labels from the first batch :[7, 7, 2, 7, 2, 7, 7, 7, 7, 7, 7, 7, 7, 8, 2, 2, 7, 7, 7, 7, 2, 7, 2, 7, 2, 7, 2, 7, 2, 7, 7, 7]

Unique id : 36, dataset size : 310
Communication time : 2722, Computation time per batch : 24, Training time : 6644
['0:2.26%', '1:0.00%', '2:0.00%', '3:2.58%', '4:0.00%', '5:46.77%', '6:0.00%', '7:0.32%', '8:22.26%', '9:25.81%']
Divergence : jsd 0.4137, tvd 0.6484
labels from the first batch :[9, 9, 8, 8, 9, 5, 5, 3, 9, 5, 9, 9, 9, 9, 5, 5, 8, 9, 9, 5, 8, 9, 9, 5, 5, 5, 5, 5, 9, 9, 5, 9]

Unique id : 37, dataset size : 282
Communication time : 897, Computation time per batch : 9, Training time : 2199
['0:0.00%', '1:0.00%', '2:1.42%', '3:0.00%', '4:5.67%', '5:92.91%', '6:0.00%', '7:0.00%', '8:0.00%', '9:0.00%']
Divergence : jsd 0.6584, tvd 0.8291
labels from the first batch :[5, 5, 5, 5, 5, 5, 5, 5, 5, 5, 5, 4, 5, 5, 5, 5, 5, 5, 5, 5, 5, 5, 5, 5, 5, 5, 4, 5, 5, 5, 5, 5]

Unique id : 38, dataset size : 358
Communication time : 2144, Computation time per batch : 25, Training time : 5788
['0:0.00%', '1:40.50%', '2:0.00%', '3:0.00%', '4:3.35%', '5:17.04%', '6:10.34%', '7:1.12%', '8:0.00%', '9:27.65%']
Divergence : jsd 0.3509, tvd 0.5553
labels from the first batch :[6, 5, 1, 4, 1, 9, 1, 1, 1, 9, 1, 6, 1, 9, 1, 5, 1, 1, 6, 6, 5, 1, 1, 6, 5, 9, 6, 9, 9, 9, 1, 1]

Unique id : 39, dataset size : 36
Communication time : 2192871, Computation time per batch : 4912, Training time : 4434862
['0:0.00%', '1:0.00%', '2:2.78%', '3:0.00%', '4:25.00%', '5:72.22%', '6:0.00%', '7:0.00%', '8:0.00%', '9:0.00%']
Divergence : jsd 0.5812, tvd 0.7722
labels from the first batch :[5, 5, 5, 5, 4, 5, 4, 5, 5, 5, 5, 4, 5, 5, 4, 4, 5, 5, 5, 4, 5, 5, 5, 5, 5, 5, 5, 5, 2, 4, 5, 5]

Unique id : 40, dataset size : 77
Communication time : 28567, Computation time per batch : 82, Training time : 58364
['0:0.00%', '1:2.60%', '2:0.00%', '3:0.00%', '4:12.99%', '5:0.00%', '6:0.00%', '7:1.30%', '8:0.00%', '9:83.12%']
Divergence : jsd 0.5821, tvd 0.7610
labels from the first batch :[4, 9, 9, 9, 9, 9, 9, 9, 9, 9, 9, 9, 9, 9, 9, 4, 9, 9, 9, 1, 9, 9, 9, 4, 4, 4, 9, 9, 9, 9, 9, 4]

Unique id : 41, dataset size : 157
Communication time : 2277, Computation time per batch : 24, Training time : 5154
['0:78.34%', '1:1.27%', '2:0.00%', '3:1.27%', '4:0.00%', '5:4.46%', '6:14.65%', '7:0.00%', '8:0.00%', '9:0.00%']
Divergence : jsd 0.5331, tvd 0.7299
labels from the first batch :[0, 0, 6, 0, 6, 6, 0, 0, 0, 5, 0, 0, 6, 0, 6, 0, 0, 0, 0, 0, 0, 1, 0, 0, 0, 0, 0, 0, 1, 0, 0, 0]

Unique id : 42, dataset size : 99
Communication time : 2716, Computation time per batch : 28, Training time : 5992
['0:0.00%', '1:0.00%', '2:69.70%', '3:0.00%', '4:1.01%', '5:0.00%', '6:20.20%', '7:0.00%', '8:0.00%', '9:9.09%']
Divergence : jsd 0.5249, tvd 0.6990
labels from the first batch :[2, 6, 6, 2, 6, 2, 2, 2, 2, 6, 2, 2, 6, 9, 2, 9, 9, 6, 6, 6, 6, 6, 2, 2, 2, 6, 2, 2, 2, 6, 2, 9]

Unique id : 43, dataset size : 83
Communication time : 2616, Computation time per batch : 27, Training time : 5637
['0:0.00%', '1:92.77%', '2:2.41%', '3:0.00%', '4:2.41%', '5:1.20%', '6:0.00%', '7:0.00%', '8:0.00%', '9:1.20%']
Divergence : jsd 0.6201, tvd 0.8277
labels from the first batch :[1, 1, 1, 1, 1, 1, 1, 1, 1, 5, 1, 1, 1, 1, 2, 1, 1, 1, 1, 1, 1, 1, 1, 1, 1, 1, 1, 2, 1, 1, 1, 1]

Unique id : 44, dataset size : 109
Communication time : 2741, Computation time per batch : 29, Training time : 6062
['0:0.00%', '1:76.15%', '2:0.00%', '3:10.09%', '4:1.83%', '5:0.00%', '6:0.00%', '7:11.01%', '8:0.92%', '9:0.00%']
Divergence : jsd 0.5120, tvd 0.6725
labels from the first batch :[4, 1, 1, 1, 7, 1, 7, 1, 1, 1, 1, 1, 1, 1, 7, 1, 1, 1, 1, 1, 1, 7, 1, 1, 1, 1, 1, 1, 3, 1, 1, 8]

Unique id : 45, dataset size : 552
Communication time : 2337536, Computation time per batch : 4366, Training time : 5068012
['0:0.00%', '1:0.00%', '2:79.17%', '3:6.88%', '4:0.00%', '5:0.00%', '6:13.95%', '7:0.00%', '8:0.00%', '9:0.00%']
Divergence : jsd 0.5745, tvd 0.7312
labels from the first batch :[2, 2, 2, 2, 2, 2, 6, 2, 2, 6, 2, 2, 2, 2, 2, 6, 2, 3, 2, 2, 2, 2, 2, 2, 6, 2, 2, 6, 6, 2, 2, 2]

Unique id : 46, dataset size : 472
Communication time : 28272, Computation time per batch : 603, Training time : 101769
['0:0.00%', '1:0.00%', '2:2.97%', '3:72.46%', '4:12.92%', '5:0.21%', '6:1.06%', '7:7.63%', '8:0.00%', '9:2.75%']
Divergence : jsd 0.4491, tvd 0.6538
labels from the first batch :[3, 3, 3, 3, 3, 3, 3, 3, 4, 3, 3, 3, 3, 3, 3, 3, 9, 6, 4, 3, 3, 7, 4, 3, 3, 3, 3, 3, 3, 3, 3, 3]

Unique id : 47, dataset size : 132
Communication time : 2793, Computation time per batch : 28, Training time : 6286
['0:0.76%', '1:2.27%', '2:0.00%', '3:0.00%', '4:0.00%', '5:0.00%', '6:0.00%', '7:79.55%', '8:14.39%', '9:3.03%']
Divergence : jsd 0.5417, tvd 0.7394
labels from the first batch :[9, 7, 7, 7, 8, 7, 7, 7, 7, 7, 7, 8, 7, 7, 7, 8, 7, 7, 7, 8, 7, 7, 7, 9, 8, 8, 7, 7, 8, 7, 7, 7]

Unique id : 48, dataset size : 237
Communication time : 27554, Computation time per batch : 66, Training time : 57748
['0:0.00%', '1:0.00%', '2:1.27%', '3:0.00%', '4:10.97%', '5:3.38%', '6:82.28%', '7:0.00%', '8:2.11%', '9:0.00%']
Divergence : jsd 0.5435, tvd 0.7325
labels from the first batch :[6, 6, 6, 4, 6, 8, 6, 4, 6, 6, 6, 4, 6, 4, 6, 6, 6, 6, 6, 6, 6, 6, 6, 6, 6, 5, 6, 6, 6, 6, 2, 6]

Unique id : 49, dataset size : 29
Communication time : 670, Computation time per batch : 9, Training time : 1385
['0:44.83%', '1:0.00%', '2:0.00%', '3:0.00%', '4:0.00%', '5:3.45%', '6:0.00%', '7:0.00%', '8:31.03%', '9:20.69%']
Divergence : jsd 0.4528, tvd 0.6655
labels from the first batch :[8, 8, 9, 8, 8, 0, 8, 0, 9, 0, 9, 8, 0, 0, 8, 0, 0, 5, 0, 0, 8, 0, 8, 9, 9, 0, 0, 0, 9]

Unique id : 50, dataset size : 6
Communication time : 1933, Computation time per batch : 21, Training time : 3971
['0:0.00%', '1:33.33%', '2:0.00%', '3:0.00%', '4:0.00%', '5:0.00%', '6:16.67%', '7:0.00%', '8:50.00%', '9:0.00%']
Divergence : jsd 0.5089, tvd 0.7000
labels from the first batch :[1, 8, 6, 8, 1, 8]

Unique id : 51, dataset size : 476
Communication time : 20966, Computation time per batch : 529, Training time : 81607
['0:0.00%', '1:0.00%', '2:0.00%', '3:0.00%', '4:0.84%', '5:6.72%', '6:92.02%', '7:0.00%', '8:0.42%', '9:0.00%']
Divergence : jsd 0.6487, tvd 0.8202
labels from the first batch :[6, 6, 6, 6, 6, 6, 6, 6, 6, 5, 6, 6, 6, 5, 6, 6, 6, 6, 6, 6, 6, 6, 6, 6, 6, 6, 6, 6, 6, 6, 6, 6]

Unique id : 52, dataset size : 531
Communication time : 20305, Computation time per batch : 569, Training time : 88975
['0:0.00%', '1:0.00%', '2:3.77%', '3:0.00%', '4:1.69%', '5:0.00%', '6:1.88%', '7:92.66%', '8:0.00%', '9:0.00%']
Divergence : jsd 0.6329, tvd 0.8266
labels from the first batch :[7, 7, 7, 7, 7, 7, 7, 7, 7, 7, 7, 7, 7, 7, 7, 7, 7, 7, 7, 2, 7, 7, 7, 7, 7, 7, 7, 7, 2, 7, 7, 7]

Unique id : 53, dataset size : 69
Communication time : 2574, Computation time per batch : 20, Training time : 5448
['0:7.25%', '1:0.00%', '2:17.39%', '3:0.00%', '4:0.00%', '5:0.00%', '6:13.04%', '7:47.83%', '8:14.49%', '9:0.00%']
Divergence : jsd 0.3604, tvd 0.5275
labels from the first batch :[6, 7, 6, 2, 6, 2, 7, 2, 6, 6, 8, 7, 7, 7, 7, 7, 7, 7, 7, 7, 2, 7, 7, 7, 7, 7, 8, 7, 8, 7, 7, 7]

Unique id : 54, dataset size : 13
Communication time : 20504, Computation time per batch : 685, Training time : 44433
['0:0.00%', '1:0.00%', '2:100.00%', '3:0.00%', '4:0.00%', '5:0.00%', '6:0.00%', '7:0.00%', '8:0.00%', '9:0.00%']
Divergence : jsd 0.7583, tvd 0.9000
labels from the first batch :[2, 2, 2, 2, 2, 2, 2, 2, 2, 2, 2, 2, 2]

Unique id : 55, dataset size : 119
Communication time : 22905, Computation time per batch : 69, Training time : 47190
['0:5.04%', '1:0.00%', '2:46.22%', '3:0.84%', '4:0.00%', '5:18.49%', '6:29.41%', '7:0.00%', '8:0.00%', '9:0.00%']
Divergence : jsd 0.4254, tvd 0.6412
labels from the first batch :[2, 2, 2, 6, 2, 6, 2, 2, 5, 2, 6, 6, 2, 2, 6, 2, 6, 5, 2, 5, 2, 2, 2, 2, 2, 6, 2, 6, 5, 5, 6, 5]

Unique id : 56, dataset size : 275
Communication time : 2206, Computation time per batch : 29, Training time : 5717
['0:0.00%', '1:30.91%', '2:0.00%', '3:0.00%', '4:0.00%', '5:0.36%', '6:0.00%', '7:68.73%', '8:0.00%', '9:0.00%']
Divergence : jsd 0.6083, tvd 0.7964
labels from the first batch :[1, 7, 7, 7, 7, 7, 7, 7, 7, 7, 7, 7, 7, 7, 1, 7, 1, 7, 1, 7, 7, 7, 1, 7, 7, 7, 1, 7, 7, 7, 7, 7]

Unique id : 57, dataset size : 417
Communication time : 2397, Computation time per batch : 28, Training time : 6754
['0:0.00%', '1:81.29%', '2:0.00%', '3:0.00%', '4:0.00%', '5:17.51%', '6:1.20%', '7:0.00%', '8:0.00%', '9:0.00%']
Divergence : jsd 0.6149, tvd 0.7880
labels from the first batch :[1, 1, 1, 1, 1, 1, 1, 1, 1, 1, 1, 1, 1, 1, 1, 5, 1, 5, 1, 1, 5, 1, 1, 1, 1, 1, 1, 1, 1, 5, 1, 1]

Unique id : 58, dataset size : 43
Communication time : 672, Computation time per batch : 11, Training time : 1454
['0:0.00%', '1:0.00%', '2:0.00%', '3:0.00%', '4:0.00%', '5:0.00%', '6:0.00%', '7:0.00%', '8:46.51%', '9:53.49%']
Divergence : jsd 0.6103, tvd 0.8000
labels from the first batch :[8, 9, 9, 8, 9, 8, 8, 9, 8, 9, 9, 8, 8, 9, 8, 9, 9, 8, 8, 8, 9, 9, 9, 9, 8, 9, 9, 8, 9, 9, 8, 8]

Unique id : 59, dataset size : 144
Communication time : 22698, Computation time per batch : 83, Training time : 47471
['0:42.36%', '1:13.19%', '2:0.00%', '3:0.00%', '4:32.64%', '5:8.33%', '6:3.47%', '7:0.00%', '8:0.00%', '9:0.00%']
Divergence : jsd 0.3873, tvd 0.5819
labels from the first batch :[0, 5, 4, 6, 0, 4, 4, 4, 4, 0, 0, 4, 0, 0, 1, 5, 5, 1, 4, 0, 4, 0, 1, 4, 4, 4, 4, 4, 0, 0, 0, 0]

Unique id : 60, dataset size : 50
Communication time : 23562, Computation time per batch : 62, Training time : 47744
['0:0.00%', '1:0.00%', '2:0.00%', '3:100.00%', '4:0.00%', '5:0.00%', '6:0.00%', '7:0.00%', '8:0.00%', '9:0.00%']
Divergence : jsd 0.7583, tvd 0.9000
labels from the first batch :[3, 3, 3, 3, 3, 3, 3, 3, 3, 3, 3, 3, 3, 3, 3, 3, 3, 3, 3, 3, 3, 3, 3, 3, 3, 3, 3, 3, 3, 3, 3, 3]

Unique id : 61, dataset size : 224
Communication time : 22221, Computation time per batch : 74, Training time : 47032
['0:38.39%', '1:0.00%', '2:0.00%', '3:0.00%', '4:0.00%', '5:6.70%', '6:31.25%', '7:21.43%', '8:2.23%', '9:0.00%']
Divergence : jsd 0.3925, tvd 0.6107
labels from the first batch :[6, 7, 6, 7, 0, 0, 0, 7, 6, 6, 0, 6, 5, 5, 6, 5, 6, 6, 6, 7, 6, 0, 5, 0, 0, 7, 0, 0, 0, 7, 6, 0]

Unique id : 62, dataset size : 312
Communication time : 2563, Computation time per batch : 24, Training time : 6326
['0:0.00%', '1:0.00%', '2:11.22%', '3:0.00%', '4:0.00%', '5:0.00%', '6:88.78%', '7:0.00%', '8:0.00%', '9:0.00%']
Divergence : jsd 0.6606, tvd 0.8000
labels from the first batch :[2, 6, 6, 6, 6, 6, 6, 6, 6, 6, 6, 6, 6, 6, 6, 6, 6, 6, 6, 6, 6, 6, 6, 6, 6, 6, 6, 6, 6, 2, 6, 2]

Unique id : 63, dataset size : 493
Communication time : 2023, Computation time per batch : 21, Training time : 5726
['0:30.02%', '1:44.42%', '2:0.00%', '3:0.20%', '4:2.43%', '5:21.91%', '6:0.00%', '7:1.01%', '8:0.00%', '9:0.00%']
Divergence : jsd 0.4314, tvd 0.6635
labels from the first batch :[5, 5, 1, 5, 1, 5, 5, 5, 0, 1, 1, 0, 0, 5, 0, 5, 1, 1, 5, 0, 1, 5, 5, 5, 1, 0, 5, 0, 5, 5, 5, 4]

Unique id : 64, dataset size : 798
Communication time : 2826, Computation time per batch : 25, Training time : 8777
['0:7.14%', '1:0.00%', '2:0.00%', '3:0.00%', '4:0.00%', '5:0.00%', '6:3.13%', '7:0.38%', '8:89.35%', '9:0.00%']
Divergence : jsd 0.6183, tvd 0.7935
labels from the first batch :[6, 8, 8, 8, 6, 8, 8, 8, 8, 8, 8, 8, 8, 8, 8, 8, 8, 8, 8, 8, 0, 8, 8, 8, 8, 8, 8, 8, 8, 8, 8, 8]

Unique id : 65, dataset size : 22
Communication time : 2434, Computation time per batch : 23, Training time : 4983
['0:0.00%', '1:0.00%', '2:0.00%', '3:50.00%', '4:0.00%', '5:4.55%', '6:4.55%', '7:0.00%', '8:0.00%', '9:40.91%']
Divergence : jsd 0.4927, tvd 0.7091
labels from the first batch :[9, 9, 9, 5, 9, 9, 3, 3, 3, 3, 6, 3, 9, 3, 9, 9, 3, 3, 3, 3, 9, 3]

Unique id : 66, dataset size : 667
Communication time : 2257, Computation time per batch : 22, Training time : 6824
['0:51.87%', '1:5.40%', '2:0.00%', '3:0.00%', '4:0.15%', '5:0.00%', '6:37.18%', '7:5.40%', '8:0.00%', '9:0.00%']
Divergence : jsd 0.4772, tvd 0.6906
labels from the first batch :[0, 6, 6, 0, 6, 7, 6, 6, 0, 0, 6, 0, 0, 0, 6, 6, 0, 0, 6, 1, 0, 6, 0, 1, 6, 6, 0, 6, 6, 0, 0, 0]

Unique id : 67, dataset size : 80
Communication time : 26008, Computation time per batch : 551, Training time : 60281
['0:0.00%', '1:0.00%', '2:0.00%', '3:93.75%', '4:0.00%', '5:0.00%', '6:0.00%', '7:6.25%', '8:0.00%', '9:0.00%']
Divergence : jsd 0.6846, tvd 0.8375
labels from the first batch :[3, 3, 3, 3, 3, 3, 3, 3, 3, 3, 3, 3, 3, 3, 3, 3, 3, 7, 3, 3, 7, 3, 7, 3, 3, 3, 3, 7, 3, 3, 3, 3]

Unique id : 68, dataset size : 348
Communication time : 23330, Computation time per batch : 715, Training time : 85985
['0:0.00%', '1:0.00%', '2:0.00%', '3:0.00%', '4:2.87%', '5:1.15%', '6:79.02%', '7:14.08%', '8:2.87%', '9:0.00%']
Divergence : jsd 0.5312, tvd 0.7310
labels from the first batch :[4, 7, 6, 6, 6, 6, 7, 6, 6, 6, 6, 7, 7, 6, 6, 7, 6, 4, 6, 6, 6, 7, 6, 6, 6, 6, 6, 6, 6, 6, 6, 6]

Unique id : 69, dataset size : 92
Communication time : 22817, Computation time per batch : 596, Training time : 54574
['0:85.87%', '1:0.00%', '2:0.00%', '3:0.00%', '4:0.00%', '5:0.00%', '6:14.13%', '7:0.00%', '8:0.00%', '9:0.00%']
Divergence : jsd 0.6506, tvd 0.8000
labels from the first batch :[0, 0, 6, 0, 0, 0, 0, 6, 0, 0, 0, 0, 0, 0, 0, 6, 0, 0, 0, 0, 0, 0, 0, 0, 0, 0, 0, 0, 6, 0, 0, 0]

Unique id : 70, dataset size : 451
Communication time : 24677, Computation time per batch : 59, Training time : 53779
['0:0.00%', '1:0.00%', '2:4.66%', '3:0.00%', '4:8.65%', '5:28.60%', '6:0.00%', '7:0.22%', '8:0.22%', '9:57.65%']
Divergence : jsd 0.4619, tvd 0.6625
labels from the first batch :[9, 4, 5, 9, 9, 9, 5, 9, 9, 5, 2, 5, 5, 9, 9, 5, 2, 9, 9, 9, 9, 5, 9, 5, 5, 5, 4, 5, 9, 5, 5, 9]

Unique id : 71, dataset size : 202
Communication time : 2236, Computation time per batch : 25, Training time : 5347
['0:0.00%', '1:6.93%', '2:1.98%', '3:0.00%', '4:0.00%', '5:1.98%', '6:0.00%', '7:0.00%', '8:26.73%', '9:62.38%']
Divergence : jsd 0.4751, tvd 0.6911
labels from the first batch :[9, 9, 9, 9, 1, 9, 9, 9, 9, 8, 8, 8, 8, 1, 9, 9, 9, 9, 9, 8, 8, 1, 9, 9, 2, 8, 8, 9, 9, 9, 1, 9]

Unique id : 72, dataset size : 212
Communication time : 2787, Computation time per batch : 21, Training time : 6309
['0:0.00%', '1:0.00%', '2:28.30%', '3:23.11%', '4:0.00%', '5:0.00%', '6:36.32%', '7:0.47%', '8:0.00%', '9:11.79%']
Divergence : jsd 0.3984, tvd 0.5953
labels from the first batch :[6, 2, 2, 2, 9, 2, 6, 3, 6, 6, 6, 2, 6, 3, 6, 9, 3, 3, 2, 2, 3, 9, 6, 2, 3, 6, 6, 6, 6, 3, 3, 9]

Unique id : 73, dataset size : 235
Communication time : 20995, Computation time per batch : 611, Training time : 66430
['0:17.02%', '1:9.36%', '2:1.28%', '3:5.11%', '4:2.98%', '5:9.79%', '6:0.00%', '7:54.04%', '8:0.43%', '9:0.00%']
Divergence : jsd 0.3141, tvd 0.5106
labels from the first batch :[7, 5, 3, 7, 1, 7, 1, 0, 0, 5, 7, 5, 0, 7, 7, 1, 0, 7, 5, 2, 0, 3, 7, 7, 0, 5, 7, 7, 0, 4, 1, 0]

Unique id : 74, dataset size : 77
Communication time : 2431, Computation time per batch : 21, Training time : 5177
['0:1.30%', '1:0.00%', '2:0.00%', '3:3.90%', '4:50.65%', '5:0.00%', '6:41.56%', '7:2.60%', '8:0.00%', '9:0.00%']
Divergence : jsd 0.4864, tvd 0.7221
labels from the first batch :[4, 6, 6, 6, 6, 6, 6, 4, 4, 4, 6, 6, 6, 6, 6, 4, 6, 4, 7, 4, 6, 4, 6, 4, 4, 6, 6, 4, 4, 4, 3, 6]

Unique id : 75, dataset size : 298
Communication time : 20632, Computation time per batch : 75, Training time : 45014
['0:2.01%', '1:0.00%', '2:0.00%', '3:2.01%', '4:0.00%', '5:85.23%', '6:0.00%', '7:0.34%', '8:10.40%', '9:0.00%']
Divergence : jsd 0.5782, tvd 0.7564
labels from the first batch :[5, 5, 3, 5, 8, 5, 5, 5, 5, 5, 8, 8, 5, 5, 5, 8, 5, 5, 5, 5, 5, 5, 5, 5, 5, 5, 5, 5, 5, 5, 5, 5]

Unique id : 76, dataset size : 267
Communication time : 2836, Computation time per batch : 25, Training time : 6797
['0:2.62%', '1:2.25%', '2:20.97%', '3:1.12%', '4:12.36%', '5:0.00%', '6:2.62%', '7:55.81%', '8:2.25%', '9:0.00%']
Divergence : jsd 0.3428, tvd 0.5914
labels from the first batch :[2, 2, 7, 1, 7, 7, 7, 7, 1, 7, 7, 4, 4, 7, 7, 7, 7, 7, 6, 2, 7, 7, 7, 2, 7, 2, 7, 1, 7, 7, 7, 7]

Unique id : 77, dataset size : 1263
Communication time : 1948, Computation time per batch : 23, Training time : 8496
['0:0.08%', '1:0.00%', '2:0.00%', '3:0.00%', '4:4.99%', '5:0.08%', '6:1.66%', '7:1.11%', '8:77.59%', '9:14.49%']
Divergence : jsd 0.5202, tvd 0.7208
labels from the first batch :[9, 8, 8, 8, 4, 8, 8, 8, 9, 8, 8, 8, 8, 8, 8, 8, 8, 8, 4, 9, 8, 8, 8, 8, 8, 8, 8, 8, 8, 8, 8, 8]

Unique id : 78, dataset size : 55
Communication time : 23012, Computation time per batch : 693, Training time : 52954
['0:0.00%', '1:18.18%', '2:0.00%', '3:0.00%', '4:1.82%', '5:0.00%', '6:0.00%', '7:36.36%', '8:7.27%', '9:36.36%']
Divergence : jsd 0.3976, tvd 0.6091
labels from the first batch :[9, 1, 1, 7, 7, 9, 1, 9, 9, 8, 1, 7, 1, 1, 7, 7, 7, 7, 7, 7, 9, 7, 9, 9, 9, 7, 1, 1, 9, 7, 7, 9]

Unique id : 79, dataset size : 578
Communication time : 724, Computation time per batch : 11, Training time : 2493
['0:38.24%', '1:28.37%', '2:1.38%', '3:0.17%', '4:0.00%', '5:0.00%', '6:0.52%', '7:31.14%', '8:0.00%', '9:0.17%']
Divergence : jsd 0.4411, tvd 0.6775
labels from the first batch :[0, 1, 0, 0, 0, 7, 0, 1, 0, 7, 0, 0, 0, 0, 1, 0, 0, 0, 1, 0, 0, 7, 0, 1, 7, 1, 7, 0, 0, 0, 7, 1]

Unique id : 80, dataset size : 99
Communication time : 2011, Computation time per batch : 27, Training time : 4562
['0:0.00%', '1:16.16%', '2:1.01%', '3:5.05%', '4:0.00%', '5:27.27%', '6:6.06%', '7:5.05%', '8:39.39%', '9:0.00%']
Divergence : jsd 0.2989, tvd 0.5283
labels from the first batch :[8, 8, 6, 8, 1, 8, 5, 2, 1, 8, 5, 5, 5, 5, 3, 1, 1, 1, 8, 3, 8, 8, 8, 5, 8, 8, 8, 8, 5, 8, 5, 5]

Unique id : 81, dataset size : 360
Communication time : 21541, Computation time per batch : 73, Training time : 47462
['0:86.67%', '1:0.00%', '2:0.00%', '3:10.56%', '4:2.22%', '5:0.28%', '6:0.28%', '7:0.00%', '8:0.00%', '9:0.00%']
Divergence : jsd 0.6051, tvd 0.7722
labels from the first batch :[3, 0, 0, 0, 0, 0, 0, 0, 0, 0, 0, 0, 0, 0, 0, 6, 0, 0, 0, 0, 0, 0, 0, 3, 0, 0, 0, 0, 0, 0, 0, 0]

Unique id : 82, dataset size : 339
Communication time : 2251093, Computation time per batch : 4280, Training time : 4737586
['0:0.00%', '1:42.48%', '2:1.77%', '3:1.18%', '4:0.29%', '5:53.69%', '6:0.00%', '7:0.59%', '8:0.00%', '9:0.00%']
Divergence : jsd 0.5267, tvd 0.7617
labels from the first batch :[5, 1, 5, 1, 5, 1, 5, 4, 1, 5, 1, 5, 5, 1, 1, 5, 1, 5, 5, 5, 5, 1, 5, 1, 5, 5, 5, 1, 1, 5, 5, 5]

Unique id : 83, dataset size : 499
Communication time : 23881, Computation time per batch : 621, Training time : 97442
['0:4.01%', '1:47.29%', '2:0.60%', '3:0.00%', '4:0.00%', '5:0.00%', '6:10.22%', '7:0.00%', '8:0.00%', '9:37.88%']
Divergence : jsd 0.4534, tvd 0.6539
labels from the first batch :[6, 1, 1, 6, 1, 9, 1, 0, 0, 9, 9, 1, 9, 9, 1, 1, 1, 9, 6, 9, 1, 1, 1, 1, 1, 1, 1, 9, 1, 6, 9, 1]

Unique id : 84, dataset size : 46
Communication time : 20032, Computation time per batch : 62, Training time : 40684
['0:80.43%', '1:0.00%', '2:0.00%', '3:0.00%', '4:17.39%', '5:0.00%', '6:2.17%', '7:0.00%', '8:0.00%', '9:0.00%']
Divergence : jsd 0.6023, tvd 0.7783
labels from the first batch :[0, 0, 4, 0, 0, 4, 0, 0, 4, 0, 4, 4, 0, 0, 0, 0, 0, 4, 0, 0, 6, 0, 0, 0, 0, 0, 0, 0, 0, 0, 0, 0]

Unique id : 85, dataset size : 495
Communication time : 27245, Computation time per batch : 66, Training time : 59770
['0:0.00%', '1:0.00%', '2:0.00%', '3:64.65%', '4:0.00%', '5:2.83%', '6:0.00%', '7:0.00%', '8:0.00%', '9:32.53%']
Divergence : jsd 0.5718, tvd 0.7717
labels from the first batch :[3, 3, 3, 3, 3, 3, 3, 9, 3, 3, 3, 3, 9, 9, 9, 3, 3, 3, 3, 9, 9, 3, 3, 9, 3, 9, 3, 9, 9, 9, 3, 3]

Unique id : 86, dataset size : 44
Communication time : 28352, Computation time per batch : 74, Training time : 57444
['0:0.00%', '1:0.00%', '2:75.00%', '3:0.00%', '4:0.00%', '5:0.00%', '6:25.00%', '7:0.00%', '8:0.00%', '9:0.00%']
Divergence : jsd 0.6269, tvd 0.8000
labels from the first batch :[2, 2, 6, 2, 6, 6, 2, 6, 2, 2, 2, 2, 2, 2, 2, 2, 6, 2, 2, 2, 6, 2, 2, 2, 2, 2, 2, 6, 2, 6, 6, 2]

Unique id : 87, dataset size : 251
Communication time : 2638591, Computation time per batch : 5296, Training time : 5489022
['0:0.40%', '1:0.00%', '2:0.00%', '3:0.00%', '4:0.40%', '5:0.00%', '6:0.00%', '7:2.39%', '8:3.19%', '9:93.63%']
Divergence : jsd 0.6420, tvd 0.8363
labels from the first batch :[9, 9, 9, 9, 9, 9, 9, 9, 9, 9, 9, 9, 9, 9, 9, 9, 9, 9, 9, 9, 9, 9, 9, 9, 9, 9, 9, 9, 9, 9, 9, 9]

Unique id : 88, dataset size : 86
Communication time : 2340, Computation time per batch : 24, Training time : 5040
['0:3.49%', '1:0.00%', '2:0.00%', '3:93.02%', '4:0.00%', '5:1.16%', '6:0.00%', '7:2.33%', '8:0.00%', '9:0.00%']
Divergence : jsd 0.6377, tvd 0.8302
labels from the first batch :[3, 3, 0, 3, 3, 3, 0, 3, 3, 3, 3, 3, 3, 3, 3, 3, 7, 3, 3, 3, 3, 3, 3, 3, 3, 3, 3, 3, 3, 3, 3, 3]

Unique id : 89, dataset size : 38
Communication time : 2538, Computation time per batch : 20, Training time : 5276
['0:81.58%', '1:7.89%', '2:5.26%', '3:0.00%', '4:0.00%', '5:0.00%', '6:0.00%', '7:0.00%', '8:5.26%', '9:0.00%']
Divergence : jsd 0.5418, tvd 0.7158
labels from the first batch :[0, 0, 0, 0, 0, 0, 0, 0, 0, 0, 0, 0, 0, 0, 8, 0, 2, 0, 1, 0, 0, 0, 0, 0, 2, 0, 0, 0, 1, 8, 0, 0]

Unique id : 90, dataset size : 212
Communication time : 2509, Computation time per batch : 25, Training time : 5893
['0:0.00%', '1:0.00%', '2:36.79%', '3:63.21%', '4:0.00%', '5:0.00%', '6:0.00%', '7:0.00%', '8:0.00%', '9:0.00%']
Divergence : jsd 0.6143, tvd 0.8000
labels from the first batch :[3, 3, 2, 3, 3, 3, 3, 3, 3, 3, 3, 2, 3, 3, 3, 3, 2, 2, 3, 3, 2, 3, 2, 2, 3, 3, 2, 3, 3, 3, 2, 3]

Unique id : 91, dataset size : 96
Communication time : 1962, Computation time per batch : 21, Training time : 4239
['0:0.00%', '1:0.00%', '2:0.00%', '3:2.08%', '4:9.38%', '5:0.00%', '6:22.92%', '7:0.00%', '8:1.04%', '9:64.58%']
Divergence : jsd 0.4804, tvd 0.6750
labels from the first batch :[9, 9, 9, 9, 9, 9, 9, 9, 9, 9, 9, 6, 6, 9, 9, 6, 9, 4, 4, 9, 9, 9, 9, 4, 6, 9, 9, 6, 9, 6, 9, 9]

Unique id : 92, dataset size : 297
Communication time : 2344965, Computation time per batch : 4329, Training time : 4906380
['0:0.00%', '1:7.07%', '2:0.00%', '3:51.18%', '4:0.00%', '5:4.04%', '6:0.00%', '7:23.23%', '8:0.67%', '9:13.80%']
Divergence : jsd 0.3776, tvd 0.5822
labels from the first batch :[3, 1, 3, 5, 3, 3, 3, 5, 3, 3, 7, 3, 9, 3, 7, 3, 7, 9, 3, 3, 3, 3, 3, 3, 3, 3, 7, 3, 3, 7, 8, 7]

Unique id : 93, dataset size : 56
Communication time : 893, Computation time per batch : 8, Training time : 1866
['0:26.79%', '1:25.00%', '2:0.00%', '3:0.00%', '4:0.00%', '5:0.00%', '6:33.93%', '7:14.29%', '8:0.00%', '9:0.00%']
Divergence : jsd 0.4050, tvd 0.6000
labels from the first batch :[0, 0, 0, 1, 0, 6, 7, 1, 1, 6, 6, 6, 7, 7, 6, 6, 1, 1, 6, 6, 1, 0, 1, 7, 0, 6, 6, 1, 0, 6, 1, 0]

Unique id : 94, dataset size : 730
Communication time : 23529, Computation time per batch : 71, Training time : 55223
['0:0.00%', '1:30.27%', '2:8.63%', '3:7.26%', '4:0.00%', '5:47.53%', '6:2.60%', '7:0.68%', '8:3.01%', '9:0.00%']
Divergence : jsd 0.3525, tvd 0.5781
labels from the first batch :[1, 1, 5, 8, 1, 1, 2, 5, 5, 5, 1, 1, 5, 1, 2, 5, 1, 5, 5, 1, 3, 2, 5, 1, 1, 5, 6, 2, 5, 5, 1, 5]

Unique id : 95, dataset size : 602
Communication time : 2400015, Computation time per batch : 4154, Training time : 5194660
['0:90.03%', '1:0.00%', '2:0.00%', '3:0.00%', '4:0.00%', '5:0.17%', '6:0.00%', '7:0.00%', '8:1.66%', '9:8.14%']
Divergence : jsd 0.6349, tvd 0.8003
labels from the first batch :[0, 9, 0, 0, 0, 0, 0, 0, 9, 0, 0, 9, 0, 0, 0, 0, 0, 9, 0, 0, 0, 0, 0, 0, 0, 8, 0, 0, 0, 0, 0, 0]

Unique id : 96, dataset size : 83
Communication time : 26373, Computation time per batch : 79, Training time : 53931
['0:0.00%', '1:14.46%', '2:0.00%', '3:0.00%', '4:1.20%', '5:1.20%', '6:1.20%', '7:0.00%', '8:0.00%', '9:81.93%']
Divergence : jsd 0.5698, tvd 0.7639
labels from the first batch :[9, 9, 9, 9, 9, 9, 9, 9, 1, 9, 5, 9, 9, 9, 1, 9, 9, 9, 6, 9, 9, 9, 9, 9, 9, 9, 9, 9, 9, 9, 1, 9]

Unique id : 97, dataset size : 581
Communication time : 936, Computation time per batch : 10, Training time : 2822
['0:0.00%', '1:11.02%', '2:0.34%', '3:0.00%', '4:3.61%', '5:2.93%', '6:0.00%', '7:2.07%', '8:70.91%', '9:9.12%']
Divergence : jsd 0.4239, tvd 0.6193
labels from the first batch :[8, 8, 8, 4, 1, 8, 8, 8, 8, 8, 4, 8, 8, 8, 8, 2, 8, 8, 8, 8, 8, 8, 8, 8, 1, 8, 8, 1, 7, 8, 4, 8]

Unique id : 98, dataset size : 125
Communication time : 25787, Computation time per batch : 71, Training time : 52994
['0:0.00%', '1:0.00%', '2:88.00%', '3:0.00%', '4:11.20%', '5:0.00%', '6:0.00%', '7:0.80%', '8:0.00%', '9:0.00%']
Divergence : jsd 0.6407, tvd 0.7920
labels from the first batch :[2, 2, 2, 2, 2, 2, 4, 2, 2, 2, 2, 2, 2, 2, 2, 2, 2, 2, 2, 2, 2, 2, 2, 2, 2, 2, 4, 2, 2, 2, 2, 4]

Unique id : 99, dataset size : 1403
Communication time : 19974, Computation time per batch : 70, Training time : 55348
['0:11.48%', '1:0.00%', '2:0.00%', '3:28.44%', '4:26.51%', '5:0.00%', '6:0.00%', '7:30.65%', '8:0.00%', '9:2.92%']
Divergence : jsd 0.3660, tvd 0.5708
labels from the first batch :[3, 7, 3, 4, 3, 9, 3, 9, 7, 0, 3, 7, 7, 4, 3, 4, 4, 7, 7, 7, 0, 0, 4, 0, 7, 3, 0, 7, 4, 9, 7, 3]

Unique id : 100, dataset size : 11
Communication time : 25354, Computation time per batch : 64, Training time : 51028
['0:0.00%', '1:0.00%', '2:0.00%', '3:36.36%', '4:0.00%', '5:9.09%', '6:0.00%', '7:0.00%', '8:54.55%', '9:0.00%']
Divergence : jsd 0.5296, tvd 0.7091
labels from the first batch :[8, 3, 8, 3, 3, 3, 8, 8, 5, 8, 8]

Unique id : 101, dataset size : 146
Communication time : 27047, Computation time per batch : 74, Training time : 55944
['0:0.00%', '1:76.03%', '2:0.68%', '3:0.00%', '4:0.00%', '5:23.29%', '6:0.00%', '7:0.00%', '8:0.00%', '9:0.00%']
Divergence : jsd 0.6119, tvd 0.7932
labels from the first batch :[5, 1, 1, 1, 1, 1, 1, 1, 5, 1, 1, 1, 1, 1, 1, 1, 5, 1, 1, 5, 5, 1, 1, 1, 1, 1, 5, 1, 1, 1, 1, 1]

Unique id : 102, dataset size : 306
Communication time : 23998, Computation time per batch : 602, Training time : 78096
['0:16.34%', '1:0.00%', '2:0.00%', '3:0.00%', '4:0.00%', '5:61.76%', '6:2.61%', '7:0.00%', '8:0.00%', '9:19.28%']
Divergence : jsd 0.4828, tvd 0.6739
labels from the first batch :[9, 0, 5, 5, 5, 6, 5, 5, 5, 5, 5, 5, 9, 5, 5, 9, 5, 0, 9, 5, 5, 9, 9, 5, 5, 5, 9, 5, 5, 9, 6, 5]

Unique id : 103, dataset size : 131
Communication time : 2506, Computation time per batch : 20, Training time : 5512
['0:0.00%', '1:0.76%', '2:0.00%', '3:6.11%', '4:0.00%', '5:0.00%', '6:0.00%', '7:7.63%', '8:72.52%', '9:12.98%']
Divergence : jsd 0.4827, tvd 0.6550
labels from the first batch :[8, 8, 8, 8, 8, 8, 1, 8, 8, 3, 8, 8, 8, 8, 9, 8, 8, 8, 7, 9, 9, 3, 8, 8, 8, 8, 8, 8, 9, 8, 3, 8]

Unique id : 104, dataset size : 195
Communication time : 26511, Computation time per batch : 76, Training time : 55682
['0:1.03%', '1:0.00%', '2:0.00%', '3:0.00%', '4:41.54%', '5:46.67%', '6:0.00%', '7:0.00%', '8:5.13%', '9:5.64%']
Divergence : jsd 0.4583, tvd 0.6821
labels from the first batch :[4, 4, 5, 5, 4, 5, 4, 5, 5, 4, 5, 4, 9, 4, 5, 4, 5, 5, 8, 8, 4, 4, 4, 4, 8, 4, 4, 5, 4, 9, 5, 4]

Unique id : 105, dataset size : 485
Communication time : 23274, Computation time per batch : 61, Training time : 51428
['0:0.00%', '1:0.00%', '2:35.67%', '3:64.12%', '4:0.21%', '5:0.00%', '6:0.00%', '7:0.00%', '8:0.00%', '9:0.00%']
Divergence : jsd 0.6080, tvd 0.7979
labels from the first batch :[2, 3, 2, 3, 2, 3, 3, 3, 3, 3, 2, 2, 3, 3, 3, 2, 3, 3, 3, 2, 3, 3, 2, 3, 2, 3, 2, 3, 3, 3, 3, 3]

Unique id : 106, dataset size : 85
Communication time : 1952, Computation time per batch : 27, Training time : 4309
['0:0.00%', '1:1.18%', '2:0.00%', '3:0.00%', '4:0.00%', '5:1.18%', '6:16.47%', '7:81.18%', '8:0.00%', '9:0.00%']
Divergence : jsd 0.5917, tvd 0.7765
labels from the first batch :[6, 7, 7, 7, 7, 7, 7, 7, 7, 7, 6, 7, 6, 7, 7, 7, 7, 7, 6, 7, 7, 6, 5, 7, 7, 6, 7, 7, 7, 7, 7, 7]

Unique id : 107, dataset size : 126
Communication time : 22680, Computation time per batch : 502, Training time : 55400
['0:26.19%', '1:0.00%', '2:8.73%', '3:0.00%', '4:0.00%', '5:0.00%', '6:0.00%', '7:61.90%', '8:3.17%', '9:0.00%']
Divergence : jsd 0.4911, tvd 0.6810
labels from the first batch :[0, 7, 8, 7, 7, 7, 0, 7, 8, 7, 7, 0, 2, 7, 7, 0, 7, 7, 0, 7, 7, 0, 2, 7, 0, 7, 0, 7, 0, 0, 0, 7]

Unique id : 108, dataset size : 203
Communication time : 22900, Computation time per batch : 83, Training time : 48705
['0:0.99%', '1:68.97%', '2:12.32%', '3:10.34%', '4:4.93%', '5:0.00%', '6:0.99%', '7:0.00%', '8:1.48%', '9:0.00%']
Divergence : jsd 0.4233, tvd 0.6163
labels from the first batch :[1, 3, 4, 4, 1, 2, 1, 1, 2, 1, 1, 1, 3, 1, 1, 1, 1, 1, 3, 2, 1, 1, 1, 1, 1, 1, 3, 1, 1, 1, 4, 1]

Unique id : 109, dataset size : 3
Communication time : 19572, Computation time per batch : 71, Training time : 39499
['0:0.00%', '1:0.00%', '2:66.67%', '3:0.00%', '4:0.00%', '5:0.00%', '6:0.00%', '7:33.33%', '8:0.00%', '9:0.00%']
Divergence : jsd 0.6170, tvd 0.8000
labels from the first batch :[2, 2, 7]

Unique id : 110, dataset size : 86
Communication time : 2716, Computation time per batch : 26, Training time : 5822
['0:2.33%', '1:0.00%', '2:77.91%', '3:1.16%', '4:17.44%', '5:1.16%', '6:0.00%', '7:0.00%', '8:0.00%', '9:0.00%']
Divergence : jsd 0.5486, tvd 0.7535
labels from the first batch :[2, 2, 2, 2, 4, 2, 3, 2, 2, 2, 4, 2, 2, 4, 2, 4, 4, 2, 2, 4, 4, 2, 2, 0, 2, 2, 2, 2, 2, 2, 2, 2]

Unique id : 111, dataset size : 11
Communication time : 790, Computation time per batch : 11, Training time : 1635
['0:0.00%', '1:0.00%', '2:0.00%', '3:90.91%', '4:0.00%', '5:9.09%', '6:0.00%', '7:0.00%', '8:0.00%', '9:0.00%']
Divergence : jsd 0.6695, tvd 0.8091
labels from the first batch :[3, 3, 3, 3, 3, 3, 3, 3, 5, 3, 3]

Unique id : 112, dataset size : 120
Communication time : 21611, Computation time per batch : 57, Training time : 44362
['0:0.00%', '1:0.00%', '2:0.00%', '3:95.00%', '4:0.00%', '5:2.50%', '6:0.00%', '7:0.00%', '8:0.83%', '9:1.67%']
Divergence : jsd 0.6610, tvd 0.8500
labels from the first batch :[3, 3, 3, 3, 3, 3, 3, 3, 3, 3, 3, 3, 3, 5, 3, 3, 3, 3, 3, 3, 3, 3, 3, 3, 3, 3, 3, 3, 3, 3, 3, 3]

Unique id : 113, dataset size : 272
Communication time : 20110, Computation time per batch : 616, Training time : 67940
['0:0.00%', '1:0.00%', '2:0.00%', '3:73.16%', '4:0.00%', '5:0.00%', '6:2.94%', '7:0.74%', '8:0.37%', '9:22.79%']
Divergence : jsd 0.5533, tvd 0.7596
labels from the first batch :[3, 9, 6, 9, 3, 6, 3, 3, 3, 3, 3, 3, 3, 3, 9, 6, 3, 3, 9, 9, 9, 9, 9, 3, 9, 6, 3, 3, 3, 9, 3, 3]

Unique id : 114, dataset size : 455
Communication time : 26973, Computation time per batch : 481, Training time : 90021
['0:0.88%', '1:0.00%', '2:0.00%', '3:0.00%', '4:0.00%', '5:35.16%', '6:0.00%', '7:0.00%', '8:60.00%', '9:3.96%']
Divergence : jsd 0.5386, tvd 0.7516
labels from the first batch :[8, 8, 0, 8, 8, 5, 8, 8, 5, 8, 5, 5, 8, 5, 5, 5, 8, 5, 8, 8, 8, 8, 8, 8, 5, 8, 5, 8, 8, 5, 8, 5]

Unique id : 115, dataset size : 37
Communication time : 28590, Computation time per batch : 65, Training time : 57830
['0:100.00%', '1:0.00%', '2:0.00%', '3:0.00%', '4:0.00%', '5:0.00%', '6:0.00%', '7:0.00%', '8:0.00%', '9:0.00%']
Divergence : jsd 0.7583, tvd 0.9000
labels from the first batch :[0, 0, 0, 0, 0, 0, 0, 0, 0, 0, 0, 0, 0, 0, 0, 0, 0, 0, 0, 0, 0, 0, 0, 0, 0, 0, 0, 0, 0, 0, 0, 0]

Unique id : 116, dataset size : 179
Communication time : 27957, Computation time per batch : 67, Training time : 57924
['0:0.56%', '1:88.27%', '2:0.00%', '3:1.68%', '4:0.00%', '5:4.47%', '6:2.23%', '7:2.79%', '8:0.00%', '9:0.00%']
Divergence : jsd 0.5615, tvd 0.7827
labels from the first batch :[1, 1, 5, 1, 1, 1, 0, 1, 1, 1, 1, 1, 1, 1, 1, 1, 1, 1, 1, 1, 1, 6, 1, 1, 1, 1, 1, 1, 6, 1, 5, 1]

Unique id : 117, dataset size : 10
Communication time : 2722, Computation time per batch : 29, Training time : 5589
['0:0.00%', '1:0.00%', '2:0.00%', '3:0.00%', '4:0.00%', '5:0.00%', '6:0.00%', '7:0.00%', '8:60.00%', '9:40.00%']
Divergence : jsd 0.6124, tvd 0.8000
labels from the first batch :[9, 8, 8, 8, 9, 8, 8, 9, 8, 9]

Unique id : 118, dataset size : 53
Communication time : 25641, Computation time per batch : 78, Training time : 52062
['0:0.00%', '1:0.00%', '2:94.34%', '3:3.77%', '4:1.89%', '5:0.00%', '6:0.00%', '7:0.00%', '8:0.00%', '9:0.00%']
Divergence : jsd 0.6664, tvd 0.8434
labels from the first batch :[2, 2, 2, 3, 2, 2, 2, 2, 2, 2, 2, 2, 2, 2, 2, 2, 2, 2, 2, 2, 2, 2, 2, 3, 2, 2, 2, 2, 2, 2, 2, 4]

Unique id : 119, dataset size : 724
Communication time : 840, Computation time per batch : 9, Training time : 2715
['0:1.24%', '1:0.00%', '2:0.00%', '3:70.03%', '4:0.00%', '5:0.00%', '6:0.00%', '7:28.59%', '8:0.00%', '9:0.14%']
Divergence : jsd 0.5898, tvd 0.7862
labels from the first batch :[7, 7, 7, 3, 3, 3, 7, 7, 7, 3, 3, 3, 3, 7, 3, 3, 7, 7, 3, 3, 7, 3, 7, 3, 3, 3, 3, 3, 3, 3, 3, 3]

Unique id : 120, dataset size : 126
Communication time : 27276, Computation time per batch : 62, Training time : 55792
['0:28.57%', '1:3.17%', '2:0.00%', '3:61.11%', '4:0.00%', '5:0.00%', '6:0.00%', '7:0.00%', '8:1.59%', '9:5.56%']
Divergence : jsd 0.4735, tvd 0.6968
labels from the first batch :[0, 3, 0, 3, 3, 3, 3, 0, 0, 3, 0, 0, 0, 3, 9, 3, 3, 3, 3, 3, 0, 3, 3, 0, 9, 3, 3, 8, 0, 3, 3, 0]

Unique id : 121, dataset size : 236
Communication time : 822, Computation time per batch : 11, Training time : 2084
['0:0.00%', '1:6.78%', '2:1.27%', '3:9.32%', '4:6.78%', '5:0.00%', '6:0.00%', '7:72.88%', '8:0.00%', '9:2.97%']
Divergence : jsd 0.4411, tvd 0.6288
labels from the first batch :[7, 7, 1, 7, 7, 3, 7, 7, 7, 4, 7, 7, 7, 4, 7, 9, 7, 3, 7, 7, 7, 7, 7, 7, 1, 7, 3, 7, 7, 7, 7, 7]

Unique id : 122, dataset size : 174
Communication time : 2818, Computation time per batch : 29, Training time : 6506
['0:0.00%', '1:0.57%', '2:40.23%', '3:0.00%', '4:0.00%', '5:0.00%', '6:1.15%', '7:23.56%', '8:33.91%', '9:0.57%']
Divergence : jsd 0.4428, tvd 0.6770
labels from the first batch :[7, 2, 8, 2, 2, 7, 8, 2, 8, 2, 7, 8, 2, 2, 8, 2, 8, 8, 2, 2, 2, 7, 2, 2, 8, 7, 8, 8, 2, 8, 8, 7]

Unique id : 123, dataset size : 149
Communication time : 24970, Computation time per batch : 617, Training time : 65365
['0:0.00%', '1:0.00%', '2:3.36%', '3:13.42%', '4:57.72%', '5:0.00%', '6:1.34%', '7:0.00%', '8:24.16%', '9:0.00%']
Divergence : jsd 0.4472, tvd 0.6530
labels from the first batch :[4, 4, 8, 4, 8, 3, 8, 4, 4, 3, 4, 4, 4, 4, 3, 4, 2, 4, 4, 4, 3, 4, 4, 3, 8, 8, 8, 4, 8, 3, 4, 4]

Unique id : 124, dataset size : 507
Communication time : 26720, Computation time per batch : 58, Training time : 58080
['0:28.21%', '1:17.16%', '2:0.99%', '3:2.96%', '4:0.00%', '5:0.00%', '6:0.00%', '7:48.72%', '8:1.18%', '9:0.79%']
Divergence : jsd 0.3976, tvd 0.6408
labels from the first batch :[7, 0, 0, 7, 7, 9, 7, 7, 1, 7, 0, 1, 1, 0, 8, 1, 0, 7, 7, 7, 7, 0, 7, 7, 0, 7, 0, 7, 1, 1, 7, 7]

Unique id : 125, dataset size : 89
Communication time : 20662, Computation time per batch : 73, Training time : 42419
['0:0.00%', '1:0.00%', '2:1.12%', '3:0.00%', '4:25.84%', '5:3.37%', '6:53.93%', '7:15.73%', '8:0.00%', '9:0.00%']
Divergence : jsd 0.4422, tvd 0.6551
labels from the first batch :[6, 5, 7, 7, 7, 7, 6, 4, 6, 6, 6, 4, 4, 6, 6, 6, 4, 6, 6, 4, 6, 6, 6, 4, 7, 6, 4, 6, 7, 6, 6, 4]

Unique id : 126, dataset size : 198
Communication time : 2555, Computation time per batch : 22, Training time : 5880
['0:0.00%', '1:0.51%', '2:0.00%', '3:21.72%', '4:0.00%', '5:67.68%', '6:0.00%', '7:10.10%', '8:0.00%', '9:0.00%']
Divergence : jsd 0.5271, tvd 0.6949
labels from the first batch :[5, 3, 3, 3, 5, 5, 5, 5, 5, 5, 5, 5, 5, 3, 7, 7, 5, 7, 5, 5, 3, 5, 5, 7, 5, 5, 5, 5, 3, 5, 5, 7]

Unique id : 127, dataset size : 59
Communication time : 2528, Computation time per batch : 24, Training time : 5296
['0:0.00%', '1:0.00%', '2:76.27%', '3:0.00%', '4:0.00%', '5:0.00%', '6:1.69%', '7:5.08%', '8:16.95%', '9:0.00%']
Divergence : jsd 0.5441, tvd 0.7322
labels from the first batch :[2, 8, 2, 2, 2, 2, 2, 2, 2, 2, 2, 2, 8, 2, 2, 2, 8, 2, 8, 2, 2, 2, 8, 2, 2, 2, 7, 6, 2, 2, 2, 8]

Unique id : 128, dataset size : 208
Communication time : 21765, Computation time per batch : 70, Training time : 45980
['0:0.00%', '1:0.00%', '2:0.00%', '3:0.00%', '4:0.00%', '5:0.00%', '6:0.00%', '7:73.56%', '8:26.44%', '9:0.00%']
Divergence : jsd 0.6248, tvd 0.8000
labels from the first batch :[7, 7, 7, 7, 7, 8, 8, 7, 7, 7, 7, 7, 7, 7, 8, 7, 7, 7, 7, 7, 7, 7, 8, 8, 7, 7, 8, 7, 7, 7, 7, 8]

Unique id : 129, dataset size : 173
Communication time : 20215, Computation time per batch : 616, Training time : 58910
['0:0.00%', '1:0.00%', '2:97.69%', '3:0.00%', '4:0.00%', '5:2.31%', '6:0.00%', '7:0.00%', '8:0.00%', '9:0.00%']
Divergence : jsd 0.7170, tvd 0.8769
labels from the first batch :[2, 2, 5, 2, 2, 2, 2, 2, 2, 2, 2, 2, 2, 2, 2, 2, 2, 2, 5, 2, 2, 2, 2, 2, 5, 2, 2, 2, 2, 2, 2, 2]

Unique id : 130, dataset size : 304
Communication time : 27900, Computation time per batch : 503, Training time : 80950
['0:1.64%', '1:4.28%', '2:54.93%', '3:32.57%', '4:0.00%', '5:0.33%', '6:0.33%', '7:0.00%', '8:0.00%', '9:5.92%']
Divergence : jsd 0.4375, tvd 0.6750
labels from the first batch :[9, 2, 3, 3, 2, 3, 1, 2, 2, 2, 2, 2, 1, 9, 2, 9, 1, 2, 3, 2, 2, 3, 3, 1, 3, 2, 3, 2, 2, 3, 3, 3]

Unique id : 131, dataset size : 771
Communication time : 2638, Computation time per batch : 24, Training time : 8276
['0:0.00%', '1:3.37%', '2:0.00%', '3:12.45%', '4:81.45%', '5:0.00%', '6:2.46%', '7:0.00%', '8:0.00%', '9:0.26%']
Divergence : jsd 0.5531, tvd 0.7390
labels from the first batch :[4, 4, 3, 4, 4, 4, 4, 4, 3, 4, 4, 4, 4, 4, 4, 1, 4, 4, 6, 4, 4, 4, 1, 4, 4, 6, 4, 4, 4, 4, 3, 4]

Unique id : 132, dataset size : 60
Communication time : 20249, Computation time per batch : 551, Training time : 46008
['0:3.33%', '1:1.67%', '2:0.00%', '3:76.67%', '4:0.00%', '5:0.00%', '6:0.00%', '7:0.00%', '8:18.33%', '9:0.00%']
Divergence : jsd 0.5551, tvd 0.7500
labels from the first batch :[3, 3, 3, 3, 8, 3, 1, 3, 3, 3, 8, 3, 3, 3, 3, 3, 3, 3, 3, 0, 3, 8, 3, 8, 3, 3, 3, 8, 3, 3, 3, 3]

Unique id : 133, dataset size : 735
Communication time : 892, Computation time per batch : 8, Training time : 2704
['0:0.27%', '1:0.00%', '2:3.13%', '3:0.27%', '4:6.80%', '5:23.40%', '6:9.12%', '7:0.00%', '8:17.82%', '9:39.18%']
Divergence : jsd 0.2953, tvd 0.5041
labels from the first batch :[8, 9, 9, 4, 5, 5, 9, 9, 5, 8, 8, 9, 5, 9, 8, 9, 6, 9, 8, 9, 9, 6, 2, 4, 5, 9, 9, 8, 9, 8, 9, 5]

Unique id : 134, dataset size : 438
Communication time : 2456, Computation time per batch : 20, Training time : 6312
['0:0.00%', '1:0.00%', '2:12.33%', '3:0.00%', '4:38.81%', '5:30.37%', '6:7.76%', '7:7.99%', '8:0.00%', '9:2.74%']
Divergence : jsd 0.3229, tvd 0.5151
labels from the first batch :[4, 7, 4, 6, 4, 4, 6, 5, 4, 4, 6, 5, 4, 4, 7, 7, 4, 4, 5, 5, 4, 4, 6, 7, 5, 5, 5, 4, 2, 2, 6, 4]

Unique id : 135, dataset size : 196
Communication time : 2418, Computation time per batch : 20, Training time : 5536
['0:51.02%', '1:36.73%', '2:4.59%', '3:0.00%', '4:7.65%', '5:0.00%', '6:0.00%', '7:0.00%', '8:0.00%', '9:0.00%']
Divergence : jsd 0.4759, tvd 0.6776
labels from the first batch :[0, 1, 1, 1, 0, 1, 1, 4, 0, 1, 0, 1, 1, 0, 0, 0, 1, 0, 1, 0, 0, 0, 0, 0, 0, 0, 0, 0, 1, 1, 0, 1]

Unique id : 136, dataset size : 116
Communication time : 26391, Computation time per batch : 538, Training time : 63542
['0:0.00%', '1:0.86%', '2:0.00%', '3:0.00%', '4:68.97%', '5:21.55%', '6:0.00%', '7:1.72%', '8:6.90%', '9:0.00%']
Divergence : jsd 0.5020, tvd 0.7052
labels from the first batch :[4, 4, 4, 4, 5, 5, 1, 5, 4, 4, 4, 4, 5, 4, 5, 4, 4, 5, 8, 4, 4, 4, 4, 5, 4, 4, 4, 4, 5, 8, 5, 5]

Unique id : 137, dataset size : 326
Communication time : 24063, Computation time per batch : 625, Training time : 82501
['0:0.31%', '1:0.00%', '2:0.00%', '3:0.00%', '4:0.61%', '5:1.53%', '6:0.31%', '7:0.61%', '8:96.63%', '9:0.00%']
Divergence : jsd 0.6743, tvd 0.8663
labels from the first batch :[8, 8, 8, 8, 8, 8, 8, 8, 8, 8, 8, 8, 4, 8, 8, 8, 8, 8, 8, 8, 8, 8, 8, 8, 8, 8, 8, 8, 8, 8, 8, 8]

Unique id : 138, dataset size : 406
Communication time : 1926354, Computation time per batch : 4982, Training time : 4176538
['0:3.45%', '1:1.23%', '2:0.00%', '3:4.19%', '4:68.72%', '5:0.00%', '6:20.69%', '7:1.23%', '8:0.49%', '9:0.00%']
Divergence : jsd 0.4564, tvd 0.6941
labels from the first batch :[4, 4, 4, 4, 8, 4, 3, 3, 4, 4, 4, 4, 6, 4, 6, 6, 4, 4, 6, 4, 4, 4, 4, 4, 4, 4, 4, 4, 4, 6, 4, 4]

Unique id : 139, dataset size : 6
Communication time : 27547, Computation time per batch : 548, Training time : 57834
['0:33.33%', '1:0.00%', '2:0.00%', '3:0.00%', '4:0.00%', '5:0.00%', '6:16.67%', '7:50.00%', '8:0.00%', '9:0.00%']
Divergence : jsd 0.5089, tvd 0.7000
labels from the first batch :[0, 0, 6, 7, 7, 7]

Unique id : 140, dataset size : 27
Communication time : 22044, Computation time per batch : 69, Training time : 44433
['0:51.85%', '1:0.00%', '2:0.00%', '3:0.00%', '4:0.00%', '5:18.52%', '6:25.93%', '7:0.00%', '8:3.70%', '9:0.00%']
Divergence : jsd 0.4584, tvd 0.6630
labels from the first batch :[8, 0, 0, 6, 0, 0, 6, 6, 0, 0, 6, 5, 6, 0, 5, 6, 5, 5, 5, 0, 0, 0, 0, 0, 0, 0, 6]

Unique id : 141, dataset size : 45
Communication time : 26548, Computation time per batch : 72, Training time : 53816
['0:86.67%', '1:2.22%', '2:0.00%', '3:0.00%', '4:0.00%', '5:0.00%', '6:0.00%', '7:0.00%', '8:11.11%', '9:0.00%']
Divergence : jsd 0.6209, tvd 0.7778
labels from the first batch :[0, 0, 8, 0, 0, 0, 0, 0, 0, 0, 0, 0, 0, 8, 0, 8, 0, 0, 0, 0, 0, 8, 0, 0, 0, 8, 0, 0, 0, 0, 0, 0]

Unique id : 142, dataset size : 97
Communication time : 2173, Computation time per batch : 27, Training time : 4886
['0:0.00%', '1:1.03%', '2:11.34%', '3:0.00%', '4:0.00%', '5:37.11%', '6:1.03%', '7:17.53%', '8:31.96%', '9:0.00%']
Divergence : jsd 0.3722, tvd 0.5794
labels from the first batch :[5, 5, 5, 2, 7, 2, 8, 5, 2, 8, 5, 7, 8, 5, 5, 2, 8, 5, 5, 5, 7, 8, 5, 8, 8, 5, 5, 5, 7, 5, 8, 2]

Unique id : 143, dataset size : 373
Communication time : 665, Computation time per batch : 9, Training time : 1870
['0:22.52%', '1:0.00%', '2:0.00%', '3:9.12%', '4:0.00%', '5:0.27%', '6:0.00%', '7:0.00%', '8:67.83%', '9:0.27%']
Divergence : jsd 0.5266, tvd 0.7035
labels from the first batch :[8, 0, 8, 0, 8, 3, 8, 0, 8, 8, 8, 8, 8, 8, 0, 8, 8, 8, 0, 8, 0, 3, 8, 8, 8, 0, 8, 8, 8, 8, 8, 3]

Unique id : 144, dataset size : 159
Communication time : 922, Computation time per batch : 11, Training time : 2119
['0:1.26%', '1:0.63%', '2:1.26%', '3:0.63%', '4:1.26%', '5:93.08%', '6:1.89%', '7:0.00%', '8:0.00%', '9:0.00%']
Divergence : jsd 0.6059, tvd 0.8308
labels from the first batch :[5, 5, 5, 5, 5, 5, 0, 5, 5, 5, 5, 1, 5, 5, 5, 5, 5, 5, 5, 5, 5, 5, 5, 5, 5, 5, 5, 5, 5, 5, 5, 5]

Unique id : 145, dataset size : 276
Communication time : 24492, Computation time per batch : 70, Training time : 52134
['0:80.07%', '1:1.81%', '2:0.00%', '3:0.00%', '4:0.00%', '5:10.14%', '6:0.00%', '7:0.36%', '8:7.61%', '9:0.00%']
Divergence : jsd 0.5380, tvd 0.7022
labels from the first batch :[0, 8, 5, 0, 0, 0, 5, 0, 0, 0, 0, 0, 8, 5, 0, 1, 0, 0, 0, 0, 0, 0, 0, 0, 0, 0, 0, 0, 0, 0, 0, 0]

Unique id : 146, dataset size : 235
Communication time : 2193, Computation time per batch : 24, Training time : 5346
['0:37.45%', '1:0.00%', '2:48.51%', '3:13.19%', '4:0.85%', '5:0.00%', '6:0.00%', '7:0.00%', '8:0.00%', '9:0.00%']
Divergence : jsd 0.4948, tvd 0.6915
labels from the first batch :[2, 3, 0, 3, 2, 0, 0, 3, 2, 2, 0, 2, 0, 0, 2, 0, 2, 2, 0, 0, 2, 2, 2, 2, 0, 0, 0, 0, 0, 0, 2, 0]

Unique id : 147, dataset size : 33
Communication time : 928, Computation time per batch : 9, Training time : 1946
['0:0.00%', '1:0.00%', '2:0.00%', '3:0.00%', '4:51.52%', '5:0.00%', '6:0.00%', '7:0.00%', '8:6.06%', '9:42.42%']
Divergence : jsd 0.5420, tvd 0.7394
labels from the first batch :[9, 9, 9, 9, 9, 4, 4, 4, 4, 9, 4, 4, 4, 4, 9, 8, 9, 8, 4, 9, 4, 4, 9, 9, 9, 4, 9, 4, 4, 4, 9, 4]

Unique id : 148, dataset size : 17
Communication time : 21265, Computation time per batch : 65, Training time : 42855
['0:0.00%', '1:0.00%', '2:0.00%', '3:11.76%', '4:0.00%', '5:64.71%', '6:0.00%', '7:0.00%', '8:23.53%', '9:0.00%']
Divergence : jsd 0.5322, tvd 0.7000
labels from the first batch :[8, 5, 8, 5, 8, 3, 5, 3, 5, 8, 5, 5, 5, 5, 5, 5, 5]

Unique id : 149, dataset size : 234
Communication time : 21845, Computation time per batch : 641, Training time : 69330
['0:0.00%', '1:0.00%', '2:0.00%', '3:52.56%', '4:38.46%', '5:0.00%', '6:0.00%', '7:0.00%', '8:0.00%', '9:8.97%']
Divergence : jsd 0.5291, tvd 0.7103
labels from the first batch :[3, 4, 3, 4, 4, 3, 4, 4, 3, 3, 4, 4, 3, 3, 3, 4, 4, 3, 4, 4, 3, 4, 3, 4, 3, 3, 3, 3, 3, 4, 4, 4]

Unique id : 150, dataset size : 29
Communication time : 24373, Computation time per batch : 676, Training time : 52126
['0:24.14%', '1:3.45%', '2:0.00%', '3:68.97%', '4:0.00%', '5:0.00%', '6:0.00%', '7:3.45%', '8:0.00%', '9:0.00%']
Divergence : jsd 0.5242, tvd 0.7310
labels from the first batch :[3, 3, 1, 3, 0, 0, 0, 3, 3, 3, 3, 3, 3, 3, 0, 3, 3, 3, 0, 3, 0, 0, 3, 3, 3, 7, 3, 3, 3]

Unique id : 151, dataset size : 346
Communication time : 2615, Computation time per batch : 21, Training time : 6385
['0:0.00%', '1:0.00%', '2:0.87%', '3:0.00%', '4:0.00%', '5:0.00%', '6:76.59%', '7:22.25%', '8:0.00%', '9:0.29%']
Divergence : jsd 0.6011, tvd 0.7884
labels from the first batch :[6, 6, 6, 6, 6, 6, 6, 6, 6, 6, 6, 6, 6, 7, 6, 6, 6, 6, 6, 7, 6, 6, 6, 6, 6, 6, 6, 7, 6, 6, 7, 6]

Unique id : 152, dataset size : 56
Communication time : 20030, Computation time per batch : 573, Training time : 45790
['0:0.00%', '1:0.00%', '2:0.00%', '3:1.79%', '4:0.00%', '5:32.14%', '6:53.57%', '7:0.00%', '8:0.00%', '9:12.50%']
Divergence : jsd 0.4862, tvd 0.6821
labels from the first batch :[5, 9, 6, 6, 6, 6, 5, 6, 9, 9, 5, 6, 6, 5, 5, 6, 6, 6, 6, 5, 6, 6, 6, 5, 6, 5, 5, 6, 6, 6, 6, 6]

Unique id : 153, dataset size : 378
Communication time : 2716900, Computation time per batch : 5246, Training time : 5748560
['0:91.53%', '1:0.00%', '2:0.26%', '3:0.00%', '4:0.00%', '5:0.00%', '6:8.20%', '7:0.00%', '8:0.00%', '9:0.00%']
Divergence : jsd 0.6651, tvd 0.8153
labels from the first batch :[0, 6, 0, 0, 0, 0, 0, 0, 0, 0, 0, 0, 6, 0, 0, 0, 0, 0, 0, 0, 0, 0, 0, 6, 0, 0, 0, 0, 0, 0, 0, 6]

Unique id : 154, dataset size : 5
Communication time : 2351, Computation time per batch : 26, Training time : 4832
['0:0.00%', '1:0.00%', '2:0.00%', '3:0.00%', '4:0.00%', '5:20.00%', '6:0.00%', '7:0.00%', '8:0.00%', '9:80.00%']
Divergence : jsd 0.6358, tvd 0.8000
labels from the first batch :[9, 9, 9, 9, 5]

Unique id : 155, dataset size : 137
Communication time : 2495, Computation time per batch : 28, Training time : 5690
['0:0.00%', '1:0.00%', '2:35.04%', '3:0.00%', '4:0.73%', '5:0.00%', '6:0.00%', '7:0.00%', '8:64.23%', '9:0.00%']
Divergence : jsd 0.5971, tvd 0.7927
labels from the first batch :[8, 4, 8, 8, 8, 2, 2, 8, 8, 8, 8, 8, 2, 8, 8, 2, 8, 2, 8, 2, 8, 8, 2, 2, 8, 8, 8, 8, 8, 8, 2, 8]

Unique id : 156, dataset size : 66
Communication time : 2501, Computation time per batch : 29, Training time : 5437
['0:28.79%', '1:3.03%', '2:46.97%', '3:7.58%', '4:13.64%', '5:0.00%', '6:0.00%', '7:0.00%', '8:0.00%', '9:0.00%']
Divergence : jsd 0.3956, tvd 0.5939
labels from the first batch :[0, 4, 2, 3, 2, 0, 0, 4, 2, 2, 0, 3, 2, 2, 4, 2, 0, 0, 2, 2, 2, 0, 2, 4, 1, 2, 1, 0, 2, 0, 2, 2]

Unique id : 157, dataset size : 1
Communication time : 2686, Computation time per batch : 20, Training time : 5472
['0:0.00%', '1:0.00%', '2:0.00%', '3:0.00%', '4:0.00%', '5:0.00%', '6:0.00%', '7:0.00%', '8:100.00%', '9:0.00%']
Divergence : jsd 0.7583, tvd 0.9000
labels from the first batch :[8]

Unique id : 158, dataset size : 318
Communication time : 2753, Computation time per batch : 26, Training time : 6806
['0:0.00%', '1:64.78%', '2:13.52%', '3:0.63%', '4:0.00%', '5:10.06%', '6:10.69%', '7:0.00%', '8:0.00%', '9:0.31%']
Divergence : jsd 0.4410, tvd 0.5906
labels from the first batch :[3, 1, 2, 6, 2, 1, 1, 1, 1, 1, 1, 2, 1, 1, 2, 1, 5, 1, 1, 2, 2, 3, 1, 1, 1, 5, 1, 6, 5, 1, 1, 1]

Unique id : 159, dataset size : 377
Communication time : 2442300, Computation time per batch : 4447, Training time : 5151420
['0:29.44%', '1:0.53%', '2:0.00%', '3:0.00%', '4:0.00%', '5:17.77%', '6:8.49%', '7:19.36%', '8:20.95%', '9:3.45%']
Divergence : jsd 0.2693, tvd 0.4753
labels from the first batch :[0, 8, 7, 8, 9, 8, 8, 8, 5, 7, 7, 7, 6, 8, 8, 5, 8, 7, 0, 7, 0, 6, 0, 0, 7, 8, 0, 6, 5, 0, 0, 9]

Unique id : 160, dataset size : 378
Communication time : 954, Computation time per batch : 8, Training time : 2388
['0:0.00%', '1:45.24%', '2:0.00%', '3:4.23%', '4:0.00%', '5:50.53%', '6:0.00%', '7:0.00%', '8:0.00%', '9:0.00%']
Divergence : jsd 0.5534, tvd 0.7577
labels from the first batch :[5, 5, 3, 1, 1, 5, 5, 1, 1, 5, 1, 1, 5, 5, 1, 1, 1, 5, 5, 5, 5, 1, 5, 5, 1, 1, 1, 1, 5, 1, 5, 1]

Unique id : 161, dataset size : 83
Communication time : 25483, Computation time per batch : 698, Training time : 61436
['0:77.11%', '1:0.00%', '2:0.00%', '3:0.00%', '4:0.00%', '5:0.00%', '6:6.02%', '7:16.87%', '8:0.00%', '9:0.00%']
Divergence : jsd 0.5716, tvd 0.7398
labels from the first batch :[7, 7, 0, 0, 0, 7, 0, 0, 0, 6, 0, 0, 0, 0, 6, 6, 0, 0, 7, 0, 0, 0, 0, 7, 0, 0, 0, 7, 0, 7, 0, 0]

Unique id : 162, dataset size : 306
Communication time : 2312478, Computation time per batch : 4401, Training time : 4845006
['0:0.00%', '1:18.30%', '2:18.95%', '3:2.61%', '4:0.33%', '5:0.98%', '6:1.96%', '7:0.00%', '8:3.27%', '9:53.59%']
Divergence : jsd 0.3606, tvd 0.6085
labels from the first batch :[2, 9, 9, 9, 1, 6, 9, 2, 1, 6, 1, 9, 1, 5, 2, 1, 9, 1, 1, 9, 9, 9, 9, 9, 9, 9, 1, 9, 9, 2, 2, 9]

Unique id : 163, dataset size : 28
Communication time : 23135, Computation time per batch : 482, Training time : 48680
['0:50.00%', '1:28.57%', '2:7.14%', '3:0.00%', '4:0.00%', '5:0.00%', '6:0.00%', '7:7.14%', '8:0.00%', '9:7.14%']
Divergence : jsd 0.3938, tvd 0.5857
labels from the first batch :[0, 0, 1, 1, 1, 0, 0, 7, 0, 1, 1, 0, 0, 0, 0, 0, 1, 0, 2, 1, 0, 0, 1, 9, 7, 9, 2, 0]

Unique id : 164, dataset size : 13
Communication time : 24477, Computation time per batch : 656, Training time : 52234
['0:0.00%', '1:0.00%', '2:0.00%', '3:69.23%', '4:0.00%', '5:15.38%', '6:0.00%', '7:15.38%', '8:0.00%', '9:0.00%']
Divergence : jsd 0.5378, tvd 0.7000
labels from the first batch :[3, 3, 3, 5, 3, 3, 7, 3, 5, 3, 7, 3, 3]

Unique id : 165, dataset size : 558
Communication time : 2359, Computation time per batch : 28, Training time : 7238
['0:0.00%', '1:0.36%', '2:0.00%', '3:86.38%', '4:0.00%', '5:0.00%', '6:9.86%', '7:3.41%', '8:0.00%', '9:0.00%']
Divergence : jsd 0.6030, tvd 0.7638
labels from the first batch :[3, 3, 3, 3, 3, 3, 3, 3, 6, 3, 3, 3, 3, 3, 3, 3, 3, 3, 3, 3, 3, 3, 3, 3, 3, 3, 3, 3, 3, 3, 3, 3]

Unique id : 166, dataset size : 650
Communication time : 2209426, Computation time per batch : 4751, Training time : 4917707
['0:6.77%', '1:0.00%', '2:0.00%', '3:0.00%', '4:0.00%', '5:92.15%', '6:0.00%', '7:1.08%', '8:0.00%', '9:0.00%']
Divergence : jsd 0.6568, tvd 0.8215
labels from the first batch :[5, 5, 5, 5, 7, 5, 5, 5, 5, 0, 5, 5, 5, 5, 5, 5, 5, 5, 5, 0, 5, 5, 5, 5, 5, 5, 5, 5, 5, 5, 5, 5]

Unique id : 167, dataset size : 81
Communication time : 20458, Computation time per batch : 527, Training time : 48821
['0:83.95%', '1:0.00%', '2:0.00%', '3:0.00%', '4:7.41%', '5:8.64%', '6:0.00%', '7:0.00%', '8:0.00%', '9:0.00%']
Divergence : jsd 0.5918, tvd 0.7395
labels from the first batch :[4, 0, 0, 0, 0, 0, 0, 0, 0, 0, 0, 0, 0, 0, 0, 0, 0, 0, 0, 0, 0, 0, 0, 0, 0, 0, 0, 0, 0, 4, 5, 0]

Unique id : 168, dataset size : 687
Communication time : 27689, Computation time per batch : 682, Training time : 130398
['0:0.15%', '1:0.00%', '2:0.00%', '3:0.00%', '4:96.65%', '5:1.60%', '6:0.00%', '7:0.00%', '8:1.60%', '9:0.00%']
Divergence : jsd 0.6879, tvd 0.8665
labels from the first batch :[4, 4, 4, 4, 4, 4, 4, 4, 4, 8, 4, 5, 4, 4, 4, 4, 4, 4, 4, 4, 4, 4, 4, 4, 4, 4, 4, 4, 4, 4, 4, 4]

Unique id : 169, dataset size : 4
Communication time : 780, Computation time per batch : 11, Training time : 1615
['0:0.00%', '1:50.00%', '2:25.00%', '3:0.00%', '4:0.00%', '5:0.00%', '6:25.00%', '7:0.00%', '8:0.00%', '9:0.00%']
Divergence : jsd 0.5029, tvd 0.7000
labels from the first batch :[2, 1, 1, 6]

Unique id : 170, dataset size : 96
Communication time : 20040, Computation time per batch : 75, Training time : 41205
['0:0.00%', '1:0.00%', '2:0.00%', '3:0.00%', '4:0.00%', '5:0.00%', '6:0.00%', '7:98.96%', '8:1.04%', '9:0.00%']
Divergence : jsd 0.7341, tvd 0.8896
labels from the first batch :[7, 7, 7, 7, 7, 7, 7, 7, 7, 7, 7, 7, 7, 7, 7, 7, 7, 7, 7, 7, 7, 7, 7, 7, 7, 7, 7, 7, 7, 7, 7, 7]

Unique id : 171, dataset size : 866
Communication time : 1994, Computation time per batch : 21, Training time : 6928
['0:0.00%', '1:0.00%', '2:72.17%', '3:0.00%', '4:27.37%', '5:0.12%', '6:0.00%', '7:0.00%', '8:0.00%', '9:0.35%']
Divergence : jsd 0.6084, tvd 0.7954
labels from the first batch :[2, 2, 4, 4, 2, 2, 2, 2, 2, 2, 4, 2, 2, 2, 2, 2, 2, 2, 2, 2, 2, 2, 4, 2, 4, 4, 2, 4, 4, 2, 2, 2]

Unique id : 172, dataset size : 63
Communication time : 21486, Computation time per batch : 588, Training time : 48852
['0:0.00%', '1:1.59%', '2:0.00%', '3:6.35%', '4:1.59%', '5:0.00%', '6:0.00%', '7:0.00%', '8:4.76%', '9:85.71%']
Divergence : jsd 0.5563, tvd 0.7571
labels from the first batch :[9, 9, 9, 9, 3, 9, 9, 9, 9, 9, 9, 8, 9, 3, 9, 9, 9, 9, 9, 9, 9, 9, 9, 9, 9, 9, 9, 9, 1, 9, 9, 3]

Unique id : 173, dataset size : 32
Communication time : 19964, Computation time per batch : 77, Training time : 40313
['0:0.00%', '1:12.50%', '2:0.00%', '3:6.25%', '4:15.62%', '5:12.50%', '6:3.12%', '7:50.00%', '8:0.00%', '9:0.00%']
Divergence : jsd 0.3283, tvd 0.5062
labels from the first batch :[7, 6, 5, 3, 7, 7, 4, 7, 7, 7, 4, 7, 1, 7, 7, 7, 7, 7, 5, 7, 1, 1, 5, 4, 7, 7, 4, 7, 3, 1, 4, 5]

Unique id : 174, dataset size : 119
Communication time : 2762, Computation time per batch : 23, Training time : 5984
['0:1.68%', '1:0.84%', '2:84.03%', '3:0.00%', '4:0.00%', '5:0.00%', '6:0.00%', '7:0.00%', '8:11.76%', '9:1.68%']
Divergence : jsd 0.5711, tvd 0.7580
labels from the first batch :[2, 2, 2, 2, 2, 2, 2, 8, 2, 2, 2, 2, 2, 2, 2, 2, 2, 2, 2, 2, 2, 2, 2, 2, 2, 2, 2, 2, 2, 2, 2, 2]

Unique id : 175, dataset size : 386
Communication time : 25805, Computation time per batch : 58, Training time : 55380
['0:0.00%', '1:8.29%', '2:0.00%', '3:3.63%', '4:0.00%', '5:2.59%', '6:0.00%', '7:5.44%', '8:0.78%', '9:79.27%']
Divergence : jsd 0.4877, tvd 0.6927
labels from the first batch :[9, 3, 9, 9, 9, 9, 1, 9, 8, 9, 1, 9, 9, 9, 8, 9, 9, 9, 9, 9, 8, 3, 1, 9, 9, 9, 9, 9, 9, 9, 9, 9]

Unique id : 176, dataset size : 44
Communication time : 2670, Computation time per batch : 24, Training time : 5580
['0:0.00%', '1:9.09%', '2:0.00%', '3:81.82%', '4:0.00%', '5:0.00%', '6:9.09%', '7:0.00%', '8:0.00%', '9:0.00%']
Divergence : jsd 0.5814, tvd 0.7182
labels from the first batch :[3, 3, 3, 3, 3, 6, 3, 3, 1, 3, 3, 3, 3, 3, 3, 3, 3, 3, 3, 1, 3, 3, 3, 3, 3, 3, 6, 1, 6, 3, 3, 3]

Unique id : 177, dataset size : 356
Communication time : 2210, Computation time per batch : 28, Training time : 6100
['0:0.00%', '1:67.13%', '2:0.00%', '3:0.00%', '4:2.53%', '5:30.34%', '6:0.00%', '7:0.00%', '8:0.00%', '9:0.00%']
Divergence : jsd 0.5770, tvd 0.7747
labels from the first batch :[1, 1, 5, 4, 1, 1, 5, 5, 5, 5, 5, 4, 5, 5, 5, 4, 1, 1, 1, 1, 1, 5, 1, 5, 1, 1, 1, 1, 1, 1, 5, 5]

Unique id : 178, dataset size : 97
Communication time : 2373, Computation time per batch : 28, Training time : 5306
['0:1.03%', '1:0.00%', '2:0.00%', '3:0.00%', '4:86.60%', '5:0.00%', '6:10.31%', '7:2.06%', '8:0.00%', '9:0.00%']
Divergence : jsd 0.6021, tvd 0.7691
labels from the first batch :[4, 4, 4, 4, 4, 4, 4, 6, 4, 4, 4, 4, 4, 4, 4, 4, 4, 4, 4, 4, 4, 4, 6, 4, 6, 4, 4, 4, 4, 4, 4, 4]

Unique id : 179, dataset size : 113
Communication time : 2298, Computation time per batch : 26, Training time : 5116
['0:4.42%', '1:51.33%', '2:0.00%', '3:0.00%', '4:0.00%', '5:0.00%', '6:0.88%', '7:43.36%', '8:0.00%', '9:0.00%']
Divergence : jsd 0.5313, tvd 0.7469
labels from the first batch :[0, 7, 7, 7, 1, 7, 1, 7, 1, 1, 1, 1, 1, 1, 0, 1, 7, 1, 1, 1, 7, 7, 1, 7, 1, 7, 1, 7, 1, 7, 7, 7]

Unique id : 180, dataset size : 118
Communication time : 2824, Computation time per batch : 21, Training time : 6068
['0:0.00%', '1:70.34%', '2:0.00%', '3:0.00%', '4:29.66%', '5:0.00%', '6:0.00%', '7:0.00%', '8:0.00%', '9:0.00%']
Divergence : jsd 0.6207, tvd 0.8000
labels from the first batch :[1, 1, 1, 1, 1, 4, 1, 4, 4, 1, 1, 1, 1, 1, 1, 1, 1, 1, 1, 1, 1, 1, 1, 1, 1, 4, 4, 1, 1, 1, 1, 4]

Unique id : 181, dataset size : 59
Communication time : 1999, Computation time per batch : 23, Training time : 4228
['0:0.00%', '1:3.39%', '2:0.00%', '3:0.00%', '4:0.00%', '5:69.49%', '6:22.03%', '7:0.00%', '8:3.39%', '9:1.69%']
Divergence : jsd 0.4954, tvd 0.7153
labels from the first batch :[6, 5, 5, 5, 5, 6, 5, 5, 5, 5, 6, 5, 6, 6, 6, 5, 6, 6, 5, 5, 1, 9, 6, 5, 5, 6, 5, 5, 6, 5, 8, 5]

Unique id : 182, dataset size : 158
Communication time : 723, Computation time per batch : 11, Training time : 1721
['0:0.00%', '1:0.00%', '2:0.00%', '3:0.00%', '4:0.00%', '5:0.00%', '6:94.94%', '7:0.00%', '8:5.06%', '9:0.00%']
Divergence : jsd 0.6925, tvd 0.8494
labels from the first batch :[6, 6, 6, 6, 6, 6, 6, 6, 6, 6, 6, 6, 6, 6, 6, 8, 6, 6, 6, 6, 6, 6, 6, 6, 6, 6, 6, 6, 8, 6, 8, 6]

Unique id : 183, dataset size : 808
Communication time : 2213, Computation time per batch : 29, Training time : 8196
['0:0.00%', '1:0.00%', '2:42.70%', '3:0.00%', '4:5.69%', '5:8.66%', '6:0.00%', '7:0.00%', '8:0.74%', '9:42.20%']
Divergence : jsd 0.4448, tvd 0.6490
labels from the first batch :[2, 9, 2, 9, 9, 9, 9, 9, 2, 2, 9, 9, 2, 9, 5, 2, 2, 2, 2, 9, 2, 2, 9, 2, 2, 2, 2, 9, 2, 2, 2, 2]

Unique id : 184, dataset size : 122
Communication time : 27662, Computation time per batch : 83, Training time : 56984
['0:3.28%', '1:0.00%', '2:64.75%', '3:0.00%', '4:0.00%', '5:18.85%', '6:13.11%', '7:0.00%', '8:0.00%', '9:0.00%']
Divergence : jsd 0.4859, tvd 0.6672
labels from the first batch :[2, 2, 2, 6, 2, 2, 2, 6, 5, 2, 2, 2, 2, 2, 2, 5, 2, 5, 2, 2, 5, 2, 2, 0, 2, 2, 2, 2, 2, 5, 2, 2]

Unique id : 185, dataset size : 11
Communication time : 26397, Computation time per batch : 73, Training time : 53159
['0:0.00%', '1:0.00%', '2:9.09%', '3:0.00%', '4:81.82%', '5:0.00%', '6:0.00%', '7:0.00%', '8:9.09%', '9:0.00%']
Divergence : jsd 0.5814, tvd 0.7182
labels from the first batch :[4, 8, 4, 4, 4, 4, 4, 4, 4, 4, 2]

Unique id : 186, dataset size : 190
Communication time : 889, Computation time per batch : 8, Training time : 2018
['0:0.00%', '1:2.11%', '2:5.26%', '3:31.58%', '4:48.95%', '5:6.32%', '6:0.00%', '7:0.00%', '8:5.79%', '9:0.00%']
Divergence : jsd 0.3763, tvd 0.6053
labels from the first batch :[3, 4, 4, 4, 5, 4, 3, 5, 1, 4, 8, 4, 3, 3, 4, 4, 3, 4, 8, 2, 4, 2, 5, 3, 2, 3, 3, 3, 4, 3, 3, 3]

Unique id : 187, dataset size : 1137
Communication time : 2208, Computation time per batch : 26, Training time : 9096
['0:1.58%', '1:41.60%', '2:5.45%', '3:0.00%', '4:0.00%', '5:0.00%', '6:1.06%', '7:47.32%', '8:2.99%', '9:0.00%']
Divergence : jsd 0.4442, tvd 0.6892
labels from the first batch :[1, 7, 8, 7, 7, 1, 7, 1, 8, 2, 7, 7, 1, 1, 1, 1, 1, 1, 1, 1, 7, 7, 7, 1, 7, 1, 7, 1, 7, 1, 7, 7]

Unique id : 188, dataset size : 142
Communication time : 775, Computation time per batch : 11, Training time : 1825
['0:87.32%', '1:4.23%', '2:0.00%', '3:0.00%', '4:0.00%', '5:0.70%', '6:2.82%', '7:0.00%', '8:4.93%', '9:0.00%']
Divergence : jsd 0.5694, tvd 0.7732
labels from the first batch :[0, 0, 0, 0, 0, 0, 0, 0, 0, 0, 0, 0, 0, 0, 0, 0, 0, 6, 0, 0, 0, 0, 0, 0, 0, 0, 0, 0, 0, 0, 1, 0]

Unique id : 189, dataset size : 137
Communication time : 24852, Computation time per batch : 80, Training time : 51704
['0:0.00%', '1:6.57%', '2:5.84%', '3:78.83%', '4:0.00%', '5:0.00%', '6:4.38%', '7:0.00%', '8:4.38%', '9:0.00%']
Divergence : jsd 0.4915, tvd 0.6883
labels from the first batch :[3, 3, 3, 3, 1, 3, 3, 3, 3, 1, 2, 1, 3, 3, 6, 3, 3, 6, 2, 3, 3, 3, 3, 3, 3, 3, 8, 3, 3, 3, 3, 3]

Unique id : 190, dataset size : 462
Communication time : 2000, Computation time per batch : 23, Training time : 5725
['0:0.00%', '1:0.43%', '2:0.22%', '3:4.55%', '4:39.61%', '5:0.00%', '6:55.19%', '7:0.00%', '8:0.00%', '9:0.00%']
Divergence : jsd 0.5329, tvd 0.7481
labels from the first batch :[4, 4, 4, 4, 4, 4, 4, 6, 6, 6, 4, 4, 6, 6, 4, 6, 6, 4, 6, 4, 6, 3, 4, 6, 6, 6, 4, 4, 6, 4, 6, 6]

Unique id : 191, dataset size : 22
Communication time : 2598, Computation time per batch : 27, Training time : 5331
['0:45.45%', '1:0.00%', '2:0.00%', '3:0.00%', '4:0.00%', '5:0.00%', '6:27.27%', '7:4.55%', '8:0.00%', '9:22.73%']
Divergence : jsd 0.4444, tvd 0.6545
labels from the first batch :[0, 0, 0, 6, 0, 9, 6, 6, 9, 9, 7, 9, 6, 6, 0, 0, 9, 0, 0, 0, 0, 6]

Unique id : 192, dataset size : 325
Communication time : 20308, Computation time per batch : 68, Training time : 44356
['0:0.00%', '1:0.00%', '2:0.62%', '3:4.92%', '4:0.00%', '5:0.00%', '6:0.00%', '7:0.00%', '8:92.31%', '9:2.15%']
Divergence : jsd 0.6376, tvd 0.8231
labels from the first batch :[8, 3, 8, 3, 8, 8, 8, 8, 8, 8, 8, 8, 8, 8, 8, 8, 8, 8, 8, 8, 8, 8, 3, 8, 8, 8, 8, 8, 8, 8, 8, 8]

Unique id : 193, dataset size : 111
Communication time : 23865, Computation time per batch : 699, Training time : 61710
['0:2.70%', '1:0.00%', '2:0.00%', '3:0.00%', '4:36.04%', '5:0.00%', '6:0.00%', '7:60.36%', '8:0.00%', '9:0.90%']
Divergence : jsd 0.5489, tvd 0.7640
labels from the first batch :[7, 4, 7, 4, 7, 4, 7, 7, 7, 7, 7, 4, 7, 4, 0, 7, 4, 7, 7, 7, 7, 7, 4, 7, 7, 4, 7, 7, 4, 4, 4, 7]

Unique id : 194, dataset size : 210
Communication time : 2063681, Computation time per batch : 5851, Training time : 4332147
['0:0.00%', '1:0.00%', '2:10.00%', '3:0.48%', '4:0.00%', '5:0.00%', '6:9.52%', '7:0.00%', '8:0.00%', '9:80.00%']
Divergence : jsd 0.5620, tvd 0.7000
labels from the first batch :[9, 2, 9, 9, 9, 9, 6, 6, 9, 9, 9, 9, 9, 9, 9, 9, 9, 2, 6, 9, 6, 9, 6, 9, 9, 9, 2, 9, 9, 9, 2, 2]

Unique id : 195, dataset size : 101
Communication time : 2379, Computation time per batch : 23, Training time : 5218
['0:0.00%', '1:0.00%', '2:0.00%', '3:0.00%', '4:0.00%', '5:0.00%', '6:0.00%', '7:89.11%', '8:8.91%', '9:1.98%']
Divergence : jsd 0.6331, tvd 0.7911
labels from the first batch :[7, 7, 7, 7, 7, 8, 7, 7, 7, 7, 8, 7, 7, 7, 7, 7, 7, 7, 7, 7, 7, 7, 7, 7, 7, 8, 7, 7, 7, 7, 7, 7]

Unique id : 196, dataset size : 208
Communication time : 22911, Computation time per batch : 576, Training time : 65982
['0:0.00%', '1:0.48%', '2:0.00%', '3:19.23%', '4:3.37%', '5:1.92%', '6:13.94%', '7:61.06%', '8:0.00%', '9:0.00%']
Divergence : jsd 0.4325, tvd 0.6423
labels from the first batch :[7, 6, 7, 7, 7, 7, 7, 6, 3, 7, 3, 7, 7, 7, 3, 7, 7, 7, 6, 7, 7, 6, 7, 6, 3, 7, 6, 7, 6, 7, 7, 7]

Unique id : 197, dataset size : 928
Communication time : 20979, Computation time per batch : 544, Training time : 120838
['0:41.06%', '1:14.44%', '2:0.00%', '3:0.65%', '4:0.22%', '5:9.70%', '6:2.48%', '7:0.00%', '8:0.00%', '9:31.47%']
Divergence : jsd 0.3649, tvd 0.5696
labels from the first batch :[0, 9, 1, 0, 0, 6, 9, 0, 0, 1, 0, 9, 5, 0, 1, 1, 0, 0, 1, 0, 9, 5, 0, 0, 0, 0, 9, 0, 5, 0, 0, 9]

Unique id : 198, dataset size : 108
Communication time : 20991, Computation time per batch : 70, Training time : 43382
['0:0.00%', '1:0.93%', '2:1.85%', '3:0.00%', '4:3.70%', '5:92.59%', '6:0.00%', '7:0.93%', '8:0.00%', '9:0.00%']
Divergence : jsd 0.6231, tvd 0.8259
labels from the first batch :[5, 5, 5, 5, 5, 5, 5, 5, 5, 5, 5, 5, 5, 5, 5, 5, 5, 5, 5, 5, 5, 5, 5, 5, 5, 4, 4, 5, 5, 5, 5, 5]

Unique id : 199, dataset size : 91
Communication time : 2231, Computation time per batch : 27, Training time : 4867
['0:1.10%', '1:1.10%', '2:1.10%', '3:6.59%', '4:1.10%', '5:2.20%', '6:4.40%', '7:74.73%', '8:6.59%', '9:1.10%']
Divergence : jsd 0.3826, tvd 0.6473
labels from the first batch :[6, 8, 7, 7, 7, 7, 7, 7, 7, 7, 6, 7, 7, 7, 7, 7, 7, 3, 5, 7, 7, 7, 7, 7, 8, 5, 7, 7, 7, 7, 7, 8]

