Cluster 0 with 10 clients
Cluster communication time : 800
Cluster clients : [20, 21, 22, 23, 24, 50, 51, 52, 53, 54]
Straggler within the cluster : 300
Label percentage: ['0 : 0.64%', '1 : 0.46%', '2 : 0.50%', '3 : 0.56%', '4 : 47.82%', '5 : 0.62%', '6 : 0.54%', '7 : 47.76%', '8 : 0.52%', '9 : 0.58%']%
Divergence : jsd 0.4911, tvd 0.7558

Cluster 1 with 10 clients
Cluster communication time : 800
Cluster clients : [25, 26, 27, 28, 29, 55, 56, 57, 58, 59]
Straggler within the cluster : 300
Label percentage: ['0 : 0.48%', '1 : 0.66%', '2 : 0.62%', '3 : 0.56%', '4 : 47.70%', '5 : 0.50%', '6 : 0.58%', '7 : 47.76%', '8 : 0.60%', '9 : 0.54%']%
Divergence : jsd 0.4886, tvd 0.7546

Cluster 2 with 10 clients
Cluster communication time : 800
Cluster clients : [30, 31, 32, 33, 34, 80, 81, 82, 83, 84]
Straggler within the cluster : 300
Label percentage: ['0 : 0.50%', '1 : 47.86%', '2 : 0.52%', '3 : 0.62%', '4 : 0.56%', '5 : 47.74%', '6 : 0.68%', '7 : 0.52%', '8 : 0.52%', '9 : 0.48%']%
Divergence : jsd 0.4914, tvd 0.7560

Cluster 3 with 10 clients
Cluster communication time : 800
Cluster clients : [35, 36, 37, 38, 39, 85, 86, 87, 88, 89]
Straggler within the cluster : 300
Label percentage: ['0 : 0.60%', '1 : 47.73%', '2 : 0.58%', '3 : 0.48%', '4 : 0.54%', '5 : 47.87%', '6 : 0.42%', '7 : 0.58%', '8 : 0.58%', '9 : 0.62%']%
Divergence : jsd 0.4914, tvd 0.7560

Cluster 4 with 10 clients
Cluster communication time : 800
Cluster clients : [60, 61, 62, 63, 64, 70, 71, 72, 73, 74]
Straggler within the cluster : 300
Label percentage: ['0 : 0.54%', '1 : 0.54%', '2 : 0.64%', '3 : 47.86%', '4 : 0.60%', '5 : 0.56%', '6 : 0.44%', '7 : 0.50%', '8 : 47.74%', '9 : 0.58%']%
Divergence : jsd 0.4914, tvd 0.7560

Cluster 5 with 10 clients
Cluster communication time : 800
Cluster clients : [65, 66, 67, 68, 69, 75, 76, 77, 78, 79]
Straggler within the cluster : 300
Label percentage: ['0 : 0.56%', '1 : 0.58%', '2 : 0.48%', '3 : 47.68%', '4 : 0.52%', '5 : 0.54%', '6 : 0.68%', '7 : 0.62%', '8 : 47.80%', '9 : 0.54%']%
Divergence : jsd 0.4890, tvd 0.7548

Cluster 6 with 10 clients
Cluster communication time : 800
Cluster clients : [0, 1, 2, 3, 4, 10, 11, 12, 13, 14]
Straggler within the cluster : 300
Label percentage: ['0 : 0.54%', '1 : 0.52%', '2 : 0.64%', '3 : 0.44%', '4 : 0.62%', '5 : 0.70%', '6 : 47.72%', '7 : 0.58%', '8 : 0.58%', '9 : 47.66%']%
Divergence : jsd 0.4872, tvd 0.7538

Cluster 7 with 10 clients
Cluster communication time : 800
Cluster clients : [5, 6, 7, 8, 9, 15, 16, 17, 18, 19]
Straggler within the cluster : 300
Label percentage: ['0 : 0.58%', '1 : 0.60%', '2 : 0.48%', '3 : 0.68%', '4 : 0.50%', '5 : 0.42%', '6 : 47.80%', '7 : 0.54%', '8 : 0.54%', '9 : 47.86%']%
Divergence : jsd 0.4927, tvd 0.7566

Cluster 8 with 10 clients
Cluster communication time : 800
Cluster clients : [40, 41, 42, 43, 44, 90, 91, 92, 93, 94]
Straggler within the cluster : 300
Label percentage: ['0 : 47.74%', '1 : 0.46%', '2 : 47.68%', '3 : 0.50%', '4 : 0.60%', '5 : 0.54%', '6 : 0.64%', '7 : 0.64%', '8 : 0.64%', '9 : 0.56%']%
Divergence : jsd 0.4879, tvd 0.7542

Cluster 9 with 10 clients
Cluster communication time : 800
Cluster clients : [45, 46, 47, 48, 49, 95, 96, 97, 98, 99]
Straggler within the cluster : 300
Label percentage: ['0 : 47.87%', '1 : 0.64%', '2 : 47.91%', '3 : 0.60%', '4 : 0.50%', '5 : 0.56%', '6 : 0.46%', '7 : 0.46%', '8 : 0.46%', '9 : 0.54%']%
Divergence : jsd 0.4950, tvd 0.7578

