Cluster 0 with 10 clients
Cluster communication time : 800
Cluster clients : [9, 14, 26, 36, 42, 57, 62, 77, 84, 90]
Straggler within the cluster : 300
Label percentage: ['0 : 10.04%', '1 : 10.04%', '2 : 9.98%', '3 : 9.96%', '4 : 9.92%', '5 : 10.02%', '6 : 10.00%', '7 : 9.84%', '8 : 10.10%', '9 : 10.08%']%
Divergence : jsd 0.0000, tvd 0.0029

Cluster 1 with 10 clients
Cluster communication time : 800
Cluster clients : [5, 13, 27, 31, 49, 55, 60, 72, 81, 97]
Straggler within the cluster : 300
Label percentage: ['0 : 9.90%', '1 : 10.00%', '2 : 10.08%', '3 : 10.08%', '4 : 10.00%', '5 : 9.94%', '6 : 9.98%', '7 : 10.00%', '8 : 9.94%', '9 : 10.10%']%
Divergence : jsd 0.0000, tvd 0.0025

Cluster 2 with 10 clients
Cluster communication time : 800
Cluster clients : [2, 16, 21, 34, 48, 50, 68, 73, 87, 92]
Straggler within the cluster : 300
Label percentage: ['0 : 10.06%', '1 : 9.88%', '2 : 10.00%', '3 : 9.94%', '4 : 10.02%', '5 : 10.14%', '6 : 10.06%', '7 : 9.96%', '8 : 9.96%', '9 : 10.00%']%
Divergence : jsd 0.0000, tvd 0.0027

Cluster 3 with 10 clients
Cluster communication time : 800
Cluster clients : [4, 19, 29, 35, 41, 56, 61, 75, 83, 99]
Straggler within the cluster : 300
Label percentage: ['0 : 10.02%', '1 : 9.94%', '2 : 10.08%', '3 : 9.88%', '4 : 9.92%', '5 : 10.08%', '6 : 10.12%', '7 : 9.86%', '8 : 10.10%', '9 : 10.00%']%
Divergence : jsd 0.0000, tvd 0.0040

Cluster 4 with 10 clients
Cluster communication time : 800
Cluster clients : [1, 15, 23, 30, 47, 53, 67, 74, 89, 94]
Straggler within the cluster : 300
Label percentage: ['0 : 10.06%', '1 : 10.08%', '2 : 9.84%', '3 : 9.92%', '4 : 9.94%', '5 : 10.04%', '6 : 10.02%', '7 : 10.14%', '8 : 9.96%', '9 : 10.00%']%
Divergence : jsd 0.0000, tvd 0.0034

Cluster 5 with 10 clients
Cluster communication time : 800
Cluster clients : [8, 12, 20, 38, 46, 58, 64, 71, 86, 93]
Straggler within the cluster : 300
Label percentage: ['0 : 9.96%', '1 : 10.04%', '2 : 9.90%', '3 : 10.06%', '4 : 10.10%', '5 : 10.06%', '6 : 9.88%', '7 : 9.94%', '8 : 10.04%', '9 : 10.00%']%
Divergence : jsd 0.0000, tvd 0.0031

Cluster 6 with 10 clients
Cluster communication time : 800
Cluster clients : [0, 18, 24, 37, 44, 52, 65, 76, 88, 91]
Straggler within the cluster : 300
Label percentage: ['0 : 9.88%', '1 : 10.12%', '2 : 9.98%', '3 : 9.96%', '4 : 9.98%', '5 : 10.10%', '6 : 9.84%', '7 : 10.14%', '8 : 10.00%', '9 : 10.00%']%
Divergence : jsd 0.0000, tvd 0.0036

Cluster 7 with 10 clients
Cluster communication time : 800
Cluster clients : [6, 11, 28, 32, 45, 59, 66, 70, 85, 98]
Straggler within the cluster : 300
Label percentage: ['0 : 10.02%', '1 : 9.94%', '2 : 10.06%', '3 : 10.04%', '4 : 10.06%', '5 : 9.82%', '6 : 10.02%', '7 : 10.14%', '8 : 9.92%', '9 : 9.96%']%
Divergence : jsd 0.0000, tvd 0.0035

Cluster 8 with 10 clients
Cluster communication time : 800
Cluster clients : [3, 17, 25, 33, 43, 51, 69, 78, 80, 95]
Straggler within the cluster : 300
Label percentage: ['0 : 10.02%', '1 : 10.04%', '2 : 10.02%', '3 : 10.08%', '4 : 10.10%', '5 : 9.82%', '6 : 10.00%', '7 : 10.00%', '8 : 9.98%', '9 : 9.94%']%
Divergence : jsd 0.0000, tvd 0.0026

Cluster 9 with 10 clients
Cluster communication time : 800
Cluster clients : [7, 10, 22, 39, 40, 54, 63, 79, 82, 96]
Straggler within the cluster : 300
Label percentage: ['0 : 10.04%', '1 : 9.92%', '2 : 10.06%', '3 : 10.08%', '4 : 9.96%', '5 : 9.98%', '6 : 10.08%', '7 : 9.98%', '8 : 10.00%', '9 : 9.92%']%
Divergence : jsd 0.0000, tvd 0.0025

