Cluster 0 with 13 clients
Cluster communication time : 800
Cluster clients : [3, 5, 10, 14, 17, 35, 39, 40, 45, 55, 64, 82, 91]
Straggler within the cluster : 300
Label percentage: ['0 : 13.21%', '1 : 16.87%', '2 : 13.64%', '3 : 12.11%', '4 : 11.72%', '5 : 3.36%', '6 : 6.97%', '7 : 9.77%', '8 : 3.95%', '9 : 8.42%']%
Divergence : jsd 0.0360, tvd 0.1755

Cluster 1 with 7 clients
Cluster communication time : 800
Cluster clients : [0, 31, 48, 59, 61, 70, 80]
Straggler within the cluster : 300
Label percentage: ['0 : 10.91%', '1 : 10.23%', '2 : 11.68%', '3 : 12.19%', '4 : 13.16%', '5 : 1.15%', '6 : 6.86%', '7 : 2.54%', '8 : 17.57%', '9 : 13.69%']%
Divergence : jsd 0.0609, tvd 0.1944

Cluster 2 with 14 clients
Cluster communication time : 800
Cluster clients : [1, 7, 8, 37, 43, 46, 50, 56, 63, 68, 75, 84, 98, 99]
Straggler within the cluster : 300
Label percentage: ['0 : 10.43%', '1 : 10.87%', '2 : 11.42%', '3 : 11.90%', '4 : 6.84%', '5 : 9.89%', '6 : 11.90%', '7 : 8.28%', '8 : 11.22%', '9 : 7.25%']%
Divergence : jsd 0.0063, tvd 0.0774

Cluster 3 with 7 clients
Cluster communication time : 800
Cluster clients : [19, 24, 33, 42, 66, 83, 92]
Straggler within the cluster : 300
Label percentage: ['0 : 11.16%', '1 : 9.03%', '2 : 9.79%', '3 : 11.86%', '4 : 15.46%', '5 : 2.13%', '6 : 2.04%', '7 : 17.66%', '8 : 4.70%', '9 : 16.16%']%
Divergence : jsd 0.0660, tvd 0.2231

Cluster 4 with 12 clients
Cluster communication time : 800
Cluster clients : [12, 26, 36, 47, 53, 57, 60, 65, 71, 77, 79, 93]
Straggler within the cluster : 300
Label percentage: ['0 : 11.19%', '1 : 13.07%', '2 : 11.81%', '3 : 9.26%', '4 : 8.08%', '5 : 12.12%', '6 : 3.45%', '7 : 9.91%', '8 : 11.16%', '9 : 9.95%']%
Divergence : jsd 0.0161, tvd 0.0935

Cluster 5 with 8 clients
Cluster communication time : 800
Cluster clients : [4, 18, 23, 27, 32, 62, 76, 81]
Straggler within the cluster : 300
Label percentage: ['0 : 9.80%', '1 : 8.51%', '2 : 10.24%', '3 : 11.35%', '4 : 14.11%', '5 : 12.30%', '6 : 6.03%', '7 : 14.65%', '8 : 2.40%', '9 : 10.62%']%
Divergence : jsd 0.0290, tvd 0.1326

Cluster 6 with 10 clients
Cluster communication time : 800
Cluster clients : [2, 6, 13, 15, 38, 51, 54, 69, 72, 74]
Straggler within the cluster : 300
Label percentage: ['0 : 10.20%', '1 : 6.87%', '2 : 7.20%', '3 : 7.86%', '4 : 9.47%', '5 : 13.47%', '6 : 14.58%', '7 : 5.38%', '8 : 15.18%', '9 : 9.79%']%
Divergence : jsd 0.0187, tvd 0.1343

Cluster 7 with 10 clients
Cluster communication time : 800
Cluster clients : [20, 34, 41, 73, 78, 85, 86, 87, 96, 97]
Straggler within the cluster : 300
Label percentage: ['0 : 7.41%', '1 : 7.06%', '2 : 7.41%', '3 : 7.75%', '4 : 8.73%', '5 : 13.02%', '6 : 13.97%', '7 : 10.76%', '8 : 14.64%', '9 : 9.25%']%
Divergence : jsd 0.0132, tvd 0.1239

Cluster 8 with 10 clients
Cluster communication time : 800
Cluster clients : [9, 16, 28, 49, 52, 88, 89, 90, 94, 95]
Straggler within the cluster : 300
Label percentage: ['0 : 7.31%', '1 : 7.05%', '2 : 7.42%', '3 : 7.74%', '4 : 8.74%', '5 : 13.02%', '6 : 13.69%', '7 : 10.77%', '8 : 14.86%', '9 : 9.41%']%
Divergence : jsd 0.0132, tvd 0.1233

Cluster 9 with 9 clients
Cluster communication time : 800
Cluster clients : [11, 21, 22, 25, 29, 30, 44, 58, 67]
Straggler within the cluster : 300
Label percentage: ['0 : 8.32%', '1 : 8.21%', '2 : 8.84%', '3 : 9.01%', '4 : 8.92%', '5 : 15.12%', '6 : 16.40%', '7 : 12.66%', '8 : 2.07%', '9 : 10.46%']%
Divergence : jsd 0.0329, tvd 0.1463

