Cluster 0 with 10 clients
Cluster communication time : 800
Cluster clients : [0, 10, 20, 30, 40, 50, 60, 70, 80, 90]
Straggler within the cluster : 3500
Label percentage: ['0 : 10.01%', '1 : 9.97%', '2 : 10.07%', '3 : 10.15%', '4 : 9.79%', '5 : 10.17%', '6 : 9.97%', '7 : 9.97%', '8 : 9.93%', '9 : 10.01%']%
Divergence : jsd 0.0000, tvd 0.0039

Cluster 1 with 10 clients
Cluster communication time : 800
Cluster clients : [1, 11, 21, 31, 41, 51, 61, 71, 81, 91]
Straggler within the cluster : 3500
Label percentage: ['0 : 9.89%', '1 : 9.95%', '2 : 10.03%', '3 : 9.99%', '4 : 10.11%', '5 : 9.93%', '6 : 9.97%', '7 : 10.15%', '8 : 10.01%', '9 : 10.01%']%
Divergence : jsd 0.0000, tvd 0.0029

Cluster 2 with 10 clients
Cluster communication time : 800
Cluster clients : [2, 12, 22, 32, 42, 52, 62, 72, 82, 92]
Straggler within the cluster : 3500
Label percentage: ['0 : 9.94%', '1 : 10.00%', '2 : 9.90%', '3 : 9.82%', '4 : 10.04%', '5 : 9.96%', '6 : 10.00%', '7 : 10.02%', '8 : 10.18%', '9 : 10.14%']%
Divergence : jsd 0.0000, tvd 0.0038

Cluster 3 with 10 clients
Cluster communication time : 800
Cluster clients : [3, 13, 23, 33, 43, 53, 63, 73, 83, 93]
Straggler within the cluster : 3500
Label percentage: ['0 : 10.04%', '1 : 9.96%', '2 : 9.98%', '3 : 10.08%', '4 : 10.16%', '5 : 10.10%', '6 : 10.04%', '7 : 9.88%', '8 : 9.94%', '9 : 9.78%']%
Divergence : jsd 0.0000, tvd 0.0044

Cluster 4 with 10 clients
Cluster communication time : 800
Cluster clients : [4, 14, 24, 34, 44, 54, 64, 74, 84, 94]
Straggler within the cluster : 3500
Label percentage: ['0 : 10.06%', '1 : 9.94%', '2 : 9.98%', '3 : 9.94%', '4 : 10.12%', '5 : 9.98%', '6 : 10.06%', '7 : 10.00%', '8 : 9.94%', '9 : 9.94%']%
Divergence : jsd 0.0000, tvd 0.0026

Cluster 5 with 10 clients
Cluster communication time : 800
Cluster clients : [5, 15, 25, 35, 45, 55, 65, 75, 85, 95]
Straggler within the cluster : 3500
Label percentage: ['0 : 10.04%', '1 : 10.12%', '2 : 10.02%', '3 : 9.84%', '4 : 9.88%', '5 : 10.06%', '6 : 10.02%', '7 : 10.00%', '8 : 9.94%', '9 : 10.04%']%
Divergence : jsd 0.0000, tvd 0.0033

Cluster 6 with 10 clients
Cluster communication time : 800
Cluster clients : [6, 16, 26, 36, 46, 56, 66, 76, 86, 96]
Straggler within the cluster : 3500
Label percentage: ['0 : 10.00%', '1 : 10.06%', '2 : 9.98%', '3 : 9.96%', '4 : 9.90%', '5 : 9.88%', '6 : 10.06%', '7 : 9.94%', '8 : 10.02%', '9 : 10.16%']%
Divergence : jsd 0.0000, tvd 0.0032

Cluster 7 with 10 clients
Cluster communication time : 800
Cluster clients : [7, 17, 27, 37, 47, 57, 67, 77, 87, 97]
Straggler within the cluster : 3500
Label percentage: ['0 : 10.02%', '1 : 10.08%', '2 : 10.00%', '3 : 10.02%', '4 : 10.04%', '5 : 9.98%', '6 : 9.90%', '7 : 10.10%', '8 : 9.96%', '9 : 9.86%']%
Divergence : jsd 0.0000, tvd 0.0028

Cluster 8 with 10 clients
Cluster communication time : 800
Cluster clients : [8, 18, 28, 38, 48, 58, 68, 78, 88, 98]
Straggler within the cluster : 3500
Label percentage: ['0 : 9.94%', '1 : 9.94%', '2 : 10.04%', '3 : 10.16%', '4 : 9.96%', '5 : 9.98%', '6 : 9.96%', '7 : 9.96%', '8 : 9.96%', '9 : 10.06%']%
Divergence : jsd 0.0000, tvd 0.0027

Cluster 9 with 10 clients
Cluster communication time : 800
Cluster clients : [9, 19, 29, 39, 49, 59, 69, 79, 89, 99]
Straggler within the cluster : 3500
Label percentage: ['0 : 10.04%', '1 : 9.96%', '2 : 9.98%', '3 : 10.02%', '4 : 9.98%', '5 : 9.94%', '6 : 10.00%', '7 : 9.96%', '8 : 10.10%', '9 : 9.98%']%
Divergence : jsd 0.0000, tvd 0.0018

