Cluster 0 with 9 clients
Cluster communication time : 800
Cluster clients : [10, 17, 30, 34, 38, 51, 55, 70, 99]
Straggler within the cluster : 1525
Label percentage: ['0 : 8.21%', '1 : 8.09%', '2 : 8.26%', '3 : 9.02%', '4 : 10.01%', '5 : 0.41%', '6 : 16.04%', '7 : 12.50%', '8 : 16.83%', '9 : 10.63%']%
Divergence : jsd 0.0543, tvd 0.1601

Cluster 1 with 16 clients
Cluster communication time : 800
Cluster clients : [7, 16, 20, 22, 26, 27, 56, 58, 60, 67, 69, 71, 78, 86, 88, 94]
Straggler within the cluster : 2955
Label percentage: ['0 : 9.92%', '1 : 14.84%', '2 : 10.48%', '3 : 10.81%', '4 : 11.45%', '5 : 9.09%', '6 : 9.75%', '7 : 0.00%', '8 : 9.72%', '9 : 13.93%']%
Divergence : jsd 0.0565, tvd 0.1151

Cluster 2 with 9 clients
Cluster communication time : 800
Cluster clients : [9, 18, 40, 43, 46, 57, 76, 77, 87]
Straggler within the cluster : 580
Label percentage: ['0 : 15.51%', '1 : 6.79%', '2 : 8.49%', '3 : 6.28%', '4 : 11.77%', '5 : 10.15%', '6 : 6.68%', '7 : 12.32%', '8 : 22.02%', '9 : 0.00%']%
Divergence : jsd 0.0806, tvd 0.2177

Cluster 3 with 10 clients
Cluster communication time : 800
Cluster clients : [0, 3, 11, 37, 39, 45, 66, 80, 81, 89]
Straggler within the cluster : 2270
Label percentage: ['0 : 8.43%', '1 : 11.15%', '2 : 8.27%', '3 : 17.24%', '4 : 10.50%', '5 : 5.59%', '6 : 15.77%', '7 : 13.65%', '8 : 0.02%', '9 : 9.38%']%
Divergence : jsd 0.0688, tvd 0.1830

Cluster 4 with 10 clients
Cluster communication time : 800
Cluster clients : [14, 19, 25, 49, 53, 62, 73, 79, 83, 91]
Straggler within the cluster : 1105
Label percentage: ['0 : 5.15%', '1 : 7.21%', '2 : 7.60%', '3 : 9.53%', '4 : 8.71%', '5 : 12.97%', '6 : 13.66%', '7 : 10.73%', '8 : 14.60%', '9 : 9.84%']%
Divergence : jsd 0.0155, tvd 0.1196

Cluster 5 with 8 clients
Cluster communication time : 800
Cluster clients : [4, 21, 23, 24, 28, 42, 50, 95]
Straggler within the cluster : 1820
Label percentage: ['0 : 9.03%', '1 : 9.78%', '2 : 10.22%', '3 : 11.33%', '4 : 12.15%', '5 : 18.02%', '6 : 1.72%', '7 : 14.90%', '8 : 2.24%', '9 : 10.60%']%
Divergence : jsd 0.0557, tvd 0.1722

Cluster 6 with 9 clients
Cluster communication time : 800
Cluster clients : [1, 6, 8, 29, 36, 54, 63, 65, 93]
Straggler within the cluster : 2190
Label percentage: ['0 : 12.77%', '1 : 8.88%', '2 : 16.32%', '3 : 9.85%', '4 : 11.95%', '5 : 16.32%', '6 : 5.27%', '7 : 6.73%', '8 : 0.00%', '9 : 11.92%']%
Divergence : jsd 0.0714, tvd 0.1928

Cluster 7 with 7 clients
Cluster communication time : 800
Cluster clients : [15, 35, 44, 52, 74, 75, 84]
Straggler within the cluster : 915
Label percentage: ['0 : 9.98%', '1 : 9.43%', '2 : 10.34%', '3 : 0.00%', '4 : 5.86%', '5 : 18.50%', '6 : 10.11%', '7 : 15.00%', '8 : 20.73%', '9 : 0.05%']%
Divergence : jsd 0.1287, tvd 0.2468

Cluster 8 with 8 clients
Cluster communication time : 800
Cluster clients : [2, 13, 31, 47, 59, 68, 96, 97]
Straggler within the cluster : 1305
Label percentage: ['0 : 10.10%', '1 : 8.76%', '2 : 10.10%', '3 : 10.55%', '4 : 11.87%', '5 : 0.48%', '6 : 5.87%', '7 : 14.68%', '8 : 15.01%', '9 : 12.60%']%
Divergence : jsd 0.0511, tvd 0.1489

Cluster 9 with 14 clients
Cluster communication time : 800
Cluster clients : [5, 12, 32, 33, 41, 48, 61, 64, 72, 82, 85, 90, 92, 98]
Straggler within the cluster : 2575
Label percentage: ['0 : 11.26%', '1 : 11.33%', '2 : 10.53%', '3 : 12.28%', '4 : 6.59%', '5 : 10.50%', '6 : 11.44%', '7 : 8.50%', '8 : 2.34%', '9 : 15.21%']%
Divergence : jsd 0.0272, tvd 0.1256

