Cluster 0 with 8 clients
Cluster communication time : 800
Cluster clients : [1, 14, 15, 26, 30, 49, 61, 97]
Straggler within the cluster : 300
Label percentage: ['0 : 10.43%', '1 : 9.32%', '2 : 10.43%', '3 : 10.68%', '4 : 11.40%', '5 : 0.72%', '6 : 18.85%', '7 : 15.16%', '8 : 0.00%', '9 : 13.01%']%
Divergence : jsd 0.1004, tvd 0.1996

Cluster 1 with 8 clients
Cluster communication time : 800
Cluster clients : [2, 3, 4, 18, 21, 27, 29, 42]
Straggler within the cluster : 300
Label percentage: ['0 : 9.89%', '1 : 9.99%', '2 : 10.15%', '3 : 11.08%', '4 : 12.23%', '5 : 12.41%', '6 : 6.09%', '7 : 15.06%', '8 : 0.16%', '9 : 12.96%']%
Divergence : jsd 0.0555, tvd 0.1388

Cluster 2 with 9 clients
Cluster communication time : 800
Cluster clients : [5, 12, 33, 38, 44, 54, 67, 85, 99]
Straggler within the cluster : 300
Label percentage: ['0 : 8.43%', '1 : 8.30%', '2 : 8.73%', '3 : 9.13%', '4 : 14.23%', '5 : 15.52%', '6 : 16.46%', '7 : 6.24%', '8 : 2.10%', '9 : 10.88%']%
Divergence : jsd 0.0378, tvd 0.1708

Cluster 3 with 8 clients
Cluster communication time : 800
Cluster clients : [7, 13, 20, 31, 32, 52, 58, 91]
Straggler within the cluster : 300
Label percentage: ['0 : 9.86%', '1 : 9.91%', '2 : 10.75%', '3 : 10.68%', '4 : 12.03%', '5 : 0.49%', '6 : 5.94%', '7 : 14.54%', '8 : 13.42%', '9 : 12.39%']%
Divergence : jsd 0.0486, tvd 0.1381

Cluster 4 with 10 clients
Cluster communication time : 800
Cluster clients : [11, 45, 51, 55, 63, 72, 81, 86, 96, 98]
Straggler within the cluster : 300
Label percentage: ['0 : 8.00%', '1 : 12.08%', '2 : 7.42%', '3 : 8.08%', '4 : 9.11%', '5 : 3.87%', '6 : 14.78%', '7 : 11.25%', '8 : 15.33%', '9 : 10.08%']%
Divergence : jsd 0.0216, tvd 0.1352

Cluster 5 with 9 clients
Cluster communication time : 800
Cluster clients : [6, 8, 23, 35, 37, 39, 57, 77, 90]
Straggler within the cluster : 300
Label percentage: ['0 : 12.19%', '1 : 8.54%', '2 : 9.15%', '3 : 9.71%', '4 : 11.11%', '5 : 15.57%', '6 : 9.26%', '7 : 13.05%', '8 : 1.96%', '9 : 9.44%']%
Divergence : jsd 0.0289, tvd 0.1193

Cluster 6 with 8 clients
Cluster communication time : 800
Cluster clients : [0, 9, 22, 48, 62, 74, 79, 87]
Straggler within the cluster : 300
Label percentage: ['0 : 9.57%', '1 : 9.57%', '2 : 9.82%', '3 : 10.14%', '4 : 11.56%', '5 : 16.90%', '6 : 0.00%', '7 : 1.25%', '8 : 20.05%', '9 : 11.14%']%
Divergence : jsd 0.0974, tvd 0.1979

Cluster 7 with 14 clients
Cluster communication time : 800
Cluster clients : [10, 16, 28, 34, 41, 46, 47, 64, 73, 75, 76, 83, 92, 94]
Straggler within the cluster : 300
Label percentage: ['0 : 10.30%', '1 : 9.86%', '2 : 10.17%', '3 : 11.37%', '4 : 7.68%', '5 : 9.89%', '6 : 11.75%', '7 : 8.19%', '8 : 13.30%', '9 : 7.50%']%
Divergence : jsd 0.0056, tvd 0.0688

Cluster 8 with 13 clients
Cluster communication time : 800
Cluster clients : [25, 40, 43, 50, 53, 60, 65, 66, 68, 82, 88, 93, 95]
Straggler within the cluster : 300
Label percentage: ['0 : 10.21%', '1 : 10.46%', '2 : 10.76%', '3 : 13.01%', '4 : 8.08%', '5 : 11.99%', '6 : 3.47%', '7 : 9.01%', '8 : 13.81%', '9 : 9.20%']%
Divergence : jsd 0.0174, tvd 0.1024

Cluster 9 with 13 clients
Cluster communication time : 800
Cluster clients : [17, 19, 24, 36, 56, 59, 69, 70, 71, 78, 80, 84, 89]
Straggler within the cluster : 300
Label percentage: ['0 : 10.81%', '1 : 10.96%', '2 : 11.87%', '3 : 6.39%', '4 : 7.10%', '5 : 10.87%', '6 : 12.37%', '7 : 9.18%', '8 : 12.90%', '9 : 7.55%']%
Divergence : jsd 0.0093, tvd 0.0978

