Cluster 0 with 10 clients
Cluster communication time : 800
Cluster clients : [14, 19, 43, 63, 77, 81, 86, 91, 92, 99]
Straggler within the cluster : 300
Label percentage: ['0 : 28.83%', '1 : 0.52%', '2 : 9.96%', '3 : 9.92%', '4 : 0.76%', '5 : 19.57%', '6 : 0.52%', '7 : 0.50%', '8 : 10.06%', '9 : 19.35%']%
Divergence : jsd 0.2040, tvd 0.3781

Cluster 1 with 10 clients
Cluster communication time : 800
Cluster clients : [4, 10, 17, 53, 66, 69, 71, 79, 90, 97]
Straggler within the cluster : 300
Label percentage: ['0 : 19.52%', '1 : 0.48%', '2 : 0.62%', '3 : 19.42%', '4 : 0.56%', '5 : 0.46%', '6 : 10.02%', '7 : 9.98%', '8 : 19.44%', '9 : 19.50%']%
Divergence : jsd 0.1948, tvd 0.3790

Cluster 2 with 10 clients
Cluster communication time : 800
Cluster clients : [6, 7, 13, 27, 37, 54, 57, 65, 75, 98]
Straggler within the cluster : 300
Label percentage: ['0 : 9.94%', '1 : 9.98%', '2 : 0.58%', '3 : 9.98%', '4 : 10.04%', '5 : 0.70%', '6 : 19.50%', '7 : 19.48%', '8 : 9.82%', '9 : 9.96%']%
Divergence : jsd 0.0940, tvd 0.1903

Cluster 3 with 10 clients
Cluster communication time : 800
Cluster clients : [3, 24, 25, 41, 49, 51, 58, 74, 94, 96]
Straggler within the cluster : 300
Label percentage: ['0 : 19.48%', '1 : 0.62%', '2 : 19.42%', '3 : 10.02%', '4 : 19.48%', '5 : 0.50%', '6 : 9.94%', '7 : 19.46%', '8 : 0.54%', '9 : 0.54%']%
Divergence : jsd 0.1933, tvd 0.3786

Cluster 4 with 10 clients
Cluster communication time : 800
Cluster clients : [0, 26, 30, 36, 38, 44, 52, 83, 87, 89]
Straggler within the cluster : 300
Label percentage: ['0 : 0.48%', '1 : 28.87%', '2 : 10.10%', '3 : 0.54%', '4 : 9.96%', '5 : 28.89%', '6 : 9.94%', '7 : 9.98%', '8 : 0.56%', '9 : 0.68%']%
Divergence : jsd 0.2168, tvd 0.3785

Cluster 5 with 10 clients
Cluster communication time : 800
Cluster clients : [1, 8, 20, 42, 45, 47, 50, 60, 64, 72]
Straggler within the cluster : 300
Label percentage: ['0 : 0.60%', '1 : 0.66%', '2 : 28.84%', '3 : 9.93%', '4 : 9.89%', '5 : 0.66%', '6 : 19.40%', '7 : 9.97%', '8 : 19.46%', '9 : 0.58%']%
Divergence : jsd 0.2006, tvd 0.3771

Cluster 6 with 10 clients
Cluster communication time : 800
Cluster clients : [12, 31, 39, 76, 78, 80, 84, 85, 88, 93]
Straggler within the cluster : 300
Label percentage: ['0 : 10.01%', '1 : 19.51%', '2 : 0.32%', '3 : 19.53%', '4 : 0.52%', '5 : 38.26%', '6 : 0.52%', '7 : 0.68%', '8 : 0.66%', '9 : 9.99%']%
Divergence : jsd 0.2734, tvd 0.4731

Cluster 7 with 10 clients
Cluster communication time : 800
Cluster clients : [11, 21, 22, 23, 34, 46, 55, 67, 73, 82]
Straggler within the cluster : 300
Label percentage: ['0 : 0.68%', '1 : 9.98%', '2 : 10.04%', '3 : 9.94%', '4 : 28.83%', '5 : 10.00%', '6 : 0.66%', '7 : 10.06%', '8 : 9.94%', '9 : 9.90%']%
Divergence : jsd 0.1050, tvd 0.1892

Cluster 8 with 10 clients
Cluster communication time : 800
Cluster clients : [9, 15, 28, 29, 32, 35, 48, 56, 70, 95]
Straggler within the cluster : 300
Label percentage: ['0 : 9.90%', '1 : 19.42%', '2 : 10.14%', '3 : 10.04%', '4 : 19.44%', '5 : 0.44%', '6 : 10.08%', '7 : 9.92%', '8 : 0.60%', '9 : 10.00%']%
Divergence : jsd 0.0976, tvd 0.1914

Cluster 9 with 10 clients
Cluster communication time : 800
Cluster clients : [2, 5, 16, 18, 33, 40, 59, 61, 62, 68]
Straggler within the cluster : 300
Label percentage: ['0 : 0.58%', '1 : 9.98%', '2 : 9.96%', '3 : 0.68%', '4 : 0.50%', '5 : 0.56%', '6 : 19.39%', '7 : 9.96%', '8 : 28.89%', '9 : 19.51%']%
Divergence : jsd 0.2037, tvd 0.3779

