Cluster 0 with 10 clients
Cluster communication time : 800
Cluster clients : [20, 21, 22, 23, 24, 25, 26, 27, 28, 29]
Straggler within the cluster : 3500
Label percentage: ['0 : 0.56%', '1 : 0.56%', '2 : 0.56%', '3 : 0.56%', '4 : 94.96%', '5 : 0.56%', '6 : 0.56%', '7 : 0.56%', '8 : 0.56%', '9 : 0.56%']%
Divergence : jsd 0.6197, tvd 0.8496

Cluster 1 with 10 clients
Cluster communication time : 800
Cluster clients : [80, 81, 82, 83, 84, 85, 86, 87, 88, 89]
Straggler within the cluster : 3500
Label percentage: ['0 : 0.54%', '1 : 0.54%', '2 : 0.54%', '3 : 0.54%', '4 : 0.54%', '5 : 95.13%', '6 : 0.54%', '7 : 0.54%', '8 : 0.54%', '9 : 0.54%']%
Divergence : jsd 0.6232, tvd 0.8513

Cluster 2 with 10 clients
Cluster communication time : 800
Cluster clients : [70, 71, 72, 73, 74, 75, 76, 77, 78, 79]
Straggler within the cluster : 3500
Label percentage: ['0 : 0.54%', '1 : 0.56%', '2 : 0.56%', '3 : 95.00%', '4 : 0.56%', '5 : 0.54%', '6 : 0.56%', '7 : 0.56%', '8 : 0.56%', '9 : 0.56%']%
Divergence : jsd 0.6205, tvd 0.8500

Cluster 3 with 10 clients
Cluster communication time : 800
Cluster clients : [10, 11, 12, 13, 14, 15, 16, 17, 18, 19]
Straggler within the cluster : 3500
Label percentage: ['0 : 0.56%', '1 : 0.56%', '2 : 0.56%', '3 : 0.56%', '4 : 0.56%', '5 : 0.56%', '6 : 0.56%', '7 : 0.56%', '8 : 0.56%', '9 : 94.96%']%
Divergence : jsd 0.6197, tvd 0.8496

Cluster 4 with 10 clients
Cluster communication time : 800
Cluster clients : [90, 91, 92, 93, 94, 95, 96, 97, 98, 99]
Straggler within the cluster : 3500
Label percentage: ['0 : 95.13%', '1 : 0.54%', '2 : 0.54%', '3 : 0.54%', '4 : 0.54%', '5 : 0.54%', '6 : 0.54%', '7 : 0.54%', '8 : 0.54%', '9 : 0.54%']%
Divergence : jsd 0.6232, tvd 0.8513

Cluster 5 with 10 clients
Cluster communication time : 800
Cluster clients : [50, 51, 52, 53, 54, 55, 56, 57, 58, 59]
Straggler within the cluster : 3500
Label percentage: ['0 : 0.56%', '1 : 0.56%', '2 : 0.56%', '3 : 0.56%', '4 : 0.56%', '5 : 0.56%', '6 : 0.56%', '7 : 94.96%', '8 : 0.56%', '9 : 0.56%']%
Divergence : jsd 0.6197, tvd 0.8496

Cluster 6 with 10 clients
Cluster communication time : 800
Cluster clients : [30, 31, 32, 33, 34, 35, 36, 37, 38, 39]
Straggler within the cluster : 3500
Label percentage: ['0 : 0.56%', '1 : 94.96%', '2 : 0.56%', '3 : 0.56%', '4 : 0.56%', '5 : 0.56%', '6 : 0.56%', '7 : 0.56%', '8 : 0.56%', '9 : 0.56%']%
Divergence : jsd 0.6197, tvd 0.8496

Cluster 7 with 10 clients
Cluster communication time : 800
Cluster clients : [60, 61, 62, 63, 64, 65, 66, 67, 68, 69]
Straggler within the cluster : 3500
Label percentage: ['0 : 0.56%', '1 : 0.56%', '2 : 0.56%', '3 : 0.56%', '4 : 0.56%', '5 : 0.56%', '6 : 0.56%', '7 : 0.56%', '8 : 94.96%', '9 : 0.56%']%
Divergence : jsd 0.6197, tvd 0.8496

Cluster 8 with 10 clients
Cluster communication time : 800
Cluster clients : [0, 1, 2, 3, 4, 5, 6, 7, 8, 9]
Straggler within the cluster : 3500
Label percentage: ['0 : 0.56%', '1 : 0.56%', '2 : 0.56%', '3 : 0.56%', '4 : 0.56%', '5 : 0.56%', '6 : 94.96%', '7 : 0.56%', '8 : 0.56%', '9 : 0.56%']%
Divergence : jsd 0.6197, tvd 0.8496

Cluster 9 with 10 clients
Cluster communication time : 800
Cluster clients : [40, 41, 42, 43, 44, 45, 46, 47, 48, 49]
Straggler within the cluster : 3500
Label percentage: ['0 : 0.56%', '1 : 0.56%', '2 : 94.96%', '3 : 0.56%', '4 : 0.56%', '5 : 0.56%', '6 : 0.56%', '7 : 0.56%', '8 : 0.56%', '9 : 0.56%']%
Divergence : jsd 0.6197, tvd 0.8496

