Cluster 0 with 10 clients
Cluster communication time : 800
Cluster clients : [0, 9, 23, 24, 33, 39, 66, 72, 74, 92]
Straggler within the cluster : 4897722
Label percentage: ['0 : 13.92%', '1 : 18.67%', '2 : 1.51%', '3 : 17.25%', '4 : 9.11%', '5 : 20.39%', '6 : 10.62%', '7 : 5.24%', '8 : 1.51%', '9 : 1.77%']%
Divergence : jsd 0.1111, tvd 0.3085

Cluster 1 with 10 clients
Cluster communication time : 800
Cluster clients : [1, 4, 12, 27, 31, 41, 43, 75, 79, 94]
Straggler within the cluster : 56022
Label percentage: ['0 : 20.27%', '1 : 6.64%', '2 : 12.13%', '3 : 9.39%', '4 : 10.03%', '5 : 5.97%', '6 : 23.60%', '7 : 5.70%', '8 : 2.06%', '9 : 4.22%']%
Divergence : jsd 0.0738, tvd 0.2603

Cluster 2 with 10 clients
Cluster communication time : 800
Cluster clients : [8, 16, 29, 35, 36, 45, 49, 77, 81, 99]
Straggler within the cluster : 4858444
Label percentage: ['0 : 12.62%', '1 : 7.88%', '2 : 5.84%', '3 : 2.95%', '4 : 14.84%', '5 : 22.48%', '6 : 10.86%', '7 : 12.67%', '8 : 4.27%', '9 : 5.59%']%
Divergence : jsd 0.0561, tvd 0.2347

Cluster 3 with 10 clients
Cluster communication time : 800
Cluster clients : [5, 10, 18, 32, 40, 47, 50, 52, 80, 84]
Straggler within the cluster : 70168
Label percentage: ['0 : 3.24%', '1 : 5.49%', '2 : 5.49%', '3 : 2.29%', '4 : 12.69%', '5 : 13.26%', '6 : 23.43%', '7 : 25.67%', '8 : 3.34%', '9 : 5.10%']%
Divergence : jsd 0.1084, tvd 0.3505

Cluster 4 with 10 clients
Cluster communication time : 800
Cluster clients : [19, 20, 44, 48, 53, 55, 59, 64, 88, 95]
Straggler within the cluster : 5074194
Label percentage: ['0 : 18.55%', '1 : 3.89%', '2 : 15.22%', '3 : 7.40%', '4 : 23.49%', '5 : 6.74%', '6 : 9.18%', '7 : 2.82%', '8 : 0.43%', '9 : 12.30%']%
Divergence : jsd 0.1029, tvd 0.2955

Cluster 5 with 10 clients
Cluster communication time : 800
Cluster clients : [3, 21, 22, 56, 60, 65, 67, 70, 83, 93]
Straggler within the cluster : 5433990
Label percentage: ['0 : 1.52%', '1 : 10.55%', '2 : 29.06%', '3 : 9.34%', '4 : 4.60%', '5 : 0.96%', '6 : 17.48%', '7 : 6.59%', '8 : 16.92%', '9 : 2.98%']%
Divergence : jsd 0.1300, tvd 0.3401

Cluster 6 with 10 clients
Cluster communication time : 800
Cluster clients : [7, 15, 26, 42, 58, 62, 68, 76, 87, 98]
Straggler within the cluster : 5520798
Label percentage: ['0 : 2.41%', '1 : 3.28%', '2 : 10.67%', '3 : 18.18%', '4 : 6.68%', '5 : 6.37%', '6 : 2.44%', '7 : 16.89%', '8 : 16.12%', '9 : 16.96%']%
Divergence : jsd 0.0809, tvd 0.2882

Cluster 7 with 10 clients
Cluster communication time : 800
Cluster clients : [2, 17, 28, 34, 46, 73, 85, 86, 89, 90]
Straggler within the cluster : 84272
Label percentage: ['0 : 2.52%', '1 : 8.79%', '2 : 11.28%', '3 : 10.80%', '4 : 7.46%', '5 : 11.43%', '6 : 3.56%', '7 : 13.25%', '8 : 7.89%', '9 : 23.03%']%
Divergence : jsd 0.0527, tvd 0.1979

Cluster 8 with 10 clients
Cluster communication time : 800
Cluster clients : [6, 14, 25, 37, 51, 54, 61, 78, 91, 97]
Straggler within the cluster : 73744
Label percentage: ['0 : 8.24%', '1 : 24.03%', '2 : 6.29%', '3 : 12.60%', '4 : 0.40%', '5 : 3.04%', '6 : 7.36%', '7 : 11.26%', '8 : 9.73%', '9 : 17.06%']%
Divergence : jsd 0.0886, tvd 0.2495

Cluster 9 with 10 clients
Cluster communication time : 800
Cluster clients : [11, 13, 30, 38, 57, 63, 69, 71, 82, 96]
Straggler within the cluster : 4553546
Label percentage: ['0 : 8.00%', '1 : 7.67%', '2 : 5.71%', '3 : 8.26%', '4 : 5.60%', '5 : 1.62%', '6 : 1.72%', '7 : 10.92%', '8 : 42.21%', '9 : 8.28%']%
Divergence : jsd 0.1367, tvd 0.3313

