Cluster 0 with 10 clients
Cluster communication time : 800
Cluster clients : [2, 17, 27, 37, 42, 56, 63, 72, 89, 90]
Straggler within the cluster : 300
Label percentage: ['0 : 9.92%', '1 : 9.92%', '2 : 10.08%', '3 : 9.94%', '4 : 9.84%', '5 : 10.12%', '6 : 10.00%', '7 : 9.96%', '8 : 10.12%', '9 : 10.08%']%
Divergence : jsd 0.0000, tvd 0.0041

Cluster 1 with 10 clients
Cluster communication time : 800
Cluster clients : [4, 10, 25, 33, 48, 53, 62, 75, 87, 92]
Straggler within the cluster : 300
Label percentage: ['0 : 10.02%', '1 : 10.02%', '2 : 10.02%', '3 : 10.02%', '4 : 10.04%', '5 : 10.00%', '6 : 9.92%', '7 : 9.98%', '8 : 9.92%', '9 : 10.06%']%
Divergence : jsd 0.0000, tvd 0.0018

Cluster 2 with 10 clients
Cluster communication time : 800
Cluster clients : [5, 15, 23, 32, 44, 51, 64, 73, 85, 94]
Straggler within the cluster : 300
Label percentage: ['0 : 10.04%', '1 : 9.90%', '2 : 10.10%', '3 : 9.96%', '4 : 10.20%', '5 : 9.86%', '6 : 10.02%', '7 : 10.14%', '8 : 9.90%', '9 : 9.86%']%
Divergence : jsd 0.0000, tvd 0.0051

Cluster 3 with 10 clients
Cluster communication time : 800
Cluster clients : [3, 13, 21, 39, 40, 58, 67, 79, 80, 93]
Straggler within the cluster : 300
Label percentage: ['0 : 10.00%', '1 : 10.02%', '2 : 10.00%', '3 : 10.16%', '4 : 9.90%', '5 : 10.06%', '6 : 10.04%', '7 : 10.00%', '8 : 10.00%', '9 : 9.84%']%
Divergence : jsd 0.0000, tvd 0.0027

Cluster 4 with 10 clients
Cluster communication time : 800
Cluster clients : [0, 18, 29, 30, 49, 54, 68, 70, 81, 91]
Straggler within the cluster : 300
Label percentage: ['0 : 10.00%', '1 : 10.06%', '2 : 10.08%', '3 : 10.02%', '4 : 9.94%', '5 : 10.00%', '6 : 9.94%', '7 : 10.02%', '8 : 9.92%', '9 : 10.06%']%
Divergence : jsd 0.0000, tvd 0.0022

Cluster 5 with 10 clients
Cluster communication time : 800
Cluster clients : [1, 11, 28, 35, 45, 50, 60, 71, 88, 96]
Straggler within the cluster : 300
Label percentage: ['0 : 10.00%', '1 : 10.02%', '2 : 10.02%', '3 : 10.04%', '4 : 9.90%', '5 : 10.04%', '6 : 10.04%', '7 : 10.02%', '8 : 9.92%', '9 : 10.04%']%
Divergence : jsd 0.0000, tvd 0.0019

Cluster 6 with 10 clients
Cluster communication time : 800
Cluster clients : [6, 19, 22, 34, 47, 55, 61, 76, 82, 97]
Straggler within the cluster : 300
Label percentage: ['0 : 9.96%', '1 : 9.98%', '2 : 9.92%', '3 : 9.96%', '4 : 10.08%', '5 : 10.02%', '6 : 10.02%', '7 : 10.10%', '8 : 10.00%', '9 : 9.96%']%
Divergence : jsd 0.0000, tvd 0.0022

Cluster 7 with 10 clients
Cluster communication time : 800
Cluster clients : [8, 14, 24, 31, 43, 52, 66, 77, 84, 99]
Straggler within the cluster : 300
Label percentage: ['0 : 9.98%', '1 : 10.06%', '2 : 9.90%', '3 : 9.98%', '4 : 10.06%', '5 : 10.00%', '6 : 9.88%', '7 : 9.92%', '8 : 10.16%', '9 : 10.04%']%
Divergence : jsd 0.0000, tvd 0.0033

Cluster 8 with 10 clients
Cluster communication time : 800
Cluster clients : [7, 16, 26, 36, 41, 59, 65, 74, 86, 95]
Straggler within the cluster : 300
Label percentage: ['0 : 9.98%', '1 : 10.00%', '2 : 9.96%', '3 : 10.00%', '4 : 9.92%', '5 : 9.82%', '6 : 10.08%', '7 : 9.96%', '8 : 10.14%', '9 : 10.12%']%
Divergence : jsd 0.0000, tvd 0.0035

Cluster 9 with 10 clients
Cluster communication time : 800
Cluster clients : [9, 12, 20, 38, 46, 57, 69, 78, 83, 98]
Straggler within the cluster : 300
Label percentage: ['0 : 10.10%', '1 : 10.02%', '2 : 9.92%', '3 : 9.92%', '4 : 10.12%', '5 : 10.08%', '6 : 10.06%', '7 : 9.90%', '8 : 9.92%', '9 : 9.94%']%
Divergence : jsd 0.0000, tvd 0.0039

