Cluster 0 with 10 clients
Cluster communication time : 800
Cluster clients : [9, 11, 19, 44, 57, 72, 77, 80, 86, 98]
Straggler within the cluster : 300
Label percentage: ['0 : 9.94%', '1 : 0.48%', '2 : 9.88%', '3 : 19.52%', '4 : 0.68%', '5 : 19.46%', '6 : 10.06%', '7 : 10.10%', '8 : 0.54%', '9 : 19.32%']%
Divergence : jsd 0.1441, tvd 0.2848

Cluster 1 with 10 clients
Cluster communication time : 800
Cluster clients : [5, 18, 25, 26, 30, 52, 55, 71, 74, 89]
Straggler within the cluster : 300
Label percentage: ['0 : 0.50%', '1 : 10.12%', '2 : 0.60%', '3 : 19.34%', '4 : 19.28%', '5 : 10.00%', '6 : 9.86%', '7 : 19.52%', '8 : 0.52%', '9 : 10.26%']%
Divergence : jsd 0.1450, tvd 0.2852

Cluster 2 with 10 clients
Cluster communication time : 800
Cluster clients : [1, 3, 4, 22, 61, 65, 66, 68, 81, 90]
Straggler within the cluster : 300
Label percentage: ['0 : 10.04%', '1 : 0.42%', '2 : 0.52%', '3 : 0.36%', '4 : 10.04%', '5 : 10.08%', '6 : 28.93%', '7 : 0.60%', '8 : 38.40%', '9 : 0.62%']%
Divergence : jsd 0.2888, tvd 0.4748

Cluster 3 with 10 clients
Cluster communication time : 800
Cluster clients : [23, 27, 37, 38, 41, 48, 54, 69, 83, 94]
Straggler within the cluster : 300
Label percentage: ['0 : 9.96%', '1 : 19.44%', '2 : 19.46%', '3 : 0.54%', '4 : 19.48%', '5 : 10.06%', '6 : 0.68%', '7 : 9.96%', '8 : 9.92%', '9 : 0.48%']%
Divergence : jsd 0.1443, tvd 0.2845

Cluster 4 with 10 clients
Cluster communication time : 800
Cluster clients : [15, 31, 35, 39, 46, 58, 62, 73, 85, 88]
Straggler within the cluster : 300
Label percentage: ['0 : 0.72%', '1 : 28.87%', '2 : 9.94%', '3 : 10.02%', '4 : 0.52%', '5 : 19.34%', '6 : 0.50%', '7 : 10.06%', '8 : 10.10%', '9 : 9.92%']%
Divergence : jsd 0.1556, tvd 0.2840

Cluster 5 with 10 clients
Cluster communication time : 800
Cluster clients : [7, 10, 16, 28, 36, 43, 50, 59, 64, 92]
Straggler within the cluster : 300
Label percentage: ['0 : 9.94%', '1 : 9.96%', '2 : 10.10%', '3 : 0.62%', '4 : 9.98%', '5 : 0.34%', '6 : 10.02%', '7 : 19.45%', '8 : 10.10%', '9 : 19.51%']%
Divergence : jsd 0.0994, tvd 0.1917

Cluster 6 with 10 clients
Cluster communication time : 800
Cluster clients : [6, 20, 32, 40, 45, 51, 63, 93, 95, 97]
Straggler within the cluster : 300
Label percentage: ['0 : 28.88%', '1 : 9.92%', '2 : 19.44%', '3 : 0.68%', '4 : 10.14%', '5 : 0.56%', '6 : 10.08%', '7 : 9.96%', '8 : 9.98%', '9 : 0.36%']%
Divergence : jsd 0.1583, tvd 0.2854

Cluster 7 with 10 clients
Cluster communication time : 800
Cluster clients : [2, 13, 14, 24, 34, 56, 76, 82, 87, 99]
Straggler within the cluster : 300
Label percentage: ['0 : 10.06%', '1 : 10.00%', '2 : 0.52%', '3 : 9.84%', '4 : 10.00%', '5 : 19.59%', '6 : 9.96%', '7 : 9.92%', '8 : 0.66%', '9 : 19.43%']%
Divergence : jsd 0.0956, tvd 0.1909

Cluster 8 with 10 clients
Cluster communication time : 800
Cluster clients : [33, 42, 53, 60, 67, 70, 78, 79, 84, 96]
Straggler within the cluster : 300
Label percentage: ['0 : 10.02%', '1 : 10.08%', '2 : 10.06%', '3 : 28.99%', '4 : 0.48%', '5 : 10.00%', '6 : 0.52%', '7 : 9.88%', '8 : 19.32%', '9 : 0.64%']%
Divergence : jsd 0.1574, tvd 0.2848

Cluster 9 with 10 clients
Cluster communication time : 800
Cluster clients : [0, 8, 12, 17, 21, 29, 47, 49, 75, 91]
Straggler within the cluster : 300
Label percentage: ['0 : 9.94%', '1 : 0.72%', '2 : 19.47%', '3 : 10.10%', '4 : 19.39%', '5 : 0.58%', '6 : 19.37%', '7 : 0.54%', '8 : 0.44%', '9 : 19.45%']%
Divergence : jsd 0.1919, tvd 0.3778

