Cluster 0 with 10 clients
Cluster communication time : 800
Cluster clients : [0, 1, 20, 21, 30, 31, 70, 71, 90, 91]
Straggler within the cluster : 300
Label percentage: ['0 : 19.40%', '1 : 19.38%', '2 : 0.56%', '3 : 19.48%', '4 : 19.32%', '5 : 0.64%', '6 : 19.36%', '7 : 0.66%', '8 : 0.66%', '9 : 0.56%']%
Divergence : jsd 0.2357, tvd 0.4692

Cluster 1 with 10 clients
Cluster communication time : 800
Cluster clients : [2, 3, 22, 23, 32, 33, 72, 73, 92, 93]
Straggler within the cluster : 300
Label percentage: ['0 : 19.54%', '1 : 19.32%', '2 : 0.52%', '3 : 19.38%', '4 : 19.54%', '5 : 0.50%', '6 : 19.56%', '7 : 0.58%', '8 : 0.56%', '9 : 0.48%']%
Divergence : jsd 0.2436, tvd 0.4736

Cluster 2 with 10 clients
Cluster communication time : 800
Cluster clients : [4, 5, 24, 25, 34, 35, 74, 75, 94, 95]
Straggler within the cluster : 300
Label percentage: ['0 : 19.55%', '1 : 19.53%', '2 : 0.58%', '3 : 19.31%', '4 : 19.43%', '5 : 0.58%', '6 : 19.47%', '7 : 0.50%', '8 : 0.48%', '9 : 0.58%']%
Divergence : jsd 0.2421, tvd 0.4728

Cluster 3 with 10 clients
Cluster communication time : 800
Cluster clients : [6, 7, 26, 27, 36, 37, 76, 77, 96, 97]
Straggler within the cluster : 300
Label percentage: ['0 : 19.33%', '1 : 19.53%', '2 : 0.56%', '3 : 19.51%', '4 : 19.47%', '5 : 0.48%', '6 : 19.39%', '7 : 0.62%', '8 : 0.54%', '9 : 0.58%']%
Divergence : jsd 0.2410, tvd 0.4722

Cluster 4 with 10 clients
Cluster communication time : 800
Cluster clients : [8, 9, 28, 29, 38, 39, 78, 79, 98, 99]
Straggler within the cluster : 300
Label percentage: ['0 : 19.41%', '1 : 19.47%', '2 : 0.56%', '3 : 19.55%', '4 : 19.47%', '5 : 0.56%', '6 : 19.45%', '7 : 0.42%', '8 : 0.54%', '9 : 0.58%']%
Divergence : jsd 0.2433, tvd 0.4734

Cluster 5 with 10 clients
Cluster communication time : 800
Cluster clients : [10, 11, 40, 41, 50, 51, 60, 61, 80, 81]
Straggler within the cluster : 300
Label percentage: ['0 : 0.50%', '1 : 0.54%', '2 : 19.53%', '3 : 0.66%', '4 : 0.58%', '5 : 19.45%', '6 : 0.58%', '7 : 19.45%', '8 : 19.27%', '9 : 19.45%']%
Divergence : jsd 0.2397, tvd 0.4714

Cluster 6 with 10 clients
Cluster communication time : 800
Cluster clients : [12, 13, 42, 43, 52, 53, 62, 63, 82, 83]
Straggler within the cluster : 300
Label percentage: ['0 : 0.44%', '1 : 0.64%', '2 : 19.36%', '3 : 0.52%', '4 : 0.66%', '5 : 19.56%', '6 : 0.48%', '7 : 19.32%', '8 : 19.56%', '9 : 19.44%']%
Divergence : jsd 0.2419, tvd 0.4726

Cluster 7 with 10 clients
Cluster communication time : 800
Cluster clients : [14, 15, 44, 45, 54, 55, 64, 65, 84, 85]
Straggler within the cluster : 300
Label percentage: ['0 : 0.56%', '1 : 0.54%', '2 : 19.43%', '3 : 0.48%', '4 : 0.58%', '5 : 19.47%', '6 : 0.62%', '7 : 19.51%', '8 : 19.41%', '9 : 19.41%']%
Divergence : jsd 0.2410, tvd 0.4722

Cluster 8 with 10 clients
Cluster communication time : 800
Cluster clients : [16, 17, 46, 47, 56, 57, 66, 67, 86, 87]
Straggler within the cluster : 300
Label percentage: ['0 : 0.70%', '1 : 0.62%', '2 : 19.43%', '3 : 0.48%', '4 : 0.48%', '5 : 19.39%', '6 : 0.58%', '7 : 19.43%', '8 : 19.45%', '9 : 19.45%']%
Divergence : jsd 0.2397, tvd 0.4714

Cluster 9 with 10 clients
Cluster communication time : 800
Cluster clients : [18, 19, 48, 49, 58, 59, 68, 69, 88, 89]
Straggler within the cluster : 300
Label percentage: ['0 : 0.58%', '1 : 0.44%', '2 : 19.47%', '3 : 0.64%', '4 : 0.48%', '5 : 19.37%', '6 : 0.52%', '7 : 19.51%', '8 : 19.53%', '9 : 19.47%']%
Divergence : jsd 0.2433, tvd 0.4734

