Cluster 0 with 8 clients
Cluster communication time : 800
Cluster clients : [5, 20, 28, 31, 34, 37, 38, 71]
Straggler within the cluster : 1265
Label percentage: ['0 : 9.57%', '1 : 9.42%', '2 : 9.92%', '3 : 10.34%', '4 : 11.69%', '5 : 17.88%', '6 : 5.77%', '7 : 0.00%', '8 : 13.03%', '9 : 12.38%']%
Divergence : jsd 0.0652, tvd 0.1532

Cluster 1 with 13 clients
Cluster communication time : 800
Cluster clients : [0, 7, 12, 27, 44, 47, 49, 51, 53, 68, 75, 76, 81]
Straggler within the cluster : 2410
Label percentage: ['0 : 10.03%', '1 : 10.71%', '2 : 12.16%', '3 : 8.24%', '4 : 8.29%', '5 : 10.82%', '6 : 11.21%', '7 : 9.61%', '8 : 12.02%', '9 : 6.90%']%
Divergence : jsd 0.0052, tvd 0.0695

Cluster 2 with 14 clients
Cluster communication time : 800
Cluster clients : [1, 16, 18, 30, 36, 56, 62, 65, 72, 73, 80, 85, 89, 99]
Straggler within the cluster : 1415
Label percentage: ['0 : 5.16%', '1 : 10.69%', '2 : 11.05%', '3 : 11.78%', '4 : 13.35%', '5 : 6.75%', '6 : 13.94%', '7 : 8.70%', '8 : 11.24%', '9 : 7.34%']%
Divergence : jsd 0.0149, tvd 0.1205

Cluster 3 with 10 clients
Cluster communication time : 800
Cluster clients : [2, 6, 8, 19, 48, 61, 84, 86, 91, 97]
Straggler within the cluster : 2310
Label percentage: ['0 : 11.01%', '1 : 7.48%', '2 : 8.23%', '3 : 8.12%', '4 : 13.98%', '5 : 13.61%', '6 : 0.41%', '7 : 11.52%', '8 : 15.44%', '9 : 10.18%']%
Divergence : jsd 0.0514, tvd 0.1575

Cluster 4 with 8 clients
Cluster communication time : 800
Cluster clients : [9, 10, 29, 33, 54, 64, 66, 93]
Straggler within the cluster : 2410
Label percentage: ['0 : 10.23%', '1 : 17.26%', '2 : 7.47%', '3 : 10.66%', '4 : 7.01%', '5 : 1.79%', '6 : 5.16%', '7 : 7.29%', '8 : 20.43%', '9 : 12.71%']%
Divergence : jsd 0.0546, tvd 0.2129

Cluster 5 with 9 clients
Cluster communication time : 800
Cluster clients : [15, 17, 32, 41, 52, 55, 63, 87, 88]
Straggler within the cluster : 2470
Label percentage: ['0 : 17.97%', '1 : 8.66%', '2 : 9.31%', '3 : 9.87%', '4 : 10.94%', '5 : 0.65%', '6 : 17.55%', '7 : 13.25%', '8 : 0.00%', '9 : 11.81%']%
Divergence : jsd 0.1042, tvd 0.2151

Cluster 6 with 10 clients
Cluster communication time : 800
Cluster clients : [13, 14, 43, 45, 57, 69, 82, 90, 92, 95]
Straggler within the cluster : 2150
Label percentage: ['0 : 16.21%', '1 : 12.86%', '2 : 6.65%', '3 : 8.63%', '4 : 9.90%', '5 : 4.12%', '6 : 16.05%', '7 : 11.99%', '8 : 3.27%', '9 : 10.33%']%
Divergence : jsd 0.0372, tvd 0.1743

Cluster 7 with 8 clients
Cluster communication time : 800
Cluster clients : [4, 23, 35, 46, 50, 59, 77, 78]
Straggler within the cluster : 2435
Label percentage: ['0 : 8.45%', '1 : 8.49%', '2 : 9.75%', '3 : 10.80%', '4 : 5.60%', '5 : 17.21%', '6 : 11.54%', '7 : 14.22%', '8 : 3.83%', '9 : 10.12%']%
Divergence : jsd 0.0259, tvd 0.1388

Cluster 8 with 8 clients
Cluster communication time : 800
Cluster clients : [21, 24, 39, 40, 58, 67, 74, 96]
Straggler within the cluster : 2205
Label percentage: ['0 : 8.76%', '1 : 9.49%', '2 : 10.21%', '3 : 7.36%', '4 : 10.31%', '5 : 17.12%', '6 : 1.67%', '7 : 14.45%', '8 : 8.54%', '9 : 12.08%']%
Divergence : jsd 0.0365, tvd 0.1418

Cluster 9 with 12 clients
Cluster communication time : 800
Cluster clients : [3, 11, 22, 25, 26, 42, 60, 70, 79, 83, 94, 98]
Straggler within the cluster : 1175
Label percentage: ['0 : 6.25%', '1 : 6.31%', '2 : 12.76%', '3 : 13.08%', '4 : 7.63%', '5 : 11.67%', '6 : 12.32%', '7 : 9.40%', '8 : 10.60%', '9 : 9.98%']%
Divergence : jsd 0.0115, tvd 0.1043

