Cluster 0 with 14 clients
Cluster communication time : 800
Cluster clients : [11, 12, 19, 34, 38, 40, 50, 51, 55, 66, 70, 72, 90, 97]
Straggler within the cluster : 1720
Label percentage: ['0 : 11.20%', '1 : 9.46%', '2 : 10.78%', '3 : 9.97%', '4 : 7.09%', '5 : 11.19%', '6 : 10.63%', '7 : 8.12%', '8 : 14.29%', '9 : 7.28%']%
Divergence : jsd 0.0075, tvd 0.0808

Cluster 1 with 5 clients
Cluster communication time : 800
Cluster clients : [5, 16, 27, 33, 67]
Straggler within the cluster : 2955
Label percentage: ['0 : 17.39%', '1 : 17.53%', '2 : 0.00%', '3 : 19.04%', '4 : 18.90%', '5 : 0.00%', '6 : 0.00%', '7 : 0.00%', '8 : 4.39%', '9 : 22.75%']%
Divergence : jsd 0.2616, tvd 0.4561

Cluster 2 with 14 clients
Cluster communication time : 800
Cluster clients : [8, 9, 14, 35, 44, 52, 53, 62, 76, 79, 83, 92, 96, 99]
Straggler within the cluster : 1175
Label percentage: ['0 : 9.01%', '1 : 9.74%', '2 : 9.90%', '3 : 7.07%', '4 : 10.60%', '5 : 9.50%', '6 : 15.71%', '7 : 7.96%', '8 : 13.11%', '9 : 7.40%']%
Divergence : jsd 0.0105, tvd 0.0942

Cluster 3 with 11 clients
Cluster communication time : 800
Cluster clients : [3, 37, 41, 45, 58, 60, 61, 64, 71, 85, 86]
Straggler within the cluster : 2865
Label percentage: ['0 : 7.49%', '1 : 11.31%', '2 : 7.58%', '3 : 15.15%', '4 : 8.09%', '5 : 3.62%', '6 : 13.73%', '7 : 10.64%', '8 : 11.87%', '9 : 10.51%']%
Divergence : jsd 0.0214, tvd 0.1321

Cluster 4 with 13 clients
Cluster communication time : 800
Cluster clients : [2, 21, 25, 29, 39, 49, 54, 57, 73, 80, 89, 91, 95]
Straggler within the cluster : 1615
Label percentage: ['0 : 11.33%', '1 : 5.68%', '2 : 12.10%', '3 : 6.24%', '4 : 10.57%', '5 : 10.47%', '6 : 11.02%', '7 : 13.35%', '8 : 11.80%', '9 : 7.45%']%
Divergence : jsd 0.0124, tvd 0.1064

Cluster 5 with 8 clients
Cluster communication time : 800
Cluster clients : [4, 23, 24, 28, 42, 48, 65, 77]
Straggler within the cluster : 2190
Label percentage: ['0 : 9.14%', '1 : 9.68%', '2 : 10.22%', '3 : 11.22%', '4 : 12.25%', '5 : 18.02%', '6 : 1.72%', '7 : 14.90%', '8 : 2.24%', '9 : 10.60%']%
Divergence : jsd 0.0557, tvd 0.1722

Cluster 6 with 6 clients
Cluster communication time : 800
Cluster clients : [0, 1, 6, 56, 78, 81]
Straggler within the cluster : 2250
Label percentage: ['0 : 5.49%', '1 : 13.37%', '2 : 14.03%', '3 : 14.63%', '4 : 9.32%', '5 : 24.69%', '6 : 0.74%', '7 : 1.79%', '8 : 0.00%', '9 : 15.93%']%
Divergence : jsd 0.1474, tvd 0.3266

Cluster 7 with 10 clients
Cluster communication time : 800
Cluster clients : [13, 15, 18, 36, 43, 46, 75, 84, 87, 94]
Straggler within the cluster : 1415
Label percentage: ['0 : 6.76%', '1 : 7.15%', '2 : 15.68%', '3 : 8.19%', '4 : 9.39%', '5 : 9.92%', '6 : 6.17%', '7 : 11.38%', '8 : 15.52%', '9 : 9.83%']%
Divergence : jsd 0.0172, tvd 0.1258

Cluster 8 with 12 clients
Cluster communication time : 800
Cluster clients : [10, 17, 22, 30, 31, 47, 59, 63, 68, 74, 93, 98]
Straggler within the cluster : 1460
Label percentage: ['0 : 13.03%', '1 : 12.27%', '2 : 11.69%', '3 : 7.16%', '4 : 7.93%', '5 : 11.93%', '6 : 7.34%', '7 : 9.93%', '8 : 10.30%', '9 : 8.42%']%
Divergence : jsd 0.0079, tvd 0.0921

Cluster 9 with 7 clients
Cluster communication time : 800
Cluster clients : [7, 20, 26, 32, 69, 82, 88]
Straggler within the cluster : 2930
Label percentage: ['0 : 10.61%', '1 : 11.07%', '2 : 0.00%', '3 : 11.93%', '4 : 13.44%', '5 : 0.00%', '6 : 22.08%', '7 : 16.25%', '8 : 0.11%', '9 : 14.50%']%
Divergence : jsd 0.1740, tvd 0.2989

