Cluster 0 with 10 clients
Cluster communication time : 800
Cluster clients : [8, 38, 44, 47, 56, 59, 73, 85, 88, 95]
Straggler within the cluster : 2555
Label percentage: ['0 : 7.64%', '1 : 14.41%', '2 : 7.92%', '3 : 8.28%', '4 : 9.31%', '5 : 13.72%', '6 : 0.00%', '7 : 11.51%', '8 : 17.01%', '9 : 10.18%']%
Divergence : jsd 0.0647, tvd 0.1685

Cluster 1 with 10 clients
Cluster communication time : 800
Cluster clients : [10, 13, 14, 51, 53, 54, 63, 66, 93, 96]
Straggler within the cluster : 4290
Label percentage: ['0 : 13.74%', '1 : 13.84%', '2 : 5.99%', '3 : 11.12%', '4 : 5.62%', '5 : 1.44%', '6 : 4.14%', '7 : 17.72%', '8 : 16.18%', '9 : 10.21%']%
Divergence : jsd 0.0610, tvd 0.2281

Cluster 2 with 15 clients
Cluster communication time : 800
Cluster clients : [1, 20, 30, 31, 37, 49, 50, 62, 70, 80, 86, 89, 94, 98, 99]
Straggler within the cluster : 1620
Label percentage: ['0 : 4.92%', '1 : 5.02%', '2 : 15.64%', '3 : 10.98%', '4 : 18.61%', '5 : 0.50%', '6 : 22.70%', '7 : 8.12%', '8 : 6.93%', '9 : 6.57%']%
Divergence : jsd 0.0882, tvd 0.2794

Cluster 3 with 8 clients
Cluster communication time : 800
Cluster clients : [4, 12, 24, 27, 33, 48, 65, 84]
Straggler within the cluster : 3350
Label percentage: ['0 : 18.43%', '1 : 9.53%', '2 : 9.78%', '3 : 10.55%', '4 : 0.10%', '5 : 17.77%', '6 : 1.68%', '7 : 0.00%', '8 : 19.65%', '9 : 12.51%']%
Divergence : jsd 0.1499, tvd 0.2892

Cluster 4 with 6 clients
Cluster communication time : 800
Cluster clients : [2, 19, 21, 40, 61, 64]
Straggler within the cluster : 4575
Label percentage: ['0 : 13.58%', '1 : 13.40%', '2 : 0.28%', '3 : 10.40%', '4 : 15.69%', '5 : 0.00%', '6 : 0.00%', '7 : 20.63%', '8 : 8.11%', '9 : 17.91%']%
Divergence : jsd 0.1729, tvd 0.3161

Cluster 5 with 10 clients
Cluster communication time : 800
Cluster clients : [0, 6, 7, 9, 15, 23, 29, 32, 52, 91]
Straggler within the cluster : 4940
Label percentage: ['0 : 11.21%', '1 : 15.56%', '2 : 8.64%', '3 : 8.95%', '4 : 5.53%', '5 : 0.60%', '6 : 0.43%', '7 : 12.82%', '8 : 18.35%', '9 : 17.92%']%
Divergence : jsd 0.1039, tvd 0.2585

Cluster 6 with 9 clients
Cluster communication time : 800
Cluster clients : [3, 5, 16, 18, 35, 36, 43, 83, 92]
Straggler within the cluster : 1170
Label percentage: ['0 : 0.00%', '1 : 8.28%', '2 : 7.01%', '3 : 17.58%', '4 : 15.37%', '5 : 10.41%', '6 : 13.62%', '7 : 12.64%', '8 : 3.49%', '9 : 11.59%']%
Divergence : jsd 0.0796, tvd 0.2122

Cluster 7 with 11 clients
Cluster communication time : 800
Cluster clients : [45, 46, 58, 67, 68, 69, 76, 77, 78, 87, 97]
Straggler within the cluster : 3100
Label percentage: ['0 : 13.95%', '1 : 10.16%', '2 : 14.64%', '3 : 0.00%', '4 : 8.84%', '5 : 16.30%', '6 : 15.12%', '7 : 10.49%', '8 : 1.74%', '9 : 8.77%']%
Divergence : jsd 0.0886, tvd 0.2066

Cluster 8 with 9 clients
Cluster communication time : 800
Cluster clients : [17, 39, 41, 55, 57, 74, 75, 82, 90]
Straggler within the cluster : 4080
Label percentage: ['0 : 16.86%', '1 : 8.45%', '2 : 8.90%', '3 : 9.43%', '4 : 10.46%', '5 : 15.30%', '6 : 17.22%', '7 : 12.91%', '8 : 0.45%', '9 : 0.02%']%
Divergence : jsd 0.1074, tvd 0.2275

Cluster 9 with 12 clients
Cluster communication time : 800
Cluster clients : [11, 22, 25, 26, 28, 34, 42, 60, 71, 72, 79, 81]
Straggler within the cluster : 2025
Label percentage: ['0 : 6.14%', '1 : 6.20%', '2 : 12.45%', '3 : 13.28%', '4 : 7.49%', '5 : 22.32%', '6 : 12.10%', '7 : 0.00%', '8 : 10.41%', '9 : 9.61%']%
Divergence : jsd 0.0787, tvd 0.2056

