Cluster 0 with 10 clients
Cluster communication time : 800
Cluster clients : [9, 18, 30, 33, 42, 48, 59, 65, 87, 97]
Straggler within the cluster : 300
Label percentage: ['0 : 7.94%', '1 : 14.22%', '2 : 7.86%', '3 : 8.11%', '4 : 9.33%', '5 : 9.39%', '6 : 4.61%', '7 : 11.54%', '8 : 17.21%', '9 : 9.79%']%
Divergence : jsd 0.0200, tvd 0.1297

Cluster 1 with 10 clients
Cluster communication time : 800
Cluster clients : [2, 3, 5, 27, 45, 51, 62, 69, 81, 91]
Straggler within the cluster : 300
Label percentage: ['0 : 7.91%', '1 : 12.14%', '2 : 7.96%', '3 : 8.08%', '4 : 9.13%', '5 : 3.87%', '6 : 14.67%', '7 : 11.25%', '8 : 15.33%', '9 : 9.67%']%
Divergence : jsd 0.0210, tvd 0.1338

Cluster 2 with 10 clients
Cluster communication time : 800
Cluster clients : [11, 25, 36, 37, 38, 39, 47, 70, 77, 90]
Straggler within the cluster : 300
Label percentage: ['0 : 7.71%', '1 : 7.59%', '2 : 15.75%', '3 : 8.34%', '4 : 9.40%', '5 : 14.41%', '6 : 15.21%', '7 : 11.62%', '8 : 0.00%', '9 : 9.98%']%
Divergence : jsd 0.0648, tvd 0.1698

Cluster 3 with 10 clients
Cluster communication time : 800
Cluster clients : [26, 32, 44, 49, 55, 63, 78, 79, 88, 92]
Straggler within the cluster : 300
Label percentage: ['0 : 7.77%', '1 : 7.83%', '2 : 14.23%', '3 : 8.24%', '4 : 9.27%', '5 : 13.85%', '6 : 14.55%', '7 : 11.23%', '8 : 3.04%', '9 : 10.00%']%
Divergence : jsd 0.0250, tvd 0.1385

Cluster 4 with 10 clients
Cluster communication time : 800
Cluster clients : [8, 50, 56, 57, 58, 61, 71, 76, 96, 99]
Straggler within the cluster : 300
Label percentage: ['0 : 7.75%', '1 : 14.08%', '2 : 8.40%', '3 : 8.38%', '4 : 10.47%', '5 : 13.91%', '6 : 15.14%', '7 : 11.78%', '8 : 0.00%', '9 : 10.09%']%
Divergence : jsd 0.0613, tvd 0.1547

Cluster 5 with 10 clients
Cluster communication time : 800
Cluster clients : [10, 14, 17, 19, 20, 22, 41, 66, 73, 94]
Straggler within the cluster : 300
Label percentage: ['0 : 7.86%', '1 : 13.26%', '2 : 7.84%', '3 : 8.31%', '4 : 9.96%', '5 : 1.37%', '6 : 14.77%', '7 : 11.37%', '8 : 15.48%', '9 : 9.78%']%
Divergence : jsd 0.0387, tvd 0.1488

Cluster 6 with 10 clients
Cluster communication time : 800
Cluster clients : [4, 43, 46, 64, 74, 75, 84, 85, 86, 98]
Straggler within the cluster : 300
Label percentage: ['0 : 14.44%', '1 : 7.53%', '2 : 7.73%', '3 : 8.44%', '4 : 9.47%', '5 : 13.59%', '6 : 1.58%', '7 : 11.47%', '8 : 15.85%', '9 : 9.90%']%
Divergence : jsd 0.0375, tvd 0.1535

Cluster 7 with 10 clients
Cluster communication time : 800
Cluster clients : [12, 21, 29, 34, 35, 53, 72, 82, 89, 95]
Straggler within the cluster : 300
Label percentage: ['0 : 13.18%', '1 : 7.81%', '2 : 7.86%', '3 : 11.15%', '4 : 14.31%', '5 : 14.58%', '6 : 8.43%', '7 : 11.91%', '8 : 0.08%', '9 : 10.69%']%
Divergence : jsd 0.0577, tvd 0.1582

Cluster 8 with 10 clients
Cluster communication time : 800
Cluster clients : [1, 7, 16, 23, 24, 28, 31, 67, 80, 83]
Straggler within the cluster : 300
Label percentage: ['0 : 14.50%', '1 : 7.70%', '2 : 8.22%', '3 : 16.61%', '4 : 8.41%', '5 : 14.56%', '6 : 6.06%', '7 : 0.59%', '8 : 14.34%', '9 : 9.01%']%
Divergence : jsd 0.0574, tvd 0.2002

Cluster 9 with 10 clients
Cluster communication time : 800
Cluster clients : [0, 6, 13, 15, 40, 52, 54, 60, 68, 93]
Straggler within the cluster : 300
Label percentage: ['0 : 11.23%', '1 : 7.56%', '2 : 14.34%', '3 : 14.78%', '4 : 10.42%', '5 : 0.60%', '6 : 4.63%', '7 : 6.97%', '8 : 18.33%', '9 : 11.15%']%
Divergence : jsd 0.0624, tvd 0.2024

