Cluster 0 with 11 clients
Cluster communication time : 800
Cluster clients : [11, 28, 37, 38, 44, 47, 56, 65, 73, 88, 95]
Straggler within the cluster : 1415
Label percentage: ['0 : 6.68%', '1 : 13.12%', '2 : 6.93%', '3 : 7.22%', '4 : 8.21%', '5 : 12.15%', '6 : 13.16%', '7 : 10.07%', '8 : 13.68%', '9 : 8.78%']%
Divergence : jsd 0.0129, tvd 0.1218

Cluster 1 with 10 clients
Cluster communication time : 800
Cluster clients : [2, 10, 13, 46, 51, 54, 63, 74, 90, 91]
Straggler within the cluster : 2185
Label percentage: ['0 : 14.86%', '1 : 15.45%', '2 : 8.36%', '3 : 8.50%', '4 : 4.83%', '5 : 13.99%', '6 : 1.63%', '7 : 5.81%', '8 : 16.41%', '9 : 10.15%']%
Divergence : jsd 0.0516, tvd 0.2087

Cluster 2 with 12 clients
Cluster communication time : 800
Cluster clients : [5, 16, 18, 30, 36, 49, 62, 70, 80, 83, 89, 92]
Straggler within the cluster : 885
Label percentage: ['0 : 6.24%', '1 : 6.34%', '2 : 11.84%', '3 : 13.47%', '4 : 15.72%', '5 : 8.30%', '6 : 16.23%', '7 : 10.29%', '8 : 2.69%', '9 : 8.88%']%
Divergence : jsd 0.0356, tvd 0.1755

Cluster 3 with 8 clients
Cluster communication time : 800
Cluster clients : [4, 19, 21, 23, 40, 57, 66, 69]
Straggler within the cluster : 2435
Label percentage: ['0 : 10.10%', '1 : 17.07%', '2 : 10.02%', '3 : 8.05%', '4 : 0.98%', '5 : 1.77%', '6 : 18.99%', '7 : 14.62%', '8 : 8.00%', '9 : 10.40%']%
Divergence : jsd 0.0756, tvd 0.2119

Cluster 4 with 7 clients
Cluster communication time : 800
Cluster clients : [7, 14, 29, 32, 55, 64, 93]
Straggler within the cluster : 2260
Label percentage: ['0 : 11.96%', '1 : 12.03%', '2 : 9.07%', '3 : 12.96%', '4 : 14.57%', '5 : 0.00%', '6 : 6.28%', '7 : 17.65%', '8 : 0.00%', '9 : 15.48%']%
Divergence : jsd 0.1210, tvd 0.2465

Cluster 5 with 10 clients
Cluster communication time : 800
Cluster clients : [0, 9, 15, 41, 52, 53, 61, 78, 87, 96]
Straggler within the cluster : 2470
Label percentage: ['0 : 12.18%', '1 : 6.77%', '2 : 7.57%', '3 : 2.33%', '4 : 8.28%', '5 : 13.58%', '6 : 13.99%', '7 : 11.83%', '8 : 14.86%', '9 : 8.61%']%
Divergence : jsd 0.0322, tvd 0.1644

Cluster 6 with 7 clients
Cluster communication time : 800
Cluster clients : [3, 31, 34, 43, 50, 86, 94]
Straggler within the cluster : 1020
Label percentage: ['0 : 0.00%', '1 : 10.78%', '2 : 11.32%', '3 : 11.80%', '4 : 13.56%', '5 : 0.54%', '6 : 6.58%', '7 : 16.43%', '8 : 14.87%', '9 : 14.13%']%
Divergence : jsd 0.1045, tvd 0.2288

Cluster 7 with 9 clients
Cluster communication time : 800
Cluster clients : [12, 24, 33, 48, 59, 67, 68, 77, 82]
Straggler within the cluster : 1795
Label percentage: ['0 : 16.74%', '1 : 7.98%', '2 : 9.20%', '3 : 9.50%', '4 : 9.52%', '5 : 16.34%', '6 : 2.01%', '7 : 13.35%', '8 : 3.90%', '9 : 11.48%']%
Divergence : jsd 0.0459, tvd 0.1791

Cluster 8 with 11 clients
Cluster communication time : 800
Cluster clients : [6, 8, 17, 27, 39, 45, 58, 75, 76, 84, 97]
Straggler within the cluster : 1990
Label percentage: ['0 : 17.59%', '1 : 10.33%', '2 : 7.48%', '3 : 7.73%', '4 : 6.22%', '5 : 16.27%', '6 : 0.44%', '7 : 10.59%', '8 : 14.34%', '9 : 9.01%']%
Divergence : jsd 0.0608, tvd 0.1912

Cluster 9 with 15 clients
Cluster communication time : 800
Cluster clients : [1, 20, 22, 25, 26, 35, 42, 60, 71, 72, 79, 81, 85, 98, 99]
Straggler within the cluster : 1175
Label percentage: ['0 : 5.15%', '1 : 5.21%', '2 : 15.80%', '3 : 16.74%', '4 : 15.61%', '5 : 9.37%', '6 : 15.30%', '7 : 0.00%', '8 : 8.74%', '9 : 8.07%']%
Divergence : jsd 0.0818, tvd 0.2345

