Cluster 0 with 10 clients
Cluster communication time : 800
Cluster clients : [6, 8, 23, 25, 32, 41, 52, 57, 65, 98]
Straggler within the cluster : 300
Label percentage: ['0 : 11.52%', '1 : 3.76%', '2 : 8.90%', '3 : 4.44%', '4 : 10.31%', '5 : 12.21%', '6 : 11.50%', '7 : 6.98%', '8 : 9.78%', '9 : 20.60%']%
Divergence : jsd 0.0358, tvd 0.1614

Cluster 1 with 10 clients
Cluster communication time : 800
Cluster clients : [11, 13, 18, 26, 30, 45, 59, 64, 78, 80]
Straggler within the cluster : 300
Label percentage: ['0 : 12.01%', '1 : 11.78%', '2 : 13.93%', '3 : 9.27%', '4 : 5.37%', '5 : 12.76%', '6 : 12.01%', '7 : 7.29%', '8 : 10.21%', '9 : 5.37%']%
Divergence : jsd 0.0173, tvd 0.1270

Cluster 2 with 10 clients
Cluster communication time : 800
Cluster clients : [16, 21, 22, 27, 56, 66, 67, 69, 89, 92]
Straggler within the cluster : 300
Label percentage: ['0 : 11.97%', '1 : 15.67%', '2 : 18.52%', '3 : 9.24%', '4 : 5.35%', '5 : 4.23%', '6 : 11.97%', '7 : 7.26%', '8 : 5.09%', '9 : 10.70%']%
Divergence : jsd 0.0366, tvd 0.1882

Cluster 3 with 10 clients
Cluster communication time : 800
Cluster clients : [29, 36, 43, 54, 62, 70, 71, 74, 90, 93]
Straggler within the cluster : 300
Label percentage: ['0 : 5.96%', '1 : 11.70%', '2 : 13.81%', '3 : 9.21%', '4 : 16.00%', '5 : 8.43%', '6 : 11.92%', '7 : 7.24%', '8 : 5.07%', '9 : 10.67%']%
Divergence : jsd 0.0203, tvd 0.1409

Cluster 4 with 10 clients
Cluster communication time : 800
Cluster clients : [0, 37, 42, 46, 55, 63, 72, 75, 94, 95]
Straggler within the cluster : 300
Label percentage: ['0 : 6.00%', '1 : 7.85%', '2 : 9.26%', '3 : 9.26%', '4 : 10.73%', '5 : 16.99%', '6 : 11.99%', '7 : 7.28%', '8 : 15.29%', '9 : 5.36%']%
Divergence : jsd 0.0228, tvd 0.1500

Cluster 5 with 10 clients
Cluster communication time : 800
Cluster clients : [38, 40, 50, 58, 60, 68, 79, 83, 96, 99]
Straggler within the cluster : 300
Label percentage: ['0 : 11.47%', '1 : 11.24%', '2 : 8.86%', '3 : 4.43%', '4 : 15.39%', '5 : 4.06%', '6 : 5.74%', '7 : 13.93%', '8 : 14.63%', '9 : 10.26%']%
Divergence : jsd 0.0321, tvd 0.1692

Cluster 6 with 10 clients
Cluster communication time : 800
Cluster clients : [1, 2, 9, 20, 39, 44, 73, 76, 81, 88]
Straggler within the cluster : 300
Label percentage: ['0 : 11.43%', '1 : 7.47%', '2 : 8.85%', '3 : 13.26%', '4 : 15.36%', '5 : 4.06%', '6 : 5.72%', '7 : 13.90%', '8 : 9.72%', '9 : 10.24%']%
Divergence : jsd 0.0236, tvd 0.1419

Cluster 7 with 10 clients
Cluster communication time : 800
Cluster clients : [4, 10, 14, 17, 31, 47, 51, 77, 84, 86]
Straggler within the cluster : 300
Label percentage: ['0 : 11.95%', '1 : 11.72%', '2 : 13.86%', '3 : 9.26%', '4 : 5.34%', '5 : 16.94%', '6 : 5.97%', '7 : 14.53%', '8 : 5.08%', '9 : 5.34%']%
Divergence : jsd 0.0330, tvd 0.1900

Cluster 8 with 10 clients
Cluster communication time : 800
Cluster clients : [7, 15, 19, 28, 33, 49, 61, 82, 87, 91]
Straggler within the cluster : 300
Label percentage: ['0 : 5.88%', '1 : 7.70%', '2 : 4.54%', '3 : 18.21%', '4 : 5.26%', '5 : 12.49%', '6 : 5.88%', '7 : 14.27%', '8 : 9.99%', '9 : 15.79%']%
Divergence : jsd 0.0391, tvd 0.2076

Cluster 9 with 10 clients
Cluster communication time : 800
Cluster clients : [3, 5, 12, 24, 34, 35, 48, 53, 85, 97]
Straggler within the cluster : 300
Label percentage: ['0 : 11.67%', '1 : 11.43%', '2 : 0.00%', '3 : 13.50%', '4 : 10.44%', '5 : 8.28%', '6 : 17.52%', '7 : 7.07%', '8 : 14.86%', '9 : 5.21%']%
Divergence : jsd 0.0716, tvd 0.1943

