Unique id : 0, dataset size : 505
Communication time : 100, Fixed computation time : 100, Training time : 300
['0:0.00%', '1:0.00%', '2:0.00%', '3:0.00%', '4:0.00%', '5:0.20%', '6:0.00%', '7:10.10%', '8:0.00%', '9:89.70%']
Divergence : jsd 0.6582, tvd 0.7980
Local epoch : 2
labels from the first batch :[9, 9, 9, 9, 7, 9, 9, 9, 7, 9, 9, 9, 9, 9, 9, 9, 9, 7, 7, 9, 9, 9, 9, 9, 9, 7, 9, 9, 9, 9, 9, 9]

Unique id : 1, dataset size : 399
Communication time : 100, Fixed computation time : 100, Training time : 300
['0:0.00%', '1:0.00%', '2:100.00%', '3:0.00%', '4:0.00%', '5:0.00%', '6:0.00%', '7:0.00%', '8:0.00%', '9:0.00%']
Divergence : jsd 0.7583, tvd 0.9000
Local epoch : 2
labels from the first batch :[2, 2, 2, 2, 2, 2, 2, 2, 2, 2, 2, 2, 2, 2, 2, 2, 2, 2, 2, 2, 2, 2, 2, 2, 2, 2, 2, 2, 2, 2, 2, 2]

Unique id : 2, dataset size : 498
Communication time : 100, Fixed computation time : 100, Training time : 300
['0:0.00%', '1:0.00%', '2:0.00%', '3:0.00%', '4:0.00%', '5:0.00%', '6:0.00%', '7:0.00%', '8:0.00%', '9:100.00%']
Divergence : jsd 0.7583, tvd 0.9000
Local epoch : 2
labels from the first batch :[9, 9, 9, 9, 9, 9, 9, 9, 9, 9, 9, 9, 9, 9, 9, 9, 9, 9, 9, 9, 9, 9, 9, 9, 9, 9, 9, 9, 9, 9, 9, 9]

Unique id : 3, dataset size : 579
Communication time : 100, Fixed computation time : 100, Training time : 300
['0:0.00%', '1:0.00%', '2:0.00%', '3:0.00%', '4:0.00%', '5:0.00%', '6:0.00%', '7:100.00%', '8:0.00%', '9:0.00%']
Divergence : jsd 0.7583, tvd 0.9000
Local epoch : 2
labels from the first batch :[7, 7, 7, 7, 7, 7, 7, 7, 7, 7, 7, 7, 7, 7, 7, 7, 7, 7, 7, 7, 7, 7, 7, 7, 7, 7, 7, 7, 7, 7, 7, 7]

Unique id : 4, dataset size : 399
Communication time : 100, Fixed computation time : 100, Training time : 300
['0:0.00%', '1:0.00%', '2:97.74%', '3:2.26%', '4:0.00%', '5:0.00%', '6:0.00%', '7:0.00%', '8:0.00%', '9:0.00%']
Divergence : jsd 0.7176, tvd 0.8774
Local epoch : 2
labels from the first batch :[2, 2, 2, 2, 2, 2, 2, 2, 2, 2, 2, 2, 2, 2, 2, 2, 2, 2, 2, 2, 2, 2, 2, 2, 2, 2, 2, 3, 2, 2, 2, 2]

Unique id : 5, dataset size : 379
Communication time : 100, Fixed computation time : 100, Training time : 300
['0:0.00%', '1:100.00%', '2:0.00%', '3:0.00%', '4:0.00%', '5:0.00%', '6:0.00%', '7:0.00%', '8:0.00%', '9:0.00%']
Divergence : jsd 0.7583, tvd 0.9000
Local epoch : 2
labels from the first batch :[1, 1, 1, 1, 1, 1, 1, 1, 1, 1, 1, 1, 1, 1, 1, 1, 1, 1, 1, 1, 1, 1, 1, 1, 1, 1, 1, 1, 1, 1, 1, 1]

Unique id : 6, dataset size : 442
Communication time : 100, Fixed computation time : 100, Training time : 300
['0:35.29%', '1:0.00%', '2:0.00%', '3:0.00%', '4:59.95%', '5:0.00%', '6:4.75%', '7:0.00%', '8:0.00%', '9:0.00%']
Divergence : jsd 0.5536, tvd 0.7525
Local epoch : 2
labels from the first batch :[4, 4, 4, 0, 4, 4, 4, 4, 4, 0, 4, 0, 4, 0, 4, 0, 4, 4, 0, 0, 4, 4, 4, 4, 4, 0, 0, 0, 4, 4, 6, 4]

Unique id : 7, dataset size : 380
Communication time : 100, Fixed computation time : 100, Training time : 300
['0:0.00%', '1:100.00%', '2:0.00%', '3:0.00%', '4:0.00%', '5:0.00%', '6:0.00%', '7:0.00%', '8:0.00%', '9:0.00%']
Divergence : jsd 0.7583, tvd 0.9000
Local epoch : 2
labels from the first batch :[1, 1, 1, 1, 1, 1, 1, 1, 1, 1, 1, 1, 1, 1, 1, 1, 1, 1, 1, 1, 1, 1, 1, 1, 1, 1, 1, 1, 1, 1, 1, 1]

Unique id : 8, dataset size : 698
Communication time : 100, Fixed computation time : 100, Training time : 300
['0:0.00%', '1:0.00%', '2:0.00%', '3:0.00%', '4:0.00%', '5:99.00%', '6:0.00%', '7:0.00%', '8:0.00%', '9:1.00%']
Divergence : jsd 0.7347, tvd 0.8900
Local epoch : 2
labels from the first batch :[5, 5, 5, 5, 5, 5, 5, 5, 5, 5, 5, 5, 5, 5, 5, 5, 5, 5, 5, 5, 5, 5, 5, 5, 5, 5, 5, 5, 5, 5, 5, 5]

Unique id : 9, dataset size : 799
Communication time : 100, Fixed computation time : 100, Training time : 300
['0:0.00%', '1:0.00%', '2:0.00%', '3:0.00%', '4:0.00%', '5:0.00%', '6:0.00%', '7:0.00%', '8:100.00%', '9:0.00%']
Divergence : jsd 0.7583, tvd 0.9000
Local epoch : 2
labels from the first batch :[8, 8, 8, 8, 8, 8, 8, 8, 8, 8, 8, 8, 8, 8, 8, 8, 8, 8, 8, 8, 8, 8, 8, 8, 8, 8, 8, 8, 8, 8, 8, 8]

Unique id : 10, dataset size : 379
Communication time : 100, Fixed computation time : 100, Training time : 300
['0:0.00%', '1:100.00%', '2:0.00%', '3:0.00%', '4:0.00%', '5:0.00%', '6:0.00%', '7:0.00%', '8:0.00%', '9:0.00%']
Divergence : jsd 0.7583, tvd 0.9000
Local epoch : 2
labels from the first batch :[1, 1, 1, 1, 1, 1, 1, 1, 1, 1, 1, 1, 1, 1, 1, 1, 1, 1, 1, 1, 1, 1, 1, 1, 1, 1, 1, 1, 1, 1, 1, 1]

Unique id : 11, dataset size : 758
Communication time : 100, Fixed computation time : 100, Training time : 300
['0:0.00%', '1:0.00%', '2:0.00%', '3:0.00%', '4:0.00%', '5:0.00%', '6:100.00%', '7:0.00%', '8:0.00%', '9:0.00%']
Divergence : jsd 0.7583, tvd 0.9000
Local epoch : 2
labels from the first batch :[6, 6, 6, 6, 6, 6, 6, 6, 6, 6, 6, 6, 6, 6, 6, 6, 6, 6, 6, 6, 6, 6, 6, 6, 6, 6, 6, 6, 6, 6, 6, 6]

Unique id : 12, dataset size : 709
Communication time : 100, Fixed computation time : 100, Training time : 300
['0:0.00%', '1:0.00%', '2:0.00%', '3:0.00%', '4:0.00%', '5:100.00%', '6:0.00%', '7:0.00%', '8:0.00%', '9:0.00%']
Divergence : jsd 0.7583, tvd 0.9000
Local epoch : 2
labels from the first batch :[5, 5, 5, 5, 5, 5, 5, 5, 5, 5, 5, 5, 5, 5, 5, 5, 5, 5, 5, 5, 5, 5, 5, 5, 5, 5, 5, 5, 5, 5, 5, 5]

Unique id : 13, dataset size : 417
Communication time : 100, Fixed computation time : 100, Training time : 300
['0:0.00%', '1:0.00%', '2:0.00%', '3:100.00%', '4:0.00%', '5:0.00%', '6:0.00%', '7:0.00%', '8:0.00%', '9:0.00%']
Divergence : jsd 0.7583, tvd 0.9000
Local epoch : 2
labels from the first batch :[3, 3, 3, 3, 3, 3, 3, 3, 3, 3, 3, 3, 3, 3, 3, 3, 3, 3, 3, 3, 3, 3, 3, 3, 3, 3, 3, 3, 3, 3, 3, 3]

Unique id : 14, dataset size : 498
Communication time : 100, Fixed computation time : 100, Training time : 300
['0:0.00%', '1:0.00%', '2:0.00%', '3:0.00%', '4:0.00%', '5:0.00%', '6:0.00%', '7:0.00%', '8:0.00%', '9:100.00%']
Divergence : jsd 0.7583, tvd 0.9000
Local epoch : 2
labels from the first batch :[9, 9, 9, 9, 9, 9, 9, 9, 9, 9, 9, 9, 9, 9, 9, 9, 9, 9, 9, 9, 9, 9, 9, 9, 9, 9, 9, 9, 9, 9, 9, 9]

Unique id : 15, dataset size : 392
Communication time : 100, Fixed computation time : 100, Training time : 300
['0:0.00%', '1:92.86%', '2:0.00%', '3:0.00%', '4:0.00%', '5:7.14%', '6:0.00%', '7:0.00%', '8:0.00%', '9:0.00%']
Divergence : jsd 0.6794, tvd 0.8286
Local epoch : 2
labels from the first batch :[1, 1, 1, 1, 1, 1, 1, 1, 1, 1, 1, 1, 1, 1, 1, 1, 1, 1, 1, 5, 1, 1, 1, 1, 1, 1, 1, 1, 1, 1, 1, 1]

Unique id : 16, dataset size : 416
Communication time : 100, Fixed computation time : 100, Training time : 300
['0:0.00%', '1:0.00%', '2:0.00%', '3:100.00%', '4:0.00%', '5:0.00%', '6:0.00%', '7:0.00%', '8:0.00%', '9:0.00%']
Divergence : jsd 0.7583, tvd 0.9000
Local epoch : 2
labels from the first batch :[3, 3, 3, 3, 3, 3, 3, 3, 3, 3, 3, 3, 3, 3, 3, 3, 3, 3, 3, 3, 3, 3, 3, 3, 3, 3, 3, 3, 3, 3, 3, 3]

Unique id : 17, dataset size : 423
Communication time : 100, Fixed computation time : 100, Training time : 300
['0:0.00%', '1:0.00%', '2:0.00%', '3:100.00%', '4:0.00%', '5:0.00%', '6:0.00%', '7:0.00%', '8:0.00%', '9:0.00%']
Divergence : jsd 0.7583, tvd 0.9000
Local epoch : 2
labels from the first batch :[3, 3, 3, 3, 3, 3, 3, 3, 3, 3, 3, 3, 3, 3, 3, 3, 3, 3, 3, 3, 3, 3, 3, 3, 3, 3, 3, 3, 3, 3, 3, 3]

Unique id : 18, dataset size : 717
Communication time : 100, Fixed computation time : 100, Training time : 300
['0:0.00%', '1:0.00%', '2:0.00%', '3:0.00%', '4:0.00%', '5:66.53%', '6:32.64%', '7:0.00%', '8:0.84%', '9:0.00%']
Divergence : jsd 0.5972, tvd 0.7916
Local epoch : 2
labels from the first batch :[5, 5, 6, 5, 5, 6, 5, 5, 5, 5, 6, 6, 5, 5, 5, 5, 5, 5, 6, 5, 5, 5, 5, 5, 5, 6, 5, 6, 6, 5, 6, 6]

Unique id : 19, dataset size : 579
Communication time : 100, Fixed computation time : 100, Training time : 300
['0:0.00%', '1:0.00%', '2:0.00%', '3:0.00%', '4:0.00%', '5:0.00%', '6:0.00%', '7:100.00%', '8:0.00%', '9:0.00%']
Divergence : jsd 0.7583, tvd 0.9000
Local epoch : 2
labels from the first batch :[7, 7, 7, 7, 7, 7, 7, 7, 7, 7, 7, 7, 7, 7, 7, 7, 7, 7, 7, 7, 7, 7, 7, 7, 7, 7, 7, 7, 7, 7, 7, 7]

Unique id : 20, dataset size : 470
Communication time : 100, Fixed computation time : 100, Training time : 300
['0:0.00%', '1:0.00%', '2:0.00%', '3:0.00%', '4:100.00%', '5:0.00%', '6:0.00%', '7:0.00%', '8:0.00%', '9:0.00%']
Divergence : jsd 0.7583, tvd 0.9000
Local epoch : 2
labels from the first batch :[4, 4, 4, 4, 4, 4, 4, 4, 4, 4, 4, 4, 4, 4, 4, 4, 4, 4, 4, 4, 4, 4, 4, 4, 4, 4, 4, 4, 4, 4, 4, 4]

Unique id : 21, dataset size : 380
Communication time : 100, Fixed computation time : 100, Training time : 300
['0:0.00%', '1:100.00%', '2:0.00%', '3:0.00%', '4:0.00%', '5:0.00%', '6:0.00%', '7:0.00%', '8:0.00%', '9:0.00%']
Divergence : jsd 0.7583, tvd 0.9000
Local epoch : 2
labels from the first batch :[1, 1, 1, 1, 1, 1, 1, 1, 1, 1, 1, 1, 1, 1, 1, 1, 1, 1, 1, 1, 1, 1, 1, 1, 1, 1, 1, 1, 1, 1, 1, 1]

Unique id : 22, dataset size : 385
Communication time : 100, Fixed computation time : 100, Training time : 300
['0:100.00%', '1:0.00%', '2:0.00%', '3:0.00%', '4:0.00%', '5:0.00%', '6:0.00%', '7:0.00%', '8:0.00%', '9:0.00%']
Divergence : jsd 0.7583, tvd 0.9000
Local epoch : 2
labels from the first batch :[0, 0, 0, 0, 0, 0, 0, 0, 0, 0, 0, 0, 0, 0, 0, 0, 0, 0, 0, 0, 0, 0, 0, 0, 0, 0, 0, 0, 0, 0, 0, 0]

Unique id : 23, dataset size : 523
Communication time : 100, Fixed computation time : 100, Training time : 300
['0:0.00%', '1:0.00%', '2:1.34%', '3:2.87%', '4:0.38%', '5:0.00%', '6:0.00%', '7:0.00%', '8:16.63%', '9:78.78%']
Divergence : jsd 0.5567, tvd 0.7541
Local epoch : 2
labels from the first batch :[9, 9, 8, 9, 9, 4, 9, 9, 9, 9, 9, 9, 9, 3, 8, 9, 9, 9, 9, 9, 8, 9, 9, 8, 9, 9, 8, 8, 9, 9, 9, 9]

Unique id : 24, dataset size : 418
Communication time : 100, Fixed computation time : 100, Training time : 300
['0:83.97%', '1:0.00%', '2:0.00%', '3:0.00%', '4:0.00%', '5:0.00%', '6:16.03%', '7:0.00%', '8:0.00%', '9:0.00%']
Divergence : jsd 0.6452, tvd 0.8000
Local epoch : 2
labels from the first batch :[0, 0, 0, 0, 0, 0, 0, 0, 0, 0, 0, 6, 0, 0, 0, 0, 6, 0, 0, 0, 0, 0, 0, 6, 0, 6, 0, 0, 0, 0, 0, 6]

Unique id : 25, dataset size : 701
Communication time : 100, Fixed computation time : 100, Training time : 300
['0:0.00%', '1:0.00%', '2:0.00%', '3:0.00%', '4:0.00%', '5:99.86%', '6:0.14%', '7:0.00%', '8:0.00%', '9:0.00%']
Divergence : jsd 0.7530, tvd 0.8986
Local epoch : 2
labels from the first batch :[5, 5, 5, 5, 5, 5, 5, 5, 5, 5, 5, 5, 5, 5, 5, 5, 5, 5, 5, 5, 5, 5, 5, 5, 5, 5, 5, 5, 5, 5, 5, 5]

Unique id : 26, dataset size : 417
Communication time : 100, Fixed computation time : 100, Training time : 300
['0:0.00%', '1:0.00%', '2:0.00%', '3:100.00%', '4:0.00%', '5:0.00%', '6:0.00%', '7:0.00%', '8:0.00%', '9:0.00%']
Divergence : jsd 0.7583, tvd 0.9000
Local epoch : 2
labels from the first batch :[3, 3, 3, 3, 3, 3, 3, 3, 3, 3, 3, 3, 3, 3, 3, 3, 3, 3, 3, 3, 3, 3, 3, 3, 3, 3, 3, 3, 3, 3, 3, 3]

Unique id : 27, dataset size : 384
Communication time : 100, Fixed computation time : 100, Training time : 300
['0:98.96%', '1:1.04%', '2:0.00%', '3:0.00%', '4:0.00%', '5:0.00%', '6:0.00%', '7:0.00%', '8:0.00%', '9:0.00%']
Divergence : jsd 0.7341, tvd 0.8896
Local epoch : 2
labels from the first batch :[0, 0, 0, 0, 0, 0, 0, 0, 0, 0, 0, 0, 0, 0, 0, 0, 0, 0, 0, 0, 0, 0, 0, 0, 0, 0, 0, 0, 0, 0, 0, 0]

Unique id : 28, dataset size : 700
Communication time : 100, Fixed computation time : 100, Training time : 300
['0:0.00%', '1:0.00%', '2:0.00%', '3:0.00%', '4:0.00%', '5:100.00%', '6:0.00%', '7:0.00%', '8:0.00%', '9:0.00%']
Divergence : jsd 0.7583, tvd 0.9000
Local epoch : 2
labels from the first batch :[5, 5, 5, 5, 5, 5, 5, 5, 5, 5, 5, 5, 5, 5, 5, 5, 5, 5, 5, 5, 5, 5, 5, 5, 5, 5, 5, 5, 5, 5, 5, 5]

Unique id : 29, dataset size : 417
Communication time : 100, Fixed computation time : 100, Training time : 300
['0:0.00%', '1:0.00%', '2:0.00%', '3:100.00%', '4:0.00%', '5:0.00%', '6:0.00%', '7:0.00%', '8:0.00%', '9:0.00%']
Divergence : jsd 0.7583, tvd 0.9000
Local epoch : 2
labels from the first batch :[3, 3, 3, 3, 3, 3, 3, 3, 3, 3, 3, 3, 3, 3, 3, 3, 3, 3, 3, 3, 3, 3, 3, 3, 3, 3, 3, 3, 3, 3, 3, 3]

Unique id : 30, dataset size : 586
Communication time : 100, Fixed computation time : 100, Training time : 300
['0:0.00%', '1:0.00%', '2:0.00%', '3:0.00%', '4:0.00%', '5:0.00%', '6:0.00%', '7:100.00%', '8:0.00%', '9:0.00%']
Divergence : jsd 0.7583, tvd 0.9000
Local epoch : 2
labels from the first batch :[7, 7, 7, 7, 7, 7, 7, 7, 7, 7, 7, 7, 7, 7, 7, 7, 7, 7, 7, 7, 7, 7, 7, 7, 7, 7, 7, 7, 7, 7, 7, 7]

Unique id : 31, dataset size : 775
Communication time : 100, Fixed computation time : 100, Training time : 300
['0:0.00%', '1:0.00%', '2:0.00%', '3:0.00%', '4:0.00%', '5:2.45%', '6:29.94%', '7:0.00%', '8:67.61%', '9:0.00%']
Divergence : jsd 0.5782, tvd 0.7755
Local epoch : 2
labels from the first batch :[8, 8, 8, 8, 8, 6, 8, 8, 8, 5, 8, 8, 6, 6, 6, 8, 8, 8, 6, 6, 6, 8, 8, 8, 8, 6, 8, 8, 8, 8, 6, 6]

Unique id : 32, dataset size : 575
Communication time : 100, Fixed computation time : 100, Training time : 300
['0:0.00%', '1:1.22%', '2:0.00%', '3:0.00%', '4:0.00%', '5:0.00%', '6:0.00%', '7:98.78%', '8:0.00%', '9:0.00%']
Divergence : jsd 0.7313, tvd 0.8878
Local epoch : 2
labels from the first batch :[7, 7, 7, 7, 7, 7, 7, 7, 7, 7, 7, 7, 7, 7, 7, 1, 7, 7, 7, 7, 7, 7, 7, 7, 7, 7, 7, 7, 7, 7, 7, 7]

Unique id : 33, dataset size : 497
Communication time : 100, Fixed computation time : 100, Training time : 300
['0:0.00%', '1:0.00%', '2:0.00%', '3:0.00%', '4:0.00%', '5:0.00%', '6:0.00%', '7:0.00%', '8:0.00%', '9:100.00%']
Divergence : jsd 0.7583, tvd 0.9000
Local epoch : 2
labels from the first batch :[9, 9, 9, 9, 9, 9, 9, 9, 9, 9, 9, 9, 9, 9, 9, 9, 9, 9, 9, 9, 9, 9, 9, 9, 9, 9, 9, 9, 9, 9, 9, 9]

Unique id : 34, dataset size : 498
Communication time : 100, Fixed computation time : 100, Training time : 300
['0:0.00%', '1:0.00%', '2:0.00%', '3:0.00%', '4:0.00%', '5:0.00%', '6:0.00%', '7:0.00%', '8:0.00%', '9:100.00%']
Divergence : jsd 0.7583, tvd 0.9000
Local epoch : 2
labels from the first batch :[9, 9, 9, 9, 9, 9, 9, 9, 9, 9, 9, 9, 9, 9, 9, 9, 9, 9, 9, 9, 9, 9, 9, 9, 9, 9, 9, 9, 9, 9, 9, 9]

Unique id : 35, dataset size : 616
Communication time : 100, Fixed computation time : 100, Training time : 300
['0:0.00%', '1:0.00%', '2:0.00%', '3:0.00%', '4:36.69%', '5:0.00%', '6:63.31%', '7:0.00%', '8:0.00%', '9:0.00%']
Divergence : jsd 0.6144, tvd 0.8000
Local epoch : 2
labels from the first batch :[6, 4, 6, 6, 6, 4, 6, 6, 4, 4, 6, 6, 4, 4, 6, 6, 4, 6, 6, 6, 4, 4, 6, 6, 6, 4, 6, 6, 4, 4, 6, 4]

Unique id : 36, dataset size : 498
Communication time : 100, Fixed computation time : 100, Training time : 300
['0:0.00%', '1:0.00%', '2:0.00%', '3:0.00%', '4:0.00%', '5:0.00%', '6:0.00%', '7:0.00%', '8:0.00%', '9:100.00%']
Divergence : jsd 0.7583, tvd 0.9000
Local epoch : 2
labels from the first batch :[9, 9, 9, 9, 9, 9, 9, 9, 9, 9, 9, 9, 9, 9, 9, 9, 9, 9, 9, 9, 9, 9, 9, 9, 9, 9, 9, 9, 9, 9, 9, 9]

Unique id : 37, dataset size : 416
Communication time : 100, Fixed computation time : 100, Training time : 300
['0:0.00%', '1:0.00%', '2:0.00%', '3:100.00%', '4:0.00%', '5:0.00%', '6:0.00%', '7:0.00%', '8:0.00%', '9:0.00%']
Divergence : jsd 0.7583, tvd 0.9000
Local epoch : 2
labels from the first batch :[3, 3, 3, 3, 3, 3, 3, 3, 3, 3, 3, 3, 3, 3, 3, 3, 3, 3, 3, 3, 3, 3, 3, 3, 3, 3, 3, 3, 3, 3, 3, 3]

Unique id : 38, dataset size : 385
Communication time : 100, Fixed computation time : 100, Training time : 300
['0:100.00%', '1:0.00%', '2:0.00%', '3:0.00%', '4:0.00%', '5:0.00%', '6:0.00%', '7:0.00%', '8:0.00%', '9:0.00%']
Divergence : jsd 0.7583, tvd 0.9000
Local epoch : 2
labels from the first batch :[0, 0, 0, 0, 0, 0, 0, 0, 0, 0, 0, 0, 0, 0, 0, 0, 0, 0, 0, 0, 0, 0, 0, 0, 0, 0, 0, 0, 0, 0, 0, 0]

Unique id : 39, dataset size : 399
Communication time : 100, Fixed computation time : 100, Training time : 300
['0:0.00%', '1:0.00%', '2:100.00%', '3:0.00%', '4:0.00%', '5:0.00%', '6:0.00%', '7:0.00%', '8:0.00%', '9:0.00%']
Divergence : jsd 0.7583, tvd 0.9000
Local epoch : 2
labels from the first batch :[2, 2, 2, 2, 2, 2, 2, 2, 2, 2, 2, 2, 2, 2, 2, 2, 2, 2, 2, 2, 2, 2, 2, 2, 2, 2, 2, 2, 2, 2, 2, 2]

Unique id : 40, dataset size : 525
Communication time : 100, Fixed computation time : 100, Training time : 300
['0:0.00%', '1:0.00%', '2:0.00%', '3:56.19%', '4:0.00%', '5:0.00%', '6:0.00%', '7:0.00%', '8:43.81%', '9:0.00%']
Divergence : jsd 0.6109, tvd 0.8000
Local epoch : 2
labels from the first batch :[3, 8, 3, 3, 8, 8, 3, 3, 3, 3, 8, 3, 8, 3, 8, 8, 3, 8, 3, 3, 8, 3, 3, 3, 8, 3, 3, 8, 3, 3, 3, 8]

Unique id : 41, dataset size : 752
Communication time : 100, Fixed computation time : 100, Training time : 300
['0:0.00%', '1:0.00%', '2:0.00%', '3:0.00%', '4:0.00%', '5:0.00%', '6:100.00%', '7:0.00%', '8:0.00%', '9:0.00%']
Divergence : jsd 0.7583, tvd 0.9000
Local epoch : 2
labels from the first batch :[6, 6, 6, 6, 6, 6, 6, 6, 6, 6, 6, 6, 6, 6, 6, 6, 6, 6, 6, 6, 6, 6, 6, 6, 6, 6, 6, 6, 6, 6, 6, 6]

Unique id : 42, dataset size : 470
Communication time : 100, Fixed computation time : 100, Training time : 300
['0:0.00%', '1:0.00%', '2:0.00%', '3:0.00%', '4:100.00%', '5:0.00%', '6:0.00%', '7:0.00%', '8:0.00%', '9:0.00%']
Divergence : jsd 0.7583, tvd 0.9000
Local epoch : 2
labels from the first batch :[4, 4, 4, 4, 4, 4, 4, 4, 4, 4, 4, 4, 4, 4, 4, 4, 4, 4, 4, 4, 4, 4, 4, 4, 4, 4, 4, 4, 4, 4, 4, 4]

Unique id : 43, dataset size : 478
Communication time : 100, Fixed computation time : 100, Training time : 300
['0:0.00%', '1:0.00%', '2:0.00%', '3:0.00%', '4:100.00%', '5:0.00%', '6:0.00%', '7:0.00%', '8:0.00%', '9:0.00%']
Divergence : jsd 0.7583, tvd 0.9000
Local epoch : 2
labels from the first batch :[4, 4, 4, 4, 4, 4, 4, 4, 4, 4, 4, 4, 4, 4, 4, 4, 4, 4, 4, 4, 4, 4, 4, 4, 4, 4, 4, 4, 4, 4, 4, 4]

Unique id : 44, dataset size : 399
Communication time : 100, Fixed computation time : 100, Training time : 300
['0:0.00%', '1:0.00%', '2:100.00%', '3:0.00%', '4:0.00%', '5:0.00%', '6:0.00%', '7:0.00%', '8:0.00%', '9:0.00%']
Divergence : jsd 0.7583, tvd 0.9000
Local epoch : 2
labels from the first batch :[2, 2, 2, 2, 2, 2, 2, 2, 2, 2, 2, 2, 2, 2, 2, 2, 2, 2, 2, 2, 2, 2, 2, 2, 2, 2, 2, 2, 2, 2, 2, 2]

Unique id : 45, dataset size : 471
Communication time : 100, Fixed computation time : 100, Training time : 300
['0:5.73%', '1:51.38%', '2:0.00%', '3:0.00%', '4:0.00%', '5:42.25%', '6:0.64%', '7:0.00%', '8:0.00%', '9:0.00%']
Divergence : jsd 0.5274, tvd 0.7363
Local epoch : 2
labels from the first batch :[1, 1, 1, 0, 5, 5, 1, 5, 5, 5, 0, 0, 1, 5, 5, 5, 1, 1, 1, 5, 5, 1, 1, 1, 1, 5, 1, 5, 5, 1, 5, 1]

Unique id : 46, dataset size : 424
Communication time : 100, Fixed computation time : 100, Training time : 300
['0:81.13%', '1:0.00%', '2:0.00%', '3:0.00%', '4:0.00%', '5:0.00%', '6:18.87%', '7:0.00%', '8:0.00%', '9:0.00%']
Divergence : jsd 0.6382, tvd 0.8000
Local epoch : 2
labels from the first batch :[0, 6, 0, 0, 0, 6, 0, 0, 0, 0, 0, 0, 0, 0, 0, 0, 0, 0, 0, 0, 0, 0, 0, 0, 0, 0, 0, 6, 6, 6, 6, 0]

Unique id : 47, dataset size : 470
Communication time : 100, Fixed computation time : 100, Training time : 300
['0:0.00%', '1:0.00%', '2:0.00%', '3:0.00%', '4:99.79%', '5:0.00%', '6:0.00%', '7:0.21%', '8:0.00%', '9:0.00%']
Divergence : jsd 0.7510, tvd 0.8979
Local epoch : 2
labels from the first batch :[4, 4, 4, 4, 4, 4, 4, 4, 4, 4, 4, 4, 4, 4, 4, 4, 4, 4, 4, 4, 4, 4, 4, 4, 4, 4, 4, 4, 4, 4, 4, 4]

Unique id : 48, dataset size : 416
Communication time : 100, Fixed computation time : 100, Training time : 300
['0:0.96%', '1:0.00%', '2:0.00%', '3:99.04%', '4:0.00%', '5:0.00%', '6:0.00%', '7:0.00%', '8:0.00%', '9:0.00%']
Divergence : jsd 0.7354, tvd 0.8904
Local epoch : 2
labels from the first batch :[3, 3, 3, 3, 3, 3, 3, 3, 3, 3, 3, 3, 3, 3, 3, 3, 3, 3, 3, 3, 3, 3, 3, 3, 3, 3, 3, 3, 3, 3, 3, 3]

Unique id : 49, dataset size : 744
Communication time : 100, Fixed computation time : 100, Training time : 300
['0:1.08%', '1:0.00%', '2:0.00%', '3:0.00%', '4:0.00%', '5:0.00%', '6:98.92%', '7:0.00%', '8:0.00%', '9:0.00%']
Divergence : jsd 0.7336, tvd 0.8892
Local epoch : 2
labels from the first batch :[6, 6, 6, 6, 6, 6, 6, 6, 6, 6, 6, 6, 6, 6, 6, 6, 6, 6, 6, 6, 6, 6, 6, 6, 6, 6, 6, 6, 6, 6, 6, 6]

Unique id : 50, dataset size : 416
Communication time : 100, Fixed computation time : 100, Training time : 300
['0:0.00%', '1:0.00%', '2:0.00%', '3:100.00%', '4:0.00%', '5:0.00%', '6:0.00%', '7:0.00%', '8:0.00%', '9:0.00%']
Divergence : jsd 0.7583, tvd 0.9000
Local epoch : 2
labels from the first batch :[3, 3, 3, 3, 3, 3, 3, 3, 3, 3, 3, 3, 3, 3, 3, 3, 3, 3, 3, 3, 3, 3, 3, 3, 3, 3, 3, 3, 3, 3, 3, 3]

Unique id : 51, dataset size : 789
Communication time : 100, Fixed computation time : 100, Training time : 300
['0:0.00%', '1:0.00%', '2:0.00%', '3:0.00%', '4:0.00%', '5:0.00%', '6:0.00%', '7:0.00%', '8:100.00%', '9:0.00%']
Divergence : jsd 0.7583, tvd 0.9000
Local epoch : 2
labels from the first batch :[8, 8, 8, 8, 8, 8, 8, 8, 8, 8, 8, 8, 8, 8, 8, 8, 8, 8, 8, 8, 8, 8, 8, 8, 8, 8, 8, 8, 8, 8, 8, 8]

Unique id : 52, dataset size : 385
Communication time : 100, Fixed computation time : 100, Training time : 300
['0:100.00%', '1:0.00%', '2:0.00%', '3:0.00%', '4:0.00%', '5:0.00%', '6:0.00%', '7:0.00%', '8:0.00%', '9:0.00%']
Divergence : jsd 0.7583, tvd 0.9000
Local epoch : 2
labels from the first batch :[0, 0, 0, 0, 0, 0, 0, 0, 0, 0, 0, 0, 0, 0, 0, 0, 0, 0, 0, 0, 0, 0, 0, 0, 0, 0, 0, 0, 0, 0, 0, 0]

Unique id : 53, dataset size : 395
Communication time : 100, Fixed computation time : 100, Training time : 300
['0:68.35%', '1:0.00%', '2:0.00%', '3:31.65%', '4:0.00%', '5:0.00%', '6:0.00%', '7:0.00%', '8:0.00%', '9:0.00%']
Divergence : jsd 0.6186, tvd 0.8000
Local epoch : 2
labels from the first batch :[3, 0, 0, 0, 0, 0, 0, 0, 0, 0, 0, 0, 0, 3, 0, 0, 0, 3, 3, 0, 0, 0, 0, 0, 0, 0, 0, 0, 0, 0, 3, 0]

Unique id : 54, dataset size : 522
Communication time : 100, Fixed computation time : 100, Training time : 300
['0:0.00%', '1:0.00%', '2:0.00%', '3:0.00%', '4:45.40%', '5:0.00%', '6:0.00%', '7:54.60%', '8:0.00%', '9:0.00%']
Divergence : jsd 0.6105, tvd 0.8000
Local epoch : 2
labels from the first batch :[7, 7, 7, 7, 4, 7, 4, 4, 4, 4, 7, 4, 4, 4, 7, 7, 4, 7, 7, 7, 4, 7, 7, 7, 4, 4, 4, 7, 7, 7, 7, 7]

Unique id : 55, dataset size : 469
Communication time : 100, Fixed computation time : 100, Training time : 300
['0:0.00%', '1:0.00%', '2:0.00%', '3:0.00%', '4:100.00%', '5:0.00%', '6:0.00%', '7:0.00%', '8:0.00%', '9:0.00%']
Divergence : jsd 0.7583, tvd 0.9000
Local epoch : 2
labels from the first batch :[4, 4, 4, 4, 4, 4, 4, 4, 4, 4, 4, 4, 4, 4, 4, 4, 4, 4, 4, 4, 4, 4, 4, 4, 4, 4, 4, 4, 4, 4, 4, 4]

Unique id : 56, dataset size : 380
Communication time : 100, Fixed computation time : 100, Training time : 300
['0:0.00%', '1:100.00%', '2:0.00%', '3:0.00%', '4:0.00%', '5:0.00%', '6:0.00%', '7:0.00%', '8:0.00%', '9:0.00%']
Divergence : jsd 0.7583, tvd 0.9000
Local epoch : 2
labels from the first batch :[1, 1, 1, 1, 1, 1, 1, 1, 1, 1, 1, 1, 1, 1, 1, 1, 1, 1, 1, 1, 1, 1, 1, 1, 1, 1, 1, 1, 1, 1, 1, 1]

Unique id : 57, dataset size : 385
Communication time : 100, Fixed computation time : 100, Training time : 300
['0:100.00%', '1:0.00%', '2:0.00%', '3:0.00%', '4:0.00%', '5:0.00%', '6:0.00%', '7:0.00%', '8:0.00%', '9:0.00%']
Divergence : jsd 0.7583, tvd 0.9000
Local epoch : 2
labels from the first batch :[0, 0, 0, 0, 0, 0, 0, 0, 0, 0, 0, 0, 0, 0, 0, 0, 0, 0, 0, 0, 0, 0, 0, 0, 0, 0, 0, 0, 0, 0, 0, 0]

Unique id : 58, dataset size : 494
Communication time : 100, Fixed computation time : 100, Training time : 300
['0:0.00%', '1:0.00%', '2:2.02%', '3:0.00%', '4:0.00%', '5:0.00%', '6:0.00%', '7:0.00%', '8:0.00%', '9:97.98%']
Divergence : jsd 0.7204, tvd 0.8798
Local epoch : 2
labels from the first batch :[9, 9, 9, 9, 9, 9, 9, 9, 9, 9, 9, 9, 9, 9, 9, 9, 9, 9, 9, 9, 9, 9, 9, 9, 9, 9, 9, 9, 9, 9, 9, 9]

Unique id : 59, dataset size : 415
Communication time : 100, Fixed computation time : 100, Training time : 300
['0:0.00%', '1:83.37%', '2:0.00%', '3:0.00%', '4:0.00%', '5:0.00%', '6:0.00%', '7:0.00%', '8:16.63%', '9:0.00%']
Divergence : jsd 0.6436, tvd 0.8000
Local epoch : 2
labels from the first batch :[1, 1, 1, 8, 1, 1, 1, 1, 1, 1, 1, 8, 8, 8, 1, 8, 1, 1, 1, 8, 1, 8, 8, 1, 1, 1, 1, 1, 1, 1, 1, 8]

Unique id : 60, dataset size : 737
Communication time : 100, Fixed computation time : 100, Training time : 300
['0:0.00%', '1:0.00%', '2:0.00%', '3:0.00%', '4:0.00%', '5:0.00%', '6:0.00%', '7:0.00%', '8:88.60%', '9:11.40%']
Divergence : jsd 0.6599, tvd 0.8000
Local epoch : 2
labels from the first batch :[8, 8, 8, 8, 8, 8, 8, 8, 8, 8, 9, 8, 8, 8, 8, 8, 8, 8, 8, 8, 9, 8, 8, 8, 9, 9, 8, 8, 8, 8, 9, 9]

Unique id : 61, dataset size : 469
Communication time : 100, Fixed computation time : 100, Training time : 300
['0:0.00%', '1:0.00%', '2:1.71%', '3:0.00%', '4:94.88%', '5:0.00%', '6:0.00%', '7:1.28%', '8:0.00%', '9:2.13%']
Divergence : jsd 0.6574, tvd 0.8488
Local epoch : 2
labels from the first batch :[4, 4, 4, 9, 4, 4, 4, 4, 4, 4, 4, 4, 4, 4, 4, 4, 4, 4, 4, 4, 4, 4, 4, 4, 4, 4, 7, 4, 4, 4, 4, 4]

Unique id : 62, dataset size : 470
Communication time : 100, Fixed computation time : 100, Training time : 300
['0:0.00%', '1:0.00%', '2:0.00%', '3:0.00%', '4:100.00%', '5:0.00%', '6:0.00%', '7:0.00%', '8:0.00%', '9:0.00%']
Divergence : jsd 0.7583, tvd 0.9000
Local epoch : 2
labels from the first batch :[4, 4, 4, 4, 4, 4, 4, 4, 4, 4, 4, 4, 4, 4, 4, 4, 4, 4, 4, 4, 4, 4, 4, 4, 4, 4, 4, 4, 4, 4, 4, 4]

Unique id : 63, dataset size : 385
Communication time : 100, Fixed computation time : 100, Training time : 300
['0:100.00%', '1:0.00%', '2:0.00%', '3:0.00%', '4:0.00%', '5:0.00%', '6:0.00%', '7:0.00%', '8:0.00%', '9:0.00%']
Divergence : jsd 0.7583, tvd 0.9000
Local epoch : 2
labels from the first batch :[0, 0, 0, 0, 0, 0, 0, 0, 0, 0, 0, 0, 0, 0, 0, 0, 0, 0, 0, 0, 0, 0, 0, 0, 0, 0, 0, 0, 0, 0, 0, 0]

Unique id : 64, dataset size : 385
Communication time : 100, Fixed computation time : 100, Training time : 300
['0:100.00%', '1:0.00%', '2:0.00%', '3:0.00%', '4:0.00%', '5:0.00%', '6:0.00%', '7:0.00%', '8:0.00%', '9:0.00%']
Divergence : jsd 0.7583, tvd 0.9000
Local epoch : 2
labels from the first batch :[0, 0, 0, 0, 0, 0, 0, 0, 0, 0, 0, 0, 0, 0, 0, 0, 0, 0, 0, 0, 0, 0, 0, 0, 0, 0, 0, 0, 0, 0, 0, 0]

Unique id : 65, dataset size : 380
Communication time : 100, Fixed computation time : 100, Training time : 300
['0:0.00%', '1:98.95%', '2:0.00%', '3:0.00%', '4:1.05%', '5:0.00%', '6:0.00%', '7:0.00%', '8:0.00%', '9:0.00%']
Divergence : jsd 0.7339, tvd 0.8895
Local epoch : 2
labels from the first batch :[1, 1, 1, 1, 1, 1, 1, 1, 1, 1, 1, 1, 1, 1, 1, 1, 1, 1, 4, 1, 1, 1, 1, 1, 1, 1, 1, 1, 1, 1, 1, 1]

Unique id : 66, dataset size : 418
Communication time : 100, Fixed computation time : 100, Training time : 300
['0:3.59%', '1:70.81%', '2:0.00%', '3:0.00%', '4:8.85%', '5:16.75%', '6:0.00%', '7:0.00%', '8:0.00%', '9:0.00%']
Divergence : jsd 0.5037, tvd 0.6756
Local epoch : 2
labels from the first batch :[1, 5, 1, 1, 1, 5, 1, 1, 1, 5, 1, 1, 1, 5, 1, 1, 4, 1, 1, 5, 1, 1, 1, 1, 1, 1, 1, 1, 1, 1, 1, 1]

Unique id : 67, dataset size : 509
Communication time : 100, Fixed computation time : 100, Training time : 300
['0:0.00%', '1:0.00%', '2:0.00%', '3:0.00%', '4:81.14%', '5:0.00%', '6:0.00%', '7:0.00%', '8:18.86%', '9:0.00%']
Divergence : jsd 0.6382, tvd 0.8000
Local epoch : 2
labels from the first batch :[4, 8, 8, 8, 8, 4, 4, 4, 4, 4, 4, 4, 4, 4, 4, 4, 4, 4, 4, 4, 4, 4, 4, 4, 4, 4, 4, 4, 4, 8, 4, 4]

Unique id : 68, dataset size : 399
Communication time : 100, Fixed computation time : 100, Training time : 300
['0:0.00%', '1:0.00%', '2:100.00%', '3:0.00%', '4:0.00%', '5:0.00%', '6:0.00%', '7:0.00%', '8:0.00%', '9:0.00%']
Divergence : jsd 0.7583, tvd 0.9000
Local epoch : 2
labels from the first batch :[2, 2, 2, 2, 2, 2, 2, 2, 2, 2, 2, 2, 2, 2, 2, 2, 2, 2, 2, 2, 2, 2, 2, 2, 2, 2, 2, 2, 2, 2, 2, 2]

Unique id : 69, dataset size : 752
Communication time : 100, Fixed computation time : 100, Training time : 300
['0:0.00%', '1:0.00%', '2:0.00%', '3:0.00%', '4:0.00%', '5:0.00%', '6:100.00%', '7:0.00%', '8:0.00%', '9:0.00%']
Divergence : jsd 0.7583, tvd 0.9000
Local epoch : 2
labels from the first batch :[6, 6, 6, 6, 6, 6, 6, 6, 6, 6, 6, 6, 6, 6, 6, 6, 6, 6, 6, 6, 6, 6, 6, 6, 6, 6, 6, 6, 6, 6, 6, 6]

Unique id : 70, dataset size : 406
Communication time : 100, Fixed computation time : 100, Training time : 300
['0:0.00%', '1:0.00%', '2:95.32%', '3:0.00%', '4:0.00%', '5:4.68%', '6:0.00%', '7:0.00%', '8:0.00%', '9:0.00%']
Divergence : jsd 0.6953, tvd 0.8532
Local epoch : 2
labels from the first batch :[5, 2, 2, 2, 2, 2, 2, 2, 2, 2, 2, 2, 2, 2, 5, 5, 2, 2, 5, 2, 2, 2, 2, 5, 2, 2, 2, 2, 2, 2, 2, 2]

Unique id : 71, dataset size : 399
Communication time : 100, Fixed computation time : 100, Training time : 300
['0:0.00%', '1:0.00%', '2:100.00%', '3:0.00%', '4:0.00%', '5:0.00%', '6:0.00%', '7:0.00%', '8:0.00%', '9:0.00%']
Divergence : jsd 0.7583, tvd 0.9000
Local epoch : 2
labels from the first batch :[2, 2, 2, 2, 2, 2, 2, 2, 2, 2, 2, 2, 2, 2, 2, 2, 2, 2, 2, 2, 2, 2, 2, 2, 2, 2, 2, 2, 2, 2, 2, 2]

Unique id : 72, dataset size : 403
Communication time : 100, Fixed computation time : 100, Training time : 300
['0:0.00%', '1:0.00%', '2:94.79%', '3:0.00%', '4:0.00%', '5:0.00%', '6:0.00%', '7:0.00%', '8:0.00%', '9:5.21%']
Divergence : jsd 0.6914, tvd 0.8479
Local epoch : 2
labels from the first batch :[2, 2, 2, 2, 9, 2, 2, 9, 2, 2, 2, 2, 2, 9, 2, 2, 2, 2, 2, 2, 2, 2, 2, 2, 2, 9, 2, 2, 2, 2, 9, 2]

Unique id : 73, dataset size : 788
Communication time : 100, Fixed computation time : 100, Training time : 300
['0:0.00%', '1:0.00%', '2:0.00%', '3:0.00%', '4:0.00%', '5:0.00%', '6:0.00%', '7:0.00%', '8:100.00%', '9:0.00%']
Divergence : jsd 0.7583, tvd 0.9000
Local epoch : 2
labels from the first batch :[8, 8, 8, 8, 8, 8, 8, 8, 8, 8, 8, 8, 8, 8, 8, 8, 8, 8, 8, 8, 8, 8, 8, 8, 8, 8, 8, 8, 8, 8, 8, 8]

Unique id : 74, dataset size : 702
Communication time : 100, Fixed computation time : 100, Training time : 300
['0:0.00%', '1:0.00%', '2:0.00%', '3:0.00%', '4:0.00%', '5:97.72%', '6:0.00%', '7:0.00%', '8:2.28%', '9:0.00%']
Divergence : jsd 0.7174, tvd 0.8772
Local epoch : 2
labels from the first batch :[5, 5, 5, 5, 5, 5, 5, 5, 5, 5, 5, 5, 5, 5, 5, 5, 5, 5, 5, 5, 5, 5, 5, 5, 5, 5, 5, 5, 5, 5, 5, 5]

Unique id : 75, dataset size : 579
Communication time : 100, Fixed computation time : 100, Training time : 300
['0:0.00%', '1:0.00%', '2:0.00%', '3:0.00%', '4:0.00%', '5:0.00%', '6:0.00%', '7:100.00%', '8:0.00%', '9:0.00%']
Divergence : jsd 0.7583, tvd 0.9000
Local epoch : 2
labels from the first batch :[7, 7, 7, 7, 7, 7, 7, 7, 7, 7, 7, 7, 7, 7, 7, 7, 7, 7, 7, 7, 7, 7, 7, 7, 7, 7, 7, 7, 7, 7, 7, 7]

Unique id : 76, dataset size : 394
Communication time : 100, Fixed computation time : 100, Training time : 300
['0:0.00%', '1:80.96%', '2:0.00%', '3:0.00%', '4:19.04%', '5:0.00%', '6:0.00%', '7:0.00%', '8:0.00%', '9:0.00%']
Divergence : jsd 0.6379, tvd 0.8000
Local epoch : 2
labels from the first batch :[1, 1, 1, 1, 1, 1, 1, 1, 1, 4, 1, 1, 1, 4, 1, 1, 1, 1, 1, 1, 4, 1, 1, 4, 1, 1, 1, 1, 1, 1, 1, 1]

Unique id : 77, dataset size : 579
Communication time : 100, Fixed computation time : 100, Training time : 300
['0:0.00%', '1:0.00%', '2:0.00%', '3:0.00%', '4:0.00%', '5:0.00%', '6:0.00%', '7:100.00%', '8:0.00%', '9:0.00%']
Divergence : jsd 0.7583, tvd 0.9000
Local epoch : 2
labels from the first batch :[7, 7, 7, 7, 7, 7, 7, 7, 7, 7, 7, 7, 7, 7, 7, 7, 7, 7, 7, 7, 7, 7, 7, 7, 7, 7, 7, 7, 7, 7, 7, 7]

Unique id : 78, dataset size : 701
Communication time : 100, Fixed computation time : 100, Training time : 300
['0:0.00%', '1:0.00%', '2:0.00%', '3:0.00%', '4:0.00%', '5:100.00%', '6:0.00%', '7:0.00%', '8:0.00%', '9:0.00%']
Divergence : jsd 0.7583, tvd 0.9000
Local epoch : 2
labels from the first batch :[5, 5, 5, 5, 5, 5, 5, 5, 5, 5, 5, 5, 5, 5, 5, 5, 5, 5, 5, 5, 5, 5, 5, 5, 5, 5, 5, 5, 5, 5, 5, 5]

Unique id : 79, dataset size : 389
Communication time : 100, Fixed computation time : 100, Training time : 300
['0:0.00%', '1:100.00%', '2:0.00%', '3:0.00%', '4:0.00%', '5:0.00%', '6:0.00%', '7:0.00%', '8:0.00%', '9:0.00%']
Divergence : jsd 0.7583, tvd 0.9000
Local epoch : 2
labels from the first batch :[1, 1, 1, 1, 1, 1, 1, 1, 1, 1, 1, 1, 1, 1, 1, 1, 1, 1, 1, 1, 1, 1, 1, 1, 1, 1, 1, 1, 1, 1, 1, 1]

Unique id : 80, dataset size : 395
Communication time : 100, Fixed computation time : 100, Training time : 300
['0:92.41%', '1:0.00%', '2:0.00%', '3:0.00%', '4:0.00%', '5:0.00%', '6:0.00%', '7:7.34%', '8:0.25%', '9:0.00%']
Divergence : jsd 0.6699, tvd 0.8241
Local epoch : 2
labels from the first batch :[0, 0, 0, 0, 0, 0, 0, 0, 0, 0, 0, 0, 0, 0, 0, 0, 0, 0, 0, 0, 0, 0, 0, 0, 0, 0, 0, 0, 0, 0, 0, 0]

Unique id : 81, dataset size : 416
Communication time : 100, Fixed computation time : 100, Training time : 300
['0:0.00%', '1:0.00%', '2:0.00%', '3:100.00%', '4:0.00%', '5:0.00%', '6:0.00%', '7:0.00%', '8:0.00%', '9:0.00%']
Divergence : jsd 0.7583, tvd 0.9000
Local epoch : 2
labels from the first batch :[3, 3, 3, 3, 3, 3, 3, 3, 3, 3, 3, 3, 3, 3, 3, 3, 3, 3, 3, 3, 3, 3, 3, 3, 3, 3, 3, 3, 3, 3, 3, 3]

Unique id : 82, dataset size : 396
Communication time : 100, Fixed computation time : 100, Training time : 300
['0:93.69%', '1:0.00%', '2:0.00%', '3:0.00%', '4:0.00%', '5:0.00%', '6:5.05%', '7:0.00%', '8:1.01%', '9:0.25%']
Divergence : jsd 0.6606, tvd 0.8369
Local epoch : 2
labels from the first batch :[0, 0, 0, 0, 0, 0, 0, 0, 0, 0, 0, 0, 0, 0, 0, 0, 0, 0, 0, 0, 0, 0, 0, 0, 0, 0, 6, 0, 0, 0, 8, 0]

Unique id : 83, dataset size : 422
Communication time : 100, Fixed computation time : 100, Training time : 300
['0:0.00%', '1:0.00%', '2:0.00%', '3:92.18%', '4:0.00%', '5:0.00%', '6:0.00%', '7:0.00%', '8:0.00%', '9:7.82%']
Divergence : jsd 0.6757, tvd 0.8218
Local epoch : 2
labels from the first batch :[3, 3, 3, 3, 3, 3, 3, 3, 3, 3, 3, 3, 3, 9, 3, 3, 3, 3, 3, 3, 3, 3, 3, 3, 3, 3, 3, 3, 3, 3, 9, 3]

Unique id : 84, dataset size : 786
Communication time : 100, Fixed computation time : 100, Training time : 300
['0:0.00%', '1:0.00%', '2:0.00%', '3:0.00%', '4:0.00%', '5:0.00%', '6:0.00%', '7:0.00%', '8:99.75%', '9:0.25%']
Divergence : jsd 0.7499, tvd 0.8975
Local epoch : 2
labels from the first batch :[8, 8, 8, 8, 8, 8, 8, 8, 8, 8, 8, 8, 8, 8, 8, 8, 8, 8, 8, 8, 8, 8, 8, 8, 8, 8, 8, 8, 8, 8, 8, 8]

Unique id : 85, dataset size : 417
Communication time : 100, Fixed computation time : 100, Training time : 300
['0:0.00%', '1:0.00%', '2:0.00%', '3:100.00%', '4:0.00%', '5:0.00%', '6:0.00%', '7:0.00%', '8:0.00%', '9:0.00%']
Divergence : jsd 0.7583, tvd 0.9000
Local epoch : 2
labels from the first batch :[3, 3, 3, 3, 3, 3, 3, 3, 3, 3, 3, 3, 3, 3, 3, 3, 3, 3, 3, 3, 3, 3, 3, 3, 3, 3, 3, 3, 3, 3, 3, 3]

Unique id : 86, dataset size : 380
Communication time : 100, Fixed computation time : 100, Training time : 300
['0:0.00%', '1:100.00%', '2:0.00%', '3:0.00%', '4:0.00%', '5:0.00%', '6:0.00%', '7:0.00%', '8:0.00%', '9:0.00%']
Divergence : jsd 0.7583, tvd 0.9000
Local epoch : 2
labels from the first batch :[1, 1, 1, 1, 1, 1, 1, 1, 1, 1, 1, 1, 1, 1, 1, 1, 1, 1, 1, 1, 1, 1, 1, 1, 1, 1, 1, 1, 1, 1, 1, 1]

Unique id : 87, dataset size : 399
Communication time : 100, Fixed computation time : 100, Training time : 300
['0:0.00%', '1:0.00%', '2:100.00%', '3:0.00%', '4:0.00%', '5:0.00%', '6:0.00%', '7:0.00%', '8:0.00%', '9:0.00%']
Divergence : jsd 0.7583, tvd 0.9000
Local epoch : 2
labels from the first batch :[2, 2, 2, 2, 2, 2, 2, 2, 2, 2, 2, 2, 2, 2, 2, 2, 2, 2, 2, 2, 2, 2, 2, 2, 2, 2, 2, 2, 2, 2, 2, 2]

Unique id : 88, dataset size : 506
Communication time : 100, Fixed computation time : 100, Training time : 300
['0:0.00%', '1:0.00%', '2:0.00%', '3:0.00%', '4:0.00%', '5:0.00%', '6:0.00%', '7:0.00%', '8:0.00%', '9:100.00%']
Divergence : jsd 0.7583, tvd 0.9000
Local epoch : 2
labels from the first batch :[9, 9, 9, 9, 9, 9, 9, 9, 9, 9, 9, 9, 9, 9, 9, 9, 9, 9, 9, 9, 9, 9, 9, 9, 9, 9, 9, 9, 9, 9, 9, 9]

Unique id : 89, dataset size : 470
Communication time : 100, Fixed computation time : 100, Training time : 300
['0:0.00%', '1:0.00%', '2:0.00%', '3:0.00%', '4:100.00%', '5:0.00%', '6:0.00%', '7:0.00%', '8:0.00%', '9:0.00%']
Divergence : jsd 0.7583, tvd 0.9000
Local epoch : 2
labels from the first batch :[4, 4, 4, 4, 4, 4, 4, 4, 4, 4, 4, 4, 4, 4, 4, 4, 4, 4, 4, 4, 4, 4, 4, 4, 4, 4, 4, 4, 4, 4, 4, 4]

Unique id : 90, dataset size : 379
Communication time : 100, Fixed computation time : 100, Training time : 300
['0:0.00%', '1:100.00%', '2:0.00%', '3:0.00%', '4:0.00%', '5:0.00%', '6:0.00%', '7:0.00%', '8:0.00%', '9:0.00%']
Divergence : jsd 0.7583, tvd 0.9000
Local epoch : 2
labels from the first batch :[1, 1, 1, 1, 1, 1, 1, 1, 1, 1, 1, 1, 1, 1, 1, 1, 1, 1, 1, 1, 1, 1, 1, 1, 1, 1, 1, 1, 1, 1, 1, 1]

Unique id : 91, dataset size : 410
Communication time : 100, Fixed computation time : 100, Training time : 300
['0:0.00%', '1:0.00%', '2:100.00%', '3:0.00%', '4:0.00%', '5:0.00%', '6:0.00%', '7:0.00%', '8:0.00%', '9:0.00%']
Divergence : jsd 0.7583, tvd 0.9000
Local epoch : 2
labels from the first batch :[2, 2, 2, 2, 2, 2, 2, 2, 2, 2, 2, 2, 2, 2, 2, 2, 2, 2, 2, 2, 2, 2, 2, 2, 2, 2, 2, 2, 2, 2, 2, 2]

Unique id : 92, dataset size : 475
Communication time : 100, Fixed computation time : 100, Training time : 300
['0:0.00%', '1:0.00%', '2:67.58%', '3:0.00%', '4:0.00%', '5:0.00%', '6:0.00%', '7:0.00%', '8:32.42%', '9:0.00%']
Divergence : jsd 0.6178, tvd 0.8000
Local epoch : 2
labels from the first batch :[2, 2, 2, 2, 2, 2, 2, 8, 8, 2, 8, 2, 2, 2, 2, 2, 8, 8, 2, 8, 8, 2, 2, 2, 2, 8, 8, 2, 2, 2, 8, 2]

Unique id : 93, dataset size : 494
Communication time : 100, Fixed computation time : 100, Training time : 300
['0:0.00%', '1:0.00%', '2:59.11%', '3:0.00%', '4:0.00%', '5:0.00%', '6:40.89%', '7:0.00%', '8:0.00%', '9:0.00%']
Divergence : jsd 0.6120, tvd 0.8000
Local epoch : 2
labels from the first batch :[6, 6, 2, 2, 6, 2, 2, 6, 6, 2, 2, 2, 2, 6, 2, 6, 6, 6, 6, 6, 2, 2, 6, 6, 6, 2, 6, 2, 6, 2, 2, 6]

Unique id : 94, dataset size : 399
Communication time : 100, Fixed computation time : 100, Training time : 300
['0:0.00%', '1:0.00%', '2:100.00%', '3:0.00%', '4:0.00%', '5:0.00%', '6:0.00%', '7:0.00%', '8:0.00%', '9:0.00%']
Divergence : jsd 0.7583, tvd 0.9000
Local epoch : 2
labels from the first batch :[2, 2, 2, 2, 2, 2, 2, 2, 2, 2, 2, 2, 2, 2, 2, 2, 2, 2, 2, 2, 2, 2, 2, 2, 2, 2, 2, 2, 2, 2, 2, 2]

Unique id : 95, dataset size : 579
Communication time : 100, Fixed computation time : 100, Training time : 300
['0:0.00%', '1:0.00%', '2:0.00%', '3:0.00%', '4:0.00%', '5:0.00%', '6:0.00%', '7:100.00%', '8:0.00%', '9:0.00%']
Divergence : jsd 0.7583, tvd 0.9000
Local epoch : 2
labels from the first batch :[7, 7, 7, 7, 7, 7, 7, 7, 7, 7, 7, 7, 7, 7, 7, 7, 7, 7, 7, 7, 7, 7, 7, 7, 7, 7, 7, 7, 7, 7, 7, 7]

Unique id : 96, dataset size : 579
Communication time : 100, Fixed computation time : 100, Training time : 300
['0:0.00%', '1:0.00%', '2:0.00%', '3:0.00%', '4:0.00%', '5:0.00%', '6:0.00%', '7:100.00%', '8:0.00%', '9:0.00%']
Divergence : jsd 0.7583, tvd 0.9000
Local epoch : 2
labels from the first batch :[7, 7, 7, 7, 7, 7, 7, 7, 7, 7, 7, 7, 7, 7, 7, 7, 7, 7, 7, 7, 7, 7, 7, 7, 7, 7, 7, 7, 7, 7, 7, 7]

Unique id : 97, dataset size : 399
Communication time : 100, Fixed computation time : 100, Training time : 300
['0:100.00%', '1:0.00%', '2:0.00%', '3:0.00%', '4:0.00%', '5:0.00%', '6:0.00%', '7:0.00%', '8:0.00%', '9:0.00%']
Divergence : jsd 0.7583, tvd 0.9000
Local epoch : 2
labels from the first batch :[0, 0, 0, 0, 0, 0, 0, 0, 0, 0, 0, 0, 0, 0, 0, 0, 0, 0, 0, 0, 0, 0, 0, 0, 0, 0, 0, 0, 0, 0, 0, 0]

Unique id : 98, dataset size : 498
Communication time : 100, Fixed computation time : 100, Training time : 300
['0:0.00%', '1:0.00%', '2:0.00%', '3:0.00%', '4:0.00%', '5:0.00%', '6:0.00%', '7:0.00%', '8:0.00%', '9:100.00%']
Divergence : jsd 0.7583, tvd 0.9000
Local epoch : 2
labels from the first batch :[9, 9, 9, 9, 9, 9, 9, 9, 9, 9, 9, 9, 9, 9, 9, 9, 9, 9, 9, 9, 9, 9, 9, 9, 9, 9, 9, 9, 9, 9, 9, 9]

Unique id : 99, dataset size : 752
Communication time : 100, Fixed computation time : 100, Training time : 300
['0:0.00%', '1:0.00%', '2:0.00%', '3:0.00%', '4:0.00%', '5:0.00%', '6:100.00%', '7:0.00%', '8:0.00%', '9:0.00%']
Divergence : jsd 0.7583, tvd 0.9000
Local epoch : 2
labels from the first batch :[6, 6, 6, 6, 6, 6, 6, 6, 6, 6, 6, 6, 6, 6, 6, 6, 6, 6, 6, 6, 6, 6, 6, 6, 6, 6, 6, 6, 6, 6, 6, 6]

