Cluster 0 with 10 clients
Cluster communication time : 800
Cluster clients : [13, 19, 27, 31, 52, 55, 65, 68, 69, 89]
Straggler within the cluster : 300
Label percentage: ['0 : 15.27%', '1 : 7.58%', '2 : 7.96%', '3 : 8.32%', '4 : 18.82%', '5 : 0.38%', '6 : 19.64%', '7 : 11.56%', '8 : 10.46%', '9 : 0.00%']%
Divergence : jsd 0.1186, tvd 0.2575

Cluster 1 with 10 clients
Cluster communication time : 800
Cluster clients : [12, 34, 36, 41, 42, 46, 64, 74, 82, 99]
Straggler within the cluster : 300
Label percentage: ['0 : 19.69%', '1 : 0.00%', '2 : 0.00%', '3 : 0.00%', '4 : 8.41%', '5 : 24.97%', '6 : 28.71%', '7 : 0.00%', '8 : 0.36%', '9 : 17.85%']%
Divergence : jsd 0.3187, tvd 0.5123

Cluster 2 with 10 clients
Cluster communication time : 800
Cluster clients : [0, 3, 4, 16, 47, 59, 60, 70, 73, 80]
Straggler within the cluster : 300
Label percentage: ['0 : 7.14%', '1 : 6.77%', '2 : 15.21%', '3 : 8.32%', '4 : 9.18%', '5 : 0.39%', '6 : 0.00%', '7 : 12.92%', '8 : 29.57%', '9 : 10.51%']%
Divergence : jsd 0.1364, tvd 0.2820

Cluster 3 with 10 clients
Cluster communication time : 800
Cluster clients : [20, 29, 39, 71, 81, 86, 90, 91, 92, 93]
Straggler within the cluster : 300
Label percentage: ['0 : 0.00%', '1 : 17.91%', '2 : 42.96%', '3 : 19.65%', '4 : 11.09%', '5 : 0.00%', '6 : 4.77%', '7 : 0.00%', '8 : 3.63%', '9 : 0.00%']%
Divergence : jsd 0.3176, tvd 0.5160

Cluster 4 with 10 clients
Cluster communication time : 800
Cluster clients : [15, 23, 25, 37, 48, 54, 66, 76, 78, 79]
Straggler within the cluster : 300
Label percentage: ['0 : 0.39%', '1 : 28.08%', '2 : 0.14%', '3 : 17.30%', '4 : 7.20%', '5 : 30.77%', '6 : 0.02%', '7 : 5.85%', '8 : 1.79%', '9 : 8.46%']%
Divergence : jsd 0.2425, tvd 0.4615

Cluster 5 with 10 clients
Cluster communication time : 800
Cluster clients : [24, 32, 35, 45, 50, 51, 61, 84, 85, 87]
Straggler within the cluster : 300
Label percentage: ['0 : 7.06%', '1 : 4.65%', '2 : 7.60%', '3 : 15.55%', '4 : 12.53%', '5 : 3.72%', '6 : 8.59%', '7 : 10.72%', '8 : 29.37%', '9 : 0.22%']%
Divergence : jsd 0.1062, tvd 0.2817

Cluster 6 with 10 clients
Cluster communication time : 800
Cluster clients : [8, 9, 11, 14, 18, 28, 30, 38, 75, 94]
Straggler within the cluster : 300
Label percentage: ['0 : 6.29%', '1 : 0.00%', '2 : 6.52%', '3 : 0.00%', '4 : 0.00%', '5 : 30.53%', '6 : 16.21%', '7 : 19.04%', '8 : 13.16%', '9 : 8.25%']%
Divergence : jsd 0.2129, tvd 0.3893

Cluster 7 with 10 clients
Cluster communication time : 800
Cluster clients : [1, 2, 7, 10, 22, 49, 53, 63, 72, 98]
Straggler within the cluster : 300
Label percentage: ['0 : 23.47%', '1 : 17.00%', '2 : 17.49%', '3 : 2.80%', '4 : 0.00%', '5 : 0.00%', '6 : 16.48%', '7 : 0.00%', '8 : 0.00%', '9 : 22.77%']%
Divergence : jsd 0.2739, tvd 0.4720

Cluster 8 with 10 clients
Cluster communication time : 800
Cluster clients : [6, 40, 56, 57, 67, 77, 83, 88, 95, 97]
Straggler within the cluster : 300
Label percentage: ['0 : 19.89%', '1 : 8.04%', '2 : 0.00%', '3 : 14.47%', '4 : 14.35%', '5 : 0.00%', '6 : 0.44%', '7 : 24.50%', '8 : 6.90%', '9 : 11.40%']%
Divergence : jsd 0.1826, tvd 0.3462

Cluster 9 with 10 clients
Cluster communication time : 800
Cluster clients : [5, 17, 21, 26, 33, 43, 44, 58, 62, 96]
Straggler within the cluster : 300
Label percentage: ['0 : 0.00%', '1 : 16.81%', '2 : 9.06%', '3 : 18.60%', '4 : 20.99%', '5 : 0.00%', '6 : 0.00%', '7 : 12.82%', '8 : 0.00%', '9 : 21.72%']%
Divergence : jsd 0.2476, tvd 0.4094

