Cluster 0 with 9 clients
Cluster communication time : 800
Cluster clients : [11, 16, 25, 30, 34, 38, 42, 59, 92]
Straggler within the cluster : 1400
Label percentage: ['0 : 8.18%', '1 : 7.36%', '2 : 6.82%', '3 : 8.84%', '4 : 9.99%', '5 : 14.88%', '6 : 16.14%', '7 : 12.46%', '8 : 4.74%', '9 : 10.59%']%
Divergence : jsd 0.0212, tvd 0.1406

Cluster 1 with 13 clients
Cluster communication time : 800
Cluster clients : [0, 12, 27, 37, 41, 51, 61, 63, 72, 76, 83, 90, 91]
Straggler within the cluster : 2410
Label percentage: ['0 : 11.92%', '1 : 10.94%', '2 : 12.47%', '3 : 12.54%', '4 : 8.10%', '5 : 11.06%', '6 : 11.72%', '7 : 0.89%', '8 : 12.30%', '9 : 8.06%']%
Divergence : jsd 0.0380, tvd 0.1295

Cluster 2 with 10 clients
Cluster communication time : 800
Cluster clients : [1, 15, 24, 36, 48, 73, 78, 89, 93, 95]
Straggler within the cluster : 2365
Label percentage: ['0 : 6.89%', '1 : 7.06%', '2 : 13.40%', '3 : 7.99%', '4 : 9.12%', '5 : 14.14%', '6 : 5.22%', '7 : 11.23%', '8 : 15.29%', '9 : 9.66%']%
Divergence : jsd 0.0190, tvd 0.1406

Cluster 3 with 11 clients
Cluster communication time : 800
Cluster clients : [2, 10, 19, 44, 47, 53, 65, 69, 81, 84, 97]
Straggler within the cluster : 2310
Label percentage: ['0 : 12.27%', '1 : 13.85%', '2 : 7.32%', '3 : 9.92%', '4 : 8.67%', '5 : 0.00%', '6 : 13.79%', '7 : 10.64%', '8 : 14.38%', '9 : 9.17%']%
Divergence : jsd 0.0602, tvd 0.1492

Cluster 4 with 9 clients
Cluster communication time : 800
Cluster clients : [9, 13, 33, 35, 54, 56, 64, 68, 74]
Straggler within the cluster : 2410
Label percentage: ['0 : 8.16%', '1 : 8.06%', '2 : 8.46%', '3 : 8.84%', '4 : 9.82%', '5 : 14.54%', '6 : 8.27%', '7 : 6.04%', '8 : 17.28%', '9 : 10.54%']%
Divergence : jsd 0.0165, tvd 0.1236

Cluster 5 with 8 clients
Cluster communication time : 800
Cluster clients : [7, 17, 18, 32, 52, 58, 67, 87]
Straggler within the cluster : 2470
Label percentage: ['0 : 9.92%', '1 : 9.97%', '2 : 10.54%', '3 : 10.90%', '4 : 10.64%', '5 : 12.29%', '6 : 6.03%', '7 : 14.63%', '8 : 2.63%', '9 : 12.47%']%
Divergence : jsd 0.0254, tvd 0.1146

Cluster 6 with 9 clients
Cluster communication time : 800
Cluster clients : [8, 20, 31, 50, 57, 70, 75, 86, 88]
Straggler within the cluster : 1975
Label percentage: ['0 : 8.34%', '1 : 8.23%', '2 : 8.39%', '3 : 9.01%', '4 : 10.18%', '5 : 15.80%', '6 : 5.03%', '7 : 12.55%', '8 : 11.35%', '9 : 11.12%']%
Divergence : jsd 0.0142, tvd 0.1100

Cluster 7 with 7 clients
Cluster communication time : 800
Cluster clients : [4, 14, 40, 46, 55, 66, 77]
Straggler within the cluster : 2175
Label percentage: ['0 : 10.84%', '1 : 8.94%', '2 : 11.78%', '3 : 9.18%', '4 : 15.28%', '5 : 2.11%', '6 : 2.42%', '7 : 17.48%', '8 : 6.94%', '9 : 15.04%']%
Divergence : jsd 0.0562, tvd 0.2041

Cluster 8 with 9 clients
Cluster communication time : 800
Cluster clients : [6, 21, 23, 29, 39, 45, 49, 80, 96]
Straggler within the cluster : 2435
Label percentage: ['0 : 12.78%', '1 : 14.30%', '2 : 9.33%', '3 : 9.93%', '4 : 6.14%', '5 : 4.57%', '6 : 17.47%', '7 : 13.98%', '8 : 2.02%', '9 : 9.47%']%
Divergence : jsd 0.0456, tvd 0.1853

Cluster 9 with 15 clients
Cluster communication time : 800
Cluster clients : [3, 5, 22, 26, 28, 43, 60, 62, 71, 79, 82, 85, 94, 98, 99]
Straggler within the cluster : 1795
Label percentage: ['0 : 10.22%', '1 : 10.39%', '2 : 10.79%', '3 : 11.28%', '4 : 12.82%', '5 : 9.47%', '6 : 10.44%', '7 : 7.83%', '8 : 8.88%', '9 : 7.88%']%
Divergence : jsd 0.0039, tvd 0.0594

