Cluster 0 with 20 clients
Cluster communication time : 800
Cluster clients : [17, 118, 102, 34, 30, 163, 153, 105, 185, 126, 88, 49, 66, 131, 144, 180, 87, 12, 60, 93]
Label percentage: ['0 : 16.70%', '1 : 10.04%', '2 : 4.83%', '3 : 13.26%', '4 : 15.99%', '5 : 9.89%', '6 : 13.42%', '7 : 1.55%', '8 : 2.99%', '9 : 11.33%']%
Divergence : jsd 0.0609, tvd 0.2074

Cluster 1 with 20 clients
Cluster communication time : 800
Cluster clients : [81, 24, 68, 58, 94, 14, 56, 145, 178, 148, 111, 137, 181, 103, 54, 177, 109, 174, 27, 64]
Label percentage: ['0 : 17.50%', '1 : 14.26%', '2 : 3.97%', '3 : 4.17%', '4 : 2.51%', '5 : 13.64%', '6 : 8.16%', '7 : 5.83%', '8 : 28.28%', '9 : 1.66%']%
Divergence : jsd 0.1095, tvd 0.3369

Cluster 2 with 20 clients
Cluster communication time : 800
Cluster clients : [82, 165, 150, 129, 36, 8, 196, 21, 171, 62, 73, 195, 9, 140, 41, 29, 136, 152, 173, 38]
Label percentage: ['0 : 3.93%', '1 : 6.64%', '2 : 20.53%', '3 : 11.70%', '4 : 7.15%', '5 : 16.04%', '6 : 13.28%', '7 : 8.50%', '8 : 4.67%', '9 : 7.56%']%
Divergence : jsd 0.0435, tvd 0.2154

Cluster 3 with 20 clients
Cluster communication time : 800
Cluster clients : [89, 101, 116, 117, 115, 6, 20, 61, 72, 19, 10, 22, 110, 170, 39, 85, 69, 168, 83, 169]
Label percentage: ['0 : 6.91%', '1 : 15.62%', '2 : 15.02%', '3 : 10.56%', '4 : 20.61%', '5 : 2.85%', '6 : 14.14%', '7 : 4.16%', '8 : 0.80%', '9 : 9.32%']%
Divergence : jsd 0.0840, tvd 0.2596

Cluster 4 with 20 clients
Cluster communication time : 800
Cluster clients : [112, 133, 114, 43, 179, 11, 199, 4, 143, 130, 75, 187, 149, 125, 142, 190, 198, 44, 59, 31]
Label percentage: ['0 : 6.25%', '1 : 14.96%', '2 : 4.76%', '3 : 10.66%', '4 : 7.45%', '5 : 13.51%', '6 : 6.94%', '7 : 12.35%', '8 : 14.64%', '9 : 8.47%']%
Divergence : jsd 0.0234, tvd 0.1612

Cluster 5 with 20 clients
Cluster communication time : 800
Cluster clients : [96, 15, 25, 192, 23, 134, 147, 57, 161, 107, 156, 48, 151, 160, 100, 70, 122, 51, 108, 127]
Label percentage: ['0 : 3.31%', '1 : 13.26%', '2 : 5.63%', '3 : 3.86%', '4 : 14.76%', '5 : 11.43%', '6 : 18.80%', '7 : 8.30%', '8 : 9.23%', '9 : 11.41%']%
Divergence : jsd 0.0435, tvd 0.1967

Cluster 6 with 20 clients
Cluster communication time : 800
Cluster clients : [184, 121, 2, 128, 124, 164, 191, 45, 183, 132, 47, 155, 123, 78, 90, 79, 141, 86, 162, 77]
Label percentage: ['0 : 7.83%', '1 : 7.31%', '2 : 19.88%', '3 : 5.30%', '4 : 3.87%', '5 : 1.81%', '6 : 2.57%', '7 : 16.17%', '8 : 22.07%', '9 : 13.19%']%
Divergence : jsd 0.0931, tvd 0.3131

Cluster 7 with 20 clients
Cluster communication time : 800
Cluster clients : [84, 16, 67, 37, 157, 106, 92, 5, 76, 98, 154, 172, 52, 138, 50, 80, 74, 188, 42, 175]
Label percentage: ['0 : 5.48%', '1 : 2.69%', '2 : 15.80%', '3 : 8.29%', '4 : 11.97%', '5 : 9.49%', '6 : 5.36%', '7 : 24.48%', '8 : 2.09%', '9 : 14.36%']%
Divergence : jsd 0.0779, tvd 0.2661

Cluster 8 with 20 clients
Cluster communication time : 800
Cluster clients : [53, 1, 0, 33, 32, 113, 167, 158, 35, 18, 186, 99, 46, 71, 104, 55, 3, 182, 146, 26]
Label percentage: ['0 : 7.02%', '1 : 4.31%', '2 : 11.88%', '3 : 17.91%', '4 : 13.77%', '5 : 5.86%', '6 : 10.77%', '7 : 14.83%', '8 : 2.62%', '9 : 11.01%']%
Divergence : jsd 0.0454, tvd 0.2018

Cluster 9 with 20 clients
Cluster communication time : 800
Cluster clients : [139, 97, 194, 120, 95, 28, 40, 13, 193, 63, 119, 7, 135, 166, 197, 176, 91, 189, 65, 159]
Label percentage: ['0 : 22.14%', '1 : 10.32%', '2 : 1.49%', '3 : 12.01%', '4 : 5.37%', '5 : 14.49%', '6 : 7.43%', '7 : 5.99%', '8 : 9.27%', '9 : 11.49%']%
Divergence : jsd 0.0568, tvd 0.2046

