Unique id : 0, dataset size : 505
Communication time : 1920, Fixed computation time : 960, Training time : 4800
['0:0.00%', '1:0.00%', '2:0.00%', '3:0.00%', '4:0.00%', '5:0.20%', '6:0.00%', '7:10.10%', '8:0.00%', '9:89.70%']
Divergence : jsd 0.6582, tvd 0.7980
Local epoch : 2
labels from the first batch :[9, 9, 9, 9, 9, 9, 9, 7, 9, 9, 9, 9, 9, 9, 9, 9, 9, 9, 9, 9, 9, 9, 9, 7, 9, 9, 9, 9, 9, 7, 9, 9]

Unique id : 1, dataset size : 399
Communication time : 572, Fixed computation time : 286, Training time : 1430
['0:0.00%', '1:0.00%', '2:100.00%', '3:0.00%', '4:0.00%', '5:0.00%', '6:0.00%', '7:0.00%', '8:0.00%', '9:0.00%']
Divergence : jsd 0.7583, tvd 0.9000
Local epoch : 2
labels from the first batch :[2, 2, 2, 2, 2, 2, 2, 2, 2, 2, 2, 2, 2, 2, 2, 2, 2, 2, 2, 2, 2, 2, 2, 2, 2, 2, 2, 2, 2, 2, 2, 2]

Unique id : 2, dataset size : 498
Communication time : 1690, Fixed computation time : 845, Training time : 4225
['0:0.00%', '1:0.00%', '2:0.00%', '3:0.00%', '4:0.00%', '5:0.00%', '6:0.00%', '7:0.00%', '8:0.00%', '9:100.00%']
Divergence : jsd 0.7583, tvd 0.9000
Local epoch : 2
labels from the first batch :[9, 9, 9, 9, 9, 9, 9, 9, 9, 9, 9, 9, 9, 9, 9, 9, 9, 9, 9, 9, 9, 9, 9, 9, 9, 9, 9, 9, 9, 9, 9, 9]

Unique id : 3, dataset size : 579
Communication time : 468, Fixed computation time : 234, Training time : 1170
['0:0.00%', '1:0.00%', '2:0.00%', '3:0.00%', '4:0.00%', '5:0.00%', '6:0.00%', '7:100.00%', '8:0.00%', '9:0.00%']
Divergence : jsd 0.7583, tvd 0.9000
Local epoch : 2
labels from the first batch :[7, 7, 7, 7, 7, 7, 7, 7, 7, 7, 7, 7, 7, 7, 7, 7, 7, 7, 7, 7, 7, 7, 7, 7, 7, 7, 7, 7, 7, 7, 7, 7]

Unique id : 4, dataset size : 399
Communication time : 1122, Fixed computation time : 561, Training time : 2805
['0:0.00%', '1:0.00%', '2:97.74%', '3:2.26%', '4:0.00%', '5:0.00%', '6:0.00%', '7:0.00%', '8:0.00%', '9:0.00%']
Divergence : jsd 0.7176, tvd 0.8774
Local epoch : 2
labels from the first batch :[2, 2, 2, 2, 2, 2, 2, 2, 2, 2, 2, 2, 2, 2, 2, 2, 2, 2, 2, 2, 2, 2, 2, 3, 2, 2, 2, 2, 2, 2, 2, 2]

Unique id : 5, dataset size : 379
Communication time : 444, Fixed computation time : 222, Training time : 1110
['0:0.00%', '1:100.00%', '2:0.00%', '3:0.00%', '4:0.00%', '5:0.00%', '6:0.00%', '7:0.00%', '8:0.00%', '9:0.00%']
Divergence : jsd 0.7583, tvd 0.9000
Local epoch : 2
labels from the first batch :[1, 1, 1, 1, 1, 1, 1, 1, 1, 1, 1, 1, 1, 1, 1, 1, 1, 1, 1, 1, 1, 1, 1, 1, 1, 1, 1, 1, 1, 1, 1, 1]

Unique id : 6, dataset size : 442
Communication time : 1440, Fixed computation time : 720, Training time : 3600
['0:35.29%', '1:0.00%', '2:0.00%', '3:0.00%', '4:59.95%', '5:0.00%', '6:4.75%', '7:0.00%', '8:0.00%', '9:0.00%']
Divergence : jsd 0.5536, tvd 0.7525
Local epoch : 2
labels from the first batch :[0, 4, 0, 0, 4, 4, 0, 4, 0, 4, 4, 0, 0, 4, 4, 4, 6, 4, 4, 4, 0, 4, 4, 6, 4, 0, 4, 4, 4, 0, 0, 0]

Unique id : 7, dataset size : 380
Communication time : 1714, Fixed computation time : 857, Training time : 4285
['0:0.00%', '1:100.00%', '2:0.00%', '3:0.00%', '4:0.00%', '5:0.00%', '6:0.00%', '7:0.00%', '8:0.00%', '9:0.00%']
Divergence : jsd 0.7583, tvd 0.9000
Local epoch : 2
labels from the first batch :[1, 1, 1, 1, 1, 1, 1, 1, 1, 1, 1, 1, 1, 1, 1, 1, 1, 1, 1, 1, 1, 1, 1, 1, 1, 1, 1, 1, 1, 1, 1, 1]

Unique id : 8, dataset size : 698
Communication time : 964, Fixed computation time : 482, Training time : 2410
['0:0.00%', '1:0.00%', '2:0.00%', '3:0.00%', '4:0.00%', '5:99.00%', '6:0.00%', '7:0.00%', '8:0.00%', '9:1.00%']
Divergence : jsd 0.7347, tvd 0.8900
Local epoch : 2
labels from the first batch :[5, 5, 5, 5, 5, 5, 5, 5, 5, 5, 5, 5, 5, 5, 5, 5, 5, 5, 5, 5, 5, 5, 5, 5, 5, 5, 5, 5, 5, 5, 5, 5]

Unique id : 9, dataset size : 799
Communication time : 1922, Fixed computation time : 961, Training time : 4805
['0:0.00%', '1:0.00%', '2:0.00%', '3:0.00%', '4:0.00%', '5:0.00%', '6:0.00%', '7:0.00%', '8:100.00%', '9:0.00%']
Divergence : jsd 0.7583, tvd 0.9000
Local epoch : 2
labels from the first batch :[8, 8, 8, 8, 8, 8, 8, 8, 8, 8, 8, 8, 8, 8, 8, 8, 8, 8, 8, 8, 8, 8, 8, 8, 8, 8, 8, 8, 8, 8, 8, 8]

Unique id : 10, dataset size : 379
Communication time : 1684, Fixed computation time : 842, Training time : 4210
['0:0.00%', '1:100.00%', '2:0.00%', '3:0.00%', '4:0.00%', '5:0.00%', '6:0.00%', '7:0.00%', '8:0.00%', '9:0.00%']
Divergence : jsd 0.7583, tvd 0.9000
Local epoch : 2
labels from the first batch :[1, 1, 1, 1, 1, 1, 1, 1, 1, 1, 1, 1, 1, 1, 1, 1, 1, 1, 1, 1, 1, 1, 1, 1, 1, 1, 1, 1, 1, 1, 1, 1]

Unique id : 11, dataset size : 758
Communication time : 808, Fixed computation time : 404, Training time : 2020
['0:0.00%', '1:0.00%', '2:0.00%', '3:0.00%', '4:0.00%', '5:0.00%', '6:100.00%', '7:0.00%', '8:0.00%', '9:0.00%']
Divergence : jsd 0.7583, tvd 0.9000
Local epoch : 2
labels from the first batch :[6, 6, 6, 6, 6, 6, 6, 6, 6, 6, 6, 6, 6, 6, 6, 6, 6, 6, 6, 6, 6, 6, 6, 6, 6, 6, 6, 6, 6, 6, 6, 6]

Unique id : 12, dataset size : 709
Communication time : 1236, Fixed computation time : 618, Training time : 3090
['0:0.00%', '1:0.00%', '2:0.00%', '3:0.00%', '4:0.00%', '5:100.00%', '6:0.00%', '7:0.00%', '8:0.00%', '9:0.00%']
Divergence : jsd 0.7583, tvd 0.9000
Local epoch : 2
labels from the first batch :[5, 5, 5, 5, 5, 5, 5, 5, 5, 5, 5, 5, 5, 5, 5, 5, 5, 5, 5, 5, 5, 5, 5, 5, 5, 5, 5, 5, 5, 5, 5, 5]

Unique id : 13, dataset size : 417
Communication time : 1554, Fixed computation time : 777, Training time : 3885
['0:0.00%', '1:0.00%', '2:0.00%', '3:100.00%', '4:0.00%', '5:0.00%', '6:0.00%', '7:0.00%', '8:0.00%', '9:0.00%']
Divergence : jsd 0.7583, tvd 0.9000
Local epoch : 2
labels from the first batch :[3, 3, 3, 3, 3, 3, 3, 3, 3, 3, 3, 3, 3, 3, 3, 3, 3, 3, 3, 3, 3, 3, 3, 3, 3, 3, 3, 3, 3, 3, 3, 3]

Unique id : 14, dataset size : 498
Communication time : 1688, Fixed computation time : 844, Training time : 4220
['0:0.00%', '1:0.00%', '2:0.00%', '3:0.00%', '4:0.00%', '5:0.00%', '6:0.00%', '7:0.00%', '8:0.00%', '9:100.00%']
Divergence : jsd 0.7583, tvd 0.9000
Local epoch : 2
labels from the first batch :[9, 9, 9, 9, 9, 9, 9, 9, 9, 9, 9, 9, 9, 9, 9, 9, 9, 9, 9, 9, 9, 9, 9, 9, 9, 9, 9, 9, 9, 9, 9, 9]

Unique id : 15, dataset size : 392
Communication time : 1880, Fixed computation time : 940, Training time : 4700
['0:0.00%', '1:92.86%', '2:0.00%', '3:0.00%', '4:0.00%', '5:7.14%', '6:0.00%', '7:0.00%', '8:0.00%', '9:0.00%']
Divergence : jsd 0.6794, tvd 0.8286
Local epoch : 2
labels from the first batch :[1, 1, 1, 1, 1, 5, 1, 1, 1, 5, 1, 5, 1, 1, 1, 1, 1, 1, 1, 1, 1, 1, 1, 1, 1, 1, 1, 1, 1, 1, 1, 1]

Unique id : 16, dataset size : 416
Communication time : 460, Fixed computation time : 230, Training time : 1150
['0:0.00%', '1:0.00%', '2:0.00%', '3:100.00%', '4:0.00%', '5:0.00%', '6:0.00%', '7:0.00%', '8:0.00%', '9:0.00%']
Divergence : jsd 0.7583, tvd 0.9000
Local epoch : 2
labels from the first batch :[3, 3, 3, 3, 3, 3, 3, 3, 3, 3, 3, 3, 3, 3, 3, 3, 3, 3, 3, 3, 3, 3, 3, 3, 3, 3, 3, 3, 3, 3, 3, 3]

Unique id : 17, dataset size : 423
Communication time : 1542, Fixed computation time : 771, Training time : 3855
['0:0.00%', '1:0.00%', '2:0.00%', '3:100.00%', '4:0.00%', '5:0.00%', '6:0.00%', '7:0.00%', '8:0.00%', '9:0.00%']
Divergence : jsd 0.7583, tvd 0.9000
Local epoch : 2
labels from the first batch :[3, 3, 3, 3, 3, 3, 3, 3, 3, 3, 3, 3, 3, 3, 3, 3, 3, 3, 3, 3, 3, 3, 3, 3, 3, 3, 3, 3, 3, 3, 3, 3]

Unique id : 18, dataset size : 717
Communication time : 450, Fixed computation time : 225, Training time : 1125
['0:0.00%', '1:0.00%', '2:0.00%', '3:0.00%', '4:0.00%', '5:66.53%', '6:32.64%', '7:0.00%', '8:0.84%', '9:0.00%']
Divergence : jsd 0.5972, tvd 0.7916
Local epoch : 2
labels from the first batch :[6, 6, 5, 6, 6, 5, 5, 5, 5, 5, 5, 6, 5, 5, 6, 5, 5, 5, 6, 5, 6, 5, 5, 6, 5, 5, 5, 6, 5, 5, 6, 5]

Unique id : 19, dataset size : 579
Communication time : 1830, Fixed computation time : 915, Training time : 4575
['0:0.00%', '1:0.00%', '2:0.00%', '3:0.00%', '4:0.00%', '5:0.00%', '6:0.00%', '7:100.00%', '8:0.00%', '9:0.00%']
Divergence : jsd 0.7583, tvd 0.9000
Local epoch : 2
labels from the first batch :[7, 7, 7, 7, 7, 7, 7, 7, 7, 7, 7, 7, 7, 7, 7, 7, 7, 7, 7, 7, 7, 7, 7, 7, 7, 7, 7, 7, 7, 7, 7, 7]

Unique id : 20, dataset size : 470
Communication time : 606, Fixed computation time : 303, Training time : 1515
['0:0.00%', '1:0.00%', '2:0.00%', '3:0.00%', '4:100.00%', '5:0.00%', '6:0.00%', '7:0.00%', '8:0.00%', '9:0.00%']
Divergence : jsd 0.7583, tvd 0.9000
Local epoch : 2
labels from the first batch :[4, 4, 4, 4, 4, 4, 4, 4, 4, 4, 4, 4, 4, 4, 4, 4, 4, 4, 4, 4, 4, 4, 4, 4, 4, 4, 4, 4, 4, 4, 4, 4]

Unique id : 21, dataset size : 380
Communication time : 1734, Fixed computation time : 867, Training time : 4335
['0:0.00%', '1:100.00%', '2:0.00%', '3:0.00%', '4:0.00%', '5:0.00%', '6:0.00%', '7:0.00%', '8:0.00%', '9:0.00%']
Divergence : jsd 0.7583, tvd 0.9000
Local epoch : 2
labels from the first batch :[1, 1, 1, 1, 1, 1, 1, 1, 1, 1, 1, 1, 1, 1, 1, 1, 1, 1, 1, 1, 1, 1, 1, 1, 1, 1, 1, 1, 1, 1, 1, 1]

Unique id : 22, dataset size : 385
Communication time : 750, Fixed computation time : 375, Training time : 1875
['0:100.00%', '1:0.00%', '2:0.00%', '3:0.00%', '4:0.00%', '5:0.00%', '6:0.00%', '7:0.00%', '8:0.00%', '9:0.00%']
Divergence : jsd 0.7583, tvd 0.9000
Local epoch : 2
labels from the first batch :[0, 0, 0, 0, 0, 0, 0, 0, 0, 0, 0, 0, 0, 0, 0, 0, 0, 0, 0, 0, 0, 0, 0, 0, 0, 0, 0, 0, 0, 0, 0, 0]

Unique id : 23, dataset size : 523
Communication time : 1944, Fixed computation time : 972, Training time : 4860
['0:0.00%', '1:0.00%', '2:1.34%', '3:2.87%', '4:0.38%', '5:0.00%', '6:0.00%', '7:0.00%', '8:16.63%', '9:78.78%']
Divergence : jsd 0.5567, tvd 0.7541
Local epoch : 2
labels from the first batch :[9, 3, 9, 9, 9, 9, 9, 9, 9, 9, 9, 9, 9, 9, 9, 9, 9, 9, 9, 9, 9, 9, 9, 9, 8, 9, 9, 9, 9, 8, 9, 9]

Unique id : 24, dataset size : 418
Communication time : 1132, Fixed computation time : 566, Training time : 2830
['0:83.97%', '1:0.00%', '2:0.00%', '3:0.00%', '4:0.00%', '5:0.00%', '6:16.03%', '7:0.00%', '8:0.00%', '9:0.00%']
Divergence : jsd 0.6452, tvd 0.8000
Local epoch : 2
labels from the first batch :[6, 0, 0, 0, 0, 0, 0, 0, 0, 0, 0, 0, 0, 0, 0, 0, 6, 0, 0, 0, 0, 6, 0, 0, 0, 0, 0, 0, 6, 6, 0, 0]

Unique id : 25, dataset size : 701
Communication time : 780, Fixed computation time : 390, Training time : 1950
['0:0.00%', '1:0.00%', '2:0.00%', '3:0.00%', '4:0.00%', '5:99.86%', '6:0.14%', '7:0.00%', '8:0.00%', '9:0.00%']
Divergence : jsd 0.7530, tvd 0.8986
Local epoch : 2
labels from the first batch :[5, 5, 5, 5, 5, 5, 5, 5, 5, 5, 5, 5, 5, 5, 5, 5, 5, 5, 5, 5, 5, 5, 5, 5, 5, 5, 5, 5, 5, 5, 5, 5]

Unique id : 26, dataset size : 417
Communication time : 708, Fixed computation time : 354, Training time : 1770
['0:0.00%', '1:0.00%', '2:0.00%', '3:100.00%', '4:0.00%', '5:0.00%', '6:0.00%', '7:0.00%', '8:0.00%', '9:0.00%']
Divergence : jsd 0.7583, tvd 0.9000
Local epoch : 2
labels from the first batch :[3, 3, 3, 3, 3, 3, 3, 3, 3, 3, 3, 3, 3, 3, 3, 3, 3, 3, 3, 3, 3, 3, 3, 3, 3, 3, 3, 3, 3, 3, 3, 3]

Unique id : 27, dataset size : 384
Communication time : 1290, Fixed computation time : 645, Training time : 3225
['0:98.96%', '1:1.04%', '2:0.00%', '3:0.00%', '4:0.00%', '5:0.00%', '6:0.00%', '7:0.00%', '8:0.00%', '9:0.00%']
Divergence : jsd 0.7341, tvd 0.8896
Local epoch : 2
labels from the first batch :[0, 0, 0, 0, 0, 0, 0, 0, 0, 0, 0, 1, 0, 0, 0, 0, 0, 0, 0, 0, 0, 0, 1, 0, 0, 0, 0, 0, 0, 0, 0, 0]

Unique id : 28, dataset size : 700
Communication time : 800, Fixed computation time : 400, Training time : 2000
['0:0.00%', '1:0.00%', '2:0.00%', '3:0.00%', '4:0.00%', '5:100.00%', '6:0.00%', '7:0.00%', '8:0.00%', '9:0.00%']
Divergence : jsd 0.7583, tvd 0.9000
Local epoch : 2
labels from the first batch :[5, 5, 5, 5, 5, 5, 5, 5, 5, 5, 5, 5, 5, 5, 5, 5, 5, 5, 5, 5, 5, 5, 5, 5, 5, 5, 5, 5, 5, 5, 5, 5]

Unique id : 29, dataset size : 417
Communication time : 1420, Fixed computation time : 710, Training time : 3550
['0:0.00%', '1:0.00%', '2:0.00%', '3:100.00%', '4:0.00%', '5:0.00%', '6:0.00%', '7:0.00%', '8:0.00%', '9:0.00%']
Divergence : jsd 0.7583, tvd 0.9000
Local epoch : 2
labels from the first batch :[3, 3, 3, 3, 3, 3, 3, 3, 3, 3, 3, 3, 3, 3, 3, 3, 3, 3, 3, 3, 3, 3, 3, 3, 3, 3, 3, 3, 3, 3, 3, 3]

Unique id : 30, dataset size : 586
Communication time : 476, Fixed computation time : 238, Training time : 1190
['0:0.00%', '1:0.00%', '2:0.00%', '3:0.00%', '4:0.00%', '5:0.00%', '6:0.00%', '7:100.00%', '8:0.00%', '9:0.00%']
Divergence : jsd 0.7583, tvd 0.9000
Local epoch : 2
labels from the first batch :[7, 7, 7, 7, 7, 7, 7, 7, 7, 7, 7, 7, 7, 7, 7, 7, 7, 7, 7, 7, 7, 7, 7, 7, 7, 7, 7, 7, 7, 7, 7, 7]

Unique id : 31, dataset size : 775
Communication time : 648, Fixed computation time : 324, Training time : 1620
['0:0.00%', '1:0.00%', '2:0.00%', '3:0.00%', '4:0.00%', '5:2.45%', '6:29.94%', '7:0.00%', '8:67.61%', '9:0.00%']
Divergence : jsd 0.5782, tvd 0.7755
Local epoch : 2
labels from the first batch :[8, 8, 6, 8, 6, 6, 8, 6, 8, 8, 8, 8, 8, 8, 8, 6, 8, 8, 8, 8, 5, 8, 8, 8, 6, 8, 6, 6, 8, 6, 8, 5]

Unique id : 32, dataset size : 575
Communication time : 1764, Fixed computation time : 882, Training time : 4410
['0:0.00%', '1:1.22%', '2:0.00%', '3:0.00%', '4:0.00%', '5:0.00%', '6:0.00%', '7:98.78%', '8:0.00%', '9:0.00%']
Divergence : jsd 0.7313, tvd 0.8878
Local epoch : 2
labels from the first batch :[7, 7, 7, 7, 7, 7, 7, 7, 7, 7, 7, 7, 7, 7, 7, 7, 7, 7, 7, 7, 7, 7, 7, 7, 7, 7, 7, 7, 7, 7, 7, 7]

Unique id : 33, dataset size : 497
Communication time : 1280, Fixed computation time : 640, Training time : 3200
['0:0.00%', '1:0.00%', '2:0.00%', '3:0.00%', '4:0.00%', '5:0.00%', '6:0.00%', '7:0.00%', '8:0.00%', '9:100.00%']
Divergence : jsd 0.7583, tvd 0.9000
Local epoch : 2
labels from the first batch :[9, 9, 9, 9, 9, 9, 9, 9, 9, 9, 9, 9, 9, 9, 9, 9, 9, 9, 9, 9, 9, 9, 9, 9, 9, 9, 9, 9, 9, 9, 9, 9]

Unique id : 34, dataset size : 498
Communication time : 670, Fixed computation time : 335, Training time : 1675
['0:0.00%', '1:0.00%', '2:0.00%', '3:0.00%', '4:0.00%', '5:0.00%', '6:0.00%', '7:0.00%', '8:0.00%', '9:100.00%']
Divergence : jsd 0.7583, tvd 0.9000
Local epoch : 2
labels from the first batch :[9, 9, 9, 9, 9, 9, 9, 9, 9, 9, 9, 9, 9, 9, 9, 9, 9, 9, 9, 9, 9, 9, 9, 9, 9, 9, 9, 9, 9, 9, 9, 9]

Unique id : 35, dataset size : 616
Communication time : 468, Fixed computation time : 234, Training time : 1170
['0:0.00%', '1:0.00%', '2:0.00%', '3:0.00%', '4:36.69%', '5:0.00%', '6:63.31%', '7:0.00%', '8:0.00%', '9:0.00%']
Divergence : jsd 0.6144, tvd 0.8000
Local epoch : 2
labels from the first batch :[4, 4, 4, 6, 4, 4, 6, 6, 4, 4, 6, 6, 6, 4, 4, 6, 6, 6, 4, 6, 6, 6, 4, 6, 6, 6, 4, 4, 6, 4, 6, 6]

Unique id : 36, dataset size : 498
Communication time : 446, Fixed computation time : 223, Training time : 1115
['0:0.00%', '1:0.00%', '2:0.00%', '3:0.00%', '4:0.00%', '5:0.00%', '6:0.00%', '7:0.00%', '8:0.00%', '9:100.00%']
Divergence : jsd 0.7583, tvd 0.9000
Local epoch : 2
labels from the first batch :[9, 9, 9, 9, 9, 9, 9, 9, 9, 9, 9, 9, 9, 9, 9, 9, 9, 9, 9, 9, 9, 9, 9, 9, 9, 9, 9, 9, 9, 9, 9, 9]

Unique id : 37, dataset size : 416
Communication time : 648, Fixed computation time : 324, Training time : 1620
['0:0.00%', '1:0.00%', '2:0.00%', '3:100.00%', '4:0.00%', '5:0.00%', '6:0.00%', '7:0.00%', '8:0.00%', '9:0.00%']
Divergence : jsd 0.7583, tvd 0.9000
Local epoch : 2
labels from the first batch :[3, 3, 3, 3, 3, 3, 3, 3, 3, 3, 3, 3, 3, 3, 3, 3, 3, 3, 3, 3, 3, 3, 3, 3, 3, 3, 3, 3, 3, 3, 3, 3]

Unique id : 38, dataset size : 385
Communication time : 888, Fixed computation time : 444, Training time : 2220
['0:100.00%', '1:0.00%', '2:0.00%', '3:0.00%', '4:0.00%', '5:0.00%', '6:0.00%', '7:0.00%', '8:0.00%', '9:0.00%']
Divergence : jsd 0.7583, tvd 0.9000
Local epoch : 2
labels from the first batch :[0, 0, 0, 0, 0, 0, 0, 0, 0, 0, 0, 0, 0, 0, 0, 0, 0, 0, 0, 0, 0, 0, 0, 0, 0, 0, 0, 0, 0, 0, 0, 0]

Unique id : 39, dataset size : 399
Communication time : 1368, Fixed computation time : 684, Training time : 3420
['0:0.00%', '1:0.00%', '2:100.00%', '3:0.00%', '4:0.00%', '5:0.00%', '6:0.00%', '7:0.00%', '8:0.00%', '9:0.00%']
Divergence : jsd 0.7583, tvd 0.9000
Local epoch : 2
labels from the first batch :[2, 2, 2, 2, 2, 2, 2, 2, 2, 2, 2, 2, 2, 2, 2, 2, 2, 2, 2, 2, 2, 2, 2, 2, 2, 2, 2, 2, 2, 2, 2, 2]

Unique id : 40, dataset size : 525
Communication time : 1706, Fixed computation time : 853, Training time : 4265
['0:0.00%', '1:0.00%', '2:0.00%', '3:56.19%', '4:0.00%', '5:0.00%', '6:0.00%', '7:0.00%', '8:43.81%', '9:0.00%']
Divergence : jsd 0.6109, tvd 0.8000
Local epoch : 2
labels from the first batch :[8, 3, 3, 8, 3, 3, 8, 8, 3, 3, 3, 3, 3, 8, 3, 3, 3, 3, 8, 8, 8, 8, 8, 3, 3, 8, 8, 3, 8, 3, 3, 3]

Unique id : 41, dataset size : 752
Communication time : 1596, Fixed computation time : 798, Training time : 3990
['0:0.00%', '1:0.00%', '2:0.00%', '3:0.00%', '4:0.00%', '5:0.00%', '6:100.00%', '7:0.00%', '8:0.00%', '9:0.00%']
Divergence : jsd 0.7583, tvd 0.9000
Local epoch : 2
labels from the first batch :[6, 6, 6, 6, 6, 6, 6, 6, 6, 6, 6, 6, 6, 6, 6, 6, 6, 6, 6, 6, 6, 6, 6, 6, 6, 6, 6, 6, 6, 6, 6, 6]

Unique id : 42, dataset size : 470
Communication time : 810, Fixed computation time : 405, Training time : 2025
['0:0.00%', '1:0.00%', '2:0.00%', '3:0.00%', '4:100.00%', '5:0.00%', '6:0.00%', '7:0.00%', '8:0.00%', '9:0.00%']
Divergence : jsd 0.7583, tvd 0.9000
Local epoch : 2
labels from the first batch :[4, 4, 4, 4, 4, 4, 4, 4, 4, 4, 4, 4, 4, 4, 4, 4, 4, 4, 4, 4, 4, 4, 4, 4, 4, 4, 4, 4, 4, 4, 4, 4]

Unique id : 43, dataset size : 478
Communication time : 466, Fixed computation time : 233, Training time : 1165
['0:0.00%', '1:0.00%', '2:0.00%', '3:0.00%', '4:100.00%', '5:0.00%', '6:0.00%', '7:0.00%', '8:0.00%', '9:0.00%']
Divergence : jsd 0.7583, tvd 0.9000
Local epoch : 2
labels from the first batch :[4, 4, 4, 4, 4, 4, 4, 4, 4, 4, 4, 4, 4, 4, 4, 4, 4, 4, 4, 4, 4, 4, 4, 4, 4, 4, 4, 4, 4, 4, 4, 4]

Unique id : 44, dataset size : 399
Communication time : 1022, Fixed computation time : 511, Training time : 2555
['0:0.00%', '1:0.00%', '2:100.00%', '3:0.00%', '4:0.00%', '5:0.00%', '6:0.00%', '7:0.00%', '8:0.00%', '9:0.00%']
Divergence : jsd 0.7583, tvd 0.9000
Local epoch : 2
labels from the first batch :[2, 2, 2, 2, 2, 2, 2, 2, 2, 2, 2, 2, 2, 2, 2, 2, 2, 2, 2, 2, 2, 2, 2, 2, 2, 2, 2, 2, 2, 2, 2, 2]

Unique id : 45, dataset size : 471
Communication time : 988, Fixed computation time : 494, Training time : 2470
['0:5.73%', '1:51.38%', '2:0.00%', '3:0.00%', '4:0.00%', '5:42.25%', '6:0.64%', '7:0.00%', '8:0.00%', '9:0.00%']
Divergence : jsd 0.5274, tvd 0.7363
Local epoch : 2
labels from the first batch :[1, 5, 1, 5, 1, 1, 1, 5, 1, 5, 5, 1, 1, 1, 5, 1, 1, 1, 5, 5, 5, 1, 1, 5, 1, 0, 5, 1, 1, 1, 5, 5]

Unique id : 46, dataset size : 424
Communication time : 1232, Fixed computation time : 616, Training time : 3080
['0:81.13%', '1:0.00%', '2:0.00%', '3:0.00%', '4:0.00%', '5:0.00%', '6:18.87%', '7:0.00%', '8:0.00%', '9:0.00%']
Divergence : jsd 0.6382, tvd 0.8000
Local epoch : 2
labels from the first batch :[0, 0, 6, 6, 0, 0, 0, 0, 0, 0, 0, 0, 0, 0, 0, 6, 0, 0, 0, 0, 0, 6, 0, 0, 0, 0, 0, 0, 0, 0, 0, 6]

Unique id : 47, dataset size : 470
Communication time : 870, Fixed computation time : 435, Training time : 2175
['0:0.00%', '1:0.00%', '2:0.00%', '3:0.00%', '4:99.79%', '5:0.00%', '6:0.00%', '7:0.21%', '8:0.00%', '9:0.00%']
Divergence : jsd 0.7510, tvd 0.8979
Local epoch : 2
labels from the first batch :[4, 4, 4, 4, 4, 4, 4, 4, 4, 4, 4, 4, 4, 4, 4, 4, 4, 4, 4, 4, 4, 4, 4, 4, 4, 4, 4, 4, 4, 4, 4, 4]

Unique id : 48, dataset size : 416
Communication time : 1340, Fixed computation time : 670, Training time : 3350
['0:0.96%', '1:0.00%', '2:0.00%', '3:99.04%', '4:0.00%', '5:0.00%', '6:0.00%', '7:0.00%', '8:0.00%', '9:0.00%']
Divergence : jsd 0.7354, tvd 0.8904
Local epoch : 2
labels from the first batch :[3, 3, 3, 3, 3, 3, 3, 3, 3, 3, 3, 3, 3, 3, 3, 3, 3, 3, 0, 3, 3, 3, 3, 3, 3, 3, 3, 3, 3, 3, 3, 3]

Unique id : 49, dataset size : 744
Communication time : 406, Fixed computation time : 203, Training time : 1015
['0:1.08%', '1:0.00%', '2:0.00%', '3:0.00%', '4:0.00%', '5:0.00%', '6:98.92%', '7:0.00%', '8:0.00%', '9:0.00%']
Divergence : jsd 0.7336, tvd 0.8892
Local epoch : 2
labels from the first batch :[6, 6, 6, 6, 6, 6, 6, 6, 6, 6, 6, 6, 6, 6, 6, 6, 6, 6, 6, 6, 6, 6, 6, 6, 6, 6, 6, 6, 6, 6, 6, 6]

Unique id : 50, dataset size : 416
Communication time : 618, Fixed computation time : 309, Training time : 1545
['0:0.00%', '1:0.00%', '2:0.00%', '3:100.00%', '4:0.00%', '5:0.00%', '6:0.00%', '7:0.00%', '8:0.00%', '9:0.00%']
Divergence : jsd 0.7583, tvd 0.9000
Local epoch : 2
labels from the first batch :[3, 3, 3, 3, 3, 3, 3, 3, 3, 3, 3, 3, 3, 3, 3, 3, 3, 3, 3, 3, 3, 3, 3, 3, 3, 3, 3, 3, 3, 3, 3, 3]

Unique id : 51, dataset size : 789
Communication time : 1580, Fixed computation time : 790, Training time : 3950
['0:0.00%', '1:0.00%', '2:0.00%', '3:0.00%', '4:0.00%', '5:0.00%', '6:0.00%', '7:0.00%', '8:100.00%', '9:0.00%']
Divergence : jsd 0.7583, tvd 0.9000
Local epoch : 2
labels from the first batch :[8, 8, 8, 8, 8, 8, 8, 8, 8, 8, 8, 8, 8, 8, 8, 8, 8, 8, 8, 8, 8, 8, 8, 8, 8, 8, 8, 8, 8, 8, 8, 8]

Unique id : 52, dataset size : 385
Communication time : 1976, Fixed computation time : 988, Training time : 4940
['0:100.00%', '1:0.00%', '2:0.00%', '3:0.00%', '4:0.00%', '5:0.00%', '6:0.00%', '7:0.00%', '8:0.00%', '9:0.00%']
Divergence : jsd 0.7583, tvd 0.9000
Local epoch : 2
labels from the first batch :[0, 0, 0, 0, 0, 0, 0, 0, 0, 0, 0, 0, 0, 0, 0, 0, 0, 0, 0, 0, 0, 0, 0, 0, 0, 0, 0, 0, 0, 0, 0, 0]

Unique id : 53, dataset size : 395
Communication time : 1654, Fixed computation time : 827, Training time : 4135
['0:68.35%', '1:0.00%', '2:0.00%', '3:31.65%', '4:0.00%', '5:0.00%', '6:0.00%', '7:0.00%', '8:0.00%', '9:0.00%']
Divergence : jsd 0.6186, tvd 0.8000
Local epoch : 2
labels from the first batch :[0, 0, 0, 0, 3, 0, 0, 0, 3, 0, 0, 3, 0, 3, 0, 3, 0, 0, 0, 0, 0, 0, 0, 0, 0, 0, 3, 3, 0, 0, 0, 0]

Unique id : 54, dataset size : 522
Communication time : 1716, Fixed computation time : 858, Training time : 4290
['0:0.00%', '1:0.00%', '2:0.00%', '3:0.00%', '4:45.40%', '5:0.00%', '6:0.00%', '7:54.60%', '8:0.00%', '9:0.00%']
Divergence : jsd 0.6105, tvd 0.8000
Local epoch : 2
labels from the first batch :[7, 4, 7, 7, 7, 7, 4, 7, 7, 4, 7, 7, 4, 4, 7, 4, 7, 7, 7, 7, 4, 7, 4, 4, 7, 4, 7, 7, 4, 4, 4, 7]

Unique id : 55, dataset size : 469
Communication time : 1632, Fixed computation time : 816, Training time : 4080
['0:0.00%', '1:0.00%', '2:0.00%', '3:0.00%', '4:100.00%', '5:0.00%', '6:0.00%', '7:0.00%', '8:0.00%', '9:0.00%']
Divergence : jsd 0.7583, tvd 0.9000
Local epoch : 2
labels from the first batch :[4, 4, 4, 4, 4, 4, 4, 4, 4, 4, 4, 4, 4, 4, 4, 4, 4, 4, 4, 4, 4, 4, 4, 4, 4, 4, 4, 4, 4, 4, 4, 4]

Unique id : 56, dataset size : 380
Communication time : 1022, Fixed computation time : 511, Training time : 2555
['0:0.00%', '1:100.00%', '2:0.00%', '3:0.00%', '4:0.00%', '5:0.00%', '6:0.00%', '7:0.00%', '8:0.00%', '9:0.00%']
Divergence : jsd 0.7583, tvd 0.9000
Local epoch : 2
labels from the first batch :[1, 1, 1, 1, 1, 1, 1, 1, 1, 1, 1, 1, 1, 1, 1, 1, 1, 1, 1, 1, 1, 1, 1, 1, 1, 1, 1, 1, 1, 1, 1, 1]

Unique id : 57, dataset size : 385
Communication time : 1528, Fixed computation time : 764, Training time : 3820
['0:100.00%', '1:0.00%', '2:0.00%', '3:0.00%', '4:0.00%', '5:0.00%', '6:0.00%', '7:0.00%', '8:0.00%', '9:0.00%']
Divergence : jsd 0.7583, tvd 0.9000
Local epoch : 2
labels from the first batch :[0, 0, 0, 0, 0, 0, 0, 0, 0, 0, 0, 0, 0, 0, 0, 0, 0, 0, 0, 0, 0, 0, 0, 0, 0, 0, 0, 0, 0, 0, 0, 0]

Unique id : 58, dataset size : 494
Communication time : 1240, Fixed computation time : 620, Training time : 3100
['0:0.00%', '1:0.00%', '2:2.02%', '3:0.00%', '4:0.00%', '5:0.00%', '6:0.00%', '7:0.00%', '8:0.00%', '9:97.98%']
Divergence : jsd 0.7204, tvd 0.8798
Local epoch : 2
labels from the first batch :[9, 9, 9, 9, 9, 9, 9, 9, 9, 9, 9, 9, 9, 9, 9, 9, 9, 9, 9, 9, 9, 9, 9, 9, 9, 9, 9, 9, 9, 9, 9, 9]

Unique id : 59, dataset size : 415
Communication time : 1010, Fixed computation time : 505, Training time : 2525
['0:0.00%', '1:83.37%', '2:0.00%', '3:0.00%', '4:0.00%', '5:0.00%', '6:0.00%', '7:0.00%', '8:16.63%', '9:0.00%']
Divergence : jsd 0.6436, tvd 0.8000
Local epoch : 2
labels from the first batch :[1, 1, 1, 8, 1, 1, 1, 1, 1, 8, 1, 1, 1, 8, 1, 8, 1, 1, 1, 1, 1, 1, 1, 1, 1, 1, 1, 1, 1, 1, 1, 1]

Unique id : 60, dataset size : 737
Communication time : 686, Fixed computation time : 343, Training time : 1715
['0:0.00%', '1:0.00%', '2:0.00%', '3:0.00%', '4:0.00%', '5:0.00%', '6:0.00%', '7:0.00%', '8:88.60%', '9:11.40%']
Divergence : jsd 0.6599, tvd 0.8000
Local epoch : 2
labels from the first batch :[8, 8, 9, 8, 8, 8, 8, 8, 8, 8, 8, 8, 8, 8, 8, 8, 8, 8, 8, 8, 8, 8, 8, 8, 8, 8, 8, 8, 8, 8, 8, 8]

Unique id : 61, dataset size : 469
Communication time : 1756, Fixed computation time : 878, Training time : 4390
['0:0.00%', '1:0.00%', '2:1.71%', '3:0.00%', '4:94.88%', '5:0.00%', '6:0.00%', '7:1.28%', '8:0.00%', '9:2.13%']
Divergence : jsd 0.6574, tvd 0.8488
Local epoch : 2
labels from the first batch :[4, 4, 4, 4, 4, 4, 4, 4, 4, 4, 4, 4, 4, 4, 4, 4, 4, 4, 4, 4, 4, 4, 4, 4, 4, 4, 4, 4, 4, 4, 9, 4]

Unique id : 62, dataset size : 470
Communication time : 322, Fixed computation time : 161, Training time : 805
['0:0.00%', '1:0.00%', '2:0.00%', '3:0.00%', '4:100.00%', '5:0.00%', '6:0.00%', '7:0.00%', '8:0.00%', '9:0.00%']
Divergence : jsd 0.7583, tvd 0.9000
Local epoch : 2
labels from the first batch :[4, 4, 4, 4, 4, 4, 4, 4, 4, 4, 4, 4, 4, 4, 4, 4, 4, 4, 4, 4, 4, 4, 4, 4, 4, 4, 4, 4, 4, 4, 4, 4]

Unique id : 63, dataset size : 385
Communication time : 1670, Fixed computation time : 835, Training time : 4175
['0:100.00%', '1:0.00%', '2:0.00%', '3:0.00%', '4:0.00%', '5:0.00%', '6:0.00%', '7:0.00%', '8:0.00%', '9:0.00%']
Divergence : jsd 0.7583, tvd 0.9000
Local epoch : 2
labels from the first batch :[0, 0, 0, 0, 0, 0, 0, 0, 0, 0, 0, 0, 0, 0, 0, 0, 0, 0, 0, 0, 0, 0, 0, 0, 0, 0, 0, 0, 0, 0, 0, 0]

Unique id : 64, dataset size : 385
Communication time : 1786, Fixed computation time : 893, Training time : 4465
['0:100.00%', '1:0.00%', '2:0.00%', '3:0.00%', '4:0.00%', '5:0.00%', '6:0.00%', '7:0.00%', '8:0.00%', '9:0.00%']
Divergence : jsd 0.7583, tvd 0.9000
Local epoch : 2
labels from the first batch :[0, 0, 0, 0, 0, 0, 0, 0, 0, 0, 0, 0, 0, 0, 0, 0, 0, 0, 0, 0, 0, 0, 0, 0, 0, 0, 0, 0, 0, 0, 0, 0]

Unique id : 65, dataset size : 380
Communication time : 962, Fixed computation time : 481, Training time : 2405
['0:0.00%', '1:98.95%', '2:0.00%', '3:0.00%', '4:1.05%', '5:0.00%', '6:0.00%', '7:0.00%', '8:0.00%', '9:0.00%']
Divergence : jsd 0.7339, tvd 0.8895
Local epoch : 2
labels from the first batch :[1, 1, 1, 1, 1, 1, 1, 1, 1, 1, 1, 1, 1, 1, 1, 1, 1, 1, 1, 1, 1, 1, 1, 1, 1, 1, 1, 1, 1, 1, 1, 1]

Unique id : 66, dataset size : 418
Communication time : 1698, Fixed computation time : 849, Training time : 4245
['0:3.59%', '1:70.81%', '2:0.00%', '3:0.00%', '4:8.85%', '5:16.75%', '6:0.00%', '7:0.00%', '8:0.00%', '9:0.00%']
Divergence : jsd 0.5037, tvd 0.6756
Local epoch : 2
labels from the first batch :[1, 5, 1, 0, 1, 1, 5, 1, 1, 1, 5, 1, 1, 1, 1, 0, 0, 1, 1, 5, 1, 4, 1, 1, 5, 1, 1, 1, 1, 5, 4, 1]

Unique id : 67, dataset size : 509
Communication time : 812, Fixed computation time : 406, Training time : 2030
['0:0.00%', '1:0.00%', '2:0.00%', '3:0.00%', '4:81.14%', '5:0.00%', '6:0.00%', '7:0.00%', '8:18.86%', '9:0.00%']
Divergence : jsd 0.6382, tvd 0.8000
Local epoch : 2
labels from the first batch :[8, 8, 4, 8, 8, 8, 4, 4, 4, 4, 4, 4, 4, 4, 4, 4, 4, 8, 8, 4, 4, 4, 4, 4, 4, 4, 4, 4, 4, 4, 4, 4]

Unique id : 68, dataset size : 399
Communication time : 1134, Fixed computation time : 567, Training time : 2835
['0:0.00%', '1:0.00%', '2:100.00%', '3:0.00%', '4:0.00%', '5:0.00%', '6:0.00%', '7:0.00%', '8:0.00%', '9:0.00%']
Divergence : jsd 0.7583, tvd 0.9000
Local epoch : 2
labels from the first batch :[2, 2, 2, 2, 2, 2, 2, 2, 2, 2, 2, 2, 2, 2, 2, 2, 2, 2, 2, 2, 2, 2, 2, 2, 2, 2, 2, 2, 2, 2, 2, 2]

Unique id : 69, dataset size : 752
Communication time : 1188, Fixed computation time : 594, Training time : 2970
['0:0.00%', '1:0.00%', '2:0.00%', '3:0.00%', '4:0.00%', '5:0.00%', '6:100.00%', '7:0.00%', '8:0.00%', '9:0.00%']
Divergence : jsd 0.7583, tvd 0.9000
Local epoch : 2
labels from the first batch :[6, 6, 6, 6, 6, 6, 6, 6, 6, 6, 6, 6, 6, 6, 6, 6, 6, 6, 6, 6, 6, 6, 6, 6, 6, 6, 6, 6, 6, 6, 6, 6]

Unique id : 70, dataset size : 406
Communication time : 546, Fixed computation time : 273, Training time : 1365
['0:0.00%', '1:0.00%', '2:95.32%', '3:0.00%', '4:0.00%', '5:4.68%', '6:0.00%', '7:0.00%', '8:0.00%', '9:0.00%']
Divergence : jsd 0.6953, tvd 0.8532
Local epoch : 2
labels from the first batch :[2, 2, 2, 2, 2, 2, 2, 2, 2, 2, 2, 2, 2, 2, 2, 2, 2, 2, 2, 2, 2, 2, 2, 2, 2, 2, 2, 2, 2, 2, 2, 2]

Unique id : 71, dataset size : 399
Communication time : 798, Fixed computation time : 399, Training time : 1995
['0:0.00%', '1:0.00%', '2:100.00%', '3:0.00%', '4:0.00%', '5:0.00%', '6:0.00%', '7:0.00%', '8:0.00%', '9:0.00%']
Divergence : jsd 0.7583, tvd 0.9000
Local epoch : 2
labels from the first batch :[2, 2, 2, 2, 2, 2, 2, 2, 2, 2, 2, 2, 2, 2, 2, 2, 2, 2, 2, 2, 2, 2, 2, 2, 2, 2, 2, 2, 2, 2, 2, 2]

Unique id : 72, dataset size : 403
Communication time : 698, Fixed computation time : 349, Training time : 1745
['0:0.00%', '1:0.00%', '2:94.79%', '3:0.00%', '4:0.00%', '5:0.00%', '6:0.00%', '7:0.00%', '8:0.00%', '9:5.21%']
Divergence : jsd 0.6914, tvd 0.8479
Local epoch : 2
labels from the first batch :[2, 2, 2, 2, 2, 2, 2, 2, 9, 2, 2, 2, 2, 9, 2, 2, 2, 2, 2, 2, 2, 2, 2, 2, 2, 2, 2, 2, 2, 9, 2, 2]

Unique id : 73, dataset size : 788
Communication time : 1022, Fixed computation time : 511, Training time : 2555
['0:0.00%', '1:0.00%', '2:0.00%', '3:0.00%', '4:0.00%', '5:0.00%', '6:0.00%', '7:0.00%', '8:100.00%', '9:0.00%']
Divergence : jsd 0.7583, tvd 0.9000
Local epoch : 2
labels from the first batch :[8, 8, 8, 8, 8, 8, 8, 8, 8, 8, 8, 8, 8, 8, 8, 8, 8, 8, 8, 8, 8, 8, 8, 8, 8, 8, 8, 8, 8, 8, 8, 8]

Unique id : 74, dataset size : 702
Communication time : 1414, Fixed computation time : 707, Training time : 3535
['0:0.00%', '1:0.00%', '2:0.00%', '3:0.00%', '4:0.00%', '5:97.72%', '6:0.00%', '7:0.00%', '8:2.28%', '9:0.00%']
Divergence : jsd 0.7174, tvd 0.8772
Local epoch : 2
labels from the first batch :[5, 5, 5, 5, 5, 5, 5, 5, 5, 5, 5, 5, 5, 5, 5, 5, 5, 5, 5, 5, 5, 5, 5, 5, 5, 5, 5, 5, 5, 5, 8, 5]

Unique id : 75, dataset size : 579
Communication time : 1430, Fixed computation time : 715, Training time : 3575
['0:0.00%', '1:0.00%', '2:0.00%', '3:0.00%', '4:0.00%', '5:0.00%', '6:0.00%', '7:100.00%', '8:0.00%', '9:0.00%']
Divergence : jsd 0.7583, tvd 0.9000
Local epoch : 2
labels from the first batch :[7, 7, 7, 7, 7, 7, 7, 7, 7, 7, 7, 7, 7, 7, 7, 7, 7, 7, 7, 7, 7, 7, 7, 7, 7, 7, 7, 7, 7, 7, 7, 7]

Unique id : 76, dataset size : 394
Communication time : 1142, Fixed computation time : 571, Training time : 2855
['0:0.00%', '1:80.96%', '2:0.00%', '3:0.00%', '4:19.04%', '5:0.00%', '6:0.00%', '7:0.00%', '8:0.00%', '9:0.00%']
Divergence : jsd 0.6379, tvd 0.8000
Local epoch : 2
labels from the first batch :[1, 1, 1, 1, 1, 1, 4, 1, 1, 1, 1, 1, 1, 4, 4, 1, 1, 1, 1, 4, 1, 1, 4, 1, 1, 1, 1, 1, 1, 1, 1, 1]

Unique id : 77, dataset size : 579
Communication time : 1034, Fixed computation time : 517, Training time : 2585
['0:0.00%', '1:0.00%', '2:0.00%', '3:0.00%', '4:0.00%', '5:0.00%', '6:0.00%', '7:100.00%', '8:0.00%', '9:0.00%']
Divergence : jsd 0.7583, tvd 0.9000
Local epoch : 2
labels from the first batch :[7, 7, 7, 7, 7, 7, 7, 7, 7, 7, 7, 7, 7, 7, 7, 7, 7, 7, 7, 7, 7, 7, 7, 7, 7, 7, 7, 7, 7, 7, 7, 7]

Unique id : 78, dataset size : 701
Communication time : 1114, Fixed computation time : 557, Training time : 2785
['0:0.00%', '1:0.00%', '2:0.00%', '3:0.00%', '4:0.00%', '5:100.00%', '6:0.00%', '7:0.00%', '8:0.00%', '9:0.00%']
Divergence : jsd 0.7583, tvd 0.9000
Local epoch : 2
labels from the first batch :[5, 5, 5, 5, 5, 5, 5, 5, 5, 5, 5, 5, 5, 5, 5, 5, 5, 5, 5, 5, 5, 5, 5, 5, 5, 5, 5, 5, 5, 5, 5, 5]

Unique id : 79, dataset size : 389
Communication time : 784, Fixed computation time : 392, Training time : 1960
['0:0.00%', '1:100.00%', '2:0.00%', '3:0.00%', '4:0.00%', '5:0.00%', '6:0.00%', '7:0.00%', '8:0.00%', '9:0.00%']
Divergence : jsd 0.7583, tvd 0.9000
Local epoch : 2
labels from the first batch :[1, 1, 1, 1, 1, 1, 1, 1, 1, 1, 1, 1, 1, 1, 1, 1, 1, 1, 1, 1, 1, 1, 1, 1, 1, 1, 1, 1, 1, 1, 1, 1]

Unique id : 80, dataset size : 395
Communication time : 510, Fixed computation time : 255, Training time : 1275
['0:92.41%', '1:0.00%', '2:0.00%', '3:0.00%', '4:0.00%', '5:0.00%', '6:0.00%', '7:7.34%', '8:0.25%', '9:0.00%']
Divergence : jsd 0.6699, tvd 0.8241
Local epoch : 2
labels from the first batch :[0, 0, 0, 0, 0, 0, 0, 0, 0, 0, 0, 0, 0, 0, 0, 0, 0, 0, 0, 0, 0, 0, 0, 0, 0, 0, 0, 0, 0, 0, 0, 0]

Unique id : 81, dataset size : 416
Communication time : 738, Fixed computation time : 369, Training time : 1845
['0:0.00%', '1:0.00%', '2:0.00%', '3:100.00%', '4:0.00%', '5:0.00%', '6:0.00%', '7:0.00%', '8:0.00%', '9:0.00%']
Divergence : jsd 0.7583, tvd 0.9000
Local epoch : 2
labels from the first batch :[3, 3, 3, 3, 3, 3, 3, 3, 3, 3, 3, 3, 3, 3, 3, 3, 3, 3, 3, 3, 3, 3, 3, 3, 3, 3, 3, 3, 3, 3, 3, 3]

Unique id : 82, dataset size : 396
Communication time : 1366, Fixed computation time : 683, Training time : 3415
['0:93.69%', '1:0.00%', '2:0.00%', '3:0.00%', '4:0.00%', '5:0.00%', '6:5.05%', '7:0.00%', '8:1.01%', '9:0.25%']
Divergence : jsd 0.6606, tvd 0.8369
Local epoch : 2
labels from the first batch :[0, 0, 8, 0, 0, 0, 0, 6, 0, 0, 6, 0, 0, 0, 0, 0, 0, 0, 0, 6, 0, 0, 0, 0, 0, 0, 0, 0, 0, 0, 0, 0]

Unique id : 83, dataset size : 422
Communication time : 316, Fixed computation time : 158, Training time : 790
['0:0.00%', '1:0.00%', '2:0.00%', '3:92.18%', '4:0.00%', '5:0.00%', '6:0.00%', '7:0.00%', '8:0.00%', '9:7.82%']
Divergence : jsd 0.6757, tvd 0.8218
Local epoch : 2
labels from the first batch :[3, 3, 3, 3, 3, 3, 3, 3, 3, 3, 3, 9, 3, 3, 3, 3, 3, 3, 3, 3, 3, 3, 3, 3, 3, 9, 3, 3, 3, 3, 3, 3]

Unique id : 84, dataset size : 786
Communication time : 1340, Fixed computation time : 670, Training time : 3350
['0:0.00%', '1:0.00%', '2:0.00%', '3:0.00%', '4:0.00%', '5:0.00%', '6:0.00%', '7:0.00%', '8:99.75%', '9:0.25%']
Divergence : jsd 0.7499, tvd 0.8975
Local epoch : 2
labels from the first batch :[8, 8, 8, 8, 8, 8, 8, 8, 8, 8, 8, 8, 8, 8, 8, 8, 8, 8, 8, 8, 8, 8, 8, 8, 8, 8, 8, 8, 8, 8, 8, 8]

Unique id : 85, dataset size : 417
Communication time : 702, Fixed computation time : 351, Training time : 1755
['0:0.00%', '1:0.00%', '2:0.00%', '3:100.00%', '4:0.00%', '5:0.00%', '6:0.00%', '7:0.00%', '8:0.00%', '9:0.00%']
Divergence : jsd 0.7583, tvd 0.9000
Local epoch : 2
labels from the first batch :[3, 3, 3, 3, 3, 3, 3, 3, 3, 3, 3, 3, 3, 3, 3, 3, 3, 3, 3, 3, 3, 3, 3, 3, 3, 3, 3, 3, 3, 3, 3, 3]

Unique id : 86, dataset size : 380
Communication time : 534, Fixed computation time : 267, Training time : 1335
['0:0.00%', '1:100.00%', '2:0.00%', '3:0.00%', '4:0.00%', '5:0.00%', '6:0.00%', '7:0.00%', '8:0.00%', '9:0.00%']
Divergence : jsd 0.7583, tvd 0.9000
Local epoch : 2
labels from the first batch :[1, 1, 1, 1, 1, 1, 1, 1, 1, 1, 1, 1, 1, 1, 1, 1, 1, 1, 1, 1, 1, 1, 1, 1, 1, 1, 1, 1, 1, 1, 1, 1]

Unique id : 87, dataset size : 399
Communication time : 1080, Fixed computation time : 540, Training time : 2700
['0:0.00%', '1:0.00%', '2:100.00%', '3:0.00%', '4:0.00%', '5:0.00%', '6:0.00%', '7:0.00%', '8:0.00%', '9:0.00%']
Divergence : jsd 0.7583, tvd 0.9000
Local epoch : 2
labels from the first batch :[2, 2, 2, 2, 2, 2, 2, 2, 2, 2, 2, 2, 2, 2, 2, 2, 2, 2, 2, 2, 2, 2, 2, 2, 2, 2, 2, 2, 2, 2, 2, 2]

Unique id : 88, dataset size : 506
Communication time : 836, Fixed computation time : 418, Training time : 2090
['0:0.00%', '1:0.00%', '2:0.00%', '3:0.00%', '4:0.00%', '5:0.00%', '6:0.00%', '7:0.00%', '8:0.00%', '9:100.00%']
Divergence : jsd 0.7583, tvd 0.9000
Local epoch : 2
labels from the first batch :[9, 9, 9, 9, 9, 9, 9, 9, 9, 9, 9, 9, 9, 9, 9, 9, 9, 9, 9, 9, 9, 9, 9, 9, 9, 9, 9, 9, 9, 9, 9, 9]

Unique id : 89, dataset size : 470
Communication time : 372, Fixed computation time : 186, Training time : 930
['0:0.00%', '1:0.00%', '2:0.00%', '3:0.00%', '4:100.00%', '5:0.00%', '6:0.00%', '7:0.00%', '8:0.00%', '9:0.00%']
Divergence : jsd 0.7583, tvd 0.9000
Local epoch : 2
labels from the first batch :[4, 4, 4, 4, 4, 4, 4, 4, 4, 4, 4, 4, 4, 4, 4, 4, 4, 4, 4, 4, 4, 4, 4, 4, 4, 4, 4, 4, 4, 4, 4, 4]

Unique id : 90, dataset size : 379
Communication time : 1476, Fixed computation time : 738, Training time : 3690
['0:0.00%', '1:100.00%', '2:0.00%', '3:0.00%', '4:0.00%', '5:0.00%', '6:0.00%', '7:0.00%', '8:0.00%', '9:0.00%']
Divergence : jsd 0.7583, tvd 0.9000
Local epoch : 2
labels from the first batch :[1, 1, 1, 1, 1, 1, 1, 1, 1, 1, 1, 1, 1, 1, 1, 1, 1, 1, 1, 1, 1, 1, 1, 1, 1, 1, 1, 1, 1, 1, 1, 1]

Unique id : 91, dataset size : 410
Communication time : 1624, Fixed computation time : 812, Training time : 4060
['0:0.00%', '1:0.00%', '2:100.00%', '3:0.00%', '4:0.00%', '5:0.00%', '6:0.00%', '7:0.00%', '8:0.00%', '9:0.00%']
Divergence : jsd 0.7583, tvd 0.9000
Local epoch : 2
labels from the first batch :[2, 2, 2, 2, 2, 2, 2, 2, 2, 2, 2, 2, 2, 2, 2, 2, 2, 2, 2, 2, 2, 2, 2, 2, 2, 2, 2, 2, 2, 2, 2, 2]

Unique id : 92, dataset size : 475
Communication time : 278, Fixed computation time : 139, Training time : 695
['0:0.00%', '1:0.00%', '2:67.58%', '3:0.00%', '4:0.00%', '5:0.00%', '6:0.00%', '7:0.00%', '8:32.42%', '9:0.00%']
Divergence : jsd 0.6178, tvd 0.8000
Local epoch : 2
labels from the first batch :[8, 2, 2, 2, 2, 2, 2, 2, 2, 2, 2, 8, 2, 2, 2, 8, 8, 2, 2, 2, 8, 2, 2, 8, 2, 8, 8, 2, 8, 2, 8, 2]

Unique id : 93, dataset size : 494
Communication time : 1326, Fixed computation time : 663, Training time : 3315
['0:0.00%', '1:0.00%', '2:59.11%', '3:0.00%', '4:0.00%', '5:0.00%', '6:40.89%', '7:0.00%', '8:0.00%', '9:0.00%']
Divergence : jsd 0.6120, tvd 0.8000
Local epoch : 2
labels from the first batch :[2, 2, 6, 6, 2, 2, 2, 6, 2, 2, 2, 6, 2, 6, 2, 6, 2, 2, 2, 6, 6, 2, 2, 6, 2, 2, 2, 2, 6, 2, 2, 2]

Unique id : 94, dataset size : 399
Communication time : 648, Fixed computation time : 324, Training time : 1620
['0:0.00%', '1:0.00%', '2:100.00%', '3:0.00%', '4:0.00%', '5:0.00%', '6:0.00%', '7:0.00%', '8:0.00%', '9:0.00%']
Divergence : jsd 0.7583, tvd 0.9000
Local epoch : 2
labels from the first batch :[2, 2, 2, 2, 2, 2, 2, 2, 2, 2, 2, 2, 2, 2, 2, 2, 2, 2, 2, 2, 2, 2, 2, 2, 2, 2, 2, 2, 2, 2, 2, 2]

Unique id : 95, dataset size : 579
Communication time : 968, Fixed computation time : 484, Training time : 2420
['0:0.00%', '1:0.00%', '2:0.00%', '3:0.00%', '4:0.00%', '5:0.00%', '6:0.00%', '7:100.00%', '8:0.00%', '9:0.00%']
Divergence : jsd 0.7583, tvd 0.9000
Local epoch : 2
labels from the first batch :[7, 7, 7, 7, 7, 7, 7, 7, 7, 7, 7, 7, 7, 7, 7, 7, 7, 7, 7, 7, 7, 7, 7, 7, 7, 7, 7, 7, 7, 7, 7, 7]

Unique id : 96, dataset size : 579
Communication time : 1622, Fixed computation time : 811, Training time : 4055
['0:0.00%', '1:0.00%', '2:0.00%', '3:0.00%', '4:0.00%', '5:0.00%', '6:0.00%', '7:100.00%', '8:0.00%', '9:0.00%']
Divergence : jsd 0.7583, tvd 0.9000
Local epoch : 2
labels from the first batch :[7, 7, 7, 7, 7, 7, 7, 7, 7, 7, 7, 7, 7, 7, 7, 7, 7, 7, 7, 7, 7, 7, 7, 7, 7, 7, 7, 7, 7, 7, 7, 7]

Unique id : 97, dataset size : 399
Communication time : 1156, Fixed computation time : 578, Training time : 2890
['0:100.00%', '1:0.00%', '2:0.00%', '3:0.00%', '4:0.00%', '5:0.00%', '6:0.00%', '7:0.00%', '8:0.00%', '9:0.00%']
Divergence : jsd 0.7583, tvd 0.9000
Local epoch : 2
labels from the first batch :[0, 0, 0, 0, 0, 0, 0, 0, 0, 0, 0, 0, 0, 0, 0, 0, 0, 0, 0, 0, 0, 0, 0, 0, 0, 0, 0, 0, 0, 0, 0, 0]

Unique id : 98, dataset size : 498
Communication time : 222, Fixed computation time : 111, Training time : 555
['0:0.00%', '1:0.00%', '2:0.00%', '3:0.00%', '4:0.00%', '5:0.00%', '6:0.00%', '7:0.00%', '8:0.00%', '9:100.00%']
Divergence : jsd 0.7583, tvd 0.9000
Local epoch : 2
labels from the first batch :[9, 9, 9, 9, 9, 9, 9, 9, 9, 9, 9, 9, 9, 9, 9, 9, 9, 9, 9, 9, 9, 9, 9, 9, 9, 9, 9, 9, 9, 9, 9, 9]

Unique id : 99, dataset size : 752
Communication time : 234, Fixed computation time : 117, Training time : 585
['0:0.00%', '1:0.00%', '2:0.00%', '3:0.00%', '4:0.00%', '5:0.00%', '6:100.00%', '7:0.00%', '8:0.00%', '9:0.00%']
Divergence : jsd 0.7583, tvd 0.9000
Local epoch : 2
labels from the first batch :[6, 6, 6, 6, 6, 6, 6, 6, 6, 6, 6, 6, 6, 6, 6, 6, 6, 6, 6, 6, 6, 6, 6, 6, 6, 6, 6, 6, 6, 6, 6, 6]

