Cluster 0 with 11 clients
Cluster communication time : 800
Cluster clients : [1, 3, 8, 11, 20, 36, 38, 60, 71, 85, 86]
Straggler within the cluster : 2410
Label percentage: ['0 : 6.73%', '1 : 6.64%', '2 : 13.95%', '3 : 7.29%', '4 : 8.22%', '5 : 12.08%', '6 : 13.25%', '7 : 10.12%', '8 : 11.42%', '9 : 10.30%']%
Divergence : jsd 0.0120, tvd 0.1112

Cluster 1 with 8 clients
Cluster communication time : 800
Cluster clients : [10, 14, 29, 46, 51, 61, 68, 78]
Straggler within the cluster : 4390
Label percentage: ['0 : 8.44%', '1 : 9.30%', '2 : 9.99%', '3 : 10.23%', '4 : 10.92%', '5 : 17.20%', '6 : 1.96%', '7 : 0.15%', '8 : 19.36%', '9 : 12.46%']%
Divergence : jsd 0.0861, tvd 0.2017

Cluster 2 with 15 clients
Cluster communication time : 800
Cluster clients : [5, 16, 22, 25, 30, 31, 34, 62, 70, 72, 79, 80, 81, 89, 99]
Straggler within the cluster : 1960
Label percentage: ['0 : 10.08%', '1 : 10.32%', '2 : 10.33%', '3 : 11.18%', '4 : 12.63%', '5 : 9.92%', '6 : 13.24%', '7 : 8.27%', '8 : 7.06%', '9 : 6.97%']%
Divergence : jsd 0.0074, tvd 0.0779

Cluster 3 with 8 clients
Cluster communication time : 800
Cluster clients : [2, 17, 32, 55, 57, 66, 69, 91]
Straggler within the cluster : 4410
Label percentage: ['0 : 10.18%', '1 : 7.71%', '2 : 10.43%', '3 : 10.76%', '4 : 12.88%', '5 : 1.78%', '6 : 19.13%', '7 : 14.45%', '8 : 0.00%', '9 : 12.67%']%
Divergence : jsd 0.0899, tvd 0.2051

Cluster 4 with 9 clients
Cluster communication time : 800
Cluster clients : [13, 21, 43, 58, 64, 74, 75, 84, 87]
Straggler within the cluster : 4465
Label percentage: ['0 : 8.33%', '1 : 8.23%', '2 : 8.85%', '3 : 9.03%', '4 : 10.35%', '5 : 14.85%', '6 : 0.00%', '7 : 12.53%', '8 : 17.32%', '9 : 10.52%']%
Divergence : jsd 0.0633, tvd 0.1556

Cluster 5 with 6 clients
Cluster communication time : 800
Cluster clients : [15, 23, 48, 52, 54, 93]
Straggler within the cluster : 4940
Label percentage: ['0 : 14.24%', '1 : 13.32%', '2 : 10.94%', '3 : 15.63%', '4 : 8.75%', '5 : 1.02%', '6 : 7.39%', '7 : 10.43%', '8 : 3.18%', '9 : 15.08%']%
Divergence : jsd 0.0584, tvd 0.1965

Cluster 6 with 11 clients
Cluster communication time : 800
Cluster clients : [0, 7, 12, 27, 35, 50, 59, 67, 92, 95, 97]
Straggler within the cluster : 4800
Label percentage: ['0 : 14.46%', '1 : 13.55%', '2 : 5.96%', '3 : 7.72%', '4 : 11.86%', '5 : 13.18%', '6 : 7.24%', '7 : 11.69%', '8 : 5.92%', '9 : 8.41%']%
Divergence : jsd 0.0182, tvd 0.1475

Cluster 7 with 10 clients
Cluster communication time : 800
Cluster clients : [4, 9, 18, 47, 53, 82, 83, 88, 90, 96]
Straggler within the cluster : 4805
Label percentage: ['0 : 12.66%', '1 : 7.49%', '2 : 7.70%', '3 : 10.33%', '4 : 9.27%', '5 : 9.42%', '6 : 5.02%', '7 : 11.46%', '8 : 15.98%', '9 : 10.67%']%
Divergence : jsd 0.0152, tvd 0.1110

Cluster 8 with 9 clients
Cluster communication time : 800
Cluster clients : [6, 19, 33, 39, 40, 41, 45, 63, 76]
Straggler within the cluster : 4575
Label percentage: ['0 : 12.78%', '1 : 12.62%', '2 : 8.98%', '3 : 6.64%', '4 : 7.65%', '5 : 4.48%', '6 : 17.46%', '7 : 13.03%', '8 : 5.18%', '9 : 11.18%']%
Divergence : jsd 0.0286, tvd 0.1708

Cluster 9 with 13 clients
Cluster communication time : 800
Cluster clients : [24, 26, 28, 37, 42, 44, 49, 56, 65, 73, 77, 94, 98]
Straggler within the cluster : 2830
Label percentage: ['0 : 5.45%', '1 : 11.48%', '2 : 12.11%', '3 : 12.64%', '4 : 7.19%', '5 : 10.63%', '6 : 12.19%', '7 : 8.79%', '8 : 11.96%', '9 : 7.56%']%
Divergence : jsd 0.0118, tvd 0.1101

