Cluster 0 with 10 clients
Cluster communication time : 800
Cluster clients : [10, 12, 27, 33, 44, 49, 61, 79, 91, 93]
Straggler within the cluster : 46366
Label percentage: ['0 : 23.44%', '1 : 3.06%', '2 : 4.79%', '3 : 9.89%', '4 : 17.47%', '5 : 13.11%', '6 : 6.40%', '7 : 8.72%', '8 : 9.15%', '9 : 3.97%']%
Divergence : jsd 0.0628, tvd 0.2402

Cluster 1 with 10 clients
Cluster communication time : 800
Cluster clients : [47, 50, 53, 58, 63, 64, 65, 69, 74, 80]
Straggler within the cluster : 58746
Label percentage: ['0 : 15.70%', '1 : 16.67%', '2 : 2.22%', '3 : 15.26%', '4 : 20.16%', '5 : 14.33%', '6 : 4.53%', '7 : 2.87%', '8 : 6.40%', '9 : 1.87%']%
Divergence : jsd 0.0970, tvd 0.3212

Cluster 2 with 9 clients
Cluster communication time : 800
Cluster clients : [6, 14, 16, 31, 37, 57, 62, 76, 77]
Straggler within the cluster : 43700
Label percentage: ['0 : 8.35%', '1 : 6.78%', '2 : 18.56%', '3 : 9.33%', '4 : 27.07%', '5 : 2.06%', '6 : 5.66%', '7 : 14.08%', '8 : 1.31%', '9 : 6.81%']%
Divergence : jsd 0.0986, tvd 0.2971

Cluster 3 with 9 clients
Cluster communication time : 800
Cluster clients : [1, 9, 11, 15, 36, 66, 88, 90, 97]
Straggler within the cluster : 45858
Label percentage: ['0 : 16.30%', '1 : 6.10%', '2 : 7.71%', '3 : 7.36%', '4 : 11.36%', '5 : 16.51%', '6 : 11.16%', '7 : 4.35%', '8 : 10.13%', '9 : 9.01%']%
Divergence : jsd 0.0262, tvd 0.1546

Cluster 4 with 9 clients
Cluster communication time : 800
Cluster clients : [20, 23, 24, 43, 56, 72, 83, 84, 89]
Straggler within the cluster : 55214
Label percentage: ['0 : 5.01%', '1 : 17.66%', '2 : 14.57%', '3 : 15.78%', '4 : 8.43%', '5 : 16.05%', '6 : 9.14%', '7 : 3.88%', '8 : 4.81%', '9 : 4.67%']%
Divergence : jsd 0.0513, tvd 0.2406

Cluster 5 with 9 clients
Cluster communication time : 800
Cluster clients : [18, 29, 38, 42, 60, 68, 81, 96, 99]
Straggler within the cluster : 70168
Label percentage: ['0 : 17.95%', '1 : 6.15%', '2 : 3.04%', '3 : 10.31%', '4 : 5.65%', '5 : 33.44%', '6 : 13.07%', '7 : 4.22%', '8 : 0.96%', '9 : 5.21%']%
Divergence : jsd 0.1253, tvd 0.3476

Cluster 6 with 8 clients
Cluster communication time : 800
Cluster clients : [2, 4, 28, 30, 32, 34, 40, 71]
Straggler within the cluster : 57790
Label percentage: ['0 : 11.94%', '1 : 4.36%', '2 : 12.37%', '3 : 9.64%', '4 : 1.03%', '5 : 4.04%', '6 : 6.80%', '7 : 18.43%', '8 : 16.34%', '9 : 15.06%']%
Divergence : jsd 0.0703, tvd 0.2413

Cluster 7 with 8 clients
Cluster communication time : 800
Cluster clients : [13, 25, 26, 41, 70, 73, 75, 95]
Straggler within the cluster : 5074194
Label percentage: ['0 : 15.27%', '1 : 10.84%', '2 : 16.82%', '3 : 4.63%', '4 : 3.26%', '5 : 0.43%', '6 : 8.86%', '7 : 2.53%', '8 : 26.86%', '9 : 10.50%']%
Divergence : jsd 0.1162, tvd 0.3029

Cluster 8 with 7 clients
Cluster communication time : 800
Cluster clients : [8, 19, 35, 48, 52, 59, 67]
Straggler within the cluster : 70750
Label percentage: ['0 : 2.95%', '1 : 7.66%', '2 : 23.19%', '3 : 4.27%', '4 : 27.09%', '5 : 0.02%', '6 : 3.51%', '7 : 6.83%', '8 : 10.10%', '9 : 14.39%']%
Divergence : jsd 0.1389, tvd 0.3476

Cluster 9 with 6 clients
Cluster communication time : 800
Cluster clients : [22, 55, 78, 86, 87, 98]
Straggler within the cluster : 5520798
Label percentage: ['0 : 0.39%', '1 : 19.05%', '2 : 1.34%', '3 : 13.11%', '4 : 0.56%', '5 : 7.13%', '6 : 0.48%', '7 : 16.74%', '8 : 15.43%', '9 : 25.77%']%
Divergence : jsd 0.1923, tvd 0.4010

