Cluster 0 with 1 clients
Cluster communication time : 800
Cluster clients : [52]
Straggler within the cluster : 300
Label percentage: ['0 : 100.00%', '1 : 0.00%', '2 : 0.00%', '3 : 0.00%', '4 : 0.00%', '5 : 0.00%', '6 : 0.00%', '7 : 0.00%', '8 : 0.00%', '9 : 0.00%']%
Divergence : jsd 0.7583, tvd 0.9000

Cluster 1 with 1 clients
Cluster communication time : 800
Cluster clients : [38]
Straggler within the cluster : 300
Label percentage: ['0 : 100.00%', '1 : 0.00%', '2 : 0.00%', '3 : 0.00%', '4 : 0.00%', '5 : 0.00%', '6 : 0.00%', '7 : 0.00%', '8 : 0.00%', '9 : 0.00%']%
Divergence : jsd 0.7583, tvd 0.9000

Cluster 2 with 1 clients
Cluster communication time : 800
Cluster clients : [97]
Straggler within the cluster : 300
Label percentage: ['0 : 100.00%', '1 : 0.00%', '2 : 0.00%', '3 : 0.00%', '4 : 0.00%', '5 : 0.00%', '6 : 0.00%', '7 : 0.00%', '8 : 0.00%', '9 : 0.00%']%
Divergence : jsd 0.7583, tvd 0.9000

Cluster 3 with 1 clients
Cluster communication time : 800
Cluster clients : [64]
Straggler within the cluster : 300
Label percentage: ['0 : 100.00%', '1 : 0.00%', '2 : 0.00%', '3 : 0.00%', '4 : 0.00%', '5 : 0.00%', '6 : 0.00%', '7 : 0.00%', '8 : 0.00%', '9 : 0.00%']%
Divergence : jsd 0.7583, tvd 0.9000

Cluster 4 with 1 clients
Cluster communication time : 800
Cluster clients : [57]
Straggler within the cluster : 300
Label percentage: ['0 : 100.00%', '1 : 0.00%', '2 : 0.00%', '3 : 0.00%', '4 : 0.00%', '5 : 0.00%', '6 : 0.00%', '7 : 0.00%', '8 : 0.00%', '9 : 0.00%']%
Divergence : jsd 0.7583, tvd 0.9000

Cluster 5 with 1 clients
Cluster communication time : 800
Cluster clients : [63]
Straggler within the cluster : 300
Label percentage: ['0 : 100.00%', '1 : 0.00%', '2 : 0.00%', '3 : 0.00%', '4 : 0.00%', '5 : 0.00%', '6 : 0.00%', '7 : 0.00%', '8 : 0.00%', '9 : 0.00%']%
Divergence : jsd 0.7583, tvd 0.9000

Cluster 6 with 1 clients
Cluster communication time : 800
Cluster clients : [22]
Straggler within the cluster : 300
Label percentage: ['0 : 100.00%', '1 : 0.00%', '2 : 0.00%', '3 : 0.00%', '4 : 0.00%', '5 : 0.00%', '6 : 0.00%', '7 : 0.00%', '8 : 0.00%', '9 : 0.00%']%
Divergence : jsd 0.7583, tvd 0.9000

Cluster 7 with 1 clients
Cluster communication time : 800
Cluster clients : [27]
Straggler within the cluster : 300
Label percentage: ['0 : 98.96%', '1 : 1.04%', '2 : 0.00%', '3 : 0.00%', '4 : 0.00%', '5 : 0.00%', '6 : 0.00%', '7 : 0.00%', '8 : 0.00%', '9 : 0.00%']%
Divergence : jsd 0.7341, tvd 0.8896

Cluster 8 with 89 clients
Cluster communication time : 800
Cluster clients : [0, 1, 2, 3, 4, 5, 6, 7, 8, 9, 10, 11, 12, 13, 14, 15, 16, 17, 18, 19, 20, 21, 23, 24, 25, 26, 28, 29, 30, 31, 32, 33, 34, 35, 36, 37, 39, 40, 41, 42, 43, 44, 45, 47, 48, 49, 50, 51, 53, 54, 55, 56, 58, 59, 60, 61, 62, 65, 66, 67, 68, 69, 70, 71, 72, 73, 74, 75, 76, 77, 78, 79, 81, 82, 83, 84, 85, 86, 87, 88, 89, 90, 92, 93, 94, 95, 96, 98, 99]
Straggler within the cluster : 300
Label percentage: ['0 : 2.63%', '1 : 10.94%', '2 : 10.05%', '3 : 10.95%', '4 : 10.95%', '5 : 10.95%', '6 : 10.77%', '7 : 10.88%', '8 : 10.94%', '9 : 10.95%']%
Divergence : jsd 0.0177, tvd 0.0737

Cluster 9 with 3 clients
Cluster communication time : 800
Cluster clients : [46, 80, 91]
Straggler within the cluster : 300
Label percentage: ['0 : 57.69%', '1 : 0.00%', '2 : 33.36%', '3 : 0.00%', '4 : 0.00%', '5 : 0.00%', '6 : 6.51%', '7 : 2.36%', '8 : 0.08%', '9 : 0.00%']%
Divergence : jsd 0.4999, tvd 0.7105

