Cluster 0 with 10 clients
Cluster communication time : 800
Cluster clients : [8, 13, 16, 22, 24, 72, 87, 88, 96, 98]
Straggler within the cluster : 300
Label percentage: ['0 : 15.60%', '1 : 0.00%', '2 : 16.55%', '3 : 17.65%', '4 : 0.00%', '5 : 14.64%', '6 : 1.42%', '7 : 12.27%', '8 : 0.00%', '9 : 21.87%']%
Divergence : jsd 0.2146, tvd 0.3858

Cluster 1 with 10 clients
Cluster communication time : 800
Cluster clients : [6, 12, 17, 18, 20, 26, 27, 38, 91, 92]
Straggler within the cluster : 300
Label percentage: ['0 : 19.06%', '1 : 0.08%', '2 : 15.13%', '3 : 17.38%', '4 : 15.21%', '5 : 24.54%', '6 : 5.28%', '7 : 0.00%', '8 : 3.31%', '9 : 0.00%']%
Divergence : jsd 0.2131, tvd 0.4133

Cluster 2 with 10 clients
Cluster communication time : 800
Cluster clients : [25, 28, 29, 37, 42, 43, 46, 52, 93, 94]
Straggler within the cluster : 300
Label percentage: ['0 : 14.93%', '1 : 0.00%', '2 : 14.15%', '3 : 17.06%', '4 : 19.41%', '5 : 28.67%', '6 : 5.79%', '7 : 0.00%', '8 : 0.00%', '9 : 0.00%']%
Divergence : jsd 0.2619, tvd 0.4421

Cluster 3 with 10 clients
Cluster communication time : 800
Cluster clients : [5, 7, 40, 47, 48, 53, 55, 57, 74, 78]
Straggler within the cluster : 300
Label percentage: ['0 : 13.67%', '1 : 15.74%', '2 : 0.00%', '3 : 17.25%', '4 : 19.45%', '5 : 28.76%', '6 : 0.00%', '7 : 0.02%', '8 : 5.10%', '9 : 0.00%']%
Divergence : jsd 0.2639, tvd 0.4488

Cluster 4 with 10 clients
Cluster communication time : 800
Cluster clients : [10, 11, 15, 35, 50, 61, 62, 63, 64, 81]
Straggler within the cluster : 300
Label percentage: ['0 : 16.43%', '1 : 15.86%', '2 : 0.17%', '3 : 17.76%', '4 : 24.35%', '5 : 0.60%', '6 : 24.50%', '7 : 0.13%', '8 : 0.00%', '9 : 0.21%']%
Divergence : jsd 0.2837, tvd 0.4889

Cluster 5 with 10 clients
Cluster communication time : 800
Cluster clients : [21, 41, 45, 49, 67, 80, 82, 83, 85, 89]
Straggler within the cluster : 300
Label percentage: ['0 : 15.56%', '1 : 12.55%', '2 : 0.00%', '3 : 16.26%', '4 : 17.82%', '5 : 4.02%', '6 : 30.49%', '7 : 0.59%', '8 : 2.04%', '9 : 0.69%']%
Divergence : jsd 0.2100, tvd 0.4268

Cluster 6 with 10 clients
Cluster communication time : 800
Cluster clients : [0, 1, 2, 3, 19, 56, 59, 69, 97, 99]
Straggler within the cluster : 300
Label percentage: ['0 : 7.59%', '1 : 13.81%', '2 : 7.59%', '3 : 0.00%', '4 : 0.00%', '5 : 0.02%', '6 : 28.60%', '7 : 22.99%', '8 : 1.31%', '9 : 18.09%']%
Divergence : jsd 0.2422, tvd 0.4349

Cluster 7 with 10 clients
Cluster communication time : 800
Cluster clients : [4, 9, 14, 23, 30, 31, 32, 39, 65, 66]
Straggler within the cluster : 300
Label percentage: ['0 : 0.28%', '1 : 12.69%', '2 : 14.87%', '3 : 0.45%', '4 : 0.80%', '5 : 1.66%', '6 : 4.33%', '7 : 21.56%', '8 : 26.35%', '9 : 17.00%']%
Divergence : jsd 0.2009, tvd 0.4247

Cluster 8 with 10 clients
Cluster communication time : 800
Cluster clients : [33, 34, 44, 51, 54, 60, 68, 75, 76, 79]
Straggler within the cluster : 300
Label percentage: ['0 : 0.00%', '1 : 13.61%', '2 : 15.34%', '3 : 0.00%', '4 : 6.00%', '5 : 0.00%', '6 : 0.00%', '7 : 16.61%', '8 : 27.71%', '9 : 20.74%']%
Divergence : jsd 0.2608, tvd 0.4400

Cluster 9 with 10 clients
Cluster communication time : 800
Cluster clients : [36, 58, 70, 71, 73, 77, 84, 86, 90, 95]
Straggler within the cluster : 300
Label percentage: ['0 : 0.00%', '1 : 14.35%', '2 : 15.05%', '3 : 0.00%', '4 : 0.00%', '5 : 0.36%', '6 : 0.00%', '7 : 21.90%', '8 : 29.73%', '9 : 18.61%']%
Divergence : jsd 0.3099, tvd 0.4964

